Regression/datasets/filtered_avocados.csv
Date,AveragePrice,Total Volume,4046,4225,4770,Total Bags,Small Bags,Large Bags,XLarge Bags,type,year,region
2017-10-22,1.58,34913.38,16.66,1569.42,0.0,33327.3,33327.3,0.0,0.0,organic,2017,Boston
2017-12-10,1.74,26314.71,14.46,1541.99,0.0,24758.26,19905.51,4852.75,0.0,organic,2017,Boston
2016-02-07,1.62,9462.0,7.59,1515.63,0.0,7938.78,7179.88,758.9,0.0,organic,2016,Boston
2018-02-04,1.83,28934.01,9.14,2504.27,3.66,26416.94,20660.94,5756.0,0.0,organic,2018,Boston
2017-12-03,1.88,21338.43,39.81,1355.4,0.0,19943.22,18266.31,1676.91,0.0,organic,2017,Boston
2017-10-15,1.6,37877.39,14.85,1420.26,0.0,36442.28,36442.28,0.0,0.0,organic,2017,Boston
2015-03-29,1.98,2121.96,22.27,745.34,0.0,1354.35,1314.35,40.0,0.0,organic,2015,Boston
2016-06-12,1.37,10051.16,2.0,571.26,0.0,9477.9,8165.95,1311.95,0.0,organic,2016,Boston
2017-07-23,1.59,28957.04,6.86,1165.51,0.0,27784.67,23227.03,4557.64,0.0,organic,2017,Boston
2015-08-16,2.09,2694.61,297.3,1041.09,0.0,1356.22,1356.22,0.0,0.0,organic,2015,Boston
2015-02-08,1.91,3098.29,15.18,948.71,0.0,2134.4,2134.4,0.0,0.0,organic,2015,Boston
2015-01-18,2.0,2209.34,4.22,834.34,0.0,1370.78,1370.78,0.0,0.0,organic,2015,Boston
2017-03-12,2.09,18294.75,138.51,1200.03,0.0,16956.21,15584.72,1371.49,0.0,organic,2017,Boston
2016-05-15,1.58,14776.15,6.02,549.85,0.0,14220.28,12627.58,1592.7,0.0,organic,2016,Boston
2017-12-24,1.83,25639.14,29.37,1723.76,0.0,23886.01,23597.12,288.89,0.0,organic,2017,Boston
2015-01-04,1.83,2192.13,8.66,939.43,0.0,1244.04,1244.04,0.0,0.0,organic,2015,Boston
2017-11-12,1.87,26148.28,24.04,1429.61,0.0,24694.63,21304.78,3389.85,0.0,organic,2017,Boston
2017-06-18,2.12,23277.63,16.6,1617.23,0.0,21643.8,19934.14,1709.66,0.0,organic,2017,Boston
2017-07-02,2.13,19686.52,8.01,1676.54,0.0,18001.97,16435.44,1566.53,0.0,organic,2017,Boston
2015-09-13,2.0,3283.74,13.63,1299.4,0.0,1970.71,1970.71,0.0,0.0,organic,2015,Boston
2017-04-02,2.0,16320.74,80.78,1392.51,0.0,14847.45,14307.53,539.92,0.0,organic,2017,Boston
2017-08-13,1.77,18946.53,9.07,1183.44,0.0,17754.02,15759.1,1994.92,0.0,organic,2017,Boston
2015-06-07,2.0,3641.0,67.78,1199.74,0.0,2373.48,2373.48,0.0,0.0,organic,2015,Boston
2016-09-25,1.72,13904.53,19.88,578.33,0.0,13306.32,13296.3,10.02,0.0,organic,2016,Boston
2016-07-31,1.14,7313.26,16.14,576.55,0.0,6720.57,6710.26,10.31,0.0,organic,2016,Boston
2016-01-10,0.84,5647635.02,2683172.73,1900834.74,263562.26,800065.29,656702.11,140938.24,2424.94,conventional,2016,SouthCentral
2017-10-22,1.15,4919102.69,2541201.97,796819.87,11499.33,1569581.52,1211443.25,357979.25,159.02,conventional,2017,SouthCentral
2016-11-20,1.06,4150510.67,2351202.94,871661.63,16553.22,911092.88,735263.86,173417.7,2411.32,conventional,2016,SouthCentral
2018-02-25,0.76,7648478.57,3888705.13,989820.91,28149.02,2741803.51,2257193.31,420376.57,64233.63,conventional,2018,SouthCentral
2016-05-29,0.8,6239677.27,3270603.2,1322066.02,347794.01,1299214.04,1034533.11,229576.24,35104.69,conventional,2016,SouthCentral
2017-08-06,1.03,5882728.51,3063985.05,1282288.49,18165.44,1518289.53,1037654.15,457240.12,23395.26,conventional,2017,SouthCentral
2018-03-18,0.86,6579144.13,3289390.32,1115203.69,28384.4,2146165.72,1625982.91,455350.18,64832.63,conventional,2018,SouthCentral
2016-03-13,0.79,5894070.33,3228470.66,1083003.8,698856.6,883739.27,731907.2,144961.72,6870.35,conventional,2016,SouthCentral
2017-09-10,1.22,4926555.69,2756276.03,771799.51,12730.06,1385750.09,1011681.68,365700.82,8367.59,conventional,2017,SouthCentral
2016-08-21,0.87,5682046.61,3137489.03,1105902.29,25630.41,1413024.88,1245189.33,153644.22,14191.33,conventional,2016,SouthCentral
2015-03-29,0.82,5713017.35,3091049.63,1836365.62,89374.2,696227.9,633029.23,63160.07,38.6,conventional,2015,SouthCentral
2017-05-21,0.94,6084796.99,3262539.84,1043850.3,20820.97,1757585.88,1269469.83,460424.96,27691.09,conventional,2017,SouthCentral
2016-09-04,0.78,6802635.25,3749548.89,1321331.51,18544.3,1713210.55,1488491.11,188922.83,35796.61,conventional,2016,SouthCentral
2015-08-30,0.87,5200252.65,3171393.1,1387819.83,28997.59,612042.13,535065.38,76947.64,29.11,conventional,2015,SouthCentral
2017-12-17,0.9,4951756.35,2460827.88,956506.58,17333.23,1517088.66,1167760.58,349011.06,317.02,conventional,2017,SouthCentral
2017-04-30,0.86,7483931.18,3221294.56,1692107.7,38275.59,2532253.33,1460631.32,1049435.14,22186.87,conventional,2017,SouthCentral
2017-07-09,0.86,7194967.49,3208920.88,1183761.98,19559.17,2782725.46,2120458.99,656778.35,5488.12,conventional,2017,SouthCentral
2016-06-26,0.89,6046264.46,3148031.62,995499.7,425639.83,1477093.31,1226901.91,190503.41,59687.99,conventional,2016,SouthCentral
2016-04-10,0.73,6414263.17,3665847.47,870524.0,556972.27,1320919.43,1124849.63,183288.76,12781.04,conventional,2016,SouthCentral
2016-06-19,0.89,6005535.29,3271758.23,1118582.85,346244.07,1268950.14,1062854.49,167590.92,38504.73,conventional,2016,SouthCentral
2018-03-11,0.89,6621293.03,3309218.1,926223.64,28752.6,2357098.69,1820819.54,472662.31,63616.84,conventional,2018,SouthCentral
2015-06-14,0.69,7281803.61,4668964.65,1660109.04,77844.97,874884.95,716742.3,158100.12,42.53,conventional,2015,SouthCentral
2015-06-07,0.75,6234006.44,3870043.62,1479527.4,106106.86,778328.56,662252.69,116061.84,14.03,conventional,2015,SouthCentral
2016-12-11,0.76,5031206.93,2633723.49,987150.16,18326.63,1392006.65,939911.81,435548.82,16546.02,conventional,2016,SouthCentral
2017-08-20,1.06,5412866.59,2733435.14,1013579.35,9937.85,1655914.25,962288.29,683111.22,10514.74,conventional,2017,SouthCentral
2015-01-04,0.77,5144267.01,2745009.1,1755142.21,73432.89,570682.81,442217.85,128451.37,13.59,conventional,2015,SouthCentral
2018-03-25,0.7,9010588.32,3999735.71,966589.5,30130.82,4014132.29,3398569.92,546409.74,69152.63,conventional,2018,SouthCentral
2015-08-23,0.89,5235579.44,3058909.34,1546628.56,30815.55,599225.99,513745.16,85422.36,58.47,conventional,2015,SouthCentral
2015-01-18,0.79,5322625.57,2839359.92,1782045.18,146481.44,554739.03,497106.16,57607.18,25.69,conventional,2015,SouthCentral
2015-07-19,0.83,5703940.56,3141801.51,1766900.01,28797.39,766441.65,589126.53,177294.71,20.41,conventional,2015,SouthCentral
2016-07-24,0.97,5528475.32,3073632.24,1095930.61,29835.26,1329077.21,1169824.57,105002.77,54249.87,conventional,2016,SouthCentral
2017-04-23,0.83,7523061.26,3396320.97,1500545.51,27770.0,2598424.78,1675300.95,895408.78,27715.05,conventional,2017,SouthCentral
2015-02-22,0.85,5208272.73,3077730.66,1408136.41,81708.29,640697.37,529675.01,111022.36,0.0,conventional,2015,SouthCentral
2015-10-25,0.86,4912068.04,2542914.87,1537781.45,247539.31,583832.41,475267.2,108231.39,333.82,conventional,2015,SouthCentral
2016-03-27,0.77,6553308.82,3137633.27,1507245.05,660825.04,1247605.46,951743.56,288346.1,7515.8,conventional,2016,SouthCentral
2015-11-08,0.8,4864814.01,2470146.6,1630407.36,115276.98,648983.07,485540.3,163125.93,316.84,conventional,2015,SouthCentral
2017-05-28,1.64,160484.02,1588.75,75152.52,109.42,83633.33,81516.96,1153.04,963.33,conventional,2017,BuffaloRochester
2017-04-16,1.54,166089.23,3103.77,70001.59,36.44,92947.43,87097.48,5849.95,0.0,conventional,2017,BuffaloRochester
2016-09-11,1.38,124095.82,1657.87,81283.86,65.32,41088.77,39986.67,1102.1,0.0,conventional,2016,BuffaloRochester
2017-12-03,1.13,153282.0,7805.0,87461.0,42.0,57974.0,54677.0,3297.0,0.0,conventional,2017,BuffaloRochester
2015-08-23,1.49,68953.29,1287.09,43655.31,170.47,23840.42,23840.42,0.0,0.0,conventional,2015,BuffaloRochester
2015-04-26,1.41,136964.3,1117.56,49556.91,106.4,86183.43,85503.15,640.0,40.28,conventional,2015,BuffaloRochester
2016-08-07,1.5,104314.72,1781.61,74560.52,42.97,27929.62,26109.62,0.0,1820.0,conventional,2016,BuffaloRochester
2016-06-19,1.23,169756.02,1776.91,80406.95,57.85,87514.31,84829.31,0.0,2685.0,conventional,2016,BuffaloRochester
2016-11-13,1.6,87366.58,1891.82,56517.54,84.41,28872.81,28872.81,0.0,0.0,conventional,2016,BuffaloRochester
2015-08-02,1.47,78162.92,1447.81,44620.7,471.55,31622.86,31622.86,0.0,0.0,conventional,2015,BuffaloRochester
2017-04-30,1.54,178864.17,1803.39,83395.01,45.64,93620.13,91172.9,2447.23,0.0,conventional,2017,BuffaloRochester
2016-07-10,1.25,183741.31,1425.12,88105.93,46.25,94164.01,89911.51,0.0,4252.5,conventional,2016,BuffaloRochester
2016-08-14,1.41,114328.4,2645.81,72836.99,71.45,38774.15,37629.15,0.0,1145.0,conventional,2016,BuffaloRochester
2015-07-19,1.36,128846.15,1165.75,54492.85,2205.14,70982.41,70982.41,0.0,0.0,conventional,2015,BuffaloRochester
2018-03-18,1.14,166358.32,16300.2,70320.66,63.65,79673.81,22589.43,56334.38,750.0,conventional,2018,BuffaloRochester
2016-07-24,1.44,104126.3,1156.82,63920.78,61.8,38986.9,34596.9,0.0,4390.0,conventional,2016,BuffaloRochester
2016-05-08,1.09,201142.55,1613.21,97493.47,764.71,101271.16,101271.16,0.0,0.0,conventional,2016,BuffaloRochester
2015-09-20,1.54,60624.47,1445.25,39831.66,88.61,19258.95,18437.84,821.11,0.0,conventional,2015,BuffaloRochester
2017-11-12,1.37,118434.0,10402.0,55305.0,48.0,52678.0,45324.0,7354.0,0.0,conventional,2017,BuffaloRochester
2015-11-22,1.4,90242.31,1711.77,38780.66,107.53,49642.35,49642.35,0.0,0.0,conventional,2015,BuffaloRochester
2015-03-22,1.4,119902.96,3090.55,45420.06,48.2,71344.15,71288.59,55.56,0.0,conventional,2015,BuffaloRochester
2015-03-29,1.39,119890.65,1352.63,48430.03,80.52,70027.47,69919.0,108.47,0.0,conventional,2015,BuffaloRochester
2016-07-03,1.3,180609.07,1424.51,85758.67,53.07,93372.82,88472.82,0.0,4900.0,conventional,2016,BuffaloRochester
2017-05-07,1.71,174746.25,1772.26,87260.23,209.65,85504.11,84212.76,1291.35,0.0,conventional,2017,BuffaloRochester
2016-01-17,1.38,132286.31,1778.63,49448.64,120.55,80938.49,80938.49,0.0,0.0,conventional,2016,BuffaloRochester
2018-03-11,1.16,185174.55,18057.75,83259.03,57.09,83800.68,41026.82,41959.42,814.44,conventional,2018,BuffaloRochester
2017-12-10,1.25,127279.28,7934.47,63389.74,61.68,55893.39,51672.86,4220.53,0.0,conventional,2017,BuffaloRochester
2016-12-11,1.47,89037.86,967.77,62963.23,54.34,25052.52,23315.81,1736.71,0.0,conventional,2016,BuffaloRochester
2016-01-24,1.31,147469.99,467.72,54309.11,131.18,92561.98,92435.31,126.67,0.0,conventional,2016,BuffaloRochester
2016-12-25,0.93,445441.47,157380.83,104316.6,63.53,183680.51,87877.06,95803.45,0.0,conventional,2016,Tampa
2015-07-26,1.16,265367.52,133615.12,48153.33,115.96,83483.11,67480.1,16003.01,0.0,conventional,2015,Tampa
2018-01-07,1.2,484007.91,317536.23,44226.34,1046.81,121198.53,68969.54,52215.66,13.33,conventional,2018,Tampa
2017-09-24,1.86,293617.05,196122.05,29716.98,28.49,67749.53,32356.64,35372.89,20.0,conventional,2017,Tampa
2018-02-04,0.98,853642.9,564685.19,79267.58,1096.9,208593.23,91618.58,116804.65,170.0,conventional,2018,Tampa
2015-04-05,1.09,354134.22,242307.65,26336.27,193.86,85296.44,51105.07,34191.37,0.0,conventional,2015,Tampa
2015-02-22,1.12,268415.49,167595.76,22043.38,39.19,78737.16,62198.85,16538.31,0.0,conventional,2015,Tampa
2015-09-13,1.1,257374.81,97653.71,69978.38,102.06,89640.66,50111.01,39529.65,0.0,conventional,2015,Tampa
2016-11-27,1.45,265590.66,92933.81,61345.38,41.71,111269.76,52267.61,59002.15,0.0,conventional,2016,Tampa
2017-04-09,1.5,327808.93,197024.0,48831.23,64.88,81888.82,47099.1,34786.39,3.33,conventional,2017,Tampa
2016-11-13,1.38,323761.18,124544.12,69065.25,148.09,130003.72,63858.93,66144.79,0.0,conventional,2016,Tampa
2017-12-03,1.27,381605.0,249846.0,34029.0,805.0,96925.0,67280.0,29645.0,0.0,conventional,2017,Tampa
2017-01-22,1.0,547800.42,178179.3,151852.98,116.5,217651.64,80110.89,137540.75,0.0,conventional,2017,Tampa
2017-05-14,1.43,342985.7,215699.35,42141.19,60.98,85084.18,59447.45,25620.06,16.67,conventional,2017,Tampa
2015-05-17,1.18,275260.08,182281.62,18249.86,79.99,74648.61,58505.85,16142.76,0.0,conventional,2015,Tampa
2015-11-15,1.22,236178.67,138482.7,32425.9,51.52,65218.55,43524.24,21691.49,2.82,conventional,2015,Tampa
2015-11-08,1.21,228585.31,135741.88,33351.68,40.46,59451.29,40754.56,18696.73,0.0,conventional,2015,Tampa
2015-11-01,0.97,391514.43,228324.13,72749.38,100.62,90340.3,44449.47,45890.83,0.0,conventional,2015,Tampa
2016-08-28,1.14,378817.72,177292.69,99784.11,62.59,101678.33,78855.06,20239.66,2583.61,conventional,2016,Tampa
2016-07-10,1.15,359346.63,141565.52,92115.84,93.56,125571.71,87917.71,26862.89,10791.11,conventional,2016,Tampa
2017-05-28,1.41,418872.37,261273.98,50673.15,70.52,106854.72,64058.16,42796.56,0.0,conventional,2017,Tampa
2018-03-11,1.16,580771.43,372746.58,45277.75,1442.66,161304.44,92677.26,68493.85,133.33,conventional,2018,Tampa
2016-03-13,0.86,527217.55,219895.48,131684.94,263.76,175373.37,56866.76,118506.61,0.0,conventional,2016,Tampa
2016-10-02,1.45,323324.31,123390.79,72977.08,250.23,126706.21,63736.85,62969.36,0.0,conventional,2016,Tampa
2017-09-17,1.76,304681.73,207920.64,40380.01,42.41,56338.67,8294.86,48037.14,6.67,conventional,2017,Tampa
2017-12-31,1.16,548933.38,364499.92,55831.33,610.57,127991.56,59003.18,68988.38,0.0,conventional,2017,Tampa
2018-02-18,1.33,442206.63,274990.42,33938.4,1121.33,132156.48,82223.49,49809.66,123.33,conventional,2018,Tampa
2015-09-27,1.13,252128.43,99077.59,70565.14,99.97,82385.73,42717.37,39668.36,0.0,conventional,2015,Tampa
2015-06-07,0.97,433152.31,295793.0,35164.49,467.96,101726.86,65864.81,35862.05,0.0,conventional,2015,Tampa
2016-03-27,1.08,342762.43,159310.12,70270.88,67.71,113113.72,58016.76,55096.96,0.0,conventional,2016,Tampa
2015-01-18,1.27,228920.62,132142.6,33674.07,37.38,63066.57,25006.34,38060.23,0.0,conventional,2015,Tampa
2015-08-23,1.17,264170.2,126817.4,54873.96,66.95,82411.89,66986.23,15425.66,0.0,conventional,2015,Tampa
2015-07-26,1.96,23093.97,6781.43,14705.3,28.07,1579.17,0.0,1579.17,0.0,organic,2015,Portland
2016-05-15,1.61,28745.81,1973.0,24271.37,3.34,2498.1,96.67,2401.43,0.0,organic,2016,Portland
2018-01-21,1.8,25108.84,3170.73,3086.95,10.07,18841.09,1279.19,17489.16,72.74,organic,2018,Portland
2015-11-22,1.12,57410.08,1279.51,21670.78,0.0,34459.79,81.41,34378.38,0.0,organic,2015,Portland
2016-01-03,1.44,28250.84,2016.38,10072.33,6.69,16155.44,133.87,16021.57,0.0,organic,2016,Portland
2016-10-23,2.1,7817.32,1806.98,3687.61,18.33,2304.4,386.26,1918.14,0.0,organic,2016,Portland
2017-07-30,2.29,28171.21,6085.95,8191.27,25.18,13868.81,1355.55,12513.26,0.0,organic,2017,Portland
2018-01-07,1.59,27296.2,3740.22,6593.66,0.0,16962.32,1579.33,15382.99,0.0,organic,2018,Portland
2015-09-13,2.07,17959.18,3092.78,10615.36,0.0,4251.04,7.34,4243.7,0.0,organic,2015,Portland
2015-03-01,1.32,30280.67,17519.03,12225.23,35.68,500.73,0.0,500.73,0.0,organic,2015,Portland
2015-12-27,1.24,27118.17,1189.96,10909.14,10.05,15009.02,6705.83,8303.19,0.0,organic,2015,Portland
2016-04-24,1.39,38186.89,1874.95,29434.07,3.32,6874.55,199.01,6675.54,0.0,organic,2016,Portland
2015-11-01,0.98,62592.4,1163.61,21981.81,46.41,39400.57,7849.49,31551.08,0.0,organic,2015,Portland
2016-11-13,2.16,18792.52,2802.1,8416.39,4.94,7569.09,704.21,6864.88,0.0,organic,2016,Portland
2018-02-18,1.8,20608.98,2304.48,4614.12,0.0,13690.38,3448.31,10232.51,9.56,organic,2018,Portland
2015-11-08,1.39,22300.6,1110.47,13364.66,1.66,7823.81,1115.81,6708.0,0.0,organic,2015,Portland
2016-01-24,1.6,17724.75,1555.39,8077.81,15.01,8076.54,0.0,8076.54,0.0,organic,2016,Portland
2016-05-29,1.44,34897.73,2627.86,21156.45,0.0,11113.42,150.0,10963.42,0.0,organic,2016,Portland
2017-12-10,1.42,35195.1,2456.22,5456.26,13.45,27269.17,1496.88,25762.95,9.34,organic,2017,Portland
2017-09-03,2.84,17417.97,176.24,2517.99,0.0,14723.74,1616.39,13002.18,105.17,organic,2017,Portland
2018-02-04,1.46,35123.48,2697.49,4591.06,0.0,27834.93,1185.52,26586.83,62.58,organic,2018,Portland
2016-10-16,1.4,26243.63,3780.79,4114.77,4.99,18343.08,2640.17,15702.91,0.0,organic,2016,Portland
2016-04-10,0.96,81224.11,2125.86,32426.84,0.0,46671.41,321.89,46349.52,0.0,organic,2016,Portland
2016-10-09,1.39,18266.3,2824.29,2772.33,3.32,12666.36,527.54,12138.82,0.0,organic,2016,Portland
2016-12-25,0.68,72161.05,2888.38,7043.82,9.89,62218.96,638.89,61580.07,0.0,organic,2016,Portland
2017-12-31,1.51,25693.99,3639.53,3807.79,0.0,18246.67,1265.87,16973.41,7.39,organic,2017,Portland
2016-11-06,1.79,25232.75,3622.93,7495.74,5.0,14109.08,344.46,13764.62,0.0,organic,2016,Portland
2016-06-19,1.23,49843.09,7923.86,26690.89,18.5,15209.84,1979.12,13230.72,0.0,organic,2016,Portland
2017-07-02,1.93,35248.52,6316.51,10620.11,5.02,18306.88,315.73,17991.15,0.0,organic,2017,Portland
2016-09-11,1.22,43084.05,4820.4,5901.42,0.0,32362.23,6677.17,25685.06,0.0,organic,2016,Portland
2017-04-02,0.78,66751.16,3229.32,8942.34,13.62,54565.88,143.33,54422.55,0.0,organic,2017,Portland
2015-06-21,1.53,32394.98,8095.22,23586.71,13.35,699.7,0.0,699.7,0.0,organic,2015,Portland
2017-01-08,1.01,47556.69,3790.24,6998.59,14.77,36753.09,279.31,36473.78,0.0,organic,2017,Portland
2017-02-12,1.59,22901.55,2363.06,5774.75,26.09,14737.65,7610.05,7127.6,0.0,organic,2017,Portland
2017-09-17,2.83,14321.85,236.27,2269.84,9.78,11805.96,1404.53,10377.89,23.54,organic,2017,Portland
2016-11-20,1.41,31252.69,2457.09,4595.01,6.58,24194.01,775.81,23418.2,0.0,organic,2016,Portland
2016-06-26,1.42,36278.04,5889.72,17271.7,25.16,13091.46,109.42,12982.04,0.0,organic,2016,Portland
2015-10-04,1.57,35183.28,1489.84,22640.35,3.31,11049.78,18.38,11031.4,0.0,organic,2015,Portland
2015-03-29,1.45,59406.24,9134.72,45312.41,3.14,4955.97,3.06,4952.91,0.0,organic,2015,Portland
2016-03-20,0.87,96171.26,1402.83,26703.78,0.0,68064.65,257.53,67807.12,0.0,organic,2016,Portland
2017-06-18,1.77,30476.21,6068.58,4075.79,8.35,20323.49,153.34,20170.15,0.0,organic,2017,Portland
2017-04-09,1.19,47499.5,2571.34,8188.26,20.45,36719.45,170.92,36548.53,0.0,organic,2017,Portland
