Regression/datasets/filtered_avocados.csv
Date,AveragePrice,Total Volume,4046,4225,4770,Total Bags,Small Bags,Large Bags,XLarge Bags,type,year,region
2016-11-27,1.4,155286.15,26022.48,81008.09,83.97,48171.61,47430.94,740.67,0.0,conventional,2016,HarrisburgScranton
2017-04-23,1.49,225681.54,53508.78,103642.1,52.7,68477.96,61430.73,7047.23,0.0,conventional,2017,HarrisburgScranton
2015-06-14,1.13,277578.88,42766.16,140403.76,2028.31,92380.65,87952.58,2821.41,1606.66,conventional,2015,HarrisburgScranton
2016-06-12,1.24,250231.06,43253.79,114426.76,124.76,92425.75,85233.81,1541.94,5650.0,conventional,2016,HarrisburgScranton
2015-10-18,0.93,264223.22,27640.26,186372.86,408.03,49802.07,48878.61,923.46,0.0,conventional,2015,HarrisburgScranton
2017-03-26,1.38,254599.21,52944.04,131659.03,340.26,69655.88,68119.1,1536.78,0.0,conventional,2017,HarrisburgScranton
2017-02-12,1.13,276755.29,105170.96,106548.49,367.91,64667.93,57944.02,6589.19,134.72,conventional,2017,HarrisburgScranton
2015-01-25,1.17,206074.14,33193.27,89075.29,426.35,83379.23,79720.85,3658.38,0.0,conventional,2015,HarrisburgScranton
2015-07-26,1.17,225227.57,39346.13,123455.52,480.44,61945.48,60632.24,1271.5,41.74,conventional,2015,HarrisburgScranton
2016-11-06,1.55,174837.42,40523.19,82049.79,151.56,52112.88,51326.63,756.25,30.0,conventional,2016,HarrisburgScranton
2016-07-03,1.23,287688.42,41551.5,129783.55,762.14,115591.23,103961.69,867.73,10761.81,conventional,2016,HarrisburgScranton
2017-09-03,1.53,212828.72,39153.66,117858.62,49.9,55766.54,52253.48,599.73,2913.33,conventional,2017,HarrisburgScranton
2016-01-24,1.13,269859.91,30857.91,145118.66,187.2,93696.14,92434.99,1261.15,0.0,conventional,2016,HarrisburgScranton
2016-08-21,1.28,258309.18,41521.93,119685.36,101.31,97000.58,85855.55,7905.03,3240.0,conventional,2016,HarrisburgScranton
2017-08-20,1.47,212934.98,40413.35,104200.02,62.76,68258.85,60759.46,3437.16,4062.23,conventional,2017,HarrisburgScranton
2017-06-25,1.46,222447.25,40132.56,121032.8,92.67,61189.22,52906.18,2108.04,6175.0,conventional,2017,HarrisburgScranton
2015-03-08,1.15,192277.92,38517.23,75750.79,334.13,77675.77,75825.42,1850.35,0.0,conventional,2015,HarrisburgScranton
2017-01-15,1.44,251547.43,47536.54,126095.12,791.62,77124.15,75330.56,1793.59,0.0,conventional,2017,HarrisburgScranton
2016-06-05,1.23,267225.88,40843.23,134735.41,191.75,91455.49,84588.68,5236.81,1630.0,conventional,2016,HarrisburgScranton
2016-05-08,0.91,373544.69,47270.41,247409.27,357.62,78507.39,77855.49,651.9,0.0,conventional,2016,HarrisburgScranton
2015-03-15,1.2,190760.3,31225.82,84433.44,470.53,74630.51,72181.56,2448.95,0.0,conventional,2015,HarrisburgScranton
2016-07-24,1.36,247275.14,42713.11,103033.69,272.62,101255.72,92482.57,553.15,8220.0,conventional,2016,HarrisburgScranton
2017-09-10,1.51,180874.92,32675.66,97799.79,61.9,50337.57,44252.37,1741.87,4343.33,conventional,2017,HarrisburgScranton
2015-05-31,1.22,260058.34,42572.44,125281.89,804.17,91399.84,87880.67,2341.73,1177.44,conventional,2015,HarrisburgScranton
2016-03-13,1.13,256785.76,35473.08,148078.39,202.18,73032.11,71738.99,1293.12,0.0,conventional,2016,HarrisburgScranton
2015-07-12,1.17,233638.96,42200.05,119798.85,2740.31,68899.75,67025.83,1705.19,168.73,conventional,2015,HarrisburgScranton
2016-09-04,1.15,311176.62,77540.78,112618.27,230.96,120786.61,119477.01,1159.6,150.0,conventional,2016,HarrisburgScranton
2016-06-26,1.24,277479.27,38571.49,141142.92,592.96,97171.9,91756.81,984.7,4430.39,conventional,2016,HarrisburgScranton
2017-10-08,1.54,164699.75,34256.95,79474.31,139.28,50829.21,46034.83,4794.38,0.0,conventional,2017,HarrisburgScranton
2017-01-08,1.3,275064.65,51590.9,153751.13,98.83,69623.79,67890.58,1733.21,0.0,conventional,2017,HarrisburgScranton
2017-04-30,1.48,268831.64,54369.02,135977.0,123.86,78361.76,76015.77,2179.32,166.67,conventional,2017,HarrisburgScranton
2016-05-22,1.12,257598.79,40865.69,124677.68,182.79,91872.63,90017.38,775.25,1080.0,conventional,2016,HarrisburgScranton
2016-10-30,1.59,171652.4,35332.98,78894.91,87.59,57336.92,56958.76,378.16,0.0,conventional,2016,HarrisburgScranton
2017-01-29,1.25,267917.78,64322.44,129735.77,1855.78,72003.79,70448.34,1418.77,136.68,conventional,2017,HarrisburgScranton
2017-04-16,1.56,261861.07,50600.52,123726.97,83.48,87450.1,74662.8,12787.3,0.0,conventional,2017,HarrisburgScranton
2015-06-28,1.2,243537.29,42688.0,124701.97,2556.6,73590.72,70488.1,2376.23,726.39,conventional,2015,HarrisburgScranton
2015-02-15,1.22,187671.77,28592.73,85311.1,503.53,73264.41,72146.24,1118.17,0.0,conventional,2015,HarrisburgScranton
2015-05-10,1.42,861671.11,251602.18,349907.52,6213.47,253947.94,127774.24,126173.7,0.0,organic,2015,TotalUS
2016-06-05,1.43,1012717.93,152105.91,410451.71,7817.11,442343.2,310881.84,131461.36,0.0,organic,2016,TotalUS
2017-03-12,1.38,1337596.89,152896.45,330081.75,3188.52,851430.17,491035.95,360394.22,0.0,organic,2017,TotalUS
2015-06-21,1.66,638192.89,202071.06,304368.47,6264.36,125489.0,76906.18,48582.82,0.0,organic,2015,TotalUS
2018-03-25,1.55,1559967.2,121007.94,342853.1,1070.24,1093861.09,902774.79,190941.84,144.46,organic,2018,TotalUS
2015-02-22,1.51,673446.69,272594.88,230342.87,4883.55,165625.39,133314.63,32310.76,0.0,organic,2015,TotalUS
2017-07-02,1.74,1173393.06,128156.1,360890.48,3393.83,680952.65,459881.11,221071.54,0.0,organic,2017,TotalUS
2015-07-12,1.0,608845.0,178871.0,267353.0,5093.0,157526.0,80220.0,77305.0,0.0,organic,2015,TotalUS
2017-08-06,1.83,1059971.14,112592.04,236015.15,1552.51,709619.31,598479.83,111139.48,0.0,organic,2017,TotalUS
2017-06-11,1.56,1397448.17,160841.97,339777.07,3623.46,893205.67,468156.32,425049.35,0.0,organic,2017,TotalUS
2017-12-24,1.64,1179930.12,103199.55,247166.08,1143.57,828217.63,700331.83,127746.86,138.94,organic,2017,TotalUS
2018-03-11,1.52,1664234.88,129169.72,408763.5,1401.87,1124621.5,944572.5,180049.0,0.0,organic,2018,TotalUS
2015-05-17,1.5,761972.65,246278.31,312193.09,22024.09,181477.16,120662.4,60814.76,0.0,organic,2015,TotalUS
2017-03-19,1.5,1284018.65,172196.56,411359.03,3304.62,697158.44,486101.39,211057.05,0.0,organic,2017,TotalUS
2015-12-27,1.52,549787.59,89709.92,206198.62,5836.04,248043.01,142262.93,105780.08,0.0,organic,2015,TotalUS
2016-02-28,1.44,845011.63,110120.49,347488.78,10423.3,376979.06,277995.45,98983.61,0.0,organic,2016,TotalUS
2017-12-03,1.62,1119325.0,99317.88,269450.85,1108.2,749121.8,592524.24,156438.84,158.72,organic,2017,TotalUS
2015-11-29,1.5,507830.81,79215.51,208733.32,3749.48,216132.5,91658.24,124474.26,0.0,organic,2015,TotalUS
2015-02-08,1.48,730874.31,215657.99,273897.84,5316.55,236001.93,179887.47,56114.46,0.0,organic,2015,TotalUS
2016-03-27,1.44,900644.79,112620.05,338194.18,7738.95,442091.61,263938.32,178153.29,0.0,organic,2016,TotalUS
2015-03-01,1.4,814484.79,361996.84,275458.57,5556.02,171473.36,148488.14,22985.22,0.0,organic,2015,TotalUS
2018-02-25,1.57,1459852.55,122912.97,340374.83,1063.32,994471.5,765056.82,229158.56,256.12,organic,2018,TotalUS
2018-03-18,1.54,1675804.22,170801.85,444949.69,1045.38,1058651.5,837351.85,221129.46,170.19,organic,2018,TotalUS
2015-02-01,1.36,740896.97,302561.47,259286.44,5852.28,173196.78,129953.15,43243.63,0.0,organic,2015,TotalUS
2016-04-17,1.38,1022217.32,115155.65,388081.34,7878.94,511101.39,352484.76,158616.63,0.0,organic,2016,TotalUS
2016-05-15,1.45,1023252.17,146037.3,437584.52,8120.53,431509.82,309561.79,121948.03,0.0,organic,2016,TotalUS
2016-08-07,1.55,1012237.01,151179.99,332421.63,10707.18,517928.21,313872.28,204055.93,0.0,organic,2016,TotalUS
2015-07-19,1.0,650389.0,159752.0,317728.0,4758.0,168149.0,81667.0,86482.0,0.0,organic,2015,TotalUS
2015-01-25,1.53,556368.86,207494.87,212312.02,4753.87,131808.1,95964.83,35843.27,0.0,organic,2015,TotalUS
2016-09-18,1.67,871627.58,127014.67,266648.5,4597.27,473367.14,359599.26,113767.88,0.0,organic,2016,TotalUS
2017-12-31,1.52,1243940.09,120545.76,248123.56,1279.48,873874.64,723304.51,150460.36,109.77,organic,2017,TotalUS
2017-04-23,1.61,1190461.18,152604.41,347557.13,3245.62,687054.02,460390.87,226663.15,0.0,organic,2017,TotalUS
2016-08-14,1.48,1093287.79,186697.3,341463.72,10231.17,554895.6,459261.24,95634.36,0.0,organic,2016,TotalUS
2016-07-17,1.63,1018118.27,152828.51,359772.18,9957.61,495559.97,346531.83,149028.14,0.0,organic,2016,TotalUS
2016-12-18,1.43,797042.27,97661.23,248598.14,4926.76,445856.14,279458.24,166397.9,0.0,organic,2016,TotalUS
2017-06-04,1.64,1352960.47,165665.93,387057.95,2865.59,797371.0,525280.48,272090.52,0.0,organic,2017,TotalUS
2016-05-08,1.3,1137940.78,132225.28,443777.31,26765.78,535172.41,319417.49,215754.92,0.0,organic,2016,TotalUS
2017-08-06,0.94,974933.36,493642.98,198503.76,11502.53,271284.09,166106.57,101493.08,3684.44,conventional,2017,PhoenixTucson
2016-11-06,1.0,734433.2,334096.22,154480.91,16680.28,229175.79,103302.07,125873.72,0.0,conventional,2016,PhoenixTucson
2016-05-08,0.57,1489269.33,941813.03,325967.66,29263.46,192225.18,80064.68,109498.0,2662.5,conventional,2016,PhoenixTucson
2015-11-08,0.6,1102271.52,793103.44,234926.57,11555.39,62686.12,62666.63,19.49,0.0,conventional,2015,PhoenixTucson
2017-03-19,0.68,1241284.04,598359.0,205006.8,19620.25,418297.99,229269.89,188397.54,630.56,conventional,2017,PhoenixTucson
2017-06-04,0.76,1228049.22,575382.16,178626.45,14892.86,459147.75,251109.66,207645.03,393.06,conventional,2017,PhoenixTucson
2016-05-29,0.58,1342825.39,823222.51,251166.51,18217.7,250218.67,105242.1,143894.63,1081.94,conventional,2016,PhoenixTucson
2016-02-21,0.67,1098967.88,560568.72,347498.78,15354.56,175545.82,79744.59,95801.23,0.0,conventional,2016,PhoenixTucson
2017-09-17,1.22,731289.23,375755.8,152686.3,2172.41,200674.72,139237.45,61433.94,3.33,conventional,2017,PhoenixTucson
2015-03-08,0.72,1042159.49,824092.39,143842.58,5737.48,68487.04,68487.04,0.0,0.0,conventional,2015,PhoenixTucson
2015-05-24,0.58,1261540.03,968755.93,180676.87,6013.78,106093.45,84441.02,21652.43,0.0,conventional,2015,PhoenixTucson
2015-01-18,0.67,1088608.66,811662.62,200514.36,5643.07,70788.61,70788.61,0.0,0.0,conventional,2015,PhoenixTucson
2015-06-28,0.7,955510.57,668071.26,176318.03,4419.34,106701.94,84853.81,21848.13,0.0,conventional,2015,PhoenixTucson
2017-11-05,0.79,1208035.4,555816.37,227846.11,9212.36,415160.56,330740.57,81893.32,2526.67,conventional,2017,PhoenixTucson
2015-04-26,0.53,1272428.72,1012900.04,159158.29,5832.62,94537.77,76637.06,17900.71,0.0,conventional,2015,PhoenixTucson
2016-05-01,0.62,1178000.01,657384.04,324709.73,14202.89,181703.35,109463.91,72200.55,38.89,conventional,2016,PhoenixTucson
2016-08-14,0.69,1325974.87,795943.96,228315.48,11523.66,290191.77,136243.88,153947.89,0.0,conventional,2016,PhoenixTucson
2017-04-02,0.67,1315020.28,692107.1,190493.5,20666.37,411753.31,213105.17,197107.86,1540.28,conventional,2017,PhoenixTucson
2016-04-24,0.54,1352494.83,884293.16,264603.74,14665.34,188932.59,104062.12,83420.47,1450.0,conventional,2016,PhoenixTucson
2016-11-20,0.7,1226126.36,753470.68,183315.34,14661.31,274679.03,110584.81,164013.66,80.56,conventional,2016,PhoenixTucson
2016-02-07,0.55,1609195.36,1093424.86,286748.57,57213.24,171808.69,88259.09,83549.6,0.0,conventional,2016,PhoenixTucson
2017-04-30,0.75,1080538.36,480904.28,236525.22,13569.85,349539.01,128890.58,220515.1,133.33,conventional,2017,PhoenixTucson
2015-04-19,0.51,1366844.88,1097285.22,164460.99,7534.3,97564.37,44646.67,52917.7,0.0,conventional,2015,PhoenixTucson
2018-03-11,0.58,1619549.79,941189.25,269078.43,14057.17,395224.94,227505.97,161870.08,5848.89,conventional,2018,PhoenixTucson
2015-06-07,0.52,1457359.83,1130917.54,199669.94,4499.84,122272.51,90030.35,32242.16,0.0,conventional,2015,PhoenixTucson
2016-06-26,0.6,1360168.72,848508.88,230322.97,16235.59,265101.28,151847.82,113195.13,58.33,conventional,2016,PhoenixTucson
2016-09-18,1.0,826738.9,377761.66,206297.66,11915.14,230764.44,93337.58,137426.86,0.0,conventional,2016,PhoenixTucson
2015-01-11,0.61,1110753.05,849580.75,182629.59,12237.43,66305.28,66305.28,0.0,0.0,conventional,2015,PhoenixTucson
2016-04-03,0.61,1091234.04,690115.62,244434.1,17172.83,139511.49,83416.28,56080.04,15.17,conventional,2016,PhoenixTucson
2015-12-13,1.53,4594.71,592.64,2602.48,0.0,1399.59,696.67,702.92,0.0,organic,2015,Nashville
2016-02-21,1.49,4856.96,753.3,2433.22,0.0,1670.44,1363.33,307.11,0.0,organic,2016,Nashville
2015-06-07,1.25,6725.04,316.05,3217.52,0.0,3191.47,498.8,2692.67,0.0,organic,2015,Nashville
2017-12-10,1.59,5477.32,19.21,1730.07,0.0,3728.04,2376.7,1351.34,0.0,organic,2017,Nashville
2016-01-24,1.37,6554.54,572.06,3389.83,0.0,2592.65,1536.67,1055.98,0.0,organic,2016,Nashville
2018-02-25,1.48,10360.85,43.33,2258.33,0.0,8059.19,3862.2,4196.99,0.0,organic,2018,Nashville
2016-04-10,0.85,30449.23,873.84,16913.74,0.0,12661.65,3908.02,8753.63,0.0,organic,2016,Nashville
2018-01-14,1.58,7618.85,47.32,2392.03,0.0,5179.5,3581.76,1597.74,0.0,organic,2018,Nashville
2015-05-31,1.55,4984.2,380.02,2767.07,0.0,1837.11,835.86,1001.25,0.0,organic,2015,Nashville
2017-10-22,1.78,8715.84,57.76,3126.34,0.0,5531.74,2340.14,3191.6,0.0,organic,2017,Nashville
2016-03-20,1.53,6926.91,821.77,3668.29,0.0,2436.85,1823.33,613.52,0.0,organic,2016,Nashville
2017-07-02,1.2,12497.92,163.03,3207.0,0.0,9127.89,1961.11,7166.78,0.0,organic,2017,Nashville
2016-08-21,1.48,9322.85,643.33,4627.09,0.0,4052.43,2242.22,1810.21,0.0,organic,2016,Nashville
2017-03-12,0.61,11558.79,523.31,1918.64,0.0,9116.84,66.66,9050.18,0.0,organic,2017,Nashville
2016-07-31,1.11,12337.37,1053.15,4460.9,0.0,6823.32,881.97,5941.35,0.0,organic,2016,Nashville
2016-01-10,1.53,4746.74,684.01,2558.51,0.0,1504.22,594.98,909.24,0.0,organic,2016,Nashville
2017-06-18,1.16,12361.79,146.66,3631.53,0.0,8583.6,2083.51,6500.09,0.0,organic,2017,Nashville
2015-07-19,1.23,7731.85,266.76,4409.88,0.0,3055.21,1228.95,1826.26,0.0,organic,2015,Nashville
2017-03-05,0.51,17135.45,481.81,1790.33,0.0,14863.31,122.78,14740.53,0.0,organic,2017,Nashville
2015-09-13,1.53,6742.51,409.09,4994.22,0.0,1339.2,638.66,700.54,0.0,organic,2015,Nashville
2016-12-04,0.83,8502.78,242.52,2547.81,0.0,5712.45,77.78,5634.67,0.0,organic,2016,Nashville
2017-12-31,1.52,7098.52,51.97,1535.55,0.0,5511.0,3056.04,2454.96,0.0,organic,2017,Nashville
2017-07-16,1.54,8490.45,52.6,3594.22,0.0,4843.63,1707.77,3135.86,0.0,organic,2017,Nashville
2016-06-05,1.08,13135.08,740.89,4637.83,0.0,7756.36,2111.61,5644.75,0.0,organic,2016,Nashville
2015-12-06,1.49,4204.87,394.56,2569.3,0.0,1241.01,620.0,621.01,0.0,organic,2015,Nashville
2016-09-11,0.93,14786.96,553.66,3278.67,0.0,10954.63,2812.11,8142.52,0.0,organic,2016,Nashville
2017-05-07,1.22,6216.76,191.24,2221.64,0.0,3803.88,216.57,3587.31,0.0,organic,2017,Nashville
2016-07-17,1.2,11534.1,891.11,4624.57,0.0,6018.42,350.09,5668.33,0.0,organic,2016,Nashville
2016-10-23,0.82,13219.08,282.64,3978.36,0.0,8958.08,58.33,8899.75,0.0,organic,2016,Nashville
2015-11-22,1.66,4282.27,329.99,3186.8,0.0,765.48,616.67,148.81,0.0,organic,2015,Nashville
2017-12-03,1.59,4984.55,49.22,1937.45,0.0,2997.88,2230.29,767.59,0.0,organic,2017,Nashville
2015-05-10,1.13,9466.36,369.96,4669.91,18.16,4408.33,750.0,3658.33,0.0,organic,2015,Nashville
2017-04-02,1.17,6336.78,419.42,2523.62,0.0,3393.74,490.19,2903.55,0.0,organic,2017,Nashville
2016-02-07,1.4,5805.78,579.26,2809.35,0.0,2417.17,1650.0,767.17,0.0,organic,2016,Nashville
2015-10-11,1.55,4976.32,609.97,3428.69,0.0,937.66,296.67,640.99,0.0,organic,2015,Nashville
2015-04-12,1.5,6607.74,493.81,4812.41,83.81,1217.71,301.8,915.91,0.0,organic,2015,Nashville
2017-05-21,1.2,9281.83,358.52,2467.74,0.0,6455.57,591.22,5864.35,0.0,organic,2017,Nashville
2017-05-28,1.16,8676.66,435.62,2257.51,0.0,5983.53,341.21,5642.32,0.0,organic,2017,Nashville
2017-08-27,1.89,9333.46,120.56,2952.01,0.0,6260.89,3247.47,3013.42,0.0,organic,2017,Nashville
2016-04-03,1.59,6681.85,1157.97,4117.09,0.0,1406.79,303.33,1103.46,0.0,organic,2016,Nashville
2017-07-09,1.49,6879.0,103.67,3658.81,0.0,3116.52,1833.89,1282.63,0.0,organic,2017,Nashville
