Regression/datasets/filtered_avocados.csv
Date,AveragePrice,Total Volume,4046,4225,4770,Total Bags,Small Bags,Large Bags,XLarge Bags,type,year,region
2016-04-03,1.04,3507226.18,1812848.17,636304.92,12154.28,1045918.81,551758.29,494160.52,0.0,conventional,2016,Southeast
2017-04-23,1.39,3503236.08,1956787.44,445304.19,3585.35,1097559.1,726576.46,359238.87,11743.77,conventional,2017,Southeast
2016-07-03,0.91,5432816.58,2549452.95,1175338.87,30343.48,1677681.28,1031656.46,559976.48,86048.34,conventional,2016,Southeast
2015-09-27,1.17,2314057.46,1266450.71,519006.76,33834.37,494765.62,307494.33,187252.98,18.31,conventional,2015,Southeast
2015-12-13,0.96,3042588.2,2127600.06,303892.09,12361.35,598734.7,326312.25,272310.91,111.54,conventional,2015,Southeast
2016-02-14,0.98,3234338.23,1737634.8,613313.92,12099.24,871290.27,499341.01,371949.26,0.0,conventional,2016,Southeast
2017-06-25,1.28,3666944.13,2101935.63,442822.73,3465.07,1118720.7,612556.65,434645.54,71518.51,conventional,2017,Southeast
2015-03-22,0.98,3867453.83,2823708.05,299770.04,21570.5,722405.24,447949.27,274435.21,20.76,conventional,2015,Southeast
2016-01-31,1.02,3318109.53,1774273.7,625042.37,15260.7,903532.76,485345.67,418187.09,0.0,conventional,2016,Southeast
2016-06-26,1.09,3619364.21,1630877.04,777463.11,26639.39,1184384.67,850211.6,280635.29,53537.78,conventional,2016,Southeast
2015-09-20,0.96,3496412.09,2000380.63,663554.32,27931.94,804545.2,382666.89,421701.4,176.91,conventional,2015,Southeast
2016-05-22,1.05,3416062.07,1634620.91,666118.47,11952.59,1103370.1,536816.84,512209.9,54343.36,conventional,2016,Southeast
2015-10-18,1.15,2274638.59,1274185.16,426237.27,28371.94,545844.22,355763.19,190038.31,42.72,conventional,2015,Southeast
2017-03-26,1.52,3149349.04,1691953.94,444119.19,4008.12,1009267.79,619190.02,366946.66,23131.11,conventional,2017,Southeast
2017-05-07,1.14,5391717.88,3160480.49,682416.13,6155.92,1542665.34,866807.14,644104.72,31753.48,conventional,2017,Southeast
2018-03-11,1.1,5239198.71,2984665.37,403000.78,18332.57,1833199.99,1211466.26,610537.41,11196.32,conventional,2018,Southeast
2016-04-24,0.84,5062464.54,2132612.43,1298672.9,10941.97,1620237.24,542495.57,1072748.0,4993.67,conventional,2016,Southeast
2015-11-15,1.16,2242688.2,1455202.28,294620.08,20815.34,472050.5,313845.53,158186.8,18.17,conventional,2015,Southeast
2018-03-04,1.12,5054856.62,2956740.05,410652.92,18500.63,1668963.02,1016239.81,640717.65,12005.56,conventional,2018,Southeast
2016-06-05,0.91,4563745.14,2504517.37,823705.23,26309.45,1209213.09,563930.87,574578.06,70704.16,conventional,2016,Southeast
2016-10-09,1.37,2885138.33,1122505.43,657057.65,7239.64,1098335.61,516483.34,580235.88,1616.39,conventional,2016,Southeast
2016-11-13,1.37,2819888.75,1219549.43,506554.74,13358.39,1080426.19,543743.7,535602.77,1079.72,conventional,2016,Southeast
2015-04-12,1.0,3781504.91,2801179.62,292733.49,23471.11,664120.69,371569.32,292551.37,0.0,conventional,2015,Southeast
2016-02-21,1.04,3068786.09,1586507.45,590119.92,13665.41,878493.31,459449.71,419043.6,0.0,conventional,2016,Southeast
2017-06-18,1.35,3404457.77,1995540.97,416295.25,3535.91,989085.64,546899.52,350819.45,91366.67,conventional,2017,Southeast
2017-05-14,1.36,3560841.76,1996527.25,387915.89,8542.18,1167856.44,781111.52,343498.72,43246.2,conventional,2017,Southeast
2016-09-18,1.11,3403999.22,1501212.7,566389.42,9444.29,1326952.81,706832.05,617002.43,3118.33,conventional,2016,Southeast
2018-02-11,0.97,5141310.45,3028127.72,399356.06,16907.18,1696919.49,1077827.17,608625.73,10466.59,conventional,2018,Southeast
2018-01-07,1.14,4544750.92,2749042.52,402798.53,15351.11,1377558.76,873160.78,483913.55,20484.43,conventional,2018,Southeast
2016-10-02,1.38,3106952.74,1267964.11,621971.41,10940.09,1206077.13,602427.54,602149.59,1500.0,conventional,2016,Southeast
2016-05-01,0.75,6415228.14,2875232.76,1472240.0,10664.75,2057090.63,738082.97,1318520.16,487.5,conventional,2016,Southeast
2015-03-08,1.18,2642581.73,1894002.38,199317.95,20683.77,528577.63,413603.79,114973.84,0.0,conventional,2015,Southeast
2016-06-12,1.07,3393712.37,1757284.4,592433.27,30505.16,1013489.54,641109.21,295047.83,77332.5,conventional,2016,Southeast
2017-01-22,0.97,4992701.64,1897606.32,1188251.05,11258.47,1895585.8,834407.94,1059745.36,1432.5,conventional,2017,Southeast
2016-10-23,1.43,2704875.68,1086334.04,625236.22,11469.22,981836.2,435847.7,543596.56,2391.94,conventional,2016,Southeast
2016-06-19,0.94,4665536.74,2441553.39,936051.48,30691.31,1257240.56,699685.23,498428.66,59126.67,conventional,2016,Southeast
2018-01-28,1.33,188556.57,103226.13,11072.2,397.94,73860.3,40095.88,33517.75,246.67,conventional,2018,Jacksonville
2015-01-11,1.2,99757.17,57635.74,17025.48,529.41,24566.54,14862.7,9703.84,0.0,conventional,2015,Jacksonville
2016-11-20,1.36,117495.72,35506.8,19385.22,192.2,62411.5,22359.45,40052.05,0.0,conventional,2016,Jacksonville
2015-10-11,0.99,141875.2,93556.4,12101.67,1201.18,35015.95,14261.06,20754.89,0.0,conventional,2015,Jacksonville
2017-02-26,1.16,172502.22,90291.99,20630.64,66.62,61512.97,31645.74,29517.23,350.0,conventional,2017,Jacksonville
2017-07-02,1.41,189413.48,113926.84,18894.24,122.11,56470.29,31305.74,20128.72,5035.83,conventional,2017,Jacksonville
2016-01-10,0.95,181584.67,122360.29,10625.3,273.06,48326.02,20677.59,27648.43,0.0,conventional,2016,Jacksonville
2017-05-21,1.44,155818.85,86716.2,14543.35,99.54,54459.76,25647.12,28151.81,660.83,conventional,2017,Jacksonville
2018-03-25,1.3,183489.03,97376.71,9226.39,569.02,76316.91,41255.77,34987.81,73.33,conventional,2018,Jacksonville
2018-03-04,1.12,229905.22,129813.08,12471.8,516.79,87103.55,35609.86,51397.02,96.67,conventional,2018,Jacksonville
2016-12-25,0.81,187804.02,70779.81,31213.64,208.24,85602.33,30893.35,54708.98,0.0,conventional,2016,Jacksonville
2016-06-26,1.19,159128.77,75055.08,31811.71,748.85,51513.13,24644.39,23012.91,3855.83,conventional,2016,Jacksonville
2018-01-14,1.41,182389.99,105265.46,11039.81,332.17,65752.55,30382.8,34981.97,387.78,conventional,2018,Jacksonville
2016-07-31,1.23,152777.16,67403.11,31854.3,440.28,53079.47,25243.34,23054.74,4781.39,conventional,2016,Jacksonville
2015-10-25,1.22,98097.37,61125.82,8956.16,796.53,27218.86,19339.98,7878.88,0.0,conventional,2015,Jacksonville
2017-05-28,1.43,181588.22,96509.06,15848.55,115.43,69115.18,35449.21,33245.97,420.0,conventional,2017,Jacksonville
2016-03-27,1.06,158322.64,70255.18,27911.77,402.32,59753.37,19304.31,40449.06,0.0,conventional,2016,Jacksonville
2017-01-15,1.16,191122.29,80023.35,30493.69,188.02,80417.23,27774.46,52642.77,0.0,conventional,2017,Jacksonville
2017-09-24,1.82,130570.77,82615.31,12009.49,64.82,35881.15,18592.21,17288.94,0.0,conventional,2017,Jacksonville
2016-06-12,1.2,151428.59,75763.72,28484.78,982.71,46197.38,20061.78,22605.6,3530.0,conventional,2016,Jacksonville
2016-02-07,0.54,369757.62,191441.47,57532.08,594.02,120190.05,53302.46,66879.47,8.12,conventional,2016,Jacksonville
2017-09-10,1.77,117342.62,62701.34,11080.3,27.8,43533.18,22005.33,20014.52,1513.33,conventional,2017,Jacksonville
2015-01-04,0.97,153506.84,105203.79,19147.78,468.7,28686.57,13653.15,15033.42,0.0,conventional,2015,Jacksonville
2015-06-14,1.2,129526.61,72175.96,13979.81,2356.55,41014.29,30968.84,10045.45,0.0,conventional,2015,Jacksonville
2015-10-18,1.25,92599.79,57713.02,9666.15,834.92,24385.7,14116.28,10269.42,0.0,conventional,2015,Jacksonville
2018-02-25,1.27,194729.14,103082.9,11763.72,428.58,79453.94,43722.7,35617.91,113.33,conventional,2018,Jacksonville
2015-12-20,1.19,95935.66,63053.15,6544.15,241.09,26097.27,16151.43,9940.6,5.24,conventional,2015,Jacksonville
2016-11-27,1.36,111672.0,32944.9,18661.82,94.55,59970.73,19808.01,40162.72,0.0,conventional,2016,Jacksonville
2015-10-04,0.99,153146.21,102479.0,13922.67,537.65,36206.89,14925.09,21281.8,0.0,conventional,2015,Jacksonville
2015-05-10,1.24,125605.25,85005.28,8543.63,625.5,31430.84,22038.43,9392.41,0.0,conventional,2015,Jacksonville
2016-10-09,1.31,135520.48,43060.49,35355.69,143.93,56960.37,16656.5,40303.87,0.0,conventional,2016,Jacksonville
2015-09-13,1.24,102870.89,55192.87,19471.72,461.14,27745.16,18430.6,9314.56,0.0,conventional,2015,Jacksonville
2015-09-20,0.99,157688.29,97864.33,21665.96,447.77,37710.23,17060.74,20649.49,0.0,conventional,2015,Jacksonville
2016-05-29,0.92,242168.85,141300.92,36410.66,981.98,63475.29,22104.57,40394.05,976.67,conventional,2016,Jacksonville
2017-07-30,1.6,41846.93,1117.3,8371.18,115.39,32243.06,32243.06,0.0,0.0,organic,2017,BaltimoreWashington
2015-02-22,1.19,23920.36,12844.54,5815.13,667.62,4593.07,4593.07,0.0,0.0,organic,2015,BaltimoreWashington
2015-11-22,1.39,9576.59,587.25,6336.98,460.05,2192.31,602.03,1590.28,0.0,organic,2015,BaltimoreWashington
2017-09-24,1.53,62464.93,2666.66,6252.03,94.49,53451.75,53451.75,0.0,0.0,organic,2017,BaltimoreWashington
2016-08-21,1.77,20525.55,2700.7,8409.95,466.6,8948.3,8945.51,2.79,0.0,organic,2016,BaltimoreWashington
2016-03-13,1.54,19068.45,851.45,8994.0,281.67,8941.33,5005.66,3935.67,0.0,organic,2016,BaltimoreWashington
2015-11-29,1.32,10961.82,536.38,5920.71,432.48,4072.25,327.43,3744.82,0.0,organic,2015,BaltimoreWashington
2017-08-20,1.75,39133.75,924.94,8272.68,114.95,29821.18,29816.74,4.44,0.0,organic,2017,BaltimoreWashington
2017-05-28,2.18,24730.84,1009.57,13030.82,180.99,10509.46,10503.91,5.55,0.0,organic,2017,BaltimoreWashington
2017-11-12,1.81,33641.31,823.07,7144.26,105.89,25568.09,25558.09,10.0,0.0,organic,2017,BaltimoreWashington
2015-01-25,1.41,15387.74,8097.26,5023.48,528.36,1738.64,1738.64,0.0,0.0,organic,2015,BaltimoreWashington
2017-11-26,1.69,31688.93,882.64,6845.96,64.4,23895.93,23890.38,5.55,0.0,organic,2017,BaltimoreWashington
2015-06-28,1.7,11718.49,5562.43,2728.68,882.13,2545.25,2545.25,0.0,0.0,organic,2015,BaltimoreWashington
2017-07-23,1.51,50322.79,763.36,8833.15,131.28,40595.0,40588.34,6.66,0.0,organic,2017,BaltimoreWashington
2015-08-09,1.66,13132.64,3946.7,4109.96,836.42,4239.56,4225.93,13.63,0.0,organic,2015,BaltimoreWashington
2017-05-07,2.13,21753.01,964.17,9975.92,229.32,10583.6,10561.56,22.04,0.0,organic,2017,BaltimoreWashington
2017-10-01,1.62,48973.13,2863.92,5844.08,56.27,40208.86,40203.04,5.82,0.0,organic,2017,BaltimoreWashington
2015-09-06,1.58,14379.6,2634.99,5041.08,717.8,5985.73,5977.42,8.31,0.0,organic,2015,BaltimoreWashington
2015-05-31,1.69,12640.64,5802.91,3268.67,1060.5,2508.56,2505.91,2.65,0.0,organic,2015,BaltimoreWashington
2016-10-23,1.81,17434.69,368.26,12887.66,756.29,3422.48,3407.08,15.4,0.0,organic,2016,BaltimoreWashington
2017-12-17,1.58,34581.64,1256.76,7053.3,50.28,26221.3,26217.97,3.33,0.0,organic,2017,BaltimoreWashington
2015-10-11,1.53,9453.04,459.96,5639.91,597.61,2755.56,1033.33,1722.23,0.0,organic,2015,BaltimoreWashington
2015-08-23,1.72,11555.75,4288.75,3541.08,635.31,3090.61,3087.86,2.75,0.0,organic,2015,BaltimoreWashington
2015-03-22,1.25,16507.0,10883.75,4512.52,758.37,352.36,352.36,0.0,0.0,organic,2015,BaltimoreWashington
2017-03-12,2.12,17418.01,1146.72,6980.5,270.77,9020.02,8997.94,22.08,0.0,organic,2017,BaltimoreWashington
2017-04-02,1.97,23194.42,1558.12,11581.01,275.8,9779.49,9768.59,10.9,0.0,organic,2017,BaltimoreWashington
2016-05-29,1.7,23435.02,754.48,10667.23,322.07,11691.24,9420.82,2270.42,0.0,organic,2016,BaltimoreWashington
2016-11-20,2.03,13147.71,639.47,6753.59,330.46,5424.19,5399.24,24.95,0.0,organic,2016,BaltimoreWashington
2015-07-12,1.7,8904.2,4829.01,2707.82,759.55,607.82,607.82,0.0,0.0,organic,2015,BaltimoreWashington
2018-01-07,1.15,82282.71,1315.95,9962.1,134.19,70870.47,70863.8,6.67,0.0,organic,2018,BaltimoreWashington
2016-02-21,1.54,18004.14,602.1,10520.33,284.63,6597.08,1978.27,4618.81,0.0,organic,2016,BaltimoreWashington
2017-01-22,1.85,18486.41,1219.26,8061.11,345.66,8860.38,8826.54,33.84,0.0,organic,2017,BaltimoreWashington
2017-10-15,1.6,56559.22,939.94,8821.8,68.85,46728.63,46728.63,0.0,0.0,organic,2017,BaltimoreWashington
2015-12-06,1.46,9717.55,432.82,4364.69,444.69,4475.35,715.2,3760.15,0.0,organic,2015,BaltimoreWashington
2017-03-26,1.97,20770.15,1316.49,9686.16,333.08,9434.42,9418.09,16.33,0.0,organic,2017,BaltimoreWashington
2016-04-10,1.73,22013.07,890.84,9254.97,351.61,11515.65,9771.65,1744.0,0.0,organic,2016,BaltimoreWashington
2018-01-14,1.39,66149.27,1264.25,10025.87,105.72,54753.43,54746.77,6.66,0.0,organic,2018,BaltimoreWashington
2017-04-16,1.96,24454.71,1248.3,11853.83,398.85,10953.73,10925.78,27.95,0.0,organic,2017,BaltimoreWashington
2017-07-30,1.56,258166.4,5477.9,190639.6,130.79,61918.11,59706.9,1314.55,896.66,conventional,2017,HartfordSpringfield
2018-01-28,1.18,432600.1,7854.32,360244.35,237.31,64264.12,60495.46,3601.99,166.67,conventional,2018,HartfordSpringfield
2015-05-24,1.34,314930.61,4532.15,229800.24,177.56,80420.66,78505.66,1915.0,0.0,conventional,2015,HartfordSpringfield
2015-08-09,1.12,354490.75,4619.78,292318.39,706.64,56845.94,55625.9,1220.04,0.0,conventional,2015,HartfordSpringfield
2017-04-16,1.8,257405.41,6808.85,189287.26,128.05,61181.25,56049.22,5132.03,0.0,conventional,2017,HartfordSpringfield
2016-08-07,1.5,288155.59,4285.19,183604.52,565.14,99700.74,99391.55,119.19,190.0,conventional,2016,HartfordSpringfield
2017-06-18,1.79,256900.68,5734.57,195637.72,124.6,55403.79,52477.5,86.29,2840.0,conventional,2017,HartfordSpringfield
2017-10-08,1.6,217988.15,7540.43,159211.65,174.29,51061.78,50139.83,921.95,0.0,conventional,2017,HartfordSpringfield
2016-04-10,1.17,280729.03,4510.47,213983.22,172.03,62063.31,61560.21,283.03,220.07,conventional,2016,HartfordSpringfield
2016-12-04,1.54,207482.67,3426.07,160247.2,591.16,43218.24,42957.73,124.81,135.7,conventional,2016,HartfordSpringfield
2016-09-25,1.63,224391.93,42274.18,125999.46,127.05,55991.24,55353.12,628.12,10.0,conventional,2016,HartfordSpringfield
2016-11-13,1.82,184928.64,3119.08,129123.05,107.47,52579.04,52391.67,187.37,0.0,conventional,2016,HartfordSpringfield
2016-11-20,1.62,240655.78,4755.3,168091.33,122.4,67686.75,66362.72,1324.03,0.0,conventional,2016,HartfordSpringfield
2017-02-05,1.2,486542.38,52460.96,356398.62,23027.59,54655.21,49803.73,3869.41,982.07,conventional,2017,HartfordSpringfield
2016-06-12,1.47,324963.11,7760.32,242441.41,318.57,74442.81,71188.11,584.7,2670.0,conventional,2016,HartfordSpringfield
2017-08-13,1.63,263624.63,4240.0,193118.61,164.97,66101.05,49438.96,14192.88,2469.21,conventional,2017,HartfordSpringfield
2017-01-15,1.43,284386.03,4665.17,223678.05,7893.25,48149.56,46455.74,1319.66,374.16,conventional,2017,HartfordSpringfield
2015-09-13,1.11,341176.21,4326.64,283221.2,206.25,53422.12,47929.52,5492.6,0.0,conventional,2015,HartfordSpringfield
2015-05-03,1.25,329589.03,4005.44,255378.5,539.0,69666.09,66957.03,2709.06,0.0,conventional,2015,HartfordSpringfield
2016-09-11,1.22,364052.46,84826.25,225724.26,197.17,53304.78,52152.39,1137.39,15.0,conventional,2016,HartfordSpringfield
2016-01-17,1.18,352472.83,4186.8,265631.34,222.86,82431.83,81352.4,1079.43,0.0,conventional,2016,HartfordSpringfield
2017-10-22,1.5,244786.18,7441.12,179802.05,151.61,57391.4,55717.53,1673.87,0.0,conventional,2017,HartfordSpringfield
2015-12-06,1.19,239945.42,4269.91,199395.25,192.36,36087.9,35448.13,639.77,0.0,conventional,2015,HartfordSpringfield
2015-06-28,1.27,304624.07,4253.95,226699.55,9682.22,63988.35,60622.57,3365.78,0.0,conventional,2015,HartfordSpringfield
2016-06-26,1.41,329620.35,3520.61,245341.16,263.38,80495.2,77811.88,318.32,2365.0,conventional,2016,HartfordSpringfield
2017-08-27,1.78,220520.33,4245.98,160115.84,67.41,56091.1,55270.66,377.11,443.33,conventional,2017,HartfordSpringfield
2017-08-20,1.74,223619.15,3659.65,155326.78,79.42,64553.3,59503.97,3259.33,1790.0,conventional,2017,HartfordSpringfield
2018-02-18,1.42,283265.66,11150.75,209791.73,212.96,62110.22,60822.76,386.35,901.11,conventional,2018,HartfordSpringfield
2015-04-19,1.35,271198.73,3625.55,196720.42,175.12,70677.64,66844.17,3833.47,0.0,conventional,2015,HartfordSpringfield
2015-01-04,1.06,332208.14,6387.6,267593.62,165.35,58061.57,55401.31,2660.26,0.0,conventional,2015,HartfordSpringfield
2016-02-14,1.1,398441.13,6064.88,326486.66,316.89,65572.7,61273.21,4299.49,0.0,conventional,2016,HartfordSpringfield
2016-10-30,1.81,180113.35,2704.79,130995.75,191.97,46220.84,46140.97,79.87,0.0,conventional,2016,HartfordSpringfield
2015-11-29,1.32,213631.54,3572.7,172790.41,169.1,37099.33,36423.45,675.88,0.0,conventional,2015,HartfordSpringfield
2016-06-19,1.5,335704.35,4764.39,253641.06,308.34,76990.56,73922.77,882.79,2185.0,conventional,2016,HartfordSpringfield
2015-07-26,1.3,266049.58,3579.93,205203.65,2171.08,55094.92,52815.8,2279.12,0.0,conventional,2015,HartfordSpringfield
2016-05-01,1.18,353240.26,4163.82,286951.48,246.85,61878.11,59813.16,2064.95,0.0,conventional,2016,HartfordSpringfield
2016-10-02,1.69,216818.99,17695.92,145719.43,620.47,52783.17,52592.82,190.35,0.0,conventional,2016,HartfordSpringfield
2018-03-18,1.43,308716.16,16506.01,218357.11,217.92,73635.12,68741.49,3282.52,1611.11,conventional,2018,HartfordSpringfield
2016-07-24,1.7,254686.05,3244.19,165702.62,149.3,85589.94,82571.93,738.01,2280.0,conventional,2016,HartfordSpringfield
