Regression/datasets/filtered_avocados.csv
Date,AveragePrice,Total Volume,4046,4225,4770,Total Bags,Small Bags,Large Bags,XLarge Bags,type,year,region
2015-07-26,1.04,1844887.26,898275.28,576870.99,53882.08,315858.91,292786.5,21669.83,1402.58,conventional,2015,Plains
2015-08-23,1.06,1731574.98,930286.05,498120.52,16041.72,287126.69,275002.9,10772.67,1351.12,conventional,2015,Plains
2016-06-12,1.04,2104834.28,892690.24,628986.82,11290.7,571866.52,518050.97,28877.41,24938.14,conventional,2016,Plains
2017-11-26,1.28,1280491.0,628374.0,311442.0,4253.0,336422.0,225355.0,110958.0,108.0,conventional,2017,Plains
2016-01-17,1.12,1495176.98,634914.42,499796.45,25612.84,334853.27,301751.78,28186.72,4914.77,conventional,2016,Plains
2017-05-28,1.38,1975524.7,833904.89,499191.31,10560.99,631867.51,584294.01,29543.77,18029.73,conventional,2017,Plains
2016-09-11,1.18,1697761.29,780495.39,488705.89,5273.03,423286.98,392942.12,25530.48,4814.38,conventional,2016,Plains
2018-03-04,1.15,2092354.75,888108.56,501748.08,8144.54,694353.57,627934.12,53944.75,12474.7,conventional,2018,Plains
2017-06-11,1.31,2120488.01,948624.24,478847.61,7878.02,685138.14,642268.81,27923.27,14946.06,conventional,2017,Plains
2016-05-29,0.9,2265037.77,1223080.58,495021.66,12125.66,534809.87,502399.51,22583.69,9826.67,conventional,2016,Plains
2017-11-05,1.48,1380036.54,583677.03,410381.7,4216.04,381761.77,292776.18,88977.53,8.06,conventional,2017,Plains
2015-04-26,1.13,1787071.74,1022915.7,447514.72,23878.2,292763.12,278730.74,6240.25,7792.13,conventional,2015,Plains
2017-05-14,1.33,1894833.35,874405.39,415178.47,7813.52,597435.97,535679.03,49821.03,11935.91,conventional,2017,Plains
2016-09-25,1.35,1419113.4,673110.96,360990.42,5573.18,379438.84,333274.27,39397.54,6767.03,conventional,2016,Plains
2017-06-04,1.31,2136102.71,958508.87,499135.71,11013.14,667444.99,620312.74,35312.21,11820.04,conventional,2017,Plains
2017-01-29,1.06,2057899.39,896361.8,569685.24,6640.06,585212.29,503163.84,55896.78,26151.67,conventional,2017,Plains
2015-11-08,1.12,1285586.97,513609.22,467808.56,19975.92,284193.27,266376.52,16399.34,1417.41,conventional,2015,Plains
2018-01-07,1.17,2103531.72,1026303.18,570087.19,6096.19,501045.16,384809.96,116197.07,38.13,conventional,2018,Plains
2017-09-17,1.66,1369417.02,603285.91,339221.28,6807.98,420101.85,365945.02,54079.47,77.36,conventional,2017,Plains
2015-08-02,1.13,1593031.18,761285.69,506914.62,33145.85,291685.02,276864.79,13477.89,1342.34,conventional,2015,Plains
2015-01-18,1.02,1674945.55,966515.75,485150.34,14504.7,208774.76,206579.02,1074.3,1121.44,conventional,2015,Plains
2015-06-28,1.08,1826182.48,954738.73,480810.73,18637.71,371995.31,358087.94,12451.24,1456.13,conventional,2015,Plains
2017-07-23,1.39,1854451.3,719912.1,594292.4,11924.17,528322.63,466178.48,46069.1,16075.05,conventional,2017,Plains
2016-04-24,0.95,2088524.46,887508.56,650864.38,11773.39,538378.13,474085.79,56591.26,7701.08,conventional,2016,Plains
2016-06-26,1.03,2101835.6,1040820.26,490842.47,9370.21,560802.66,510422.91,25086.66,25293.09,conventional,2016,Plains
2016-07-17,1.15,1865426.77,615734.77,583708.66,11130.38,654852.96,590322.87,30454.97,34075.12,conventional,2016,Plains
2017-10-29,1.38,1536445.96,679340.39,436908.61,3387.14,416809.82,339758.82,77029.46,21.54,conventional,2017,Plains
2018-03-18,1.06,2346527.89,948199.79,630350.03,9313.26,758664.81,701598.07,55972.31,1094.43,conventional,2018,Plains
2017-07-09,1.32,2106705.01,785869.03,554318.38,45371.29,721146.31,710273.4,5457.82,5415.09,conventional,2017,Plains
2017-10-22,1.48,1455487.08,650121.75,388491.92,4068.81,412804.6,343995.88,68736.06,72.66,conventional,2017,Plains
2017-07-30,1.46,1718325.16,669232.81,557504.83,11639.77,479947.75,430060.41,37912.23,11975.11,conventional,2017,Plains
2017-03-19,1.3,1679882.22,721848.28,489324.58,8220.55,460488.81,437779.63,20075.74,2633.44,conventional,2017,Plains
2015-09-13,1.13,1526985.3,727720.21,491074.45,15652.47,292538.17,271845.35,19120.68,1572.14,conventional,2015,Plains
2015-06-07,1.04,2026464.23,1207877.63,445069.67,17034.85,356482.08,353409.98,1330.64,1741.46,conventional,2015,Plains
2016-02-14,0.97,1790822.72,869882.86,525736.46,20578.05,374625.35,340809.47,32439.63,1376.25,conventional,2016,Plains
2015-04-26,1.19,490426.14,202726.84,188384.71,10046.11,89268.48,89235.28,21.77,11.43,conventional,2015,Seattle
2016-09-25,1.03,655426.45,101292.91,130310.43,3243.02,420580.09,304494.27,115510.78,575.04,conventional,2016,Seattle
2017-11-05,1.37,503544.6,119514.34,114867.45,6037.11,263125.7,222651.89,40236.49,237.32,conventional,2017,Seattle
2015-12-13,1.05,454428.03,114813.13,156347.74,9650.5,173616.66,173537.66,35.61,43.39,conventional,2015,Seattle
2016-10-16,1.2,618367.26,94032.78,146878.16,452.03,377004.29,369370.77,7512.55,120.97,conventional,2016,Seattle
2016-09-04,1.13,563852.38,132309.0,141811.18,2493.01,287239.19,286871.24,129.11,238.84,conventional,2016,Seattle
2017-07-30,1.72,470813.03,115910.95,169760.67,2027.83,183113.58,112306.79,69630.16,1176.63,conventional,2017,Seattle
2016-11-20,1.41,447760.4,56982.28,128919.02,270.62,261588.48,260780.1,648.16,160.22,conventional,2016,Seattle
2016-09-11,1.0,644049.31,154068.23,167761.1,2713.1,319506.88,319298.96,135.14,72.78,conventional,2016,Seattle
2016-11-06,1.43,446970.37,58648.4,130208.79,528.77,257584.41,256977.65,241.61,365.15,conventional,2016,Seattle
2015-05-31,1.12,543908.18,244319.84,185303.96,14394.68,99889.7,99789.03,97.35,3.32,conventional,2015,Seattle
2016-07-03,1.1,663580.48,101636.27,179739.71,10770.71,371433.79,371093.38,225.23,115.18,conventional,2016,Seattle
2015-11-22,1.07,426337.91,111896.12,155494.84,9372.34,149574.61,149358.02,0.0,216.59,conventional,2015,Seattle
2015-08-23,1.13,551498.09,137390.97,265837.45,9738.82,138530.85,138486.18,26.47,18.2,conventional,2015,Seattle
2016-11-13,1.43,472868.46,61375.16,152069.42,317.93,259105.95,257996.24,284.07,825.64,conventional,2016,Seattle
2017-07-02,1.21,682920.51,125597.17,179521.36,840.48,376961.5,376182.03,56.47,723.0,conventional,2017,Seattle
2017-09-03,1.94,409075.07,83934.95,146966.08,604.17,177569.87,113635.3,62704.47,1230.1,conventional,2017,Seattle
2017-08-27,1.54,562332.61,148933.34,138239.09,435.65,274724.53,225974.56,48406.18,343.79,conventional,2017,Seattle
2017-10-15,1.74,411343.55,85159.49,168426.55,10887.91,146869.6,98698.38,47512.48,658.74,conventional,2017,Seattle
2017-04-16,1.09,682386.6,131986.76,151806.57,404.18,398189.09,397484.51,217.5,487.08,conventional,2017,Seattle
2015-06-21,1.19,577605.0,178641.03,272213.83,16161.24,110588.9,110537.43,31.33,20.14,conventional,2015,Seattle
2015-10-18,1.08,484106.11,147440.78,185069.58,10284.15,141311.6,141266.83,0.0,44.77,conventional,2015,Seattle
2015-09-13,1.02,586503.27,230283.36,181240.95,10787.88,164191.08,164176.14,0.0,14.94,conventional,2015,Seattle
2015-07-19,1.25,491653.57,197532.38,192075.86,11882.66,90162.67,90074.05,88.62,0.0,conventional,2015,Seattle
2016-01-31,0.98,666670.45,75852.78,190462.67,8910.2,391444.8,390708.62,174.35,561.83,conventional,2016,Seattle
2016-04-24,0.88,752138.28,86998.66,222808.84,12051.07,430279.71,429116.57,197.83,965.31,conventional,2016,Seattle
2017-12-03,1.26,500180.0,113961.0,107904.0,680.0,277636.0,231869.0,45507.0,260.0,conventional,2017,Seattle
2017-07-23,1.54,509159.42,110161.26,215252.32,5868.34,177877.5,105736.33,72025.25,115.92,conventional,2017,Seattle
2017-08-20,1.67,496897.67,126277.34,145202.43,447.78,224970.12,168561.46,56032.06,376.6,conventional,2017,Seattle
2015-06-14,1.13,88579.12,36980.68,35548.22,3428.77,12621.45,12621.45,0.0,0.0,conventional,2015,Spokane
2017-07-09,0.97,128455.05,26682.9,32986.26,119.07,68666.82,68576.38,46.14,44.3,conventional,2017,Spokane
2015-03-29,1.12,74999.31,36451.47,26800.47,2051.36,9696.01,9376.01,320.0,0.0,conventional,2015,Spokane
2017-11-12,1.17,86928.0,23286.0,19991.0,458.0,43193.0,37987.0,5076.0,130.0,conventional,2017,Spokane
2017-12-31,0.94,98086.34,30325.05,36245.2,501.63,31014.46,24405.56,6544.94,63.96,conventional,2017,Spokane
2015-10-25,1.08,66852.57,16618.08,33389.28,2073.74,14771.47,14720.74,50.73,0.0,conventional,2015,Spokane
2016-05-29,0.87,109604.3,29399.27,21853.06,3012.5,55339.47,55214.3,110.28,14.89,conventional,2016,Spokane
2016-06-19,0.96,91554.79,27584.63,19850.1,2998.29,41121.77,41041.12,56.29,24.36,conventional,2016,Spokane
2017-04-23,1.02,100154.13,21016.93,31935.14,63.35,47138.71,47076.77,6.19,55.75,conventional,2017,Spokane
2016-02-21,0.82,112075.27,16913.21,27398.67,2940.94,64822.45,64778.72,12.72,31.01,conventional,2016,Spokane
2015-03-15,1.19,71766.04,32528.5,26391.31,3967.68,8878.55,8878.55,0.0,0.0,conventional,2015,Spokane
2017-05-21,1.14,92273.1,20886.24,26056.94,196.5,45133.42,44915.11,143.04,75.27,conventional,2017,Spokane
2016-01-17,0.98,100754.26,20833.16,23919.53,3527.08,52474.49,52341.94,132.55,0.0,conventional,2016,Spokane
2017-08-13,1.67,68140.75,16296.64,26112.53,100.27,25631.31,16335.62,9284.42,11.27,conventional,2017,Spokane
2015-04-12,1.21,64529.74,27692.12,23281.52,3057.26,10498.84,10498.84,0.0,0.0,conventional,2015,Spokane
2016-04-10,0.96,103998.99,31092.52,26584.63,3378.21,42943.63,42824.85,0.0,118.78,conventional,2016,Spokane
2015-04-19,1.03,91379.33,31965.44,42072.81,2783.29,14557.79,14557.79,0.0,0.0,conventional,2015,Spokane
2016-05-22,0.89,100552.55,28756.53,23438.52,3206.91,45150.59,36360.99,8782.18,7.42,conventional,2016,Spokane
2017-05-07,1.0,140992.26,35074.32,44285.32,68.98,61563.64,57195.98,4035.76,331.9,conventional,2017,Spokane
2015-09-20,1.05,79503.08,20718.72,42342.6,4327.13,12114.63,12114.63,0.0,0.0,conventional,2015,Spokane
2016-04-24,0.95,95660.52,26548.62,21236.06,2947.93,44927.91,44270.25,630.74,26.92,conventional,2016,Spokane
2016-07-31,1.14,83902.91,25236.38,15512.48,1167.58,41986.47,41986.47,0.0,0.0,conventional,2016,Spokane
2015-06-21,1.12,84739.31,33513.17,33789.94,4665.82,12770.38,12770.38,0.0,0.0,conventional,2015,Spokane
2016-08-21,1.09,87249.43,27169.12,14030.13,2000.73,44049.45,44033.76,8.51,7.18,conventional,2016,Spokane
2016-02-28,0.95,92596.44,21928.09,19963.84,2886.03,47818.48,47750.71,29.65,38.12,conventional,2016,Spokane
2016-12-18,0.97,78377.53,11468.76,24325.82,27.35,42555.6,42186.43,361.54,7.63,conventional,2016,Spokane
2017-01-22,0.88,113430.5,19006.07,38753.45,153.69,55517.29,49749.97,5680.78,86.54,conventional,2017,Spokane
2017-10-01,1.83,55420.33,13935.32,20908.42,26.77,20549.82,13317.33,7186.61,45.88,conventional,2017,Spokane
2017-01-01,0.87,115041.61,11707.17,43700.05,511.0,59123.39,58631.06,415.97,76.36,conventional,2017,Spokane
2016-10-16,1.33,68850.22,13123.07,19622.36,46.93,36057.86,34881.48,1171.39,4.99,conventional,2016,Spokane
2017-08-27,1.42,86969.36,24242.56,22050.47,71.96,40604.37,34697.5,5902.35,4.52,conventional,2017,Spokane
2017-07-09,1.09,255253.55,3260.92,95015.46,1259.09,155718.08,38542.84,116563.71,611.53,conventional,2017,CincinnatiDayton
2017-06-18,1.09,281486.15,4452.82,110401.61,2143.52,164488.2,33465.46,130291.88,730.86,conventional,2017,CincinnatiDayton
2017-03-26,1.16,221214.93,2737.56,75138.64,1185.8,142152.93,30291.14,111860.25,1.54,conventional,2017,CincinnatiDayton
2015-07-19,1.06,223479.02,3726.35,146965.54,14449.26,58337.87,21470.67,33782.97,3084.23,conventional,2015,CincinnatiDayton
2017-10-15,1.81,182274.57,6137.38,59691.71,574.34,115871.14,21562.09,94257.73,51.32,conventional,2017,CincinnatiDayton
2017-02-05,0.65,411450.85,3229.39,181550.84,3016.89,223653.73,35158.21,188488.1,7.42,conventional,2017,CincinnatiDayton
2017-05-14,0.76,313988.97,8786.74,87347.28,931.97,216922.98,25076.08,191736.09,110.81,conventional,2017,CincinnatiDayton
2017-07-23,1.47,215667.84,4245.43,85748.65,1095.65,124578.11,14922.7,109212.65,442.76,conventional,2017,CincinnatiDayton
2017-06-25,0.8,337211.8,4289.76,100910.25,1020.95,230990.84,28717.58,201500.92,772.34,conventional,2017,CincinnatiDayton
2015-12-13,0.79,207386.27,3802.6,123544.78,4574.03,75464.86,15835.2,58783.54,846.12,conventional,2015,CincinnatiDayton
2016-05-08,0.86,314243.15,4411.26,183121.83,17789.78,108920.28,17361.66,87869.71,3688.91,conventional,2016,CincinnatiDayton
2016-03-27,0.9,225485.9,3097.47,131467.29,16191.17,74729.97,18832.18,52163.65,3734.14,conventional,2016,CincinnatiDayton
2018-03-11,1.01,275804.74,65139.45,22713.79,10175.31,177776.19,146773.92,30140.64,861.63,conventional,2018,CincinnatiDayton
2015-03-01,0.89,226951.64,3610.46,157400.74,18680.72,47259.72,14963.96,28229.86,4065.9,conventional,2015,CincinnatiDayton
2015-07-26,1.03,216611.18,2474.11,139527.28,5691.94,68917.85,24769.87,43020.67,1127.31,conventional,2015,CincinnatiDayton
2015-09-06,1.02,232157.91,2462.55,154106.32,8956.92,66632.12,19499.39,45312.94,1819.79,conventional,2015,CincinnatiDayton
2016-01-17,0.86,228860.79,3683.42,142145.57,7457.43,75574.37,20728.35,53232.61,1613.41,conventional,2016,CincinnatiDayton
2017-04-02,1.01,290569.6,7282.55,72866.01,1092.42,209328.62,33461.38,175820.25,46.99,conventional,2017,CincinnatiDayton
2016-08-07,1.03,266196.06,5244.48,130022.01,3143.09,127786.48,27221.7,100553.51,11.27,conventional,2016,CincinnatiDayton
2016-10-16,1.07,246801.93,6797.94,89324.91,1275.42,149403.66,32352.58,117051.08,0.0,conventional,2016,CincinnatiDayton
2015-02-15,0.94,169950.37,4399.26,122866.03,3067.22,39617.86,21356.07,17556.58,705.21,conventional,2015,CincinnatiDayton
2016-01-10,0.92,218906.82,3115.25,151374.26,7200.14,57217.17,17942.34,37684.81,1590.02,conventional,2016,CincinnatiDayton
2017-08-20,1.15,307618.14,4339.15,107640.2,884.18,194754.61,21955.22,172119.45,679.94,conventional,2017,CincinnatiDayton
2015-10-18,0.98,186044.56,2297.3,131737.84,8931.62,43077.8,17414.57,24553.19,1110.04,conventional,2015,CincinnatiDayton
2017-09-17,1.79,184434.69,4223.33,69168.18,711.18,110332.0,25990.15,84078.27,263.58,conventional,2017,CincinnatiDayton
2015-03-22,0.98,212719.94,2968.26,137560.99,23368.18,48822.51,11317.29,31773.08,5732.14,conventional,2015,CincinnatiDayton
2015-01-04,0.88,228569.58,3274.3,168764.78,1447.06,55083.44,17525.31,37445.46,112.67,conventional,2015,CincinnatiDayton
2017-04-16,1.06,261398.15,7865.99,77040.01,1300.87,175191.28,36250.42,138925.16,15.7,conventional,2017,CincinnatiDayton
2016-11-20,0.98,242174.1,2013.39,85407.77,853.46,153899.48,23679.23,130220.25,0.0,conventional,2016,CincinnatiDayton
2015-02-01,0.86,300905.18,4665.89,224967.68,19442.29,51829.32,15335.37,31756.14,4737.81,conventional,2015,CincinnatiDayton
2016-09-25,1.09,268805.44,3821.72,112149.61,1396.32,151437.79,23812.95,127624.84,0.0,conventional,2016,CincinnatiDayton
2016-02-21,0.86,190349.58,3480.46,117328.79,5551.81,63988.52,17167.72,45673.76,1147.04,conventional,2016,CincinnatiDayton
2016-08-28,1.13,259143.06,3862.97,126642.16,1683.71,126954.22,27933.66,97229.69,1790.87,conventional,2016,CincinnatiDayton
2015-05-17,1.04,234579.34,10239.98,150323.91,14523.82,59491.63,18091.92,38536.09,2863.62,conventional,2015,CincinnatiDayton
2017-12-17,1.3,169219.79,21459.6,53838.76,9956.49,83964.94,57656.39,26216.68,91.87,conventional,2017,CincinnatiDayton
2015-10-25,1.01,203681.71,2264.65,132625.92,9187.24,59603.9,12423.07,45209.19,1971.64,conventional,2015,CincinnatiDayton
2015-05-03,1.08,238140.96,11468.92,162213.47,7282.09,57176.48,18315.96,37361.33,1499.19,conventional,2015,CincinnatiDayton
2016-01-24,0.89,252317.23,1985.08,155256.89,23681.24,71394.02,19633.53,47199.01,4561.48,conventional,2016,CincinnatiDayton
2017-01-29,0.71,325944.73,3040.61,118753.45,980.55,203170.12,30234.77,172935.35,0.0,conventional,2017,CincinnatiDayton
2015-11-29,0.88,141356.34,2399.32,94093.55,5885.57,38977.9,12785.15,24850.38,1342.37,conventional,2015,CincinnatiDayton
2016-05-15,0.88,250333.08,3505.82,151116.33,21963.46,73747.47,14077.5,53944.28,5725.69,conventional,2016,CincinnatiDayton
2016-01-31,0.94,203005.7,3261.74,133276.52,12917.42,53550.02,16807.25,33496.41,3246.36,conventional,2016,CincinnatiDayton
