Regression/datasets/filtered_avocados.csv
Date,AveragePrice,Total Volume,4046,4225,4770,Total Bags,Small Bags,Large Bags,XLarge Bags,type,year,region
2016-10-30,1.48,94332.98,41423.95,4092.33,5.96,48810.74,47513.43,1297.31,0.0,organic,2016,SouthCentral
2016-10-09,1.09,150647.8,54851.54,4379.24,0.0,91417.02,66104.4,25312.62,0.0,organic,2016,SouthCentral
2017-01-22,1.02,147163.14,28151.07,6856.25,0.0,112155.82,107713.44,4442.38,0.0,organic,2017,SouthCentral
2017-06-18,1.27,149975.22,38471.13,9716.75,0.0,101787.34,94445.95,7341.39,0.0,organic,2017,SouthCentral
2017-02-12,1.12,121268.68,34932.59,5509.9,2.91,80823.28,70954.77,9868.51,0.0,organic,2017,SouthCentral
2017-10-01,1.75,107773.96,31572.3,2854.98,0.0,73346.68,72854.87,491.81,0.0,organic,2017,SouthCentral
2016-01-31,1.41,69115.72,29502.87,4582.19,2.77,35027.89,34397.13,630.76,0.0,organic,2016,SouthCentral
2017-09-17,1.8,108093.32,49755.71,3371.39,0.0,54966.22,53033.25,1932.97,0.0,organic,2017,SouthCentral
2015-02-22,1.37,81291.05,43057.55,6627.71,0.0,31605.79,31043.33,562.46,0.0,organic,2015,SouthCentral
2016-10-23,1.41,104747.96,67813.29,3524.97,2.98,33406.72,29443.08,3963.64,0.0,organic,2016,SouthCentral
2015-07-26,1.26,62027.52,47466.03,5752.63,0.0,8808.86,7114.14,1694.72,0.0,organic,2015,SouthCentral
2017-03-05,0.99,155011.12,35367.23,5175.81,5.91,114462.17,95379.07,19083.1,0.0,organic,2017,SouthCentral
2015-04-05,1.4,76942.46,39792.84,8032.39,768.15,28349.08,28046.67,302.41,0.0,organic,2015,SouthCentral
2015-11-08,1.51,57570.79,26586.86,4970.65,0.0,26013.28,25469.5,543.78,0.0,organic,2015,SouthCentral
2015-11-01,1.51,57066.49,24717.23,4952.41,0.0,27396.85,26999.58,397.27,0.0,organic,2015,SouthCentral
2015-07-12,1.27,59760.16,42967.8,5971.21,0.0,10821.15,7288.89,3532.26,0.0,organic,2015,SouthCentral
2018-02-04,1.41,135996.73,29097.18,3815.01,0.0,103084.54,96116.6,6967.94,0.0,organic,2018,SouthCentral
2015-02-15,1.39,77922.66,32655.36,7467.65,0.0,37799.65,37376.67,422.98,0.0,organic,2015,SouthCentral
2016-02-07,1.35,69236.98,28638.16,4956.5,0.0,35642.32,33200.13,2442.19,0.0,organic,2016,SouthCentral
2016-02-28,1.24,89262.56,28679.61,6947.04,2.79,53633.12,38914.83,14718.29,0.0,organic,2016,SouthCentral
2015-07-19,1.31,56107.03,41370.58,6317.71,0.0,8418.74,6211.9,2206.84,0.0,organic,2015,SouthCentral
2016-12-04,1.21,100639.79,26102.51,2981.43,8.77,71547.08,70185.18,1361.9,0.0,organic,2016,SouthCentral
2016-07-31,1.22,142770.97,51129.16,5389.19,0.0,86252.62,72360.02,13892.6,0.0,organic,2016,SouthCentral
2016-09-11,1.07,164162.25,47884.79,4446.52,0.0,111830.94,105704.69,6126.25,0.0,organic,2016,SouthCentral
2016-08-14,0.98,278711.99,76071.17,5041.32,0.0,197599.5,189805.15,7794.35,0.0,organic,2016,SouthCentral
2017-06-11,1.17,183857.14,38447.04,9085.51,0.0,136324.59,122121.81,14202.78,0.0,organic,2017,SouthCentral
2015-03-01,1.34,80536.06,40561.64,5847.24,0.0,34127.18,34003.33,123.85,0.0,organic,2015,SouthCentral
2016-04-03,1.22,86545.27,28336.55,5964.03,2.83,52241.86,41885.1,10356.76,0.0,organic,2016,SouthCentral
2016-12-18,1.1,100860.88,23988.1,4296.17,0.0,72576.61,67763.58,4813.03,0.0,organic,2016,SouthCentral
2016-06-26,1.17,114148.17,40284.96,7267.68,0.0,66595.53,61928.4,4667.13,0.0,organic,2016,SouthCentral
2017-04-16,1.04,204871.52,41474.4,7200.29,12.02,156184.81,145920.93,10263.88,0.0,organic,2017,SouthCentral
2018-02-18,1.42,134888.08,23406.88,5128.16,27.46,106325.58,94331.46,11994.12,0.0,organic,2018,SouthCentral
2016-06-05,1.1,117920.36,36488.57,7670.66,417.29,73343.84,59332.91,14010.93,0.0,organic,2016,SouthCentral
2016-08-07,1.26,138004.86,44893.49,5386.67,0.0,87724.7,52854.44,34870.26,0.0,organic,2016,SouthCentral
2017-11-19,1.54,115865.76,22430.41,3239.93,0.0,90195.42,89527.0,668.42,0.0,organic,2017,SouthCentral
2016-09-18,1.14,129652.83,42581.23,5505.14,0.0,81566.46,73194.34,8372.12,0.0,organic,2016,SouthCentral
2016-01-24,1.35,70767.77,23737.39,5747.06,0.0,41283.32,39836.86,1446.46,0.0,organic,2016,SouthCentral
2016-08-21,0.97,247621.32,67192.31,4365.3,0.0,176063.71,170028.41,6035.3,0.0,organic,2016,SouthCentral
2015-07-26,1.87,3413.88,80.0,154.75,0.0,3179.13,3176.48,2.65,0.0,organic,2015,BuffaloRochester
2015-09-20,1.56,3291.61,33.31,127.31,0.0,3130.99,3130.99,0.0,0.0,organic,2015,BuffaloRochester
2015-08-16,1.89,716.29,46.05,154.22,0.0,516.02,516.02,0.0,0.0,organic,2015,BuffaloRochester
2016-01-31,1.81,4647.71,0.0,226.88,0.0,4420.83,2749.9,1670.93,0.0,organic,2016,BuffaloRochester
2016-12-11,1.81,3303.41,24.27,516.63,0.0,2762.51,2758.46,4.05,0.0,organic,2016,BuffaloRochester
2016-02-21,1.66,5329.12,0.0,279.64,0.0,5049.48,1223.64,3825.84,0.0,organic,2016,BuffaloRochester
2015-04-05,1.8,2585.22,16.21,131.49,0.0,2437.52,2437.52,0.0,0.0,organic,2015,BuffaloRochester
2016-05-08,1.56,7228.12,3.57,152.48,0.0,7072.07,3333.78,3738.29,0.0,organic,2016,BuffaloRochester
2017-10-15,1.33,12929.64,158.88,153.55,0.0,12617.21,12617.21,0.0,0.0,organic,2017,BuffaloRochester
2017-01-22,1.5,2590.39,8.54,139.02,0.0,2442.83,2440.12,2.71,0.0,organic,2017,BuffaloRochester
2017-10-01,1.39,11486.81,277.8,111.48,0.0,11097.53,11092.17,5.36,0.0,organic,2017,BuffaloRochester
2015-03-29,1.83,1642.66,13.88,128.39,0.0,1500.39,1500.39,0.0,0.0,organic,2015,BuffaloRochester
2017-08-06,1.34,12705.61,0.0,311.73,0.0,12393.88,3181.99,9211.89,0.0,organic,2017,BuffaloRochester
2017-12-31,1.15,10568.46,176.5,82.85,0.0,10309.11,5004.55,5304.56,0.0,organic,2017,BuffaloRochester
2015-02-22,1.53,5821.39,32.64,92.08,0.0,5696.67,5696.67,0.0,0.0,organic,2015,BuffaloRochester
2017-02-12,1.81,3594.59,0.0,369.57,0.0,3225.02,1950.9,1274.12,0.0,organic,2017,BuffaloRochester
2017-07-16,1.26,12764.97,4.78,446.42,0.0,12313.77,7111.69,5202.08,0.0,organic,2017,BuffaloRochester
2017-07-30,1.44,10708.99,9.99,451.17,0.0,10247.83,1433.47,8814.36,0.0,organic,2017,BuffaloRochester
2015-03-08,1.56,2163.15,9.28,94.74,0.0,2059.13,2059.13,0.0,0.0,organic,2015,BuffaloRochester
2016-02-14,1.99,4577.72,0.0,246.79,0.0,4330.93,2769.87,1561.06,0.0,organic,2016,BuffaloRochester
2015-03-01,1.55,3520.47,17.44,126.08,0.0,3376.95,3376.95,0.0,0.0,organic,2015,BuffaloRochester
2016-08-21,1.51,5118.51,24.13,188.27,0.0,4906.11,4882.16,23.95,0.0,organic,2016,BuffaloRochester
2015-08-23,1.57,3681.62,19.03,181.17,0.0,3481.42,3478.78,2.64,0.0,organic,2015,BuffaloRochester
2015-08-02,1.86,3348.4,78.56,154.19,0.0,3115.65,3115.65,0.0,0.0,organic,2015,BuffaloRochester
2016-07-03,2.02,5103.66,25.27,263.51,0.0,4814.88,1055.38,3759.5,0.0,organic,2016,BuffaloRochester
2017-08-13,1.27,10212.38,4.73,416.02,0.0,9791.63,5319.01,4472.62,0.0,organic,2017,BuffaloRochester
2016-09-25,1.6,1855.17,33.41,184.97,0.0,1636.79,1636.79,0.0,0.0,organic,2016,BuffaloRochester
2015-12-13,1.45,4317.94,0.0,130.62,0.0,4187.32,1502.72,2684.6,0.0,organic,2015,BuffaloRochester
2015-04-12,1.79,3473.94,30.13,145.17,0.0,3298.64,3298.64,0.0,0.0,organic,2015,BuffaloRochester
2017-09-10,1.8,4946.72,408.05,156.35,0.0,4382.32,1514.57,2867.75,0.0,organic,2017,BuffaloRochester
2016-04-03,1.48,6217.4,3.55,198.02,0.0,6015.83,3321.77,2694.06,0.0,organic,2016,BuffaloRochester
2017-03-19,2.05,3614.79,2.44,292.72,0.0,3319.63,973.33,2346.3,0.0,organic,2017,BuffaloRochester
2017-06-18,2.54,5445.57,28.33,544.31,0.0,4872.93,830.0,4042.93,0.0,organic,2017,BuffaloRochester
2016-06-19,1.72,7564.6,20.44,228.15,0.0,7316.01,4115.71,3200.3,0.0,organic,2016,BuffaloRochester
2015-07-19,1.91,1728.99,56.05,123.39,0.0,1549.55,1549.55,0.0,0.0,organic,2015,BuffaloRochester
2015-10-25,1.55,3021.45,20.19,123.59,0.0,2877.67,2871.0,6.67,0.0,organic,2015,BuffaloRochester
2017-01-08,0.8,39403.42,8720.61,1639.28,53.69,28989.84,3473.4,25516.44,0.0,organic,2017,Denver
2017-06-25,1.17,25446.92,4521.58,3679.04,27.25,17219.05,3967.53,13251.52,0.0,organic,2017,Denver
2017-08-27,2.16,20575.0,5403.05,507.0,21.6,14643.35,14579.72,63.63,0.0,organic,2017,Denver
2016-10-30,1.81,23733.43,21484.74,2146.97,15.05,86.67,0.0,86.67,0.0,organic,2016,Denver
2016-02-28,1.06,30084.47,4713.24,1955.11,23.17,23392.95,15001.1,8391.85,0.0,organic,2016,Denver
2015-08-16,1.45,32252.93,10281.75,5062.53,10.4,16898.25,661.81,16236.44,0.0,organic,2015,Denver
2017-05-14,0.74,162499.64,22355.83,7368.08,139.39,132636.34,91421.75,41214.59,0.0,organic,2017,Denver
2018-03-25,1.6,24825.5,6516.4,685.92,44.09,17579.09,16514.58,1064.51,0.0,organic,2018,Denver
2017-03-26,0.85,67657.35,10129.43,1677.51,36.31,55814.1,55592.7,221.4,0.0,organic,2017,Denver
2015-09-06,1.43,27271.95,3820.97,5153.61,11.45,18285.92,185.09,18100.83,0.0,organic,2015,Denver
2015-03-15,1.12,68533.2,27916.18,27507.13,27.89,13082.0,1813.33,11268.67,0.0,organic,2015,Denver
2016-12-25,0.93,23425.81,5412.78,884.75,75.54,17052.74,14897.14,2155.6,0.0,organic,2016,Denver
2016-01-03,1.05,30514.09,7003.19,4240.7,51.8,19218.4,368.17,18850.23,0.0,organic,2016,Denver
2016-07-17,1.6,21484.6,15310.96,3457.28,20.6,2695.76,2665.76,30.0,0.0,organic,2016,Denver
2015-10-25,1.27,30032.31,1813.92,6320.58,36.17,21861.64,447.68,21413.96,0.0,organic,2015,Denver
2017-03-05,0.94,62976.43,23363.47,3586.2,23.18,36003.58,34708.32,1295.26,0.0,organic,2017,Denver
2016-03-06,0.66,121329.26,10700.89,10988.09,59.64,99580.64,41656.67,57923.97,0.0,organic,2016,Denver
2015-08-09,1.44,34888.66,12490.9,3930.9,21.94,18444.92,748.73,17696.19,0.0,organic,2015,Denver
2016-12-18,1.47,14088.99,9935.96,1781.5,100.88,2270.65,675.88,1594.77,0.0,organic,2016,Denver
2015-06-14,1.44,33994.64,11488.79,4348.88,49.63,18107.34,720.65,17386.69,0.0,organic,2015,Denver
2017-10-08,1.97,22719.75,7350.34,484.37,30.99,14854.05,14714.76,139.29,0.0,organic,2017,Denver
2015-11-15,1.33,23789.01,11293.76,3356.13,29.19,9109.93,1068.24,8041.69,0.0,organic,2015,Denver
2016-09-04,1.15,25026.47,8810.53,2263.32,275.18,13677.44,11408.72,2268.72,0.0,organic,2016,Denver
2015-08-02,1.43,31424.93,10555.41,2962.63,23.09,17883.8,603.94,17279.86,0.0,organic,2015,Denver
2016-05-08,0.7,50559.21,14280.12,6750.13,51.92,29477.04,5921.36,23555.68,0.0,organic,2016,Denver
2015-09-13,1.36,26282.03,5076.16,3584.05,28.59,17593.23,203.33,17389.9,0.0,organic,2015,Denver
2015-01-18,1.1,42234.91,5475.13,32538.95,42.01,4178.82,992.64,3186.18,0.0,organic,2015,Denver
2017-12-17,1.46,34524.05,5039.43,435.39,42.84,29006.39,28941.3,65.09,0.0,organic,2017,Denver
2018-01-28,1.51,27513.73,6132.33,550.8,36.18,20794.42,20366.98,427.44,0.0,organic,2018,Denver
2016-03-20,0.98,36797.51,4709.48,3674.36,26.61,28387.06,1224.69,27162.37,0.0,organic,2016,Denver
2017-04-23,0.9,62384.23,12793.11,2126.24,69.71,47395.17,47195.08,200.09,0.0,organic,2017,Denver
2017-11-19,2.01,17640.41,4506.5,340.39,16.1,12777.42,12689.75,87.67,0.0,organic,2017,Denver
2016-02-21,1.07,33868.46,5720.97,2259.38,4.41,25883.7,15546.79,10336.91,0.0,organic,2016,Denver
2015-06-21,1.43,31954.94,9953.25,2917.93,21.75,19062.01,740.07,18321.94,0.0,organic,2015,Denver
2017-01-15,1.48,749510.72,76382.33,472453.49,10119.64,190555.26,188395.17,2152.31,7.78,conventional,2017,BaltimoreWashington
2017-12-17,1.44,628735.17,67126.05,369810.83,2933.76,188864.53,177981.17,10883.36,0.0,conventional,2017,BaltimoreWashington
2015-05-24,1.18,908661.83,63610.12,560740.03,49808.51,234503.17,228842.95,5548.94,111.28,conventional,2015,BaltimoreWashington
2018-03-25,1.23,986038.75,108250.52,591934.75,4205.03,281648.45,277508.08,2777.04,1363.33,conventional,2018,BaltimoreWashington
2017-01-08,1.14,1029279.83,83249.92,750033.84,9793.59,186202.48,183395.1,2281.83,525.55,conventional,2017,BaltimoreWashington
2016-12-11,1.35,599161.08,49240.17,375437.86,9977.23,164505.82,153476.96,11028.86,0.0,conventional,2016,BaltimoreWashington
2017-08-06,1.47,695848.77,60785.37,440986.27,5324.79,188752.34,182988.33,1830.67,3933.34,conventional,2017,BaltimoreWashington
2017-08-27,1.66,653598.86,51628.46,402657.24,5171.88,194141.28,192627.66,800.29,713.33,conventional,2017,BaltimoreWashington
2018-02-25,1.37,836294.71,104218.01,479773.13,4765.7,247537.87,243370.62,3930.59,236.66,conventional,2018,BaltimoreWashington
2016-09-25,1.58,678671.71,129774.3,347949.15,19205.77,181742.49,180490.59,1251.9,0.0,conventional,2016,BaltimoreWashington
2017-04-23,1.67,749186.76,69674.09,458300.03,7322.93,213889.71,197171.14,16072.74,645.83,conventional,2017,BaltimoreWashington
2016-07-31,1.65,698627.62,64022.99,402053.22,31448.04,201103.37,197041.21,706.6,3355.56,conventional,2016,BaltimoreWashington
2016-02-14,1.11,905144.72,72824.97,596869.49,60290.41,175159.85,168368.44,6791.41,0.0,conventional,2016,BaltimoreWashington
2015-08-30,1.24,734721.29,48455.25,458207.46,42754.34,185304.24,181968.79,3158.9,176.55,conventional,2015,BaltimoreWashington
2015-01-04,1.08,788025.06,53987.31,552906.04,39995.03,141136.68,137146.07,3990.61,0.0,conventional,2015,BaltimoreWashington
2015-09-13,1.09,924993.61,55699.25,675524.33,42270.47,151499.56,145686.02,5813.54,0.0,conventional,2015,BaltimoreWashington
2017-04-16,1.7,717940.19,67839.51,439898.36,6834.65,203367.67,182834.46,20215.15,318.06,conventional,2017,BaltimoreWashington
2016-10-02,1.66,672759.7,78716.77,381624.67,19492.51,192925.75,190861.05,1423.03,641.67,conventional,2016,BaltimoreWashington
2018-02-04,1.12,1225103.27,139312.12,708495.55,5611.56,371684.04,369085.25,2512.13,86.66,conventional,2018,BaltimoreWashington
2016-03-06,1.21,819706.7,62539.58,541218.77,21461.02,194487.33,191744.58,2742.75,0.0,conventional,2016,BaltimoreWashington
2018-03-04,1.25,988572.63,102687.68,619501.22,5269.13,261114.6,256822.62,4225.31,66.67,conventional,2018,BaltimoreWashington
2017-06-18,1.67,713471.14,62875.95,462835.5,6444.29,181315.4,169245.63,2474.77,9595.0,conventional,2017,BaltimoreWashington
2016-06-26,1.36,830072.5,62585.19,509113.95,48949.85,209423.51,202616.05,3059.39,3748.07,conventional,2016,BaltimoreWashington
2016-07-03,1.38,844337.61,63050.59,501970.38,50114.65,229201.99,214851.77,2969.08,11381.14,conventional,2016,BaltimoreWashington
2015-02-08,1.09,844931.21,71703.52,554857.41,37437.32,180932.96,175771.39,5161.57,0.0,conventional,2015,BaltimoreWashington
2017-07-30,1.47,655426.21,57622.28,399898.3,5352.26,192553.37,187554.78,1284.15,3714.44,conventional,2017,BaltimoreWashington
2015-04-26,1.29,747841.09,58013.85,431532.87,39942.57,218351.8,212064.73,6184.29,102.78,conventional,2015,BaltimoreWashington
2016-07-17,1.47,730875.32,50831.98,400287.93,32758.16,246997.25,233727.43,2257.55,11012.27,conventional,2016,BaltimoreWashington
2016-12-04,1.41,566956.23,52095.95,345132.36,10049.72,159678.2,157703.86,1738.23,236.11,conventional,2016,BaltimoreWashington
2016-10-23,1.85,584275.61,56864.06,336433.69,27036.54,163941.32,163070.93,382.89,487.5,conventional,2016,BaltimoreWashington
2016-02-07,1.1,966321.0,73754.24,621956.14,48009.43,222601.19,217666.76,4934.43,0.0,conventional,2016,BaltimoreWashington
2015-07-26,1.2,772926.12,52746.41,496508.65,45010.81,178660.25,174774.8,3880.04,5.41,conventional,2015,BaltimoreWashington
2016-05-29,1.19,890196.73,61989.17,577334.28,44265.84,206607.44,200150.21,3716.12,2741.11,conventional,2016,BaltimoreWashington
2017-10-15,1.66,667770.44,57542.76,426158.13,4901.97,179167.58,166892.17,12272.08,3.33,conventional,2017,BaltimoreWashington
2016-01-24,1.09,1022653.39,69829.09,689359.24,24029.92,239435.14,233609.99,5825.15,0.0,conventional,2016,BaltimoreWashington
2017-04-30,1.69,761924.71,74466.51,471825.66,7668.11,207964.43,202998.95,4607.0,358.48,conventional,2017,BaltimoreWashington
2016-04-17,1.13,841839.93,59232.87,576827.09,15881.19,189898.78,185709.01,3034.21,1155.56,conventional,2016,BaltimoreWashington
2015-12-13,1.15,619509.33,44400.26,399851.59,24291.2,150966.28,149070.4,1895.88,0.0,conventional,2015,BaltimoreWashington
