Regression/datasets/filtered_avocados.csv
Date,AveragePrice,Total Volume,4046,4225,4770,Total Bags,Small Bags,Large Bags,XLarge Bags,type,year,region
2016-07-24,2.15,7348.62,1607.42,5412.41,2.66,326.13,326.13,0.0,0.0,organic,2016,Sacramento
2017-12-31,1.61,9655.29,3891.4,3759.45,0.0,2004.44,2004.44,0.0,0.0,organic,2017,Sacramento
2017-01-22,1.89,6015.68,1800.88,3930.91,0.0,283.89,283.89,0.0,0.0,organic,2017,Sacramento
2017-09-17,1.92,9174.58,3470.19,3797.05,0.0,1907.34,1907.34,0.0,0.0,organic,2017,Sacramento
2017-06-11,2.5,6504.06,2177.24,3527.98,0.0,798.84,796.97,1.87,0.0,organic,2017,Sacramento
2015-05-24,1.62,11399.34,6010.97,5119.6,0.0,268.77,268.77,0.0,0.0,organic,2015,Sacramento
2015-08-09,2.17,7260.07,1873.4,5095.95,0.0,290.72,290.72,0.0,0.0,organic,2015,Sacramento
2018-02-04,1.5,8713.26,2722.6,4194.0,0.0,1796.66,1796.66,0.0,0.0,organic,2018,Sacramento
2015-09-27,1.95,5472.45,1261.85,3990.21,0.0,220.39,220.39,0.0,0.0,organic,2015,Sacramento
2016-04-03,2.03,8108.18,1317.74,6587.37,0.0,203.07,203.07,0.0,0.0,organic,2016,Sacramento
2018-02-11,1.87,7802.04,2208.31,3192.62,0.0,2401.11,2401.11,0.0,0.0,organic,2018,Sacramento
2017-04-16,2.35,6274.05,2025.64,3501.53,0.0,746.88,743.55,3.33,0.0,organic,2017,Sacramento
2016-04-10,2.05,7871.28,1570.39,5977.15,0.0,323.74,323.74,0.0,0.0,organic,2016,Sacramento
2016-05-29,1.99,9333.72,1748.33,7197.21,0.0,388.18,388.18,0.0,0.0,organic,2016,Sacramento
2017-03-19,2.46,5971.13,1795.34,3449.75,0.0,726.04,726.04,0.0,0.0,organic,2017,Sacramento
2016-06-19,2.13,7417.31,1496.2,5679.56,0.0,241.55,241.55,0.0,0.0,organic,2016,Sacramento
2016-12-11,2.46,3874.86,1283.52,2305.73,0.0,285.61,285.61,0.0,0.0,organic,2016,Sacramento
2016-11-27,2.61,4143.89,1531.72,2161.72,2.66,447.79,432.62,15.17,0.0,organic,2016,Sacramento
2015-04-05,1.64,9013.89,4591.9,4319.15,0.0,102.84,102.84,0.0,0.0,organic,2015,Sacramento
2015-08-30,2.1,6389.53,1798.88,4370.66,0.0,219.99,219.99,0.0,0.0,organic,2015,Sacramento
2015-01-04,1.33,9213.49,3727.52,4327.52,0.0,1158.45,1158.45,0.0,0.0,organic,2015,Sacramento
2015-06-28,1.84,9219.97,4916.07,4050.11,0.0,253.79,253.79,0.0,0.0,organic,2015,Sacramento
2016-07-03,2.13,9057.29,1931.88,6761.58,0.0,363.83,363.83,0.0,0.0,organic,2016,Sacramento
2017-10-29,1.86,7341.92,2787.56,2909.91,0.0,1644.45,1644.45,0.0,0.0,organic,2017,Sacramento
2017-08-06,1.99,6886.41,1620.1,2516.0,0.0,2750.31,2741.33,8.98,0.0,organic,2017,Sacramento
2016-08-28,2.23,6918.81,1196.98,5359.18,2.66,359.99,359.99,0.0,0.0,organic,2016,Sacramento
2017-07-16,2.19,5103.37,1251.0,2443.85,0.0,1408.52,1408.52,0.0,0.0,organic,2017,Sacramento
2016-03-20,1.96,7688.54,1124.36,6330.38,0.0,233.8,233.8,0.0,0.0,organic,2016,Sacramento
2015-11-22,1.79,4955.07,923.67,3860.73,0.0,170.67,140.67,30.0,0.0,organic,2015,Sacramento
2016-01-31,1.73,9768.28,1966.28,7082.01,0.0,719.99,719.99,0.0,0.0,organic,2016,Sacramento
2017-09-03,2.15,8230.33,2654.23,3298.64,0.0,2277.46,2277.46,0.0,0.0,organic,2017,Sacramento
2017-01-01,2.24,5635.27,1906.72,3364.33,0.0,364.22,364.22,0.0,0.0,organic,2017,Sacramento
2015-02-01,1.22,13195.65,7103.9,5624.41,0.0,467.34,467.34,0.0,0.0,organic,2015,Sacramento
2017-08-20,2.33,8187.92,2354.98,2815.2,1.31,3016.43,3013.1,3.33,0.0,organic,2017,Sacramento
2017-12-17,1.72,7034.37,1965.07,2423.74,0.0,2645.56,2645.56,0.0,0.0,organic,2017,Sacramento
2016-01-17,1.72,6880.85,1153.85,5593.51,0.0,133.49,133.49,0.0,0.0,organic,2016,Sacramento
2016-05-01,1.41,13056.72,1777.72,10850.42,0.0,428.58,428.58,0.0,0.0,organic,2016,Sacramento
2015-07-19,1.98,9560.55,3147.29,6150.55,0.0,262.71,262.71,0.0,0.0,organic,2015,Sacramento
2015-02-01,1.67,30193.16,3904.24,14499.51,32.15,11757.26,9989.22,1768.04,0.0,organic,2015,Plains
2016-01-03,1.5,38955.86,3092.05,15012.16,2689.51,18162.14,7903.68,10258.46,0.0,organic,2016,Plains
2018-01-28,1.64,56920.22,2711.12,14479.56,0.0,39729.54,27818.91,11910.63,0.0,organic,2018,Plains
2017-04-16,1.59,85609.54,5166.93,24157.5,1783.22,54501.89,29033.98,25467.91,0.0,organic,2017,Plains
2017-12-10,1.7,54723.29,1965.71,15750.0,9.73,36976.92,25074.28,11902.64,0.0,organic,2017,Plains
2015-10-11,1.82,28422.94,3143.11,15072.15,41.32,10166.36,6460.34,3706.02,0.0,organic,2015,Plains
2017-10-22,1.96,56614.23,1352.09,14045.55,375.42,40841.17,26362.82,14478.35,0.0,organic,2017,Plains
2017-10-01,2.09,60186.09,1616.73,15507.7,1134.3,41901.3,32057.02,9844.28,0.0,organic,2017,Plains
2015-06-28,1.93,33557.37,4415.32,20984.14,7.02,8150.89,6061.76,2089.13,0.0,organic,2015,Plains
2017-11-26,1.78,47738.89,1912.15,12604.73,7.28,33214.73,21333.07,11881.66,0.0,organic,2017,Plains
2015-06-21,1.88,37004.14,5625.74,21939.19,60.75,9378.46,7204.04,2174.42,0.0,organic,2015,Plains
2017-05-21,1.57,85984.55,4614.96,33738.22,778.72,46852.65,22566.48,24286.17,0.0,organic,2017,Plains
2017-05-14,1.62,69358.17,3417.56,21230.05,251.83,44458.73,22549.94,21908.79,0.0,organic,2017,Plains
2015-06-14,1.79,33795.51,4749.1,20882.01,41.97,8122.43,5857.07,2265.36,0.0,organic,2015,Plains
2018-02-04,1.55,62817.64,2624.36,15773.81,4.95,44414.52,32571.57,11842.95,0.0,organic,2018,Plains
2016-12-11,1.71,43540.93,3861.81,12345.81,3684.29,23649.02,16668.21,6980.81,0.0,organic,2016,Plains
2016-12-18,1.6,41255.97,4281.68,11382.93,2389.77,23201.59,16449.77,6751.82,0.0,organic,2016,Plains
2016-01-24,1.33,56919.22,4015.88,16269.58,8256.41,28377.35,11379.03,16998.32,0.0,organic,2016,Plains
2017-06-25,1.56,65066.62,3136.16,19656.54,112.27,42161.65,18213.76,23947.89,0.0,organic,2017,Plains
2015-06-07,1.9,30028.0,4282.27,17080.62,41.89,8623.22,6108.64,2514.58,0.0,organic,2015,Plains
2015-10-18,1.68,31802.25,4213.37,14243.03,31.51,13314.34,6944.31,6370.03,0.0,organic,2015,Plains
2016-07-10,1.7,48278.48,3311.13,21765.75,5489.97,17711.63,9276.63,8435.0,0.0,organic,2016,Plains
2017-08-20,1.92,64189.39,1398.68,24463.43,114.98,38212.3,28827.29,9385.01,0.0,organic,2017,Plains
2017-09-10,2.09,56583.1,1504.55,16919.57,24.03,38117.92,19391.33,18726.59,0.0,organic,2017,Plains
2016-03-27,1.45,47440.66,6443.92,19972.56,2998.54,18025.64,5362.6,12663.04,0.0,organic,2016,Plains
2017-07-09,1.62,63609.57,2420.11,23093.17,61.27,38035.02,18331.46,19703.56,0.0,organic,2017,Plains
2016-04-24,1.29,61993.61,4954.72,21249.79,3329.15,32459.95,16741.92,15718.03,0.0,organic,2016,Plains
2017-12-31,1.63,62228.22,3018.47,15029.08,38.91,44141.76,32311.88,11829.88,0.0,organic,2017,Plains
2017-07-30,1.73,59314.22,1456.22,16781.86,45.32,41030.82,31277.63,9753.19,0.0,organic,2017,Plains
2018-03-18,1.58,69790.75,5124.88,20091.33,14.68,44559.86,32906.16,11653.7,0.0,organic,2018,Plains
2018-03-04,1.55,74156.41,4937.37,18295.18,0.0,50923.86,35751.36,15172.5,0.0,organic,2018,Plains
2017-02-05,1.6,48964.14,3181.84,19535.39,151.77,26095.14,15341.1,10754.04,0.0,organic,2017,Plains
2015-03-08,1.68,33434.23,3482.6,12593.96,13.73,17343.94,15943.23,1400.71,0.0,organic,2015,Plains
2016-09-25,1.87,44993.62,4312.89,19596.71,1090.56,19993.46,11441.45,8552.01,0.0,organic,2016,Plains
2015-03-15,1.67,36469.37,4427.92,14399.17,22.87,17619.41,15944.5,1674.91,0.0,organic,2015,Plains
2017-01-22,1.57,55867.65,5924.1,18291.59,3406.4,28245.56,18114.66,10130.9,0.0,organic,2017,Plains
2015-11-08,0.96,147799.55,4337.57,84844.19,20220.42,38397.37,19246.38,15189.72,3961.27,conventional,2015,Indianapolis
2015-12-06,0.92,145740.44,4067.0,89452.99,13570.12,38650.33,19365.92,17733.68,1550.73,conventional,2015,Indianapolis
2015-04-12,1.15,146422.18,13496.9,86722.03,2457.5,43745.75,33143.47,10414.35,187.93,conventional,2015,Indianapolis
2015-01-04,1.02,160130.15,4007.41,118435.79,1201.5,36485.45,20325.41,16160.04,0.0,conventional,2015,Indianapolis
2015-09-20,0.91,185962.59,3942.44,116683.58,24166.47,41170.1,18045.98,18135.33,4988.79,conventional,2015,Indianapolis
2018-01-14,1.2,188231.39,42103.61,39886.19,14213.38,92028.21,87576.92,4431.35,19.94,conventional,2018,Indianapolis
2017-10-29,1.63,152558.08,8565.38,65715.28,870.81,77406.61,36905.14,40362.33,139.14,conventional,2017,Indianapolis
2017-10-01,1.84,128999.95,9051.01,53986.11,972.08,64990.75,33550.42,31111.99,328.34,conventional,2017,Indianapolis
2016-06-05,1.05,208086.58,16444.14,100386.68,21893.15,69362.61,39935.76,23087.08,6339.77,conventional,2016,Indianapolis
2017-06-11,0.98,224873.96,11584.14,72043.56,1097.13,140149.13,46235.82,93478.49,434.82,conventional,2017,Indianapolis
2016-07-31,1.27,159573.77,16079.16,80211.44,6277.21,57005.96,34005.49,22328.62,671.85,conventional,2016,Indianapolis
2015-08-23,1.22,131935.23,4293.59,77251.43,10288.24,40101.97,23701.08,14786.36,1614.53,conventional,2015,Indianapolis
2017-06-18,1.03,223221.9,11623.93,96522.44,1944.09,113131.44,53306.73,58995.18,829.53,conventional,2017,Indianapolis
2016-10-16,1.27,138921.48,10968.01,60049.75,1952.54,65951.18,35703.64,30247.54,0.0,conventional,2016,Indianapolis
2016-01-17,0.97,171404.92,5231.37,105606.63,12443.2,48123.72,26459.05,19618.46,2046.21,conventional,2016,Indianapolis
2016-09-11,1.29,157333.39,17414.42,70736.72,3134.92,66047.33,44187.61,21859.72,0.0,conventional,2016,Indianapolis
2016-05-01,0.92,207488.02,16727.66,106590.22,12071.46,72098.68,43567.48,26781.76,1749.44,conventional,2016,Indianapolis
2015-09-27,1.04,139490.52,2961.25,85578.17,16176.43,34774.67,19742.24,12078.24,2954.19,conventional,2015,Indianapolis
2015-08-02,1.21,151883.21,3914.24,94006.28,13847.9,40114.79,22812.1,14978.27,2324.42,conventional,2015,Indianapolis
2016-12-11,1.17,133480.18,10029.3,61398.63,2771.39,59280.86,38874.39,20249.59,156.88,conventional,2016,Indianapolis
2017-05-14,0.85,268519.12,17926.54,93535.99,1422.94,155633.65,44372.98,111176.5,84.17,conventional,2017,Indianapolis
2017-05-28,1.19,188284.12,11651.62,77776.16,1540.83,97315.51,45525.97,51742.05,47.49,conventional,2017,Indianapolis
2018-02-18,0.91,186523.76,48716.42,27782.65,4155.93,105868.76,86145.76,17865.71,1857.29,conventional,2018,Indianapolis
2016-10-23,1.31,142946.23,7986.6,65584.52,2219.92,67155.19,28373.94,38779.76,1.49,conventional,2016,Indianapolis
2015-03-15,1.21,140487.57,4942.49,88080.11,5551.28,41913.69,24140.96,16954.05,818.68,conventional,2015,Indianapolis
2017-02-26,1.02,188900.46,12096.22,83033.68,1923.56,91847.0,38588.66,53252.02,6.32,conventional,2017,Indianapolis
2016-02-07,0.88,240237.26,13926.79,145591.86,27708.02,53010.59,24152.64,25269.26,3588.69,conventional,2016,Indianapolis
2015-06-14,1.15,173545.33,10382.27,97079.96,13744.21,52338.89,33478.56,17581.12,1279.21,conventional,2015,Indianapolis
2016-08-14,1.27,169421.1,15863.47,79507.42,4255.36,69794.85,39950.23,28559.62,1285.0,conventional,2016,Indianapolis
2016-07-10,1.12,191786.29,15126.45,96588.25,9530.83,70540.76,39858.04,25082.88,5599.84,conventional,2016,Indianapolis
2017-08-20,1.39,174633.06,7182.87,83860.57,1162.61,82427.01,35015.7,46406.54,1004.77,conventional,2017,Indianapolis
2015-09-06,1.11,156608.28,3361.77,92568.64,16662.01,44015.86,25163.49,15845.63,3006.74,conventional,2015,Indianapolis
2016-04-24,0.95,217736.25,12802.85,116190.57,22243.74,66499.09,32258.42,30147.93,4092.74,conventional,2016,Indianapolis
2016-03-06,0.96,208283.71,11773.3,116609.91,24630.69,55269.81,26420.61,23929.03,4920.17,conventional,2016,Indianapolis
2015-04-26,1.24,158499.41,12319.28,88398.02,16641.02,41141.09,23192.65,14397.12,3551.32,conventional,2015,Indianapolis
2015-05-10,1.06,195532.38,16899.58,127193.06,5271.2,46168.54,23578.29,22228.41,361.84,conventional,2015,Indianapolis
2015-03-29,1.09,161288.59,5382.76,97691.27,8095.81,50118.75,37465.78,11727.21,925.76,conventional,2015,Indianapolis
2017-01-08,0.86,222849.42,17783.95,112339.02,3127.01,89599.44,41838.55,47759.42,1.47,conventional,2017,Indianapolis
2017-07-09,1.08,209047.97,8754.14,85278.67,1835.09,113180.07,51238.22,59538.32,2403.53,conventional,2017,Indianapolis
2015-02-08,1.07,2856456.35,515789.01,1541252.99,238780.53,560633.82,472576.07,78544.87,9512.88,conventional,2015,GreatLakes
2015-09-06,1.07,3272555.01,432770.76,1876392.91,348448.68,614942.66,468148.29,121209.44,25584.93,conventional,2015,GreatLakes
2016-01-24,0.95,3806974.62,473647.35,2043221.89,553447.22,736658.16,513809.98,150810.3,72037.88,conventional,2016,GreatLakes
2016-11-13,1.41,2348814.17,378864.27,1003256.02,103230.89,863462.99,598773.66,264201.22,488.11,conventional,2016,GreatLakes
2017-03-19,1.39,2975356.86,463863.64,1224340.81,212871.38,1074281.03,650674.32,377140.01,46466.7,conventional,2017,GreatLakes
2017-02-12,0.88,4129136.03,765348.23,1694610.53,249248.52,1419928.75,978488.81,422557.68,18882.26,conventional,2017,GreatLakes
2015-03-01,1.02,3566752.43,353818.94,2135517.89,478701.64,598713.96,462539.26,88541.92,47632.78,conventional,2015,GreatLakes
2017-07-16,1.38,3372297.92,613737.91,1337473.31,342667.93,1078418.77,686341.95,302794.91,89281.91,conventional,2017,GreatLakes
2017-01-22,0.95,4696372.14,680490.86,2241043.46,234650.47,1540187.35,1068557.0,455206.07,16424.28,conventional,2017,GreatLakes
2015-05-24,1.15,3574050.61,758183.5,1764210.85,263068.72,788587.54,641756.72,134308.54,12522.28,conventional,2015,GreatLakes
2017-06-11,1.27,3714237.95,596035.19,1338515.62,248948.07,1530739.07,867501.26,619111.8,44126.01,conventional,2017,GreatLakes
2016-07-10,1.24,3327062.2,478536.66,1500516.86,328564.87,1019443.81,686496.96,228290.63,104656.22,conventional,2016,GreatLakes
2016-12-18,1.11,2791515.27,466186.32,1327455.76,146478.91,851394.28,629888.17,211183.0,10323.11,conventional,2016,GreatLakes
2016-10-09,1.35,2624202.9,419930.06,1162528.89,129381.16,912362.79,571072.59,325870.37,15419.83,conventional,2016,GreatLakes
2017-12-17,1.22,3023285.74,605188.35,1037403.48,314592.44,1066101.47,773430.02,248878.18,43793.27,conventional,2017,GreatLakes
2016-07-03,1.13,4020724.58,574425.88,1781703.48,367119.34,1297475.88,930189.98,261535.63,105750.27,conventional,2016,GreatLakes
2015-04-26,1.14,3234024.32,609506.22,1580854.41,294073.96,749589.73,615887.17,116500.49,17202.07,conventional,2015,GreatLakes
2015-12-13,1.03,2608448.06,463349.67,1342449.84,228576.54,574072.01,409909.7,148004.93,16157.38,conventional,2015,GreatLakes
2015-10-18,1.03,2981549.94,396690.54,1695841.56,353741.96,535275.88,419558.97,92629.46,23087.45,conventional,2015,GreatLakes
2015-08-30,1.04,3388803.79,478858.03,1877733.21,419390.5,612822.05,457558.59,111788.68,43474.78,conventional,2015,GreatLakes
2017-11-05,1.26,3225071.95,696600.38,1043530.21,144063.19,1340878.17,823843.88,510854.52,6179.77,conventional,2017,GreatLakes
2015-04-12,1.11,2895992.9,548501.37,1403326.56,190091.28,754073.69,688965.8,60642.37,4465.52,conventional,2015,GreatLakes
2015-06-28,1.07,3336314.35,476721.82,1631460.3,261863.52,966268.71,803974.11,148652.02,13642.58,conventional,2015,GreatLakes
2015-02-15,1.15,2610004.41,390973.21,1331420.43,237030.33,650580.44,561485.4,81172.24,7922.8,conventional,2015,GreatLakes
2015-04-05,1.18,2938918.81,504487.79,1595354.39,221603.31,617473.32,552075.78,61643.12,3754.42,conventional,2015,GreatLakes
2016-10-30,1.36,2275351.91,456451.3,955805.27,88514.18,774581.16,433158.18,335025.88,6397.1,conventional,2016,GreatLakes
2017-08-20,1.44,3378088.25,666458.42,1089386.32,263855.97,1358387.54,890685.77,410469.94,57231.83,conventional,2017,GreatLakes
