Regression/datasets/filtered_avocados.csv
Date,AveragePrice,Total Volume,4046,4225,4770,Total Bags,Small Bags,Large Bags,XLarge Bags,type,year,region
2017-06-04,1.26,361513.16,77883.8,57322.69,35156.7,191149.97,174009.46,12147.98,4992.53,conventional,2017,Detroit
2017-02-26,0.83,540315.74,133389.93,105832.88,79598.84,221494.09,186675.1,3009.89,31809.1,conventional,2017,Detroit
2017-12-31,0.84,467584.3,146333.69,91027.9,25276.56,204946.15,161600.45,41058.72,2286.98,conventional,2017,Detroit
2016-02-21,1.2,247820.38,76211.84,42300.46,62843.26,66464.82,47259.62,10247.76,8957.44,conventional,2016,Detroit
2016-02-28,1.13,342465.19,82100.44,66020.0,108296.25,86048.5,49708.39,19350.34,16989.77,conventional,2016,Detroit
2017-09-24,1.82,234792.97,61575.52,32561.28,24622.65,116033.52,100643.36,4399.41,10990.75,conventional,2017,Detroit
2017-05-07,0.99,625475.58,160714.71,82132.76,84740.62,297887.49,259510.89,12354.59,26022.01,conventional,2017,Detroit
2015-01-25,1.19,277325.29,110113.35,47558.4,45889.29,73764.25,69311.52,1280.03,3172.7,conventional,2015,Detroit
2017-12-24,1.25,298146.18,50834.19,57335.28,15610.47,174366.24,156973.49,16351.25,1041.5,conventional,2017,Detroit
2017-05-28,1.29,361905.98,83266.74,48464.11,42531.88,187643.25,126219.14,47266.33,14157.78,conventional,2017,Detroit
2015-10-18,0.97,358143.26,117479.44,97788.02,72553.22,70322.58,63143.78,823.99,6354.81,conventional,2015,Detroit
2017-11-26,1.21,229292.0,71317.0,40629.0,7259.0,110088.0,82401.0,27604.0,83.0,conventional,2017,Detroit
2017-04-30,1.48,324983.09,64498.25,50224.27,37837.43,172423.14,150695.49,11326.73,10400.92,conventional,2017,Detroit
2015-10-11,0.99,362400.65,110374.23,105188.14,72960.79,73877.49,68721.34,1222.93,3933.22,conventional,2015,Detroit
2016-03-13,1.12,299527.55,82406.98,42593.59,65646.79,108880.19,66513.73,32804.22,9562.24,conventional,2016,Detroit
2017-10-01,1.88,215840.47,56101.34,24145.02,19204.17,116389.94,99539.53,8543.94,8306.47,conventional,2017,Detroit
2017-11-12,0.93,432903.0,163957.0,42219.0,8156.0,218572.0,185753.0,32216.0,602.0,conventional,2017,Detroit
2015-01-11,1.08,332165.05,108378.69,90104.73,76985.0,56696.63,48639.13,620.82,7436.68,conventional,2015,Detroit
2016-02-07,0.77,594784.92,169611.09,118251.74,192417.1,114504.99,58664.35,17270.46,38570.18,conventional,2016,Detroit
2017-07-23,1.55,267254.47,66396.62,40479.0,30384.25,129994.6,113415.54,2545.08,14033.98,conventional,2017,Detroit
2017-01-22,0.84,616589.93,129912.94,202323.91,25797.7,258555.38,254296.51,3810.7,448.17,conventional,2017,Detroit
2016-01-17,1.11,293246.54,82804.19,46382.59,78514.15,85545.61,70769.35,4505.37,10270.89,conventional,2016,Detroit
2016-09-11,1.09,339890.13,123013.74,57728.78,10905.57,148242.04,143846.64,4395.4,0.0,conventional,2016,Detroit
2016-10-09,1.27,253886.8,85266.6,50763.68,6966.14,110890.38,104611.95,6147.48,130.95,conventional,2016,Detroit
2018-03-25,1.15,477637.43,82568.15,72460.6,62078.52,260530.16,211303.55,21812.97,27413.64,conventional,2018,Detroit
2017-01-08,0.9,470643.79,157160.74,76519.91,7819.3,229143.84,225725.06,3415.32,3.46,conventional,2017,Detroit
2016-12-25,1.06,319957.45,89825.0,59758.69,7121.96,163251.8,161040.94,2191.64,19.22,conventional,2016,Detroit
2017-10-22,1.59,230384.71,57747.31,39113.6,10512.03,123011.77,106301.97,15915.31,794.49,conventional,2017,Detroit
2016-01-31,1.04,364612.83,131406.58,59678.32,96298.92,77229.01,49335.73,12767.39,15125.89,conventional,2016,Detroit
2015-05-03,1.06,374659.88,161288.26,71919.54,74593.79,66858.29,60634.57,785.52,5438.2,conventional,2015,Detroit
2018-03-04,1.18,400047.47,89601.76,41375.29,26105.84,242964.58,216775.85,13655.21,12533.52,conventional,2018,Detroit
2017-07-02,1.22,392513.77,65065.41,63951.02,42737.51,220759.83,183724.24,16727.64,20307.95,conventional,2017,Detroit
2015-06-14,1.04,372413.5,136802.87,58418.17,90747.55,86444.91,80661.4,1786.01,3997.5,conventional,2015,Detroit
2017-12-03,0.97,515907.0,101693.0,183341.0,36621.0,194253.0,120011.0,73013.0,1228.0,conventional,2017,Detroit
2017-03-05,0.97,383170.95,117593.23,42026.91,24897.12,198653.69,184674.65,2917.35,11061.69,conventional,2017,Detroit
2015-05-17,0.95,495155.82,214237.95,98513.1,116503.88,65900.89,53494.15,591.25,11815.49,conventional,2015,Detroit
2015-01-18,1.1,291788.43,113616.86,45446.17,37740.18,94985.22,92319.38,1066.01,1599.83,conventional,2015,Detroit
2017-04-30,1.17,595539.82,304668.94,74961.15,240.51,215669.22,131644.64,75877.47,8147.11,conventional,2017,Atlanta
2017-12-31,0.95,649352.59,341061.46,41818.27,961.18,265511.68,173990.02,88882.27,2639.39,conventional,2017,Atlanta
2016-04-24,0.79,654018.81,233878.1,189043.44,67.42,231029.85,71926.92,158919.6,183.33,conventional,2016,Atlanta
2015-08-02,1.15,405898.44,306587.86,41906.78,3515.48,53888.32,42126.47,11720.3,41.55,conventional,2015,Atlanta
2017-08-27,1.49,458036.12,230031.71,48132.94,99.72,179771.75,116586.74,56679.85,6505.16,conventional,2017,Atlanta
2017-04-02,1.26,481933.74,226289.9,48770.22,139.77,206733.85,150546.84,52857.01,3330.0,conventional,2017,Atlanta
2016-02-21,1.04,417205.77,270173.33,61591.16,1996.32,83444.96,55736.39,27708.57,0.0,conventional,2016,Atlanta
2016-01-17,1.04,445089.93,308722.88,45915.91,654.09,89797.05,56526.21,33270.84,0.0,conventional,2016,Atlanta
2017-04-16,1.15,543227.58,237537.66,48907.53,143.78,256638.61,170945.65,80087.96,5605.0,conventional,2017,Atlanta
2016-04-17,0.89,512348.02,190569.75,124409.16,106.39,197262.72,66461.65,130217.81,583.26,conventional,2016,Atlanta
2016-07-24,1.0,495686.56,215522.82,92726.36,110.76,187326.62,120773.07,66553.55,0.0,conventional,2016,Atlanta
2015-11-08,1.12,334041.6,250441.38,34483.33,488.24,48628.65,35662.93,12941.12,24.6,conventional,2015,Atlanta
2017-10-01,1.55,421235.13,222683.91,45065.96,366.89,153118.37,101913.35,51196.55,8.47,conventional,2017,Atlanta
2015-02-08,1.03,433883.91,377256.38,17162.5,524.85,38940.18,18044.41,20895.77,0.0,conventional,2015,Atlanta
2016-07-10,0.92,560865.26,240109.35,95457.09,256.2,225042.62,146617.68,78213.83,211.11,conventional,2016,Atlanta
2017-05-21,1.2,526840.14,253792.75,49347.3,1650.7,222049.39,142077.31,70753.58,9218.5,conventional,2017,Atlanta
2017-07-23,1.24,518682.51,285745.92,65016.24,150.97,167769.38,115065.44,45903.96,6799.98,conventional,2017,Atlanta
2015-09-06,0.97,472136.53,303113.24,73675.85,911.25,94436.19,49833.55,44549.67,52.97,conventional,2015,Atlanta
2017-03-05,1.08,511362.62,237307.08,52012.07,62.73,221980.74,143650.82,77624.92,705.0,conventional,2017,Atlanta
2015-11-22,1.0,356414.57,269799.03,29732.3,501.16,56382.08,36992.3,19389.78,0.0,conventional,2015,Atlanta
2015-04-12,0.99,451101.89,377578.48,22419.95,219.14,50884.32,25833.07,25051.25,0.0,conventional,2015,Atlanta
2016-02-28,0.9,555470.58,325884.06,106311.73,1136.7,122138.09,60231.13,61906.96,0.0,conventional,2016,Atlanta
2017-02-05,0.83,888094.87,442152.5,167181.75,412.85,278347.77,180392.3,97837.41,118.06,conventional,2017,Atlanta
2016-11-13,1.25,408260.87,185966.29,63348.63,180.57,158765.38,92308.66,66233.39,223.33,conventional,2016,Atlanta
2015-06-14,1.1,465804.78,386370.5,17701.12,471.72,61261.44,48612.13,12578.28,71.03,conventional,2015,Atlanta
2015-11-15,1.13,339860.68,263915.78,28442.45,455.97,47046.48,33656.42,13390.06,0.0,conventional,2015,Atlanta
2015-04-05,1.04,383139.49,318473.47,19254.39,374.51,45037.12,28612.48,16289.92,134.72,conventional,2015,Atlanta
2015-07-12,1.14,407204.88,310080.33,37953.24,867.46,58303.85,46023.59,12280.26,0.0,conventional,2015,Atlanta
2015-06-21,0.99,554763.76,449311.47,30231.78,678.4,74542.11,55484.76,19010.81,46.54,conventional,2015,Atlanta
2015-11-29,0.99,333280.79,250288.65,28889.63,307.83,53794.68,33031.72,20738.55,24.41,conventional,2015,Atlanta
2015-04-19,1.12,430966.34,368709.65,18040.85,873.24,43342.6,29661.72,13680.88,0.0,conventional,2015,Atlanta
2017-08-20,1.43,475921.53,230252.9,49199.54,27.54,196441.55,132374.71,62509.83,1557.01,conventional,2017,Atlanta
2016-10-23,1.23,422281.05,171215.14,67824.33,166.14,183075.44,110435.47,72639.97,0.0,conventional,2016,Atlanta
2017-10-29,1.28,493921.1,256988.66,36334.71,1083.81,199513.92,131656.43,66215.82,1641.67,conventional,2017,Atlanta
2017-06-25,1.12,501274.14,249204.48,46343.42,149.89,205576.35,102982.83,95431.48,7162.04,conventional,2017,Atlanta
2017-02-26,0.85,631507.77,302620.37,53782.78,96.57,275008.05,222151.21,50371.84,2485.0,conventional,2017,Atlanta
2015-03-01,0.99,512532.44,441544.0,21183.7,347.78,49456.96,32180.9,17273.38,2.68,conventional,2015,Atlanta
2015-04-26,1.12,448596.76,387676.81,18366.33,1041.78,41511.84,31315.29,10196.55,0.0,conventional,2015,Atlanta
2017-12-17,1.0,484326.63,231133.4,33481.83,915.94,218795.46,153468.13,62336.11,2991.22,conventional,2017,Atlanta
2016-06-12,1.15,501159.1,158599.19,263137.09,22373.0,57049.82,56671.26,13.14,365.42,conventional,2016,Sacramento
2017-01-22,0.98,532733.04,166864.88,321763.18,2248.57,41856.41,41368.62,487.79,0.0,conventional,2017,Sacramento
2015-07-05,1.26,550810.62,161220.26,305122.62,17131.92,67335.82,67335.82,0.0,0.0,conventional,2015,Sacramento
2015-02-15,1.13,381041.74,134992.29,194031.02,10273.69,41744.74,41744.74,0.0,0.0,conventional,2015,Sacramento
2016-12-04,1.29,315955.99,110569.37,156812.81,1306.3,47267.51,45560.08,382.43,1325.0,conventional,2016,Sacramento
2016-07-31,1.4,466095.04,140605.4,255278.9,16262.28,53948.46,53547.82,10.36,390.28,conventional,2016,Sacramento
2016-08-21,1.27,456755.06,181120.39,217955.81,10652.53,47026.33,46759.13,8.87,258.33,conventional,2016,Sacramento
2016-04-10,1.15,459342.82,152169.98,227080.5,22372.96,57719.38,57376.68,20.48,322.22,conventional,2016,Sacramento
2016-01-17,1.11,437356.64,105468.97,256283.84,15555.85,60047.98,60045.08,0.0,2.9,conventional,2016,Sacramento
2017-10-15,1.68,342218.56,89884.18,208158.38,800.92,43375.08,42344.65,833.74,196.69,conventional,2017,Sacramento
2016-02-07,0.91,796524.48,259382.37,419044.57,34235.86,83861.68,83768.44,55.36,37.88,conventional,2016,Sacramento
2016-07-03,1.24,565017.74,163405.3,303029.74,24533.11,74049.59,74049.59,0.0,0.0,conventional,2016,Sacramento
2016-02-28,1.13,439280.11,133683.82,213422.76,21516.31,70657.22,70657.22,0.0,0.0,conventional,2016,Sacramento
2018-03-11,1.18,546435.55,151094.92,271726.6,862.4,122751.63,115769.46,1627.32,5354.85,conventional,2018,Sacramento
2015-04-05,1.23,404333.75,120613.18,214547.09,15099.24,54074.24,54049.06,25.18,0.0,conventional,2015,Sacramento
2016-11-13,1.62,277735.11,93242.35,144958.18,1255.02,38279.56,38273.66,5.9,0.0,conventional,2016,Sacramento
2015-07-26,1.32,395471.89,130034.73,200668.51,13184.96,51583.69,51550.15,33.54,0.0,conventional,2015,Sacramento
2015-11-29,0.99,347406.9,80757.92,216851.97,13205.04,36591.97,36574.73,0.0,17.24,conventional,2015,Sacramento
2016-10-09,1.49,370422.62,133617.58,190297.13,4510.14,41997.77,41780.4,206.47,10.9,conventional,2016,Sacramento
2015-05-03,1.05,662034.34,149107.81,458178.77,13261.84,41485.92,41281.75,0.0,204.17,conventional,2015,Sacramento
2017-09-24,1.7,314818.19,89050.27,187831.17,962.78,36973.97,34708.41,2069.24,196.32,conventional,2017,Sacramento
2017-04-09,1.36,431593.41,131487.05,248393.09,1003.61,50709.66,46825.36,5.97,3878.33,conventional,2017,Sacramento
2017-04-16,1.58,370816.51,137216.82,183753.76,1072.94,48772.99,47374.68,158.31,1240.0,conventional,2017,Sacramento
2015-11-01,1.02,532467.38,180210.99,300978.15,12762.49,38515.75,38515.75,0.0,0.0,conventional,2015,Sacramento
2017-02-12,1.08,423595.21,173371.46,188127.57,9247.17,52849.01,51822.69,186.04,840.28,conventional,2017,Sacramento
2017-02-19,1.2,431830.4,126780.19,247569.1,8981.28,48499.83,45747.06,8.93,2743.84,conventional,2017,Sacramento
2017-09-10,1.63,361079.39,121828.74,195817.0,1392.93,42040.72,41469.44,98.13,473.15,conventional,2017,Sacramento
2017-04-23,1.6,370499.27,140311.55,183045.02,1050.45,46092.25,44010.19,117.06,1965.0,conventional,2017,Sacramento
2018-03-18,1.14,517463.38,154151.99,270169.95,840.67,92300.77,84669.16,734.35,6897.26,conventional,2018,Sacramento
2015-08-30,1.3,377229.13,114804.62,197034.03,17331.98,48058.5,48058.5,0.0,0.0,conventional,2015,Sacramento
2017-12-24,1.14,469533.33,128124.6,287781.13,989.68,52637.92,46568.56,579.63,5489.73,conventional,2017,Sacramento
2015-02-01,1.04,771974.9,287292.15,429601.75,15342.47,39738.53,39738.53,0.0,0.0,conventional,2015,Sacramento
2018-01-21,1.15,591211.37,160917.18,362263.89,1136.97,66893.33,60172.16,1674.44,5046.73,conventional,2018,Sacramento
2016-04-03,1.12,192341.67,35648.2,87528.81,14614.66,54550.0,47755.59,6794.41,0.0,conventional,2016,Charlotte
2017-08-27,1.58,208438.23,60886.4,65605.0,5772.92,76173.91,69562.98,5067.6,1543.33,conventional,2017,Charlotte
2017-04-23,1.5,220970.07,48220.74,78264.66,7619.22,86865.45,81393.87,5471.58,0.0,conventional,2017,Charlotte
2015-03-22,1.19,182876.15,41638.46,44726.81,37099.23,59411.65,56443.98,2967.67,0.0,conventional,2015,Charlotte
2015-12-20,0.98,139917.89,29500.04,55520.58,19842.51,35054.76,33273.25,1781.51,0.0,conventional,2015,Charlotte
2015-07-19,1.19,187575.03,33382.11,49072.16,39515.29,65605.47,62470.83,3134.64,0.0,conventional,2015,Charlotte
2016-07-17,1.43,196466.9,38199.33,69125.35,25756.96,63385.26,58481.31,3223.95,1680.0,conventional,2016,Charlotte
2017-03-05,1.41,202553.07,43409.71,87666.41,11157.19,60319.76,56436.67,3883.09,0.0,conventional,2017,Charlotte
2017-05-28,1.5,237363.56,55170.16,89547.81,8529.56,84116.03,80490.49,3625.54,0.0,conventional,2017,Charlotte
2015-06-28,1.17,193654.01,23693.74,58162.31,42044.35,69753.61,67989.08,1764.53,0.0,conventional,2015,Charlotte
2016-08-07,1.43,196381.45,48639.95,64124.89,24178.25,59438.36,55636.32,3787.04,15.0,conventional,2016,Charlotte
2017-01-29,1.33,213609.12,48872.88,86135.67,9146.99,69453.58,58828.73,9630.41,994.44,conventional,2017,Charlotte
2017-08-20,1.52,212479.12,57230.8,69135.38,5602.86,80510.08,71101.96,5397.01,4011.11,conventional,2017,Charlotte
2015-04-05,1.19,177919.28,43112.4,40448.49,36210.12,58148.27,56450.56,1599.1,98.61,conventional,2015,Charlotte
2015-01-04,1.19,166006.29,29419.03,47220.75,38568.95,50797.56,44329.03,6468.53,0.0,conventional,2015,Charlotte
2015-09-20,1.2,161443.98,25922.66,46906.06,41261.83,47353.43,38940.45,8412.98,0.0,conventional,2015,Charlotte
2015-10-18,1.26,156565.98,22805.02,54518.85,44707.32,34534.79,31176.68,3358.11,0.0,conventional,2015,Charlotte
2015-05-10,1.19,192767.09,47626.37,42863.8,38370.27,63906.65,61759.57,2147.08,0.0,conventional,2015,Charlotte
2016-12-18,1.24,144634.01,35761.88,46276.63,7942.68,54652.82,44604.56,10048.26,0.0,conventional,2016,Charlotte
2017-12-24,1.33,182537.83,53317.48,58732.18,3839.91,66648.26,63206.54,3441.72,0.0,conventional,2017,Charlotte
2016-03-20,1.15,205367.45,33581.86,101739.82,18631.48,51414.29,45426.62,5987.67,0.0,conventional,2016,Charlotte
2017-10-22,1.64,168237.31,44543.75,65040.05,4652.86,54000.65,50704.73,3295.92,0.0,conventional,2017,Charlotte
2015-09-27,1.09,168780.22,24397.92,54210.03,58551.64,31620.63,27053.27,4567.36,0.0,conventional,2015,Charlotte
2016-12-04,1.34,154742.81,39221.82,46285.9,9451.98,59783.11,48016.74,11766.37,0.0,conventional,2016,Charlotte
2018-01-28,1.37,247893.13,68666.93,79639.9,4802.79,94783.51,89456.12,5327.39,0.0,conventional,2018,Charlotte
2017-07-16,1.38,209534.16,44530.25,73163.04,6036.41,85804.46,77573.02,4561.45,3669.99,conventional,2017,Charlotte
2016-01-03,0.96,203961.88,42856.88,87749.01,31682.42,41673.57,38144.36,3529.21,0.0,conventional,2016,Charlotte
2015-06-14,1.15,207093.88,31247.67,64828.77,41193.22,69824.22,67842.39,1981.83,0.0,conventional,2015,Charlotte
