Regression/datasets/filtered_avocados.csv
Date,AveragePrice,Total Volume,4046,4225,4770,Total Bags,Small Bags,Large Bags,XLarge Bags,type,year,region
2015-05-31,2.06,3762.06,1430.26,2097.71,0.0,234.09,123.33,110.76,0.0,organic,2015,StLouis
2017-05-14,1.59,5693.95,229.87,1400.1,0.0,4063.98,1150.0,2913.98,0.0,organic,2017,StLouis
2017-02-05,1.32,5630.1,822.78,547.96,0.0,4259.36,890.0,3369.36,0.0,organic,2017,StLouis
2017-11-12,1.96,5719.05,10.52,1238.07,0.0,4470.46,2041.26,2429.2,0.0,organic,2017,StLouis
2015-12-06,2.12,2339.64,733.63,1478.08,0.0,127.93,24.55,103.38,0.0,organic,2015,StLouis
2015-01-25,1.93,4131.86,1526.97,2031.56,0.0,573.33,573.33,0.0,0.0,organic,2015,StLouis
2017-05-21,1.94,7221.48,1450.51,2164.36,3.45,3603.16,1618.04,1985.12,0.0,organic,2017,StLouis
2016-04-24,0.69,12272.56,1593.69,510.56,5.23,10163.08,7.74,10155.34,0.0,organic,2016,StLouis
2016-05-15,1.69,6797.21,2767.39,1279.65,0.0,2750.17,315.53,2434.64,0.0,organic,2016,StLouis
2017-11-05,1.77,6843.75,1.76,1255.74,0.0,5586.25,3920.93,1665.32,0.0,organic,2017,StLouis
2015-04-05,2.13,3420.17,1254.85,2065.32,0.0,100.0,100.0,0.0,0.0,organic,2015,StLouis
2017-08-27,2.84,3591.12,44.1,2900.22,10.77,636.03,190.01,446.02,0.0,organic,2017,StLouis
2016-11-13,1.49,6840.22,1944.42,545.57,0.0,4350.23,1526.66,2823.57,0.0,organic,2016,StLouis
2015-08-09,1.97,3502.37,2208.98,822.99,0.0,470.4,470.4,0.0,0.0,organic,2015,StLouis
2015-06-07,1.92,3892.36,1910.2,1704.54,0.0,277.62,103.33,174.29,0.0,organic,2015,StLouis
2015-10-04,1.52,5141.68,1420.04,1780.46,0.0,1941.18,54.0,1887.18,0.0,organic,2015,StLouis
2016-03-13,1.1,7739.62,1855.25,429.47,1.74,5453.16,66.9,5386.26,0.0,organic,2016,StLouis
2017-03-05,1.23,8150.41,1233.15,462.58,0.0,6454.68,382.99,6071.69,0.0,organic,2017,StLouis
2017-04-02,1.23,13548.83,1692.44,637.88,0.0,11218.51,1363.58,9854.93,0.0,organic,2017,StLouis
2017-06-11,2.05,7973.35,2393.62,2139.09,12.2,3428.44,2034.3,1394.14,0.0,organic,2017,StLouis
2015-11-29,1.58,3886.94,1748.75,1098.88,0.0,1039.31,33.33,1005.98,0.0,organic,2015,StLouis
2016-01-24,0.68,15106.42,1490.93,595.22,5.27,13015.0,66.82,12948.18,0.0,organic,2016,StLouis
2015-03-08,1.65,2261.62,1432.51,675.78,0.0,153.33,153.33,0.0,0.0,organic,2015,StLouis
2018-01-14,1.97,8138.94,2054.96,1185.62,0.0,4898.36,2004.4,2893.96,0.0,organic,2018,StLouis
2016-10-30,1.0,6655.57,800.43,637.41,0.0,5217.73,420.0,4797.73,0.0,organic,2016,StLouis
2016-08-28,1.04,10875.76,2752.04,1084.38,23.57,7015.77,550.24,6465.53,0.0,organic,2016,StLouis
2016-11-20,1.04,10510.27,1377.36,537.0,0.0,8595.91,1375.01,7220.9,0.0,organic,2016,StLouis
2016-05-29,2.2,4151.27,2177.62,1738.92,3.52,231.21,218.09,13.12,0.0,organic,2016,StLouis
2018-01-07,1.49,11148.12,842.57,815.93,0.0,9489.62,7538.34,1951.28,0.0,organic,2018,StLouis
2015-03-22,1.83,3795.21,1305.95,2489.26,0.0,0.0,0.0,0.0,0.0,organic,2015,StLouis
2017-09-17,2.71,5269.51,31.82,1053.07,0.0,4184.62,57.77,4126.85,0.0,organic,2017,StLouis
2016-03-06,1.82,4095.43,1975.45,548.25,1.74,1569.99,20.0,1549.99,0.0,organic,2016,StLouis
2015-11-01,1.04,7189.48,1566.6,975.77,277.51,4369.6,603.79,3765.81,0.0,organic,2015,StLouis
2017-04-30,2.25,4551.65,60.1,3435.94,6.91,1048.7,1037.18,11.52,0.0,organic,2017,StLouis
2017-08-06,2.15,8848.14,1494.5,1378.38,8.88,5966.38,1875.55,4090.83,0.0,organic,2017,StLouis
2015-12-13,1.8,2368.84,1002.83,927.34,0.0,438.67,25.73,412.94,0.0,organic,2015,StLouis
2016-10-09,1.23,8098.83,320.93,1234.08,0.0,6543.82,1153.33,5390.49,0.0,organic,2016,StLouis
2016-12-18,1.35,5402.48,2019.34,548.82,0.0,2834.32,730.0,2104.32,0.0,organic,2016,StLouis
2016-10-16,1.6,8973.5,2383.54,1980.2,0.0,4609.76,836.11,3773.65,0.0,organic,2016,StLouis
2015-08-02,1.87,3956.75,3129.57,7.16,0.0,820.02,820.02,0.0,0.0,organic,2015,StLouis
2015-02-01,1.93,2688.02,912.08,1425.94,0.0,350.0,350.0,0.0,0.0,organic,2015,StLouis
2015-03-15,1.81,3409.93,1321.89,2068.04,0.0,20.0,20.0,0.0,0.0,organic,2015,StLouis
2016-02-21,1.31,10640.55,2285.14,5350.58,0.0,3004.83,389.62,2615.21,0.0,organic,2016,Detroit
2017-01-08,1.74,8156.07,751.53,5747.86,0.0,1656.68,973.89,682.79,0.0,organic,2017,Detroit
2015-12-27,1.61,6834.42,1276.73,3370.14,0.0,2187.55,366.67,1820.88,0.0,organic,2015,Detroit
2016-04-03,1.27,10988.01,597.82,6688.79,0.0,3701.4,760.0,2941.4,0.0,organic,2016,Detroit
2018-03-11,1.23,52514.65,1549.8,20242.92,0.0,30687.37,27074.68,3612.69,0.0,organic,2018,Detroit
2015-02-22,1.85,7176.69,651.55,5368.11,0.0,1157.03,340.0,817.03,0.0,organic,2015,Detroit
2015-10-11,1.61,7509.74,1111.36,4593.51,0.0,1804.87,480.0,1324.87,0.0,organic,2015,Detroit
2017-08-27,1.64,18415.34,391.46,2392.09,0.0,15616.38,12233.06,3383.32,0.0,organic,2017,Detroit
2016-08-07,1.33,18837.12,848.8,8894.04,0.0,9094.28,768.46,8325.82,0.0,organic,2016,Detroit
2016-10-30,1.77,13787.12,687.53,10103.65,0.0,2995.94,826.9,2169.04,0.0,organic,2016,Detroit
2016-09-04,1.03,20778.46,657.1,7977.82,0.0,12143.54,748.81,11394.73,0.0,organic,2016,Detroit
2016-10-09,0.91,27051.5,678.11,8511.22,0.0,17862.17,1015.23,16846.94,0.0,organic,2016,Detroit
2016-01-10,1.48,13098.8,4763.82,6356.7,0.0,1978.28,615.29,1362.99,0.0,organic,2016,Detroit
2018-02-04,1.32,17541.66,580.19,2434.85,0.0,14480.83,13820.72,660.11,0.0,organic,2018,Detroit
2016-10-23,1.06,23612.89,683.08,8487.48,0.0,14442.33,483.62,13958.71,0.0,organic,2016,Detroit
2017-11-12,1.42,17851.73,718.59,2938.26,0.0,14154.71,13814.96,339.75,0.0,organic,2017,Detroit
2016-12-25,1.46,9541.46,1008.05,7376.5,0.0,1156.91,634.1,522.81,0.0,organic,2016,Detroit
2015-06-21,1.64,9992.2,636.81,7546.77,0.0,1808.62,422.19,1386.43,0.0,organic,2015,Detroit
2016-09-11,0.93,23933.59,1160.5,7929.35,0.0,14843.74,1302.39,13541.35,0.0,organic,2016,Detroit
2015-11-08,1.74,6908.14,1657.5,4296.5,0.0,954.14,216.67,737.47,0.0,organic,2015,Detroit
2016-10-16,0.88,24025.32,820.02,6757.92,0.0,16447.38,592.13,15855.25,0.0,organic,2016,Detroit
2015-01-11,1.87,6926.75,417.73,5637.76,0.0,871.26,329.5,541.76,0.0,organic,2015,Detroit
2017-05-14,1.76,10857.83,531.77,5473.59,0.0,4852.47,1319.32,3533.15,0.0,organic,2017,Detroit
2016-09-18,1.37,12995.36,858.96,6615.01,0.0,5521.39,1142.74,4378.65,0.0,organic,2016,Detroit
2016-06-12,1.25,19250.46,822.13,8482.74,0.0,9945.59,1020.0,8925.59,0.0,organic,2016,Detroit
2015-03-29,1.74,6650.29,410.36,5582.97,0.0,656.96,471.04,185.92,0.0,organic,2015,Detroit
2017-07-23,1.74,25193.5,603.58,5510.26,0.0,19079.66,10022.12,9057.54,0.0,organic,2017,Detroit
2016-02-14,1.31,10918.3,2185.23,5667.24,0.0,3065.83,346.67,2719.16,0.0,organic,2016,Detroit
2017-10-08,1.82,18553.99,552.98,3869.45,1.42,14053.35,14007.66,45.69,0.0,organic,2017,Detroit
2018-02-11,1.36,16655.03,606.28,2464.24,0.0,13547.38,12740.25,807.13,0.0,organic,2018,Detroit
2015-01-04,1.7,7446.43,361.76,5025.58,0.0,2059.09,746.43,1312.66,0.0,organic,2015,Detroit
2018-02-18,1.34,14647.97,577.71,2469.69,1.41,11579.79,11571.98,7.81,0.0,organic,2018,Detroit
2015-11-22,1.84,6871.97,1822.5,4568.82,0.0,480.65,83.33,397.32,0.0,organic,2015,Detroit
2016-01-24,1.24,13050.86,1591.6,5173.38,0.0,6285.88,736.67,5549.21,0.0,organic,2016,Detroit
2016-02-28,1.45,11000.16,2183.38,7092.02,0.0,1724.76,290.0,1434.76,0.0,organic,2016,Detroit
2016-12-04,1.36,12252.47,529.77,4890.87,0.0,6831.83,6310.2,521.63,0.0,organic,2016,Detroit
2015-08-23,1.36,17429.71,11090.91,565.77,0.0,5773.03,5238.79,534.24,0.0,organic,2015,DallasFtWorth
2016-06-26,1.04,30776.67,11200.61,580.49,0.0,18995.57,18776.65,218.92,0.0,organic,2016,DallasFtWorth
2015-03-08,1.39,8557.95,5946.47,498.15,0.0,2113.33,2113.33,0.0,0.0,organic,2015,DallasFtWorth
2015-01-18,1.28,12634.71,7556.77,871.27,0.0,4206.67,4206.67,0.0,0.0,organic,2015,DallasFtWorth
2016-12-04,1.25,21047.85,6160.17,124.16,0.0,14763.52,14743.93,19.59,0.0,organic,2016,DallasFtWorth
2015-02-01,1.24,12276.58,6669.52,1653.73,0.0,3953.33,3953.33,0.0,0.0,organic,2015,DallasFtWorth
2018-02-04,1.37,28070.22,4977.37,561.14,0.0,22531.71,22281.2,250.51,0.0,organic,2018,DallasFtWorth
2018-03-25,1.46,31489.27,5372.35,1047.92,0.0,25069.0,23054.17,2014.83,0.0,organic,2018,DallasFtWorth
2016-12-25,1.12,20099.08,4747.3,428.15,0.0,14923.63,14829.22,94.41,0.0,organic,2016,DallasFtWorth
2017-07-09,1.06,39591.12,8288.59,577.48,0.0,30725.05,30660.35,64.7,0.0,organic,2017,DallasFtWorth
2015-06-28,1.33,11792.51,9252.18,434.28,0.0,2106.05,2106.05,0.0,0.0,organic,2015,DallasFtWorth
2016-05-01,1.09,21668.3,7176.13,965.49,0.0,13526.68,11158.19,2368.49,0.0,organic,2016,DallasFtWorth
2016-07-03,0.99,32844.7,12757.01,1067.37,0.0,19020.32,18951.12,69.2,0.0,organic,2016,DallasFtWorth
2015-11-01,1.41,12250.82,6449.72,268.05,0.0,5533.05,5533.05,0.0,0.0,organic,2015,DallasFtWorth
2016-03-13,1.2,18432.74,8425.39,786.3,0.0,9221.05,7918.85,1302.2,0.0,organic,2016,DallasFtWorth
2017-05-21,1.46,28683.15,5639.42,4903.99,0.0,18139.74,18036.96,102.78,0.0,organic,2017,DallasFtWorth
2016-11-27,1.34,21312.8,5730.92,120.37,0.0,15461.51,15328.42,133.09,0.0,organic,2016,DallasFtWorth
2015-01-11,1.35,12126.63,7136.34,1353.62,0.0,3636.67,3636.67,0.0,0.0,organic,2015,DallasFtWorth
2017-04-23,1.34,21958.14,10749.84,560.7,0.0,10647.6,10470.54,177.06,0.0,organic,2017,DallasFtWorth
2016-10-09,1.25,28837.82,13182.39,267.34,0.0,15388.09,6930.0,8458.09,0.0,organic,2016,DallasFtWorth
2017-09-03,1.81,23372.37,8362.93,686.97,0.0,14322.47,14294.15,28.32,0.0,organic,2017,DallasFtWorth
2017-02-19,1.17,20393.29,7619.05,231.61,0.0,12542.63,12433.39,109.24,0.0,organic,2017,DallasFtWorth
2016-12-18,1.11,21071.85,5025.9,286.6,0.0,15759.35,15746.18,13.17,0.0,organic,2016,DallasFtWorth
2015-04-26,1.34,9855.14,7679.05,379.42,0.0,1796.67,1796.67,0.0,0.0,organic,2015,DallasFtWorth
2017-02-26,1.05,28944.94,7437.63,210.19,0.0,21297.12,21167.36,129.76,0.0,organic,2017,DallasFtWorth
2016-01-10,1.34,11624.41,5332.87,389.96,0.0,5901.58,5843.94,57.64,0.0,organic,2016,DallasFtWorth
2015-05-03,1.37,6568.67,5350.74,207.93,0.0,1010.0,1010.0,0.0,0.0,organic,2015,DallasFtWorth
2016-01-03,1.26,10777.27,4802.52,397.26,0.0,5577.49,5384.85,192.64,0.0,organic,2016,DallasFtWorth
2017-08-06,1.63,21766.05,6944.17,440.45,0.0,14381.43,14378.1,3.33,0.0,organic,2017,DallasFtWorth
2016-04-24,1.0,23975.47,7481.26,2070.02,0.0,14424.19,9987.35,4436.84,0.0,organic,2016,DallasFtWorth
2017-06-04,1.08,42392.08,6369.58,4490.33,0.0,31532.17,31403.21,128.96,0.0,organic,2017,DallasFtWorth
2016-09-25,1.35,19980.31,11604.51,1486.92,0.0,6888.88,4964.64,1924.24,0.0,organic,2016,DallasFtWorth
2016-04-10,1.16,20070.8,8391.02,644.18,0.0,11035.6,8238.37,2797.23,0.0,organic,2016,DallasFtWorth
2018-02-18,1.36,25380.68,4546.52,787.2,0.0,20046.96,19653.07,393.89,0.0,organic,2018,DallasFtWorth
2017-08-13,1.68,18826.43,5364.59,322.73,0.0,13139.11,13044.16,94.95,0.0,organic,2017,DallasFtWorth
2016-06-05,1.05,20914.8,9052.29,84.02,0.0,11778.49,9907.74,1870.75,0.0,organic,2016,Houston
2018-01-28,1.45,26854.2,10288.17,114.77,0.0,16451.26,16394.59,56.67,0.0,organic,2018,Houston
2016-05-29,0.96,28717.52,12198.1,72.56,0.0,16446.86,14854.83,1592.03,0.0,organic,2016,Houston
2015-10-25,1.48,11445.39,7202.98,65.11,0.0,4177.3,4177.3,0.0,0.0,organic,2015,Houston
2016-11-13,1.1,38684.7,13849.17,25.58,0.0,24809.95,24786.62,23.33,0.0,organic,2016,Houston
2018-02-04,1.43,27155.44,10163.94,216.52,0.0,16774.98,16644.99,129.99,0.0,organic,2018,Houston
2016-02-14,1.24,14196.18,6478.08,52.39,0.0,7665.71,5084.44,2581.27,0.0,organic,2016,Houston
2016-10-09,0.84,41224.63,14845.83,41.19,0.0,26337.61,26330.94,6.67,0.0,organic,2016,Houston
2016-02-21,1.28,13399.83,7088.11,52.61,0.0,6259.11,5175.32,1083.79,0.0,organic,2016,Houston
2017-08-06,1.4,37755.61,10486.19,21.84,0.0,27247.58,27247.58,0.0,0.0,organic,2017,Houston
2015-08-16,1.35,9699.79,7995.26,74.77,0.0,1629.76,1550.0,79.76,0.0,organic,2015,Houston
2017-12-03,1.56,25457.57,7042.76,178.32,0.0,18236.49,18166.49,70.0,0.0,organic,2017,Houston
2017-06-11,1.02,55725.32,12374.58,31.98,0.0,43318.76,43269.9,48.86,0.0,organic,2017,Houston
2015-01-18,1.2,9979.64,8538.96,690.68,0.0,750.0,750.0,0.0,0.0,organic,2015,Houston
2016-05-08,1.04,20458.56,7355.94,26.73,0.0,13075.89,6977.83,6098.06,0.0,organic,2016,Houston
2018-02-18,1.41,31029.02,6697.58,149.14,0.0,24182.3,24082.3,100.0,0.0,organic,2018,Houston
2017-01-29,0.93,33928.66,7985.23,303.14,0.0,25640.29,25640.29,0.0,0.0,organic,2017,Houston
2015-10-11,1.48,10674.23,6510.89,106.8,0.0,4056.54,4056.54,0.0,0.0,organic,2015,Houston
2017-09-10,1.8,12934.91,6537.25,20.37,0.0,6377.29,6377.29,0.0,0.0,organic,2017,Houston
2016-08-28,0.91,46968.92,15291.42,28.93,0.0,31648.57,31611.9,36.67,0.0,organic,2016,Houston
2015-07-05,1.17,12717.2,11733.69,353.51,0.0,630.0,630.0,0.0,0.0,organic,2015,Houston
2017-07-23,1.41,40100.89,11852.73,26.26,0.0,28221.9,28221.9,0.0,0.0,organic,2017,Houston
2015-08-30,1.22,14045.27,11507.69,50.99,0.0,2486.59,1906.67,579.92,0.0,organic,2015,Houston
2017-10-22,1.82,23190.15,5592.53,28.86,0.0,17568.76,17568.76,0.0,0.0,organic,2017,Houston
2017-01-15,0.95,30698.94,8281.17,13.75,0.0,22404.02,22397.35,6.67,0.0,organic,2017,Houston
2017-07-30,1.41,34238.08,9681.29,11.89,0.0,24544.9,24541.57,3.33,0.0,organic,2017,Houston
2015-01-25,1.24,11398.91,9698.27,893.97,0.0,806.67,806.67,0.0,0.0,organic,2015,Houston
2015-12-27,1.31,10598.3,4797.41,57.91,0.0,5742.98,4815.51,927.47,0.0,organic,2015,Houston
2016-03-27,1.24,12911.19,5639.73,450.28,0.0,6821.18,4669.85,2151.33,0.0,organic,2016,Houston
2017-06-25,1.3,34868.96,10016.43,33.98,0.0,24818.55,24814.11,4.44,0.0,organic,2017,Houston
2017-01-08,1.07,20116.95,9041.57,47.04,0.0,11028.34,11028.34,0.0,0.0,organic,2017,Houston
2015-10-04,1.48,10800.6,6511.05,101.39,0.0,4188.16,4188.16,0.0,0.0,organic,2015,Houston
2015-02-01,1.15,12285.76,9833.51,1505.58,0.0,946.67,946.67,0.0,0.0,organic,2015,Houston
2016-06-12,1.05,19398.78,8780.1,51.55,0.0,10567.13,9910.16,656.97,0.0,organic,2016,Houston
2015-11-29,1.51,7442.68,4092.5,69.63,0.0,3280.55,3280.55,0.0,0.0,organic,2015,Houston
2018-01-14,1.24,423919.68,190128.64,82399.03,3424.35,147967.66,105934.11,39865.79,2167.76,conventional,2018,SouthCarolina
2015-03-08,1.14,289679.91,173429.19,39009.78,14400.7,62840.24,58373.46,4466.78,0.0,conventional,2015,SouthCarolina
2015-12-20,1.04,211066.05,115402.34,39931.51,6244.22,49487.98,44628.73,4851.44,7.81,conventional,2015,SouthCarolina
2016-11-20,1.34,246915.39,105060.77,37789.02,4949.78,99115.82,65248.27,33444.22,423.33,conventional,2016,SouthCarolina
2017-01-29,1.11,395411.39,174671.54,85091.43,3175.63,132472.79,91776.59,40642.03,54.17,conventional,2017,SouthCarolina
2017-07-09,1.24,380517.93,171133.29,76166.58,2472.14,130745.92,94038.84,26927.08,9780.0,conventional,2017,SouthCarolina
2017-03-05,1.31,326142.89,137486.85,76876.57,4078.4,107701.07,78628.74,29047.33,25.0,conventional,2017,SouthCarolina
2015-03-22,1.0,366680.0,218785.98,48984.19,15237.87,83671.96,71610.52,12061.44,0.0,conventional,2015,SouthCarolina
2017-12-17,1.04,348367.63,174025.39,54684.76,2567.12,117090.36,84686.83,30354.29,2049.24,conventional,2017,SouthCarolina
2016-07-03,0.95,515792.87,214287.07,125503.35,20517.76,155484.69,116583.25,38901.44,0.0,conventional,2016,SouthCarolina
2016-10-02,1.3,301001.94,128824.7,66171.5,7203.61,98802.13,63691.6,34973.03,137.5,conventional,2016,SouthCarolina
2015-04-12,1.05,356627.38,220208.81,49060.02,16838.53,70520.02,57990.96,12529.06,0.0,conventional,2015,SouthCarolina
2017-09-24,1.57,300285.1,147297.51,66856.69,1530.25,84600.65,61065.57,23511.35,23.73,conventional,2017,SouthCarolina
2017-05-07,1.19,531412.4,256780.48,92639.78,3231.21,178760.93,120193.78,54591.21,3975.94,conventional,2017,SouthCarolina
2016-04-10,0.96,397990.96,158605.28,126384.55,6056.81,106944.32,57960.91,48983.41,0.0,conventional,2016,SouthCarolina
2016-02-21,1.04,302654.13,145774.22,82586.6,7361.72,66931.59,49804.83,17126.76,0.0,conventional,2016,SouthCarolina
2017-12-03,1.12,349900.0,166920.0,72687.0,2909.0,107385.0,81124.0,24366.0,1895.0,conventional,2017,SouthCarolina
2015-03-29,1.11,284839.51,151124.37,45649.68,16553.04,71512.42,64967.19,6545.23,0.0,conventional,2015,SouthCarolina
2015-05-24,1.05,407499.97,247039.02,58352.93,20373.51,81734.51,69674.41,12060.1,0.0,conventional,2015,SouthCarolina
2018-03-11,1.13,482065.76,217013.42,79944.64,4374.67,180733.03,141288.83,36165.79,3278.41,conventional,2018,SouthCarolina
2016-02-14,0.91,342704.71,180057.56,81396.58,6594.27,74656.3,50158.17,24498.13,0.0,conventional,2016,SouthCarolina
2016-03-20,1.07,331531.06,149730.39,94541.56,8317.29,78941.82,60250.9,18690.92,0.0,conventional,2016,SouthCarolina
2017-04-30,1.34,429088.02,208521.12,87676.66,2203.03,130687.21,88444.19,38293.89,3949.13,conventional,2017,SouthCarolina
2016-05-29,0.97,441398.16,188092.93,120644.64,15039.71,117620.88,63637.85,50673.03,3310.0,conventional,2016,SouthCarolina
2016-06-12,1.04,357902.32,161172.25,80778.03,19782.06,96169.98,73085.52,17292.79,5791.67,conventional,2016,SouthCarolina
2015-08-30,1.15,280699.74,130772.55,58761.62,15284.88,75880.69,70666.71,5198.14,15.84,conventional,2015,SouthCarolina
2016-10-09,1.32,262764.71,109192.13,56453.75,4235.9,92882.93,57335.43,35547.5,0.0,conventional,2016,SouthCarolina
2016-10-23,1.4,260446.46,128648.8,52740.63,6749.46,72307.57,42484.87,29822.7,0.0,conventional,2016,SouthCarolina
2016-07-31,1.18,344490.91,156886.45,67074.62,12940.85,107588.99,83699.62,23134.37,755.0,conventional,2016,SouthCarolina
2017-07-02,1.28,413263.16,179977.91,86915.73,2600.47,143769.05,94511.45,38696.11,10561.49,conventional,2017,SouthCarolina
2015-11-08,1.08,221080.11,118352.11,47266.75,15742.56,39718.69,34385.71,5325.2,7.78,conventional,2015,SouthCarolina
2016-07-17,1.17,336050.16,144883.03,77242.5,14172.92,99751.71,75310.1,24436.61,5.0,conventional,2016,SouthCarolina
2015-07-19,1.05,379505.99,212349.9,70690.71,18957.89,77507.49,67097.27,10410.22,0.0,conventional,2015,SouthCarolina
2017-11-05,1.28,308280.39,134738.68,56451.03,2686.05,114404.63,89967.7,23352.49,1084.44,conventional,2017,SouthCarolina
