Regression/datasets/filtered_avocados.csv
Date,AveragePrice,Total Volume,4046,4225,4770,Total Bags,Small Bags,Large Bags,XLarge Bags,type,year,region
2017-09-24,1.66,159412.07,74533.49,22831.21,82.19,61965.18,54501.62,7350.47,113.09,conventional,2017,Nashville
2017-06-18,1.0,260893.43,108420.61,33689.09,143.44,118640.29,105965.4,10905.92,1768.97,conventional,2017,Nashville
2016-08-07,1.12,188016.6,95351.73,25466.1,161.34,67037.43,46061.04,20976.39,0.0,conventional,2016,Nashville
2016-10-23,1.19,163017.85,66511.98,28375.72,125.57,68004.58,57360.66,9383.92,1260.0,conventional,2016,Nashville
2017-12-03,1.01,229337.0,123038.0,8062.0,175.0,98063.0,78202.0,18913.0,949.0,conventional,2017,Nashville
2015-09-06,0.97,175977.6,92988.8,30510.75,9638.66,42839.39,27102.45,15494.02,242.92,conventional,2015,Nashville
2016-03-27,0.93,171568.47,98386.62,20112.88,6373.68,46695.29,33537.98,13157.31,0.0,conventional,2016,Nashville
2017-07-23,1.21,211384.21,95944.35,32144.65,179.51,83115.7,71644.75,9364.25,2106.7,conventional,2017,Nashville
2016-12-04,0.96,189526.37,82751.98,20042.35,853.8,85878.24,60604.33,23948.91,1325.0,conventional,2016,Nashville
2016-12-11,0.9,193711.04,84856.17,12359.04,158.44,96337.39,83236.32,10921.07,2180.0,conventional,2016,Nashville
2017-09-10,1.42,176082.45,72427.91,37438.94,93.89,66121.71,56903.06,7881.98,1336.67,conventional,2017,Nashville
2016-05-01,0.81,237679.37,117137.23,37442.51,1425.99,81673.64,49536.04,32137.6,0.0,conventional,2016,Nashville
2016-03-13,0.87,188478.21,91631.74,32085.32,5965.84,58795.31,27726.02,31069.29,0.0,conventional,2016,Nashville
2017-12-10,0.9,239587.94,123093.48,7029.89,199.82,109264.75,94522.11,13872.64,870.0,conventional,2017,Nashville
2016-04-24,0.81,233759.31,111614.9,33820.97,1474.28,86849.16,60106.84,26635.38,106.94,conventional,2016,Nashville
2015-01-04,1.0,162162.75,113865.83,11083.58,11699.03,25514.31,19681.13,5611.51,221.67,conventional,2015,Nashville
2016-06-19,0.89,232084.2,135024.7,19715.89,436.95,76906.66,62256.8,13376.53,1273.33,conventional,2016,Nashville
2016-08-28,1.09,172757.72,104278.59,12600.77,347.34,55531.02,52255.66,3275.36,0.0,conventional,2016,Nashville
2017-11-19,1.02,188444.0,104128.0,6946.0,262.0,77107.0,65958.0,10329.0,820.0,conventional,2017,Nashville
2017-01-22,0.87,251189.52,112820.57,30481.58,81.46,107805.91,82914.32,24413.26,478.33,conventional,2017,Nashville
2016-01-17,0.95,181360.74,98888.27,30227.7,6427.63,45817.14,32109.79,13707.35,0.0,conventional,2016,Nashville
2016-02-07,0.77,268608.69,124530.37,59611.16,7759.08,76708.08,39458.27,37249.81,0.0,conventional,2016,Nashville
2015-04-12,1.0,158490.37,111682.33,9658.98,12737.74,24411.32,14353.71,10057.61,0.0,conventional,2015,Nashville
2017-02-19,0.82,225664.23,113867.81,12392.24,123.12,99281.06,90304.21,8146.85,830.0,conventional,2017,Nashville
2016-05-15,0.81,219615.86,103729.74,31344.62,975.69,83565.81,55828.84,27611.27,125.7,conventional,2016,Nashville
2015-10-18,0.91,182647.96,114107.69,29076.74,6047.46,33416.07,23996.08,9419.99,0.0,conventional,2015,Nashville
2017-01-08,0.84,255094.17,126438.73,17389.25,183.0,111083.19,98008.64,12089.55,985.0,conventional,2017,Nashville
2017-04-02,0.95,281438.76,122671.42,10966.77,86.7,147713.87,139193.03,7520.84,1000.0,conventional,2017,Nashville
2016-05-29,0.87,238624.36,144140.44,21273.82,993.26,72216.84,56072.86,15057.31,1086.67,conventional,2016,Nashville
2018-01-21,1.0,273473.62,118667.23,20388.24,309.67,134108.48,95967.09,36876.95,1264.44,conventional,2018,Nashville
2016-02-21,0.94,182025.3,101831.21,25448.04,9518.87,45227.18,33528.15,11699.03,0.0,conventional,2016,Nashville
2017-06-04,1.07,269102.17,133059.17,12467.64,119.54,123455.82,106243.76,14782.06,2430.0,conventional,2017,Nashville
2016-09-11,0.75,250165.13,144886.48,12777.22,342.05,92159.38,70618.95,21540.43,0.0,conventional,2016,Nashville
2017-10-08,1.76,140968.03,77117.26,4016.38,105.67,59728.72,49424.27,10304.45,0.0,conventional,2017,Nashville
2015-08-16,0.96,187310.28,126796.3,18393.32,13672.42,28448.24,22867.47,5354.02,226.75,conventional,2015,Nashville
2015-11-01,0.94,159318.32,97774.21,20102.72,5054.46,36386.93,24437.2,11949.73,0.0,conventional,2015,Nashville
2017-11-05,0.94,791515.45,381629.56,199062.24,8891.13,201932.52,62748.05,139154.47,30.0,conventional,2017,WestTexNewMexico
2017-09-24,1.22,584045.7,363596.75,99990.28,415.7,120042.97,68799.49,51236.81,6.67,conventional,2017,WestTexNewMexico
2015-06-28,0.71,941135.5,670425.34,108019.8,13077.85,149612.51,130392.24,19220.27,0.0,conventional,2015,WestTexNewMexico
2015-02-22,0.85,681409.59,455087.17,121269.48,16470.86,88582.08,86050.77,2531.31,0.0,conventional,2015,WestTexNewMexico
2015-04-05,0.76,938880.6,660961.68,163481.6,15530.04,98907.28,91530.77,7376.51,0.0,conventional,2015,WestTexNewMexico
2016-10-23,1.0,620389.4,326067.93,68189.98,17487.68,208643.81,92147.36,115578.39,918.06,conventional,2016,WestTexNewMexico
2017-12-03,0.85,799879.0,359419.0,224516.0,6690.0,209254.0,70520.0,138586.0,148.0,conventional,2017,WestTexNewMexico
2017-07-30,1.01,837672.89,496316.57,107799.04,8697.46,224859.82,141547.68,82057.69,1254.45,conventional,2017,WestTexNewMexico
2016-07-17,0.95,802834.4,449793.85,85497.73,16431.19,251111.63,178906.87,68996.71,3208.05,conventional,2016,WestTexNewMexico
2015-11-08,0.76,661405.9,445281.03,123745.68,11968.0,80411.19,79009.15,1402.04,0.0,conventional,2015,WestTexNewMexico
2015-07-05,0.78,913360.72,606650.91,123465.83,18233.51,165010.47,146199.35,18811.12,0.0,conventional,2015,WestTexNewMexico
2015-03-22,0.85,752576.08,489678.55,157679.62,14084.25,91133.66,89232.98,1900.68,0.0,conventional,2015,WestTexNewMexico
2016-08-21,0.92,808012.61,484477.52,87640.89,12142.01,223752.19,142739.33,81012.86,0.0,conventional,2016,WestTexNewMexico
2018-01-21,0.84,1020913.2,505263.29,177911.4,9468.95,328269.56,118978.5,209131.06,160.0,conventional,2018,WestTexNewMexico
2017-08-27,1.08,645080.71,432526.95,65673.79,6963.17,139916.8,100976.02,38460.78,480.0,conventional,2017,WestTexNewMexico
2015-01-25,0.8,720800.61,519142.82,124248.86,10573.29,66835.64,65072.69,1762.95,0.0,conventional,2015,WestTexNewMexico
2015-09-27,0.79,714977.26,255897.91,376232.89,12988.42,69858.04,68312.62,1545.42,0.0,conventional,2015,WestTexNewMexico
2017-05-14,0.84,1108372.45,622089.83,105351.01,12177.74,368753.87,143675.74,225078.13,0.0,conventional,2017,WestTexNewMexico
2018-01-28,0.85,957086.16,479147.93,179489.19,7314.98,291134.06,143430.96,147376.43,326.67,conventional,2018,WestTexNewMexico
2016-11-13,0.96,690820.58,429758.58,39757.86,14195.71,207108.43,114355.56,92752.87,0.0,conventional,2016,WestTexNewMexico
2016-05-01,0.73,926205.77,489363.62,148534.17,32607.62,255700.36,173262.3,75381.39,7056.67,conventional,2016,WestTexNewMexico
2017-03-19,0.84,914181.01,550156.27,60673.98,18046.15,285304.61,122778.9,162525.71,0.0,conventional,2017,WestTexNewMexico
2015-01-18,0.8,729795.72,516446.41,128438.87,12473.14,72437.3,71564.22,873.08,0.0,conventional,2015,WestTexNewMexico
2016-12-04,0.85,699171.51,353339.84,66386.39,10869.1,268576.18,105842.68,162657.94,75.56,conventional,2016,WestTexNewMexico
2015-03-15,0.75,827795.25,610496.24,115089.7,13114.91,89094.4,86399.27,2695.13,0.0,conventional,2015,WestTexNewMexico
2016-03-06,0.77,814614.77,548260.5,108856.08,38919.31,118578.88,89574.12,29004.76,0.0,conventional,2016,WestTexNewMexico
2016-04-24,0.77,859293.22,475418.6,155177.72,32786.12,195910.78,97308.05,96326.06,2276.67,conventional,2016,WestTexNewMexico
2017-12-10,0.86,751137.79,384349.01,133201.98,5774.97,227811.83,104486.24,123222.25,103.34,conventional,2017,WestTexNewMexico
2017-10-15,1.15,615558.48,378161.23,115974.2,360.91,121062.14,55077.35,65984.79,0.0,conventional,2017,WestTexNewMexico
2018-02-18,0.89,896808.98,421321.21,191798.82,10065.33,273623.62,130348.75,140202.81,3072.06,conventional,2018,WestTexNewMexico
2016-02-14,0.7,963046.73,621734.73,151510.22,30289.17,159512.61,89653.91,56745.36,13113.34,conventional,2016,WestTexNewMexico
2017-03-12,0.86,813341.58,425584.68,60264.21,19234.46,308258.23,138151.67,170106.56,0.0,conventional,2017,WestTexNewMexico
2015-10-18,0.81,681501.3,409639.87,177573.02,15805.79,78482.62,77611.2,871.42,0.0,conventional,2015,WestTexNewMexico
2016-07-03,0.86,1026317.8,581532.54,106150.45,20212.32,318422.49,212681.56,91214.82,14526.11,conventional,2016,WestTexNewMexico
2015-03-29,0.74,908323.3,595240.91,199938.3,18570.6,94573.49,88599.82,5973.67,0.0,conventional,2015,WestTexNewMexico
2015-07-26,0.81,777883.03,542663.64,96112.02,25086.72,114020.65,97555.49,16465.16,0.0,conventional,2015,WestTexNewMexico
2016-01-24,1.12,296402.96,45720.39,99167.08,16034.41,135481.08,94434.3,24812.34,16234.44,conventional,2016,WestTexNewMexico
2017-10-29,1.02,660019.25,340028.02,169026.98,4847.21,146117.04,65993.2,80063.84,60.0,conventional,2017,WestTexNewMexico
2017-12-31,0.89,727024.03,347248.16,158559.97,5628.28,215587.62,78402.09,137088.87,96.66,conventional,2017,WestTexNewMexico
2015-11-01,0.8,592115.57,350881.82,131576.51,32802.6,76854.64,75700.11,1154.53,0.0,conventional,2015,WestTexNewMexico
2016-05-08,0.74,1052940.48,623286.74,183588.62,33224.01,212841.11,124984.25,83560.19,4296.67,conventional,2016,WestTexNewMexico
2018-01-07,0.88,880266.52,436282.38,178669.53,9467.11,255847.5,99686.92,155870.58,290.0,conventional,2018,WestTexNewMexico
2017-08-20,1.01,772883.21,462664.9,91342.95,7461.86,211413.5,100740.73,108212.77,2460.0,conventional,2017,WestTexNewMexico
2017-11-12,0.93,759126.0,375798.0,165578.0,9438.0,208312.0,67655.0,140060.0,597.0,conventional,2017,WestTexNewMexico
2016-09-25,1.07,598623.24,334016.4,61710.24,14663.85,188232.75,117476.89,70580.86,175.0,conventional,2016,WestTexNewMexico
2016-05-29,1.35,22983.35,3737.94,16569.88,0.0,2675.53,695.76,1979.77,0.0,organic,2016,LasVegas
2018-01-28,1.78,8672.12,1005.73,2110.22,0.0,5556.17,5538.46,17.71,0.0,organic,2018,LasVegas
2016-03-27,1.41,10187.56,3062.51,4885.53,0.0,2239.52,1906.43,333.09,0.0,organic,2016,LasVegas
2016-07-24,2.3,10298.23,3346.0,3970.45,0.0,2981.78,591.78,2390.0,0.0,organic,2016,LasVegas
2018-01-21,1.91,7491.53,1096.07,1280.31,0.0,5115.15,5115.15,0.0,0.0,organic,2018,LasVegas
2015-07-12,2.09,4999.62,1393.67,3460.14,0.0,145.81,103.93,41.88,0.0,organic,2015,LasVegas
2015-12-06,1.97,4459.56,2223.41,2159.48,0.0,76.67,76.67,0.0,0.0,organic,2015,LasVegas
2016-10-09,2.09,5771.2,1016.77,2518.91,0.0,2235.52,2219.25,16.27,0.0,organic,2016,LasVegas
2015-10-18,2.21,4420.01,1353.82,2836.26,0.0,229.93,223.33,6.6,0.0,organic,2015,LasVegas
2016-10-16,2.85,4317.31,707.37,2855.9,0.0,754.04,732.85,21.19,0.0,organic,2016,LasVegas
2018-01-07,1.73,10293.36,1701.33,2012.1,0.0,6579.93,6553.06,26.87,0.0,organic,2018,LasVegas
2016-12-18,1.42,7232.71,913.95,2218.81,0.0,4099.95,4088.72,11.23,0.0,organic,2016,LasVegas
2017-08-13,2.05,6042.06,913.51,2538.57,0.0,2589.98,2520.14,69.84,0.0,organic,2017,LasVegas
2015-03-15,1.89,4860.39,1974.44,2783.78,0.0,102.17,66.67,35.5,0.0,organic,2015,LasVegas
2015-10-11,2.22,4355.33,1288.15,2770.52,0.0,296.66,296.66,0.0,0.0,organic,2015,LasVegas
2017-07-09,1.82,11229.95,1693.33,4245.64,0.0,5290.98,4986.88,304.1,0.0,organic,2017,LasVegas
2015-10-25,2.16,4222.62,1225.4,2724.11,0.0,273.11,256.67,16.44,0.0,organic,2015,LasVegas
2015-09-20,2.4,3413.65,693.42,2696.9,0.0,23.33,23.33,0.0,0.0,organic,2015,LasVegas
2016-03-20,1.35,9463.68,3101.56,4112.47,0.0,2249.65,2185.92,63.73,0.0,organic,2016,LasVegas
2015-11-29,2.17,3996.06,1460.87,2505.19,0.0,30.0,30.0,0.0,0.0,organic,2015,LasVegas
2015-03-29,1.43,9469.98,5071.98,3688.02,0.0,709.98,687.72,22.26,0.0,organic,2015,LasVegas
2017-06-25,1.67,10909.04,1963.82,3093.37,0.0,5851.85,2404.38,3447.47,0.0,organic,2017,LasVegas
2017-03-05,1.01,20701.89,2110.61,5897.56,0.0,12693.72,12277.2,416.52,0.0,organic,2017,LasVegas
2016-09-04,2.02,9266.73,2868.88,3199.25,0.0,3198.6,709.82,2488.78,0.0,organic,2016,LasVegas
2017-07-02,1.73,11015.7,1952.02,2930.62,0.0,6133.06,4359.15,1773.91,0.0,organic,2017,LasVegas
2017-12-31,1.55,9413.05,1479.66,1733.93,0.0,6199.46,6190.31,9.15,0.0,organic,2017,LasVegas
2016-07-03,1.59,15607.26,5586.02,5478.16,0.0,4543.08,438.23,4104.85,0.0,organic,2016,LasVegas
2015-07-05,1.6,10492.77,4751.99,5225.48,0.0,515.3,235.16,280.14,0.0,organic,2015,LasVegas
2015-04-19,1.43,10527.86,5673.89,3973.87,0.0,880.1,233.33,646.77,0.0,organic,2015,LasVegas
2016-01-24,1.47,9297.5,1706.27,4796.37,0.0,2794.86,2788.43,6.43,0.0,organic,2016,LasVegas
2016-05-08,1.31,13681.17,4543.59,5592.9,0.0,3544.68,416.67,3128.01,0.0,organic,2016,LasVegas
2015-08-09,1.82,7773.81,4016.18,3256.86,0.0,500.77,413.41,87.36,0.0,organic,2015,LasVegas
2017-07-16,1.89,8618.45,1296.04,2815.04,0.0,4507.37,4443.63,63.74,0.0,organic,2017,LasVegas
2015-05-10,1.34,10511.94,5433.37,3859.31,0.0,1219.26,433.33,785.93,0.0,organic,2015,LasVegas
2016-02-28,1.29,10997.51,2077.08,3518.48,0.0,5401.95,5374.07,27.88,0.0,organic,2016,LasVegas
2015-09-13,2.34,3783.2,847.33,2556.59,0.0,379.28,270.0,109.28,0.0,organic,2015,LasVegas
2015-02-01,1.6,7634.17,4366.54,2884.3,0.0,383.33,383.33,0.0,0.0,organic,2015,LasVegas
2015-02-22,1.26,70345.39,1496.07,42829.11,1187.76,24832.45,19166.04,5666.41,0.0,conventional,2015,Pittsburgh
2017-06-04,1.33,123557.37,51219.47,27379.67,1919.8,43038.43,34198.85,8279.86,559.72,conventional,2017,Pittsburgh
2017-04-16,1.33,116011.18,44551.19,23042.87,1422.88,46994.24,40217.19,6777.05,0.0,conventional,2017,Pittsburgh
2018-03-18,0.98,198246.71,73389.94,22422.63,2599.53,99834.61,36169.0,63248.94,416.67,conventional,2018,Pittsburgh
2016-06-19,1.42,104127.89,2063.55,59252.92,1172.76,41638.66,27767.25,12371.41,1500.0,conventional,2016,Pittsburgh
2015-11-08,0.93,123489.29,1423.35,85217.83,2313.9,34534.21,13430.34,21103.87,0.0,conventional,2015,Pittsburgh
2017-02-19,1.33,91579.18,32493.94,24711.08,1212.1,33162.06,27745.1,5416.96,0.0,conventional,2017,Pittsburgh
2016-01-10,1.23,110155.55,1767.42,67788.68,1611.68,38987.77,23259.21,15711.89,16.67,conventional,2016,Pittsburgh
2015-05-17,1.41,85405.61,1822.43,50365.05,1406.54,31811.59,24984.5,6827.09,0.0,conventional,2015,Pittsburgh
2017-05-28,1.32,143674.94,60061.87,29709.54,1890.54,52012.99,44354.41,7658.58,0.0,conventional,2017,Pittsburgh
2017-02-12,1.28,100215.44,31075.53,28242.44,1114.29,39783.18,34235.6,5547.58,0.0,conventional,2017,Pittsburgh
2015-01-04,1.52,54956.8,3013.04,35456.88,1561.7,14925.18,11264.8,3660.38,0.0,conventional,2015,Pittsburgh
2016-09-11,1.33,80206.95,22513.05,30643.05,925.3,26125.55,24205.55,1920.0,0.0,conventional,2016,Pittsburgh
2017-10-01,1.33,105766.89,43623.37,22847.25,1404.16,37892.11,26558.89,11333.22,0.0,conventional,2017,Pittsburgh
2018-01-07,1.3,110929.77,40579.4,24117.63,1241.27,44991.47,36998.3,7993.17,0.0,conventional,2018,Pittsburgh
2015-11-01,1.16,81573.97,1523.62,60507.97,1706.56,17835.82,12000.07,5835.75,0.0,conventional,2015,Pittsburgh
2015-01-25,1.32,98722.79,1847.59,70060.41,2397.99,24416.8,17599.77,6817.03,0.0,conventional,2015,Pittsburgh
2017-11-19,1.5,89083.0,28168.0,17531.0,1896.0,41488.0,35828.0,5660.0,0.0,conventional,2017,Pittsburgh
2015-03-15,1.23,71906.75,2450.87,44600.81,1291.66,23563.41,17661.43,5901.98,0.0,conventional,2015,Pittsburgh
2016-04-10,1.18,102684.74,1736.95,57325.73,1600.52,42021.54,28213.82,13807.72,0.0,conventional,2016,Pittsburgh
2015-06-07,1.33,84556.54,1734.03,43816.5,1482.9,37523.11,28434.19,9081.46,7.46,conventional,2015,Pittsburgh
2016-10-16,1.27,87503.46,23294.4,24183.85,994.89,39030.32,34191.83,4838.49,0.0,conventional,2016,Pittsburgh
2017-02-05,1.02,157981.65,67986.6,47941.88,2927.44,39125.73,27741.95,11383.78,0.0,conventional,2017,Pittsburgh
2015-12-20,1.22,68972.79,1176.24,40726.41,1003.63,26066.51,17094.03,8749.15,223.33,conventional,2015,Pittsburgh
2016-12-04,1.27,80731.39,22112.25,22668.13,1314.12,34636.89,30145.94,4345.12,145.83,conventional,2016,Pittsburgh
2017-10-22,1.54,99922.23,35800.8,22216.67,1088.38,40816.38,34330.46,6485.92,0.0,conventional,2017,Pittsburgh
2015-12-13,1.19,65332.74,1219.9,38684.45,959.83,24468.56,15525.47,8943.09,0.0,conventional,2015,Pittsburgh
2016-12-11,1.21,84144.99,22587.44,22461.37,1185.39,37910.79,33381.5,4529.29,0.0,conventional,2016,Pittsburgh
2016-02-07,1.18,105805.21,3398.51,72083.75,1740.09,28582.86,21916.83,6666.03,0.0,conventional,2016,Pittsburgh
2017-01-29,1.26,107225.04,34693.77,30342.44,1353.22,40835.61,35389.28,5446.33,0.0,conventional,2017,Pittsburgh
2017-07-23,1.29,105012.68,42723.4,25661.41,1369.42,35258.45,26991.6,7230.18,1036.67,conventional,2017,Pittsburgh
2015-03-22,1.23,68499.85,2604.56,46711.0,1370.01,17814.28,10044.46,7769.82,0.0,conventional,2015,Pittsburgh
2015-09-27,1.11,91558.77,815.05,62972.23,1852.47,25919.02,14361.09,11557.93,0.0,conventional,2015,Pittsburgh
2017-11-26,1.02,124119.0,60144.0,26227.0,2176.0,35572.0,23424.0,12148.0,0.0,conventional,2017,Pittsburgh
2017-05-07,1.03,214738.04,107597.81,50334.69,3681.75,53123.79,38144.13,14979.66,0.0,conventional,2017,Pittsburgh
2017-07-16,1.26,106344.95,44572.1,26346.56,1538.54,33887.75,25479.25,6868.5,1540.0,conventional,2017,Pittsburgh
