Regression/datasets/filtered_avocados.csv
Date,AveragePrice,Total Volume,4046,4225,4770,Total Bags,Small Bags,Large Bags,XLarge Bags,type,year,region
2017-04-09,1.49,311220.15,189598.19,39854.26,48.95,81718.75,46129.68,35589.07,0.0,conventional,2017,Orlando
2016-05-08,0.95,432737.31,213997.13,80588.36,259.09,137892.73,60411.28,77481.45,0.0,conventional,2016,Orlando
2017-10-15,1.74,288581.65,176622.72,22938.4,94.4,88926.13,57999.74,30926.39,0.0,conventional,2017,Orlando
2015-10-04,1.0,332997.12,224769.27,34085.54,60.86,74081.45,37192.16,36886.48,2.81,conventional,2015,Orlando
2017-07-23,1.38,361733.69,237300.29,33319.21,196.65,90917.54,48111.11,36664.21,6142.22,conventional,2017,Orlando
2016-06-26,1.18,333568.95,143186.79,76177.69,94.86,114109.61,68453.99,35165.62,10490.0,conventional,2016,Orlando
2015-04-19,1.23,231777.27,157931.42,18812.23,205.89,54827.73,35504.7,19323.03,0.0,conventional,2015,Orlando
2017-03-05,1.55,270877.61,159001.85,39733.35,36.19,72106.22,41112.34,30993.88,0.0,conventional,2017,Orlando
2016-02-28,0.82,496972.61,233309.57,93393.19,222.23,170047.62,51303.36,118744.26,0.0,conventional,2016,Orlando
2017-02-26,1.25,307685.6,172780.16,46592.5,70.6,88242.34,53501.63,34737.38,3.33,conventional,2017,Orlando
2017-05-28,1.4,381490.67,238131.34,39531.06,74.61,103753.66,71721.05,31992.33,40.28,conventional,2017,Orlando
2015-12-27,0.99,305773.54,211102.9,20765.29,124.04,73781.31,40641.55,33139.76,0.0,conventional,2015,Orlando
2017-08-06,1.41,326355.84,209093.43,34123.34,147.27,82991.8,44905.73,31827.18,6258.89,conventional,2017,Orlando
2017-05-14,1.42,322189.66,203335.76,33864.16,77.22,84912.52,60404.27,24508.25,0.0,conventional,2017,Orlando
2015-03-22,0.98,363504.44,260635.0,29682.52,141.02,73045.9,37453.09,35592.81,0.0,conventional,2015,Orlando
2018-01-28,1.35,414781.12,262391.05,28265.08,1290.4,122834.59,75243.3,47547.96,43.33,conventional,2018,Orlando
2016-01-10,0.96,413413.58,279393.48,31582.03,198.79,102239.28,49854.64,52384.64,0.0,conventional,2016,Orlando
2016-11-06,1.47,236696.6,93321.05,53545.04,149.05,89681.46,34250.33,55431.13,0.0,conventional,2016,Orlando
2017-10-22,1.56,328326.17,214853.32,27481.16,613.49,85378.2,50444.75,34933.45,0.0,conventional,2017,Orlando
2016-12-11,1.22,247659.65,84080.08,48772.35,67.56,114739.66,61197.81,53441.85,100.0,conventional,2016,Orlando
2017-03-19,1.53,287195.89,160686.42,38524.03,47.0,87938.44,56308.21,31630.23,0.0,conventional,2017,Orlando
2018-03-18,1.11,508979.43,333194.13,32206.33,1543.14,142035.83,82165.92,59626.58,243.33,conventional,2018,Orlando
2015-08-09,0.99,388550.28,249265.95,57952.32,99.51,81232.5,47242.5,33990.0,0.0,conventional,2015,Orlando
2016-07-17,1.17,348318.4,141751.9,90770.24,104.87,115691.39,72463.28,31198.11,12030.0,conventional,2016,Orlando
2016-12-18,0.92,333093.29,113248.41,76982.86,118.25,142743.77,63529.34,79119.99,94.44,conventional,2016,Orlando
2015-01-04,1.0,281803.19,190743.27,38265.21,75.22,52719.49,19933.7,32785.79,0.0,conventional,2015,Orlando
2017-08-20,1.57,297964.43,191383.38,28989.39,54.69,77536.97,37834.22,33852.75,5850.0,conventional,2017,Orlando
2016-11-13,1.4,250639.48,97337.14,50337.98,167.15,102797.21,48419.58,54377.63,0.0,conventional,2016,Orlando
2015-07-12,1.22,245528.89,133073.61,53986.68,73.35,58395.25,41732.15,16663.1,0.0,conventional,2015,Orlando
2015-03-01,1.0,316199.07,227527.01,26599.79,114.63,61957.64,31707.62,30250.02,0.0,conventional,2015,Orlando
2017-01-08,1.28,301768.99,118255.25,62039.01,116.51,121358.22,65681.77,55671.45,5.0,conventional,2017,Orlando
2016-06-12,1.24,293811.97,143222.68,64910.71,142.01,85536.57,44014.87,32645.03,8876.67,conventional,2016,Orlando
2015-11-22,1.6,89062.36,14803.41,51282.8,0.0,22976.15,22516.44,459.71,0.0,organic,2015,California
2016-06-12,1.5,192533.95,24728.3,101839.43,3.07,65963.15,65924.0,39.15,0.0,organic,2016,California
2017-04-16,1.67,194263.4,28602.39,68759.01,7.85,96894.15,87693.86,9200.29,0.0,organic,2017,California
2017-12-03,1.81,125973.2,23983.71,47847.46,0.0,54142.03,54089.5,52.53,0.0,organic,2017,California
2016-11-13,2.13,122099.57,21825.77,51895.85,7.69,48370.26,38872.27,9497.99,0.0,organic,2016,California
2017-12-24,1.82,138506.44,25276.34,58176.83,0.0,55053.27,54984.78,68.49,0.0,organic,2017,California
2016-05-15,1.5,202641.92,26935.79,102253.41,0.0,73452.72,73429.11,23.61,0.0,organic,2016,California
2016-02-14,1.47,158522.76,11345.11,87139.61,97.12,59940.92,48968.58,10972.34,0.0,organic,2016,California
2017-04-02,1.64,191988.18,31381.85,69457.56,17.3,91131.47,87215.5,3915.97,0.0,organic,2017,California
2017-11-12,1.99,122017.93,29124.07,43952.88,1.59,48939.39,48885.5,53.89,0.0,organic,2017,California
2017-02-19,1.5,183797.3,27932.48,71026.47,3.16,84835.19,83854.04,981.15,0.0,organic,2017,California
2017-12-17,1.75,126089.01,24044.07,55284.97,0.0,46759.97,46698.32,61.65,0.0,organic,2017,California
2016-04-10,1.4,193519.09,16938.01,93768.59,0.0,82812.49,78412.84,4399.65,0.0,organic,2016,California
2016-09-18,1.84,139322.81,19979.78,76879.66,3.11,42460.26,36711.51,5748.75,0.0,organic,2016,California
2015-01-11,1.1,158110.68,123712.51,25975.27,1.47,8421.43,8421.43,0.0,0.0,organic,2015,California
2015-04-19,1.52,123851.34,55948.06,57078.01,1.49,10823.78,10823.78,0.0,0.0,organic,2015,California
2017-04-09,1.63,186112.1,30319.27,66541.46,7.86,89243.51,82024.66,7218.85,0.0,organic,2017,California
2017-03-19,1.57,209591.02,25435.01,81224.16,39.25,102892.6,81019.63,21872.97,0.0,organic,2017,California
2018-02-04,1.56,188212.98,38078.53,60551.97,0.0,89582.48,89527.66,54.82,0.0,organic,2018,California
2018-03-25,1.7,190257.38,29644.09,70982.1,0.0,89631.19,89424.11,207.08,0.0,organic,2018,California
2016-04-17,1.39,187358.5,17320.0,84073.76,6.08,85958.66,85340.06,618.6,0.0,organic,2016,California
2016-09-25,1.95,123708.0,12970.52,73572.34,10.84,37154.3,32296.6,4857.7,0.0,organic,2016,California
2015-06-07,1.67,114406.15,49301.79,52704.34,6.16,12393.86,12393.86,0.0,0.0,organic,2015,California
2017-04-30,1.61,199903.62,29040.03,67606.93,7.79,103248.87,99212.47,4036.4,0.0,organic,2017,California
2017-03-26,1.7,194052.77,34618.57,71542.71,7.86,87883.63,84717.09,3166.54,0.0,organic,2017,California
2017-05-07,1.59,211442.68,27955.44,80576.31,1.61,102909.32,102120.45,788.87,0.0,organic,2017,California
2015-08-30,1.98,90125.42,23449.1,55879.18,0.0,10797.14,10797.14,0.0,0.0,organic,2015,California
2017-07-02,1.73,163970.9,20969.94,58901.69,9.35,84089.92,83873.31,216.61,0.0,organic,2017,California
2016-03-06,1.32,198961.57,19796.42,86184.7,3.04,92977.41,92547.86,429.55,0.0,organic,2016,California
2017-03-12,1.53,210400.75,26372.8,73288.71,9.46,110729.78,96032.09,14697.69,0.0,organic,2017,California
2016-03-20,1.46,172196.69,15752.0,89041.95,7.6,67395.14,60109.32,7285.82,0.0,organic,2016,California
2016-10-02,1.91,138994.56,15505.79,70707.24,21.66,52759.87,46874.86,5885.01,0.0,organic,2016,California
2016-04-17,1.33,122388.94,2776.24,73943.65,12.53,45656.52,18674.26,26982.26,0.0,organic,2016,GreatLakes
2016-05-08,1.39,123789.24,2728.52,79832.73,39.76,41188.23,17603.76,23584.47,0.0,organic,2016,GreatLakes
2016-06-05,1.13,170250.47,3717.47,93039.69,171.41,73321.9,18436.27,54885.63,0.0,organic,2016,GreatLakes
2015-09-27,1.66,70809.98,7925.81,55025.02,0.0,7859.15,4464.32,3394.83,0.0,organic,2015,GreatLakes
2015-10-18,1.6,75238.38,9125.57,50799.97,0.0,15312.84,6138.54,9174.3,0.0,organic,2015,GreatLakes
2017-05-14,1.68,143791.21,3379.52,73032.43,0.0,67379.26,29130.71,38248.55,0.0,organic,2017,GreatLakes
2015-01-11,1.69,58061.65,4362.25,44552.46,0.0,9146.94,7266.75,1880.19,0.0,organic,2015,GreatLakes
2016-10-09,1.36,146094.87,4016.81,65448.07,1.6,76628.39,24772.44,51855.95,0.0,organic,2016,GreatLakes
2017-05-21,1.59,150790.27,3228.65,74837.07,0.0,72724.55,26525.38,46199.17,0.0,organic,2017,GreatLakes
2015-06-07,1.55,81945.35,4002.95,58492.04,3.15,19447.21,10793.27,8653.94,0.0,organic,2015,GreatLakes
2015-07-26,1.5,87348.95,3971.27,63468.5,0.0,19909.18,4387.73,15521.45,0.0,organic,2015,GreatLakes
2017-07-16,1.64,209543.04,4180.21,76793.36,0.0,124683.37,79403.55,45279.82,0.0,organic,2017,GreatLakes
2015-06-14,1.58,80790.46,3599.24,60044.76,0.0,17146.46,11975.99,5170.47,0.0,organic,2015,GreatLakes
2015-07-05,1.54,86288.07,3459.78,64726.47,0.0,18101.82,6963.33,11138.49,0.0,organic,2015,GreatLakes
2017-02-19,0.9,226000.27,4432.89,66308.19,0.0,155259.19,29892.25,125366.94,0.0,organic,2017,GreatLakes
2018-03-25,1.47,182492.41,5140.14,51115.63,0.0,125061.81,102033.82,23027.99,0.0,organic,2018,GreatLakes
2015-12-06,1.6,71502.74,7269.3,53935.3,3.12,10295.02,5915.04,4379.98,0.0,organic,2015,GreatLakes
2015-09-06,1.61,95931.87,10710.92,70456.63,0.0,14764.32,8139.62,6624.7,0.0,organic,2015,GreatLakes
2016-01-24,1.31,102833.87,8871.32,55777.93,15.33,38169.29,9648.15,28521.14,0.0,organic,2016,GreatLakes
2015-04-19,1.57,85825.52,3155.93,68315.02,1.54,14353.03,10861.1,3491.93,0.0,organic,2015,GreatLakes
2017-10-15,1.68,197529.4,3318.61,54525.35,0.0,139481.99,126855.79,12626.2,0.0,organic,2017,GreatLakes
2017-11-19,1.53,133203.19,3394.42,39866.7,0.0,89472.15,82838.51,6633.64,0.0,organic,2017,GreatLakes
2016-08-07,1.57,126449.62,6209.59,65472.42,6.36,54761.25,14322.22,40439.03,0.0,organic,2016,GreatLakes
2016-08-14,1.67,116220.19,6686.26,68598.93,6.35,40928.65,14160.18,26768.47,0.0,organic,2016,GreatLakes
2016-05-15,1.42,119264.62,2617.15,73990.73,54.29,42602.45,18199.73,24402.72,0.0,organic,2016,GreatLakes
2015-02-01,1.53,63248.58,4062.76,46378.83,0.0,12806.99,8615.6,4191.39,0.0,organic,2015,GreatLakes
2015-01-04,1.54,61615.1,3633.93,42963.06,0.0,15018.11,9763.55,5254.56,0.0,organic,2015,GreatLakes
2016-11-27,1.49,96160.23,2651.36,39519.51,0.0,53989.36,23247.88,30741.48,0.0,organic,2016,GreatLakes
2018-03-11,1.31,324172.31,7730.19,117026.23,0.0,199137.6,158988.83,40148.77,0.0,organic,2018,GreatLakes
2016-06-12,1.34,152083.91,4237.01,93651.84,123.81,54071.25,17489.33,36581.92,0.0,organic,2016,GreatLakes
2017-10-22,1.68,190579.53,3616.94,45789.71,0.0,140986.71,121946.19,19040.52,0.0,organic,2017,GreatLakes
2016-07-17,1.33,139949.09,5230.59,67804.19,1.59,66912.72,16340.21,50572.51,0.0,organic,2016,GreatLakes
2015-10-11,1.6,69918.93,6468.53,50913.46,0.0,12536.94,5310.04,7226.9,0.0,organic,2015,GreatLakes
2016-10-16,1.35,147526.08,4710.92,61066.85,0.0,81748.31,25550.93,56197.38,0.0,organic,2016,GreatLakes
2017-07-02,1.58,169966.3,3073.22,71442.71,0.0,95450.37,20059.86,75390.51,0.0,organic,2017,GreatLakes
2015-08-02,1.64,82380.97,4097.55,68639.13,4.73,9639.56,5115.58,4523.98,0.0,organic,2015,GreatLakes
2017-03-26,1.08,244035.03,4955.2,80775.44,0.0,158304.39,30051.74,128252.65,0.0,organic,2017,GreatLakes
2017-04-16,1.36,221705.72,4259.78,103729.98,3.32,113712.64,35865.04,77847.6,0.0,organic,2017,GreatLakes
2017-08-13,1.54,129785.91,3726.68,29839.21,8.09,96034.06,86209.28,9824.78,0.0,organic,2017,GreatLakes
2018-01-14,1.45,243959.31,5573.56,58518.98,0.0,179739.93,130909.33,48830.6,0.0,organic,2018,GreatLakes
2017-11-26,1.52,141104.31,2599.3,37369.95,0.0,100572.12,89060.03,11512.09,0.0,organic,2017,GreatLakes
2016-10-23,1.43,139337.29,4248.0,62788.25,0.0,72301.04,19601.23,52699.81,0.0,organic,2016,GreatLakes
2018-01-28,1.42,200318.01,4791.32,53866.78,0.0,141507.43,101734.66,39772.77,0.0,organic,2018,GreatLakes
2015-12-27,1.49,66775.85,6557.08,43451.67,4.66,16762.44,6579.3,10183.14,0.0,organic,2015,GreatLakes
2016-10-30,1.86,112134.82,3718.89,73774.98,0.0,34640.95,19270.51,15370.44,0.0,organic,2016,GreatLakes
2017-06-04,1.69,156456.85,4036.03,78626.62,4.84,73789.36,27335.55,46453.81,0.0,organic,2017,GreatLakes
2017-01-08,1.55,100134.77,4237.93,57604.54,0.0,38292.3,28785.23,9507.07,0.0,organic,2017,GreatLakes
2018-02-25,1.13,277107.48,75032.02,85267.7,1914.32,114893.44,98624.54,15568.9,700.0,conventional,2018,RichmondNorfolk
2015-04-26,1.11,235546.11,76765.23,97538.87,11133.44,50108.57,49595.75,390.6,122.22,conventional,2015,RichmondNorfolk
2016-01-24,0.97,272314.29,81685.72,131405.09,7716.74,51506.74,50993.41,513.33,0.0,conventional,2016,RichmondNorfolk
2015-09-20,1.04,195742.46,76712.59,72627.68,11692.02,34710.17,34070.17,640.0,0.0,conventional,2015,RichmondNorfolk
2016-12-25,1.2,176103.25,57197.5,58578.91,2184.2,58142.64,57397.06,745.58,0.0,conventional,2016,RichmondNorfolk
2016-09-11,1.13,240632.37,96272.81,71790.5,5966.97,66602.09,63212.61,3389.48,0.0,conventional,2016,RichmondNorfolk
2015-10-04,1.04,200821.29,67267.71,91381.65,11357.4,30814.53,30425.15,389.38,0.0,conventional,2015,RichmondNorfolk
2017-06-18,1.28,245564.59,63304.98,98223.11,1955.72,82080.78,75119.47,1746.59,5214.72,conventional,2017,RichmondNorfolk
2015-08-16,1.05,222696.44,70382.17,95071.56,12570.49,44672.22,44672.22,0.0,0.0,conventional,2015,RichmondNorfolk
2017-10-15,1.46,211342.84,43036.52,92849.88,1580.75,73875.69,67819.41,6056.28,0.0,conventional,2017,RichmondNorfolk
2015-08-23,1.04,232074.44,76650.45,96308.77,12155.66,46959.56,46959.56,0.0,0.0,conventional,2015,RichmondNorfolk
2017-02-19,1.18,241012.17,68120.76,90486.17,3142.36,79262.88,78087.14,1175.74,0.0,conventional,2017,RichmondNorfolk
2015-01-25,1.17,194086.08,54046.97,75205.48,8644.27,56189.36,45878.25,10311.11,0.0,conventional,2015,RichmondNorfolk
2017-08-13,1.35,214146.34,55347.03,81849.06,1853.27,75096.98,67332.72,4184.26,3580.0,conventional,2017,RichmondNorfolk
2016-07-17,1.06,264253.28,82855.27,92471.42,9386.11,79540.48,69396.45,683.2,9460.83,conventional,2016,RichmondNorfolk
2017-10-29,1.33,217679.03,53015.01,82269.66,1275.09,81119.27,78089.52,3026.42,3.33,conventional,2017,RichmondNorfolk
2016-09-04,1.11,263823.88,100753.98,86557.82,6483.63,70028.45,69754.69,113.76,160.0,conventional,2016,RichmondNorfolk
2016-11-13,1.33,177641.28,81429.32,47266.81,4975.01,43970.14,43970.14,0.0,0.0,conventional,2016,RichmondNorfolk
2017-04-23,1.25,262771.53,64102.11,92451.08,2142.77,104075.57,103485.2,577.83,12.54,conventional,2017,RichmondNorfolk
2016-10-16,1.28,203089.29,75896.57,67555.19,4957.43,54680.1,53622.78,1057.32,0.0,conventional,2016,RichmondNorfolk
2015-09-06,0.98,252853.41,72054.13,112958.68,19484.71,48355.89,48304.3,48.89,2.7,conventional,2015,RichmondNorfolk
2015-11-15,0.94,198934.23,57421.46,101470.66,9940.86,30101.25,29466.63,634.62,0.0,conventional,2015,RichmondNorfolk
2016-05-01,0.95,283660.1,67526.83,132271.16,6670.54,77191.57,77132.4,2.67,56.5,conventional,2016,RichmondNorfolk
2015-12-13,0.98,174380.77,57804.67,75113.57,7096.7,34365.83,34365.83,0.0,0.0,conventional,2015,RichmondNorfolk
2016-02-28,1.04,230260.29,68025.31,107712.33,6324.86,48197.79,47964.52,233.27,0.0,conventional,2016,RichmondNorfolk
2016-01-03,0.96,235618.91,79192.25,102411.75,8338.6,45676.31,45411.45,264.86,0.0,conventional,2016,RichmondNorfolk
2017-03-26,1.26,258325.55,79200.67,90219.05,2473.42,86432.41,85387.4,695.01,350.0,conventional,2017,RichmondNorfolk
2015-03-15,1.16,210124.43,66591.48,87711.9,11621.92,44199.13,44199.13,0.0,0.0,conventional,2015,RichmondNorfolk
2016-12-04,1.18,183871.72,82393.63,49249.33,2714.51,49514.25,49474.25,40.0,0.0,conventional,2016,RichmondNorfolk
2015-10-11,1.01,192231.47,61756.93,85083.67,16004.59,29386.28,28741.43,617.78,27.07,conventional,2015,RichmondNorfolk
2018-03-11,1.0,345645.83,95991.36,94894.74,1776.1,152983.63,139363.88,13327.83,291.92,conventional,2018,RichmondNorfolk
2015-01-18,1.18,179038.39,54459.4,66963.59,9958.28,47657.12,36798.65,10858.47,0.0,conventional,2015,RichmondNorfolk
2016-03-27,1.02,233604.1,61031.43,109864.33,4986.56,57721.78,57703.09,5.34,13.35,conventional,2016,RichmondNorfolk
2016-06-19,0.99,278178.65,67619.73,122627.22,15409.3,72522.4,67694.0,83.4,4745.0,conventional,2016,RichmondNorfolk
2017-08-20,1.33,224102.83,51667.62,76235.53,1638.15,94561.53,84245.95,5869.87,4445.71,conventional,2017,RichmondNorfolk
2017-08-27,1.38,215394.7,47758.49,75623.15,1559.71,90453.35,86399.49,3209.24,844.62,conventional,2017,RichmondNorfolk
2015-11-29,0.99,140939.78,46757.26,65442.13,5499.99,23240.4,23240.4,0.0,0.0,conventional,2015,RichmondNorfolk
2017-12-24,1.19,206250.4,49403.62,70977.27,1201.14,84668.37,75698.7,8969.67,0.0,conventional,2017,RichmondNorfolk
2016-07-03,0.99,305399.4,89753.36,116413.77,14142.27,85090.0,77055.0,0.0,8035.0,conventional,2016,RichmondNorfolk
2016-04-03,1.03,189989.18,58169.25,74249.46,5176.88,52393.59,52393.59,0.0,0.0,conventional,2016,RichmondNorfolk
2015-12-27,0.98,161577.6,46837.66,67974.89,5986.26,40778.79,40770.1,3.44,5.25,conventional,2015,RichmondNorfolk
2015-04-19,1.1,231641.21,75898.29,91143.24,10864.49,53735.19,53008.05,727.14,0.0,conventional,2015,RichmondNorfolk
