Regression/datasets/filtered_avocados.csv
Date,AveragePrice,Total Volume,4046,4225,4770,Total Bags,Small Bags,Large Bags,XLarge Bags,type,year,region
2017-07-16,1.33,32455047.11,11155465.9,11202844.97,756103.12,9340633.12,6514899.46,2499385.51,326348.15,conventional,2017,TotalUS
2017-02-12,0.87,41077470.65,15051951.54,12184188.37,862322.15,12979008.59,9922489.84,2919324.45,137194.3,conventional,2017,TotalUS
2015-08-16,1.05,31936856.18,12680252.48,12998327.25,1143364.58,5114911.87,4342839.06,703542.1,68530.71,conventional,2015,TotalUS
2016-09-18,1.15,31346091.46,11337829.1,9481313.14,486187.39,10040761.83,7649502.34,2311262.99,79996.5,conventional,2016,TotalUS
2015-11-29,0.99,22617999.38,8094803.56,9003178.41,731008.41,4789009.0,3901953.04,856560.34,30495.62,conventional,2015,TotalUS
2018-03-11,1.09,40449603.12,14089091.05,10758039.45,707578.82,14894893.8,11392828.89,3229556.62,272508.29,conventional,2018,TotalUS
2015-08-23,1.08,29699845.61,11283021.31,12551529.7,909284.22,4956010.38,4318010.6,612362.43,25637.35,conventional,2015,TotalUS
2016-01-03,0.86,38142088.04,11616506.17,16054083.86,1560068.62,8911429.39,6464895.83,2287449.76,159083.8,conventional,2016,TotalUS
2017-08-13,1.33,32817254.13,10952703.84,11154310.29,624963.41,10085276.59,6687661.77,3118889.17,278725.65,conventional,2017,TotalUS
2015-06-21,1.02,35734613.9,14699604.93,13244466.6,1326422.56,6464119.81,5517909.51,898027.46,48182.84,conventional,2015,TotalUS
2016-02-07,0.76,52288697.89,16573573.78,20470572.61,2546439.11,12698112.39,9083373.04,3373077.87,241661.48,conventional,2016,TotalUS
2015-11-15,0.92,28597756.27,9907981.27,11699787.51,815641.54,6174345.95,4854619.04,1283546.73,36180.18,conventional,2015,TotalUS
2016-01-24,0.95,32787079.21,7020459.0,14054367.5,1440380.36,10271872.35,7438489.6,2668368.01,165014.74,conventional,2016,TotalUS
2017-04-23,1.18,35729013.92,12236713.41,10224484.11,613507.38,12654309.02,9051466.83,3434846.78,167995.41,conventional,2017,TotalUS
2016-01-17,0.94,34426341.87,10036597.84,13832256.04,1419405.62,9138082.37,6846324.06,2228420.91,63337.4,conventional,2016,TotalUS
2017-06-18,1.18,38247669.33,12975373.48,11199448.6,807107.21,13265740.04,9650858.66,3267491.24,347390.14,conventional,2017,TotalUS
2017-03-26,1.24,32555119.32,11737559.6,9664310.82,611105.54,10542143.36,8498317.81,1844371.94,199453.61,conventional,2017,TotalUS
2017-06-25,1.17,37305307.68,12901031.63,10805961.74,655965.98,12942348.33,9462413.18,3202253.91,277681.24,conventional,2017,TotalUS
2016-12-04,1.0,31621221.9,11043350.9,9908982.97,428009.84,10240878.19,7187022.58,2988504.98,65350.63,conventional,2016,TotalUS
2017-05-07,1.09,47293921.6,17076650.82,13549102.59,863471.88,15804696.31,11228049.63,4324231.19,252415.49,conventional,2017,TotalUS
2015-04-12,1.02,32046401.64,14793354.18,11210544.11,807942.41,5234560.94,4400469.38,826567.05,7524.51,conventional,2015,TotalUS
2018-01-07,1.13,36703156.72,13730992.75,10781339.21,677714.86,11513109.9,8231766.23,3130919.1,150424.57,conventional,2018,TotalUS
2015-11-22,0.96,25114228.11,8571849.8,10389879.59,804662.83,5347835.89,4178583.45,1137229.84,32022.6,conventional,2015,TotalUS
2017-09-10,1.56,26385081.36,9496485.27,8373234.08,487926.52,8027435.49,6035666.24,1818832.48,172936.77,conventional,2017,TotalUS
2017-11-05,1.19,32051594.24,11042128.27,9774987.75,400250.97,10834227.25,7470394.42,3275463.49,88369.34,conventional,2017,TotalUS
2015-05-03,0.96,41291704.39,17787611.93,16602589.04,1118329.5,5783173.92,4647155.48,1110987.23,25031.21,conventional,2015,TotalUS
2015-09-13,1.83,135524.9,39528.09,48060.97,51.1,47884.74,4197.01,43687.73,0.0,organic,2015,West
2016-07-17,1.85,179798.46,51709.18,80874.26,91.31,47123.71,23318.33,23805.38,0.0,organic,2016,West
2015-08-02,1.81,160585.07,67553.3,54445.94,90.26,38495.57,3645.87,34849.7,0.0,organic,2015,West
2017-09-10,2.46,149611.1,21079.04,30452.07,74.05,98005.94,61940.51,35933.2,132.23,organic,2017,West
2016-03-27,1.39,208015.17,34897.61,73832.59,73.54,99211.43,24069.73,75141.7,0.0,organic,2016,West
2015-12-27,1.46,142710.36,29880.32,48416.71,38.63,64374.7,17464.54,46910.16,0.0,organic,2015,West
2016-06-05,1.58,195651.71,58162.59,111261.31,629.91,25597.9,17579.09,8018.81,0.0,organic,2016,West
2016-10-09,1.68,126192.84,30116.28,33882.82,189.03,62004.71,29570.26,32434.45,0.0,organic,2016,West
2017-10-15,2.08,174251.28,31939.47,25749.52,162.84,116399.45,77304.07,39087.96,7.42,organic,2017,West
2017-01-29,1.29,205843.17,38850.43,44464.74,109.61,122418.39,37767.77,84650.62,0.0,organic,2017,West
2016-11-20,1.66,171623.92,33916.58,38582.41,31.05,99093.88,27888.84,71205.04,0.0,organic,2016,West
2018-03-25,1.6,271723.08,26996.28,77861.39,117.56,166747.85,87108.0,79495.39,144.46,organic,2018,West
2015-05-17,1.49,229340.78,106530.27,76060.75,59.03,46690.73,12622.36,34068.37,0.0,organic,2015,West
2017-11-26,1.76,177222.64,19932.06,35313.11,178.4,121799.07,56364.39,65168.89,265.79,organic,2017,West
2017-12-31,1.48,229477.07,26883.07,53165.3,86.61,149342.09,66254.72,82977.6,109.77,organic,2017,West
2015-06-07,1.74,192122.01,81830.79,74180.44,122.03,35988.75,7351.98,28636.77,0.0,organic,2015,West
2018-01-21,1.83,189317.99,27049.44,33561.32,439.47,128267.76,76091.99,51947.5,228.27,organic,2018,West
2017-02-05,1.15,227693.33,35703.61,46107.73,71.74,145810.25,41936.54,103873.71,0.0,organic,2017,West
2015-08-30,1.54,220337.3,50269.47,112276.32,45.76,57745.75,5954.54,51791.21,0.0,organic,2015,West
2018-02-18,1.64,224798.6,30149.0,38800.64,123.13,155725.83,120428.13,35257.73,39.97,organic,2018,West
2016-11-13,1.81,160864.58,27341.41,52348.72,72.26,81102.19,34945.74,46156.45,0.0,organic,2016,West
2016-09-04,1.61,177083.68,42575.46,60202.23,527.53,73778.46,37977.13,35801.33,0.0,organic,2016,West
2016-12-11,1.34,163585.07,31859.03,32090.48,64.88,99570.68,24023.81,75546.87,0.0,organic,2016,West
2016-02-21,1.37,163120.64,22049.09,50654.13,60.78,90356.64,45278.4,45078.24,0.0,organic,2016,West
2015-02-15,1.58,166334.97,60976.33,72229.53,104.93,33024.18,7284.44,25739.74,0.0,organic,2015,West
2016-04-17,1.31,250678.16,32114.27,89178.52,155.12,129230.25,64711.23,64519.02,0.0,organic,2016,West
2017-04-23,1.26,296559.24,43410.75,50687.37,368.72,202092.4,92126.06,109966.34,0.0,organic,2017,West
2017-09-03,2.52,143490.06,19509.0,32862.27,50.28,91068.51,51643.01,39324.06,101.44,organic,2017,West
2017-08-06,2.1,178606.86,42641.59,42953.57,315.01,92696.69,56820.93,35875.76,0.0,organic,2017,West
2016-05-08,1.08,291268.76,49339.11,99082.98,5756.76,137089.91,20696.46,116393.45,0.0,organic,2016,West
2015-09-27,1.65,143436.75,35384.41,51664.23,55.05,56333.06,2226.01,54107.05,0.0,organic,2015,West
2018-01-07,1.48,297190.6,34734.97,62967.74,157.77,199330.12,103761.55,95544.39,24.18,organic,2018,West
2015-04-05,1.69,194132.3,69519.19,82145.27,78.72,42389.12,8993.07,33396.05,0.0,organic,2015,West
2016-08-21,1.82,144812.23,43598.18,50611.87,104.26,50497.92,31310.25,19187.67,0.0,organic,2016,West
2017-10-01,2.45,122625.26,16845.73,24294.75,25.18,81459.6,44948.19,36434.83,76.58,organic,2017,West
2015-03-29,1.54,263845.02,71334.94,151939.31,36.04,40534.73,6885.37,33649.36,0.0,organic,2015,West
2017-08-27,2.51,154828.39,23404.34,32438.46,68.4,98917.19,65124.7,33792.49,0.0,organic,2017,West
2017-08-13,2.24,157709.51,26941.72,37508.97,108.24,93150.58,56351.71,36794.47,4.4,organic,2017,West
2016-08-07,1.7,177284.38,49438.88,53061.67,94.46,74689.37,39122.15,35567.22,0.0,organic,2016,West
2015-08-16,1.67,214374.59,58956.38,90741.76,17.51,64658.94,6931.2,57727.74,0.0,organic,2015,West
2016-10-02,1.59,139393.05,29390.8,31959.14,43.19,77999.92,20453.89,57546.03,0.0,organic,2016,West
2015-08-09,1.0,272464.74,171948.43,10121.42,11932.03,78462.86,71332.39,7130.47,0.0,conventional,2015,NewOrleansMobile
2017-05-21,1.36,252110.25,155348.21,27177.19,345.91,69238.94,46750.78,10833.16,11655.0,conventional,2017,NewOrleansMobile
2016-11-13,1.26,225721.51,133593.96,30401.95,102.91,61622.69,45125.04,15814.59,683.06,conventional,2016,NewOrleansMobile
2016-05-29,0.85,300077.74,167413.0,47486.01,355.33,84823.4,65115.76,14412.64,5295.0,conventional,2016,NewOrleansMobile
2015-07-26,1.03,258960.17,171672.53,10443.49,12343.88,64500.27,61569.83,2930.44,0.0,conventional,2015,NewOrleansMobile
2015-01-11,0.97,239232.35,165505.1,10680.54,231.54,62815.17,59593.91,3221.26,0.0,conventional,2015,NewOrleansMobile
2017-12-10,1.06,251601.16,144316.93,21840.9,1803.0,83640.33,71291.13,11513.64,835.56,conventional,2017,NewOrleansMobile
2017-10-29,1.11,277437.66,169106.09,21885.18,1787.0,84659.39,72752.65,11155.63,751.11,conventional,2017,NewOrleansMobile
2015-04-26,0.96,265739.79,179543.83,9195.1,288.0,76712.86,72727.69,3985.17,0.0,conventional,2015,NewOrleansMobile
2017-12-17,1.03,251753.79,151885.76,18381.27,1505.0,79981.76,68849.84,10321.92,810.0,conventional,2017,NewOrleansMobile
2017-09-17,1.62,219275.21,136981.14,25106.49,108.0,57079.58,46789.06,10177.19,113.33,conventional,2017,NewOrleansMobile
2016-02-21,0.89,263057.19,142078.71,31665.87,322.0,88990.61,71315.06,17675.55,0.0,conventional,2016,NewOrleansMobile
2016-04-03,0.89,316709.44,183584.86,29117.49,4574.45,99432.64,80521.66,18910.98,0.0,conventional,2016,NewOrleansMobile
2016-03-27,0.94,263581.97,138523.24,31627.14,1281.63,92149.96,79866.18,12283.78,0.0,conventional,2016,NewOrleansMobile
2015-11-08,0.96,197713.69,122265.65,21552.54,692.39,53203.11,49206.68,3996.43,0.0,conventional,2015,NewOrleansMobile
2017-09-10,1.62,217336.35,123071.39,24260.85,164.0,69840.11,59451.56,5951.88,4436.67,conventional,2017,NewOrleansMobile
2017-10-01,1.72,227535.41,132184.69,21112.28,9.0,74229.44,61436.17,12793.27,0.0,conventional,2017,NewOrleansMobile
2015-11-15,0.98,195780.23,113570.58,21747.26,335.0,60127.39,56099.0,4028.39,0.0,conventional,2015,NewOrleansMobile
2017-05-07,1.02,423839.41,261367.48,53102.06,220.92,109148.95,86740.85,17223.1,5185.0,conventional,2017,NewOrleansMobile
2016-06-05,0.89,291490.49,176829.29,26539.09,557.45,87564.66,59274.56,15485.38,12804.72,conventional,2016,NewOrleansMobile
2015-08-02,1.04,248670.72,157656.04,8025.5,11763.0,71226.18,66186.24,5015.77,24.17,conventional,2015,NewOrleansMobile
2016-05-01,0.58,564738.86,341116.17,60230.81,1500.12,161891.76,118421.93,43469.83,0.0,conventional,2016,NewOrleansMobile
2015-04-12,0.97,235709.99,168050.37,7155.35,294.0,60210.27,53843.01,6367.26,0.0,conventional,2015,NewOrleansMobile
2017-09-03,1.57,227168.31,129857.31,26734.97,290.73,70285.3,56267.76,9259.77,4757.77,conventional,2017,NewOrleansMobile
2015-07-05,1.01,297481.36,185225.73,9201.65,15050.73,88003.25,81157.38,6839.81,6.06,conventional,2015,NewOrleansMobile
2015-03-15,1.09,233696.32,159683.23,11363.11,183.95,62466.03,58352.29,4113.74,0.0,conventional,2015,NewOrleansMobile
2015-08-23,1.04,240560.86,152247.87,18687.77,2886.6,66738.62,61777.91,4942.58,18.13,conventional,2015,NewOrleansMobile
2018-02-11,0.97,289527.53,174271.9,18425.78,1971.0,94858.85,82271.42,12267.43,320.0,conventional,2018,NewOrleansMobile
2017-04-30,1.32,301447.98,193112.77,28592.77,251.05,79491.39,60607.72,10988.67,7895.0,conventional,2017,NewOrleansMobile
2015-06-21,0.93,293734.93,182416.44,8803.83,7161.74,95352.92,86878.25,8474.67,0.0,conventional,2015,NewOrleansMobile
2016-05-22,0.96,271554.45,152790.74,32548.05,495.61,85720.05,67298.09,13429.74,4992.22,conventional,2016,NewOrleansMobile
2016-08-28,1.02,309238.91,171213.5,49486.31,363.52,88175.58,64573.67,16041.91,7560.0,conventional,2016,NewOrleansMobile
2015-10-04,1.0,222488.23,133195.58,20601.83,1171.5,67519.32,59907.03,7612.29,0.0,conventional,2015,NewOrleansMobile
2016-10-30,1.48,163510.83,71230.82,22081.11,373.58,69825.32,43587.37,16789.62,9448.33,conventional,2016,NewOrleansMobile
2015-04-05,0.99,237821.61,166893.13,7766.84,250.0,62911.64,57555.16,5167.59,188.89,conventional,2015,NewOrleansMobile
2015-02-15,1.02,230069.01,155288.64,11863.71,253.04,62663.62,60468.24,2195.38,0.0,conventional,2015,NewOrleansMobile
2016-06-26,1.05,267116.01,137323.53,37595.55,396.04,91800.89,73510.29,9280.6,9010.0,conventional,2016,NewOrleansMobile
2017-03-05,1.13,254912.18,134356.15,50228.72,184.0,70143.31,55427.21,8536.1,6180.0,conventional,2017,NewOrleansMobile
2017-10-08,1.34,328829.92,207980.89,24630.11,31.1,96187.82,82449.13,13738.69,0.0,conventional,2017,NewOrleansMobile
2017-05-14,1.35,241194.43,139087.23,25294.95,347.82,76464.43,49414.09,10375.34,16675.0,conventional,2017,NewOrleansMobile
2017-03-26,1.33,5073070.91,1693588.76,1542979.33,138133.01,1698369.81,1629800.46,1991.84,66577.51,conventional,2017,California
2016-05-01,0.75,7661483.37,2817406.2,2628579.48,291448.73,1924048.96,1421239.87,485685.06,17124.03,conventional,2016,California
2017-05-21,1.35,5599003.03,2077113.57,1627754.26,137755.31,1756379.89,1685046.63,3942.61,67390.65,conventional,2017,California
2016-10-02,1.19,5652496.31,2359102.44,1664176.22,121961.08,1507256.57,1420423.91,58294.32,28538.34,conventional,2016,California
2017-05-07,1.08,7872203.23,2851510.24,2470795.47,150595.46,2399302.06,2314634.27,3601.53,81066.26,conventional,2017,California
2017-05-14,1.17,6370622.3,2375685.35,1570244.89,134825.51,2289866.55,2216400.16,4798.87,68667.52,conventional,2017,California
2016-04-24,0.84,6933382.4,2507347.38,2355998.94,325242.94,1744793.14,1467255.26,257014.51,20523.37,conventional,2016,California
2017-09-10,1.71,4380657.13,1677368.14,1599511.35,141899.49,961878.15,904618.47,19579.65,37680.03,conventional,2017,California
2015-07-19,1.18,5225200.52,2805887.74,1629871.75,188207.47,601233.56,577736.96,20673.8,2822.8,conventional,2015,California
2016-10-16,1.4,4878037.64,1635631.14,1600568.32,108458.09,1533380.09,1423671.38,73117.52,36591.19,conventional,2016,California
2017-06-11,1.22,6177216.24,2302944.62,1517908.04,188258.15,2168105.43,2095827.24,5598.97,66679.22,conventional,2017,California
2016-10-30,1.68,3139833.5,1126017.42,1186843.99,92064.47,734907.62,686375.28,25241.6,23290.74,conventional,2016,California
2017-12-17,0.98,6205211.05,1901831.08,2877209.2,115250.14,1310920.63,1229946.93,21220.86,59752.84,conventional,2017,California
2017-01-01,0.89,7175276.66,2266313.37,2877688.31,90899.53,1940375.45,1762033.74,151333.95,27007.76,conventional,2017,California
2015-10-25,1.12,4592461.81,1733791.31,2025016.15,215622.63,618031.72,606392.86,7596.27,4042.59,conventional,2015,California
2017-11-19,1.26,4782021.0,1879513.0,1360694.0,107055.0,1434759.0,1328429.0,47615.0,58715.0,conventional,2017,California
2016-12-11,0.9,5526646.12,1638639.18,2137290.51,96836.26,1653880.17,1451475.99,177399.8,25004.38,conventional,2016,California
2016-01-03,0.73,7730431.28,2315175.35,2856102.41,257268.16,2301885.36,1950428.5,340852.13,10604.73,conventional,2016,California
2015-07-26,1.13,5557616.27,3112921.78,1636659.9,209427.05,598607.54,590750.1,5181.16,2676.28,conventional,2015,California
2017-02-26,0.95,6342089.92,2193499.5,2038284.77,155642.35,1954663.3,1870562.62,42309.14,41791.54,conventional,2017,California
2015-05-31,0.98,6236903.31,3620440.35,1826496.62,209443.33,580523.01,554224.64,23083.08,3215.29,conventional,2015,California
2017-01-15,0.93,6656554.36,2075029.62,2450277.12,95137.62,2036110.0,1910596.03,99912.91,25601.06,conventional,2017,California
2017-09-17,1.72,4167531.38,1571529.56,1556655.98,128019.39,911326.45,860705.01,18473.03,32148.41,conventional,2017,California
2015-02-22,0.96,5951871.32,3210177.22,1933699.49,172675.88,635318.73,596184.9,36940.51,2193.32,conventional,2015,California
2015-03-22,1.06,5571812.77,2348618.25,2314393.94,195791.46,713009.12,681403.86,30058.97,1546.29,conventional,2015,California
2016-02-21,0.89,6374019.03,1776499.0,2073957.12,267508.94,2256053.97,2073467.05,167309.24,15277.68,conventional,2016,California
2015-01-11,0.92,6024932.34,2889591.29,2485720.1,103573.42,546047.53,510560.41,31874.03,3613.09,conventional,2015,California
2017-03-19,1.31,5328958.01,1857645.04,1555271.43,143586.99,1772454.55,1709046.29,5147.16,58261.1,conventional,2017,California
2015-09-06,1.09,5806392.78,2859325.91,2077193.6,240185.0,629688.27,591629.83,33545.37,4513.07,conventional,2015,California
