Regression/datasets/filtered_avocados.csv
Date,AveragePrice,Total Volume,4046,4225,4770,Total Bags,Small Bags,Large Bags,XLarge Bags,type,year,region
2017-03-19,1.79,639050.82,185340.18,358216.27,6446.38,89047.99,87289.79,342.06,1416.14,conventional,2017,SanFrancisco
2016-08-28,1.38,812410.86,258578.88,469333.14,13522.19,70976.65,68675.23,990.31,1311.11,conventional,2016,SanFrancisco
2016-08-14,1.03,1114834.28,266260.92,757100.85,31009.27,60463.24,58400.39,900.35,1162.5,conventional,2016,SanFrancisco
2015-07-26,1.58,628331.04,150230.79,366576.34,32096.3,79427.61,78533.8,893.81,0.0,conventional,2015,SanFrancisco
2016-05-29,1.34,891069.03,304281.47,462079.65,52673.73,72034.18,70154.87,676.56,1202.75,conventional,2016,SanFrancisco
2017-04-30,1.93,612104.34,151929.31,369058.38,4331.73,86784.92,84446.16,671.26,1667.5,conventional,2017,SanFrancisco
2016-07-17,1.46,804071.94,200748.22,481290.68,43042.94,78990.1,77461.44,106.44,1422.22,conventional,2016,SanFrancisco
2017-06-25,1.53,874937.71,196221.86,568576.84,18879.86,91259.15,86302.01,1532.97,3424.17,conventional,2017,SanFrancisco
2015-10-11,1.58,564456.6,106180.64,351965.39,33512.19,72798.38,72030.82,735.56,32.0,conventional,2015,SanFrancisco
2018-03-25,1.01,1203274.11,198289.36,895797.12,2202.74,106984.89,103033.73,186.2,3764.96,conventional,2018,SanFrancisco
2016-12-25,1.18,690027.33,164595.96,462872.97,2525.58,60032.82,52277.99,7459.83,295.0,conventional,2016,SanFrancisco
2015-04-19,1.23,818816.7,134592.31,584922.85,25208.79,74092.75,72532.18,1560.57,0.0,conventional,2015,SanFrancisco
2017-10-15,1.76,671239.19,120680.92,461963.1,3144.56,85450.61,84850.23,231.37,369.01,conventional,2017,SanFrancisco
2017-09-03,1.78,667860.21,151679.5,421880.84,4061.05,90238.82,88850.91,76.81,1311.1,conventional,2017,SanFrancisco
2017-11-19,1.48,657693.0,195380.0,366968.0,1909.0,93436.0,91293.0,128.0,2015.0,conventional,2017,SanFrancisco
2017-08-13,1.29,821395.74,164086.95,569847.08,9914.9,77546.81,72666.82,1062.21,3817.78,conventional,2017,SanFrancisco
2016-01-03,0.93,918798.74,204501.46,593429.62,32339.95,88527.71,88155.48,372.23,0.0,conventional,2016,SanFrancisco
2016-10-30,2.2,477937.8,130025.36,285048.2,3399.09,59465.15,57223.44,269.21,1972.5,conventional,2016,SanFrancisco
2016-02-14,1.34,696959.32,200199.01,357790.26,39859.46,99110.59,98394.37,688.22,28.0,conventional,2016,SanFrancisco
2015-09-06,1.54,646810.2,154276.07,384033.22,30732.28,77768.63,76963.49,805.14,0.0,conventional,2015,SanFrancisco
2015-10-25,1.55,561342.23,126498.63,334051.96,31358.89,69432.75,68582.18,812.22,38.35,conventional,2015,SanFrancisco
2018-03-11,1.29,904333.98,270255.15,434279.15,2517.79,197281.89,193813.92,196.57,3271.4,conventional,2018,SanFrancisco
2015-08-30,1.53,649891.92,177166.44,364371.17,28647.61,79706.7,78843.03,863.67,0.0,conventional,2015,SanFrancisco
2016-12-11,1.29,655428.34,134467.78,447891.73,2861.59,70207.24,58673.9,10578.62,954.72,conventional,2016,SanFrancisco
2016-07-10,1.4,842731.76,249271.4,458731.12,43916.46,90812.78,88916.37,689.47,1206.94,conventional,2016,SanFrancisco
2017-11-12,1.27,875104.0,289970.0,496390.0,2439.0,86306.0,84463.0,73.0,1770.0,conventional,2017,SanFrancisco
2018-03-18,1.38,777300.99,215279.75,435108.21,2698.44,124214.59,119694.95,92.29,4427.35,conventional,2018,SanFrancisco
2015-09-20,1.56,578500.76,94105.15,380999.77,33739.89,69655.95,68664.57,946.67,44.71,conventional,2015,SanFrancisco
2015-06-28,1.54,646324.68,154423.58,377054.83,29603.67,85242.6,84459.27,783.33,0.0,conventional,2015,SanFrancisco
2016-10-09,1.82,673082.26,163264.54,409307.88,9771.72,90738.12,89663.48,1055.05,19.59,conventional,2016,SanFrancisco
2015-11-01,0.97,869927.27,214932.11,563719.33,31481.92,59793.91,58929.19,845.56,19.16,conventional,2015,SanFrancisco
2017-08-20,2.07,561541.93,147449.96,304989.35,10147.53,98955.09,94445.66,932.19,3577.24,conventional,2017,SanFrancisco
2016-02-28,1.29,824092.61,238542.45,445285.06,39537.9,100727.2,99966.0,745.56,15.64,conventional,2016,SanFrancisco
2016-05-15,1.22,474934.47,14393.49,313358.88,10279.83,136902.27,121275.31,15195.02,431.94,conventional,2016,Philadelphia
2017-08-27,1.68,370286.98,45068.5,196136.69,604.27,128477.52,117020.86,11204.43,252.23,conventional,2017,Philadelphia
2015-09-27,1.25,368779.77,14983.22,255352.91,497.49,97946.15,82669.93,15276.22,0.0,conventional,2015,Philadelphia
2017-07-16,1.51,381469.09,42039.06,224289.93,513.38,114626.72,105159.06,6522.1,2945.56,conventional,2017,Philadelphia
2017-10-15,1.64,368965.61,44235.03,197307.19,235.29,127188.1,110631.92,16556.18,0.0,conventional,2017,Philadelphia
2015-10-18,1.06,496236.63,14369.89,388376.48,819.38,92670.88,83101.65,9569.23,0.0,conventional,2015,Philadelphia
2016-12-04,1.54,301329.5,12336.39,195612.1,845.53,92535.48,86813.13,5539.85,182.5,conventional,2016,Philadelphia
2015-04-12,1.44,335389.56,15208.07,210183.29,1217.98,108780.22,95743.68,13036.54,0.0,conventional,2015,Philadelphia
2018-01-07,1.56,408203.49,22384.92,239185.79,407.29,146225.49,114764.69,31460.8,0.0,conventional,2018,Philadelphia
2018-03-11,1.32,486492.24,45869.8,237689.35,297.86,202635.23,177287.22,23394.68,1953.33,conventional,2018,Philadelphia
2015-04-19,1.43,389414.29,16585.73,242740.8,1309.62,128778.14,110321.07,18457.07,0.0,conventional,2015,Philadelphia
2016-03-27,1.29,417870.83,17180.94,254821.3,500.98,145367.61,135645.71,9721.9,0.0,conventional,2016,Philadelphia
2015-12-20,1.33,306843.13,9646.13,198361.8,532.68,98302.52,88587.5,9715.02,0.0,conventional,2015,Philadelphia
2016-01-17,1.14,492565.69,15195.3,340075.76,2771.59,134523.04,124208.71,10314.33,0.0,conventional,2016,Philadelphia
2017-07-09,1.59,406120.55,44522.78,225551.84,494.66,135551.27,111684.04,18000.56,5866.67,conventional,2017,Philadelphia
2017-04-23,1.66,363689.09,34157.54,208134.75,416.47,120980.33,105813.24,15167.09,0.0,conventional,2017,Philadelphia
2016-11-27,1.57,279131.45,10693.47,180338.49,859.82,87239.67,82183.54,5056.13,0.0,conventional,2016,Philadelphia
2016-11-20,1.57,328557.17,13380.98,207065.15,1486.67,106624.37,101912.73,4632.47,79.17,conventional,2016,Philadelphia
2017-02-19,1.37,369284.51,29184.0,205018.24,1022.62,134059.65,125901.76,7863.07,294.82,conventional,2017,Philadelphia
2017-07-30,1.47,404029.77,36123.33,238811.54,1343.6,127751.3,117153.23,9611.12,986.95,conventional,2017,Philadelphia
2017-06-18,1.75,380239.79,41177.89,219693.6,586.19,118782.11,95067.36,20864.75,2850.0,conventional,2017,Philadelphia
2016-01-24,1.34,448784.3,12982.99,287750.87,692.47,147357.97,134138.57,13219.4,0.0,conventional,2016,Philadelphia
2016-04-03,1.28,370753.84,17215.14,231664.58,409.68,121464.44,112323.24,9141.2,0.0,conventional,2016,Philadelphia
2017-12-31,1.35,334783.58,17238.97,210750.82,276.38,106517.41,79090.96,27426.45,0.0,conventional,2017,Philadelphia
2017-02-05,1.28,645655.16,77182.34,383060.06,58041.56,127371.2,111889.17,13700.39,1781.64,conventional,2017,Philadelphia
2015-11-08,1.27,374933.8,13866.99,268320.02,479.7,92267.09,76143.42,16123.67,0.0,conventional,2015,Philadelphia
2015-11-01,1.13,559566.5,15179.56,453729.65,570.57,90086.72,78873.23,11206.74,6.75,conventional,2015,Philadelphia
2016-09-18,1.41,403065.41,47548.6,167573.19,747.71,187195.91,177935.1,9260.81,0.0,conventional,2016,Philadelphia
2016-07-03,1.47,427325.17,14355.22,219161.41,25016.94,168791.6,151090.57,10879.62,6821.41,conventional,2016,Philadelphia
2018-02-18,1.24,443312.68,67616.46,233345.32,236.22,142114.68,117913.98,22366.81,1833.89,conventional,2018,Philadelphia
2018-03-18,1.33,471175.79,44696.37,241775.09,334.21,184370.12,169602.85,12962.83,1804.44,conventional,2018,Philadelphia
2017-01-15,1.44,435740.48,16847.12,282239.77,8983.4,127670.19,118443.27,9006.12,220.8,conventional,2017,Philadelphia
2015-02-22,1.36,348215.37,14876.71,214953.17,1353.67,117031.82,105513.5,11518.32,0.0,conventional,2015,Philadelphia
2015-01-11,1.38,315984.22,14323.61,198387.14,1715.41,101558.06,88980.0,12578.06,0.0,conventional,2015,Philadelphia
2016-04-17,1.17,366448.78,17062.27,199176.83,5216.56,144993.12,129029.56,15823.28,140.28,conventional,2016,Philadelphia
2016-04-24,1.17,504960.76,18439.3,329515.87,11453.06,145552.53,132114.06,13166.25,272.22,conventional,2016,Philadelphia
2015-01-25,1.34,27146.81,17038.27,9879.87,0.0,228.67,228.67,0.0,0.0,organic,2015,SanFrancisco
2015-03-29,1.55,28094.96,18872.86,9215.92,0.0,6.18,6.18,0.0,0.0,organic,2015,SanFrancisco
2017-07-30,2.14,10110.25,1825.73,3948.19,0.0,4336.33,4326.5,9.83,0.0,organic,2017,SanFrancisco
2017-08-27,3.0,19329.49,10517.41,7907.99,0.0,904.09,900.76,3.33,0.0,organic,2017,SanFrancisco
2016-04-17,2.33,25486.1,1308.2,22553.45,0.0,1624.45,1624.45,0.0,0.0,organic,2016,SanFrancisco
2017-11-26,2.06,15701.21,8640.78,6277.06,0.0,783.37,783.37,0.0,0.0,organic,2017,SanFrancisco
2015-04-05,1.55,26530.7,17104.69,9426.01,0.0,0.0,0.0,0.0,0.0,organic,2015,SanFrancisco
2016-07-10,2.32,29064.21,1759.68,25145.42,0.0,2159.11,2149.11,10.0,0.0,organic,2016,SanFrancisco
2016-02-07,1.93,26088.82,1240.75,24785.95,0.0,62.12,62.12,0.0,0.0,organic,2016,SanFrancisco
2017-10-29,2.09,19950.9,11099.63,8152.39,0.0,698.88,694.44,4.44,0.0,organic,2017,SanFrancisco
2015-05-10,1.48,33676.05,23021.28,10608.04,0.0,46.73,46.73,0.0,0.0,organic,2015,SanFrancisco
2017-02-12,2.59,19433.9,7271.61,8960.86,2.88,3198.55,3198.55,0.0,0.0,organic,2017,SanFrancisco
2017-05-21,2.65,22558.59,9604.14,10281.74,4.36,2668.35,2642.91,25.44,0.0,organic,2017,SanFrancisco
2015-11-15,2.02,17078.8,1082.9,15979.71,0.0,16.19,16.19,0.0,0.0,organic,2015,SanFrancisco
2015-07-26,2.75,15953.01,2892.83,13047.24,0.0,12.94,12.94,0.0,0.0,organic,2015,SanFrancisco
2016-09-18,2.39,23514.36,1244.2,20050.91,0.0,2219.25,2165.92,53.33,0.0,organic,2016,SanFrancisco
2015-06-21,1.95,23502.62,14256.0,9227.71,0.0,18.91,15.58,3.33,0.0,organic,2015,SanFrancisco
2015-06-07,1.96,22886.87,14837.87,8027.21,0.0,21.79,21.79,0.0,0.0,organic,2015,SanFrancisco
2015-02-22,1.39,37223.45,25492.53,11724.78,0.0,6.14,6.14,0.0,0.0,organic,2015,SanFrancisco
2015-01-18,1.27,41482.48,26336.41,14789.4,0.0,356.67,356.67,0.0,0.0,organic,2015,SanFrancisco
2017-09-10,2.05,28335.3,16389.89,11491.2,0.0,454.21,454.21,0.0,0.0,organic,2017,SanFrancisco
2015-08-23,2.71,15111.33,1808.29,13252.57,0.0,50.47,50.47,0.0,0.0,organic,2015,SanFrancisco
2016-02-21,2.38,21256.64,1145.81,20051.14,0.0,59.69,53.02,6.67,0.0,organic,2016,SanFrancisco
2017-04-23,2.56,21330.52,7818.54,10178.28,2.92,3330.78,3322.66,8.12,0.0,organic,2017,SanFrancisco
2016-01-17,1.95,18983.23,1127.33,17731.64,0.0,124.26,105.62,18.64,0.0,organic,2016,SanFrancisco
2015-01-11,1.12,29676.78,17907.49,11586.46,0.0,182.83,182.83,0.0,0.0,organic,2015,SanFrancisco
2017-03-12,2.9,17686.1,6727.84,7914.27,0.0,3043.99,3043.99,0.0,0.0,organic,2017,SanFrancisco
2017-01-01,2.54,19910.51,7268.66,10452.56,0.0,2189.29,2189.29,0.0,0.0,organic,2017,SanFrancisco
2018-02-18,2.25,21551.76,9721.38,9543.71,0.0,2286.67,2283.34,3.33,0.0,organic,2018,SanFrancisco
2015-07-19,2.36,19558.81,3893.65,15665.16,0.0,0.0,0.0,0.0,0.0,organic,2015,SanFrancisco
2016-04-03,2.3,24055.14,1124.32,21364.15,0.0,1566.67,1566.67,0.0,0.0,organic,2016,SanFrancisco
2015-08-02,2.76,13936.04,1762.59,12145.2,0.0,28.25,28.25,0.0,0.0,organic,2015,SanFrancisco
2017-01-22,2.03,20441.93,8435.86,9045.98,2.86,2957.23,2957.23,0.0,0.0,organic,2017,SanFrancisco
2017-10-22,2.08,18852.58,9739.13,7981.22,0.0,1132.23,1132.23,0.0,0.0,organic,2017,SanFrancisco
2017-03-26,2.83,20170.65,7369.03,9827.33,0.0,2974.29,2974.29,0.0,0.0,organic,2017,SanFrancisco
2018-01-28,2.27,20325.75,9368.06,8808.8,0.0,2148.89,2148.89,0.0,0.0,organic,2018,SanFrancisco
2017-05-28,2.73,24852.33,10640.43,10979.17,8.75,3223.98,3201.3,22.68,0.0,organic,2017,SanFrancisco
2017-02-26,2.52,18753.79,6707.73,8785.72,0.0,3260.34,3260.34,0.0,0.0,organic,2017,SanFrancisco
2017-07-16,2.4,14099.42,4163.34,5797.11,0.0,4138.97,4137.35,1.62,0.0,organic,2017,SanFrancisco
2015-01-04,1.18,22630.58,13175.57,9028.34,0.0,426.67,426.67,0.0,0.0,organic,2015,SanFrancisco
2017-12-17,2.1,17850.72,7411.52,8344.76,0.0,2094.44,2094.44,0.0,0.0,organic,2017,SanFrancisco
2015-09-20,2.79,15197.42,1209.92,13971.53,0.0,15.97,15.97,0.0,0.0,organic,2015,SanFrancisco
2015-02-01,1.55,1336.46,0.0,772.41,0.0,564.05,303.33,260.72,0.0,organic,2015,Louisville
2015-10-18,1.52,1696.6,20.5,1442.52,0.0,233.58,0.0,233.58,0.0,organic,2015,Louisville
2015-10-11,1.65,1243.4,11.54,988.31,0.0,243.55,0.0,243.55,0.0,organic,2015,Louisville
2017-02-26,0.77,5481.89,12.0,1257.03,0.0,4212.86,402.22,3810.64,0.0,organic,2017,Louisville
2017-11-26,1.63,2510.26,0.0,930.33,0.0,1579.93,1182.6,397.33,0.0,organic,2017,Louisville
2016-09-18,1.31,2194.01,5.22,1254.23,0.0,934.56,80.0,854.56,0.0,organic,2016,Louisville
2017-03-26,0.74,6459.97,15.0,1354.56,0.0,5090.41,385.56,4704.85,0.0,organic,2017,Louisville
2017-02-19,0.56,10571.3,0.0,1277.78,0.0,9293.52,287.77,9005.75,0.0,organic,2017,Louisville
2016-02-07,1.59,1259.46,7.32,890.84,0.0,361.3,83.33,277.97,0.0,organic,2016,Louisville
2016-05-08,1.47,1825.53,1.25,1161.26,0.0,663.02,115.48,547.54,0.0,organic,2016,Louisville
2018-01-21,1.6,4170.14,1.0,1008.63,0.0,3160.51,1596.03,1564.48,0.0,organic,2018,Louisville
2016-02-14,1.72,1023.51,31.66,831.75,0.0,160.1,16.67,143.43,0.0,organic,2016,Louisville
2017-01-01,1.59,1913.69,5.04,1395.31,0.0,513.34,513.34,0.0,0.0,organic,2017,Louisville
2017-03-19,0.95,4433.03,15.67,1395.21,0.0,3022.15,372.23,2649.92,0.0,organic,2017,Louisville
2017-01-15,1.6,1959.1,13.85,1318.58,0.0,626.67,626.67,0.0,0.0,organic,2017,Louisville
2015-08-16,1.52,2495.29,3.82,1866.45,0.0,625.02,243.33,381.69,0.0,organic,2015,Louisville
2017-02-05,1.36,2108.66,0.0,991.67,0.0,1116.99,441.11,675.88,0.0,organic,2017,Louisville
2015-07-26,1.03,2995.57,0.0,1295.04,0.0,1700.53,40.0,1660.53,0.0,organic,2015,Louisville
2016-12-18,1.23,2237.49,2.53,928.65,0.0,1306.31,433.33,872.98,0.0,organic,2016,Louisville
2015-01-25,1.68,1201.46,3.57,740.48,0.0,457.41,216.67,240.74,0.0,organic,2015,Louisville
2015-12-20,1.8,924.46,33.57,833.02,0.0,57.87,13.33,44.54,0.0,organic,2015,Louisville
2015-06-14,1.58,2093.17,17.42,1174.85,0.0,900.9,415.53,485.37,0.0,organic,2015,Louisville
2015-09-06,1.38,2450.75,52.43,1262.12,0.0,1136.2,440.0,696.2,0.0,organic,2015,Louisville
2016-07-10,1.25,3026.31,5.33,1700.78,0.0,1320.2,166.67,1153.53,0.0,organic,2016,Louisville
2018-03-25,1.46,4173.7,8.0,988.64,0.0,3177.06,2031.65,1145.41,0.0,organic,2018,Louisville
2017-11-05,1.7,3013.74,5.18,756.67,0.0,2251.89,1658.64,593.25,0.0,organic,2017,Louisville
2015-12-06,1.19,1391.25,15.13,868.57,0.0,507.55,0.0,507.55,0.0,organic,2015,Louisville
2017-03-12,0.65,7708.22,6.28,1361.74,0.0,6340.2,273.33,6066.87,0.0,organic,2017,Louisville
2017-01-22,1.31,2097.61,0.0,1006.17,0.0,1091.44,536.66,554.78,0.0,organic,2017,Louisville
2017-12-10,1.54,2491.03,0.0,723.86,0.0,1767.17,1109.76,657.41,0.0,organic,2017,Louisville
2015-09-13,1.69,1858.03,44.79,1311.84,0.0,501.4,286.67,214.73,0.0,organic,2015,Louisville
2017-05-07,1.48,3514.92,0.0,1570.14,0.0,1944.78,445.56,1499.22,0.0,organic,2017,Louisville
2015-09-27,1.79,1602.79,24.36,1309.08,0.0,269.35,206.67,62.68,0.0,organic,2015,Louisville
2015-07-05,1.49,2117.32,0.0,1260.34,0.0,856.98,246.67,610.31,0.0,organic,2015,Louisville
2018-01-14,1.54,3737.85,0.0,1199.91,0.0,2537.94,1769.94,768.0,0.0,organic,2018,Louisville
2017-08-06,1.73,3557.1,0.0,1226.78,0.0,2330.32,729.74,1600.58,0.0,organic,2017,Louisville
2015-01-04,1.48,1395.75,12.41,824.64,0.0,558.7,478.15,80.55,0.0,organic,2015,Louisville
2016-04-10,1.41,1886.22,4.9,1398.03,0.0,483.29,123.33,359.96,0.0,organic,2016,Louisville
2017-09-03,1.98,3581.73,7.74,1116.53,0.0,2457.46,835.36,1622.1,0.0,organic,2017,Louisville
2018-03-11,1.35,5905.79,1.3,1528.74,0.0,4375.75,2099.42,2276.33,0.0,organic,2018,Louisville
2016-06-26,1.24,3244.63,0.0,1754.77,0.0,1489.86,123.33,1366.53,0.0,organic,2016,Louisville
2016-12-11,1.16,1887.69,0.0,710.07,0.0,1177.62,363.34,814.28,0.0,organic,2016,Louisville
2017-07-30,1.56,4666.42,0.0,1153.38,0.0,3513.04,1403.33,2109.71,0.0,organic,2017,Louisville
