Regression/datasets/filtered_avocados.csv
Date,AveragePrice,Total Volume,4046,4225,4770,Total Bags,Small Bags,Large Bags,XLarge Bags,type,year,region
2017-10-22,1.57,343882.42,130818.62,123575.63,17091.4,72396.77,68339.07,4057.7,0.0,conventional,2017,SanDiego
2015-06-07,0.89,607468.04,378749.86,164367.13,13914.85,50436.2,46211.78,4224.42,0.0,conventional,2015,SanDiego
2017-05-14,1.08,556946.85,196722.52,132664.9,18988.93,208570.5,206313.02,90.47,2167.01,conventional,2017,SanDiego
2017-12-31,0.98,619699.65,199514.36,268431.96,15509.5,136243.83,129566.1,4704.4,1973.33,conventional,2017,SanDiego
2018-03-11,1.14,512155.1,165801.09,124279.19,16482.97,205591.85,197838.66,6495.41,1257.78,conventional,2018,SanDiego
2018-02-11,0.93,558926.47,222366.32,136214.59,16577.9,183767.66,175708.38,5873.73,2185.55,conventional,2018,SanDiego
2018-01-28,1.07,566134.81,168171.75,256042.84,16669.82,125250.4,118366.92,4446.82,2436.66,conventional,2018,SanDiego
2016-05-01,0.68,679213.01,221162.07,221265.53,23602.94,213182.47,57334.52,155614.62,233.33,conventional,2016,SanDiego
2015-11-29,0.91,385289.59,143861.4,140359.41,20206.16,80862.62,64857.94,16004.68,0.0,conventional,2015,SanDiego
2017-03-12,1.24,445311.34,157513.94,139859.05,22386.0,125552.35,122585.47,1039.66,1927.22,conventional,2017,SanDiego
2015-01-25,1.02,406591.11,217747.34,140456.68,13326.97,35060.12,30090.58,4708.25,261.29,conventional,2015,SanDiego
2016-10-02,1.09,534801.53,209855.65,131355.15,17065.91,176524.82,159927.44,15812.38,785.0,conventional,2016,SanDiego
2017-01-15,0.87,580190.82,156924.39,216675.95,14469.29,192121.19,168153.59,23244.82,722.78,conventional,2017,SanDiego
2017-07-02,1.23,584480.72,200562.02,165727.23,23222.54,194968.93,191413.75,47.57,3507.61,conventional,2017,SanDiego
2017-10-08,1.83,314828.77,114286.86,122377.33,21165.55,56999.03,52846.67,4152.36,0.0,conventional,2017,SanDiego
2017-12-24,1.17,397332.09,147688.05,120566.8,15186.18,113891.06,106944.5,4227.67,2718.89,conventional,2017,SanDiego
2017-02-05,0.63,892740.87,260418.91,290223.93,20313.95,321784.08,318872.23,2886.85,25.0,conventional,2017,SanDiego
2016-03-06,0.81,627397.71,160581.05,156090.46,22297.72,288428.48,218488.21,69940.27,0.0,conventional,2016,SanDiego
2016-03-13,0.84,567953.21,151219.73,139500.87,23806.29,253426.32,203378.55,50047.77,0.0,conventional,2016,SanDiego
2015-06-28,1.02,495309.23,295023.15,142348.73,15418.32,42519.03,37940.93,4578.1,0.0,conventional,2015,SanDiego
2016-01-17,0.79,561712.98,164565.34,190461.21,19123.62,187562.81,141951.66,45611.15,0.0,conventional,2016,SanDiego
2016-07-31,1.16,522678.71,156893.23,167605.98,18152.4,180027.1,156662.69,23324.41,40.0,conventional,2016,SanDiego
2017-08-20,1.65,379035.92,150962.01,110759.28,20546.29,96768.34,88428.12,6993.62,1346.6,conventional,2017,SanDiego
2016-11-06,1.68,292299.52,89364.77,128356.68,18569.63,56008.44,46336.06,8804.32,868.06,conventional,2016,SanDiego
2017-04-23,1.18,500367.63,156330.7,132449.49,25784.78,185802.66,184124.34,1068.32,610.0,conventional,2017,SanDiego
2017-10-01,1.78,321740.77,118114.48,122964.46,17450.03,63211.8,59173.54,4038.26,0.0,conventional,2017,SanDiego
2016-12-04,0.85,499144.04,214063.09,133318.88,15081.42,136680.65,128681.56,6275.12,1723.97,conventional,2016,SanDiego
2016-10-23,1.32,366026.91,127391.58,119290.35,13215.77,106129.21,91095.15,13109.95,1924.11,conventional,2016,SanDiego
2016-10-16,1.27,443367.98,133020.51,139616.39,14087.91,156643.17,137002.06,16987.77,2653.34,conventional,2016,SanDiego
2016-12-25,0.89,473730.19,118030.19,191754.65,14438.25,149507.1,125660.66,22080.88,1765.56,conventional,2016,SanDiego
2015-08-16,1.05,514202.63,281209.49,176899.01,16942.25,39151.88,38649.39,502.49,0.0,conventional,2015,SanDiego
2015-02-15,1.48,67813.61,7426.1,34306.93,4067.67,22012.91,18624.73,3388.18,0.0,organic,2015,Midsouth
2015-02-22,1.4,75957.01,15459.67,35943.26,4053.24,20500.84,18497.02,2003.82,0.0,organic,2015,Midsouth
2016-09-11,1.5,140233.78,2524.78,45647.58,2429.03,89632.39,55646.68,33985.71,0.0,organic,2016,Midsouth
2016-06-12,1.46,112023.04,3277.1,51346.96,2683.28,54715.7,31064.03,23651.67,0.0,organic,2016,Midsouth
2016-01-03,1.54,64689.53,3536.36,30191.49,2855.33,28106.35,12080.23,16026.12,0.0,organic,2016,Midsouth
2017-12-10,1.61,140885.3,3274.32,33387.67,675.89,103547.42,97646.59,5900.83,0.0,organic,2017,Midsouth
2015-09-20,1.72,54619.72,3268.99,33591.15,3014.16,14745.42,14021.43,723.99,0.0,organic,2015,Midsouth
2018-03-18,1.52,179316.2,3930.14,48249.33,720.63,126416.1,109789.25,16626.85,0.0,organic,2018,Midsouth
2016-12-18,1.46,77030.91,2684.3,29491.7,1695.12,43159.79,28795.8,14363.99,0.0,organic,2016,Midsouth
2017-10-08,1.87,176218.89,4376.74,35185.02,566.08,136087.82,131997.28,4090.54,0.0,organic,2017,Midsouth
2016-05-08,1.39,103093.15,4623.07,50399.91,2604.83,45465.34,25178.32,20287.02,0.0,organic,2016,Midsouth
2017-08-27,2.17,141033.09,6349.61,41161.57,688.15,92833.76,81240.44,11593.32,0.0,organic,2017,Midsouth
2017-04-02,1.67,129499.97,4585.96,58475.37,2227.82,64210.82,36145.43,28065.39,0.0,organic,2017,Midsouth
2016-04-17,1.22,126949.67,5761.44,64793.81,2005.02,54389.4,28323.2,26066.2,0.0,organic,2016,Midsouth
2016-01-10,1.46,76440.12,2702.76,34243.57,2813.96,36679.83,12285.03,24394.8,0.0,organic,2016,Midsouth
2015-09-27,1.76,52253.69,2191.94,31426.09,3164.97,15470.69,13112.36,2358.33,0.0,organic,2015,Midsouth
2017-01-22,1.49,96918.39,2981.29,38351.15,1985.43,53600.52,39758.09,13842.43,0.0,organic,2017,Midsouth
2016-10-23,1.37,125288.5,1801.17,52241.33,3232.49,68013.51,29612.36,38401.15,0.0,organic,2016,Midsouth
2017-11-26,1.75,117915.02,2273.75,31229.01,553.57,83858.69,80658.79,3199.9,0.0,organic,2017,Midsouth
2017-12-17,1.66,129898.85,2761.68,34831.02,640.04,91666.11,80649.5,11016.61,0.0,organic,2017,Midsouth
2017-09-10,2.03,168953.84,4000.03,37302.61,622.28,127028.92,112342.72,14686.2,0.0,organic,2017,Midsouth
2015-05-17,1.24,130073.74,9323.58,71859.63,19399.4,29491.13,20651.92,8839.21,0.0,organic,2015,Midsouth
2015-10-11,1.53,60162.15,2195.42,30952.79,3637.71,23376.23,11437.45,11938.78,0.0,organic,2015,Midsouth
2016-07-03,1.52,106192.85,3151.7,49420.99,3476.87,50143.29,27090.98,23052.31,0.0,organic,2016,Midsouth
2017-10-01,1.99,149030.87,4351.29,33501.74,592.25,110585.59,101954.05,8631.54,0.0,organic,2017,Midsouth
2016-07-24,1.75,103128.79,3832.04,54656.68,5019.61,39620.46,32405.39,7215.07,0.0,organic,2016,Midsouth
2016-06-26,1.51,106015.19,4531.56,46700.52,3113.92,51669.19,29798.55,21870.64,0.0,organic,2016,Midsouth
2017-10-29,1.8,156848.8,2448.54,34603.78,619.38,119177.1,110757.39,8419.71,0.0,organic,2017,Midsouth
2015-07-26,1.52,67600.74,5543.66,36107.8,3438.23,22511.05,8545.51,13965.54,0.0,organic,2015,Midsouth
2016-02-28,1.58,60098.19,2835.2,36495.81,1921.79,18845.39,11789.84,7055.55,0.0,organic,2016,Midsouth
2016-08-28,1.51,121291.96,3600.52,49796.26,2525.75,65369.43,36632.95,28736.48,0.0,organic,2016,Midsouth
2015-08-09,1.65,81469.58,6068.03,43254.06,5020.21,27127.28,22422.37,4704.91,0.0,organic,2015,Midsouth
2017-09-24,1.91,176556.11,4036.4,34545.41,517.42,137448.65,115927.2,21521.45,0.0,organic,2017,Midsouth
2015-08-02,1.71,68742.23,6041.95,39663.14,3861.33,19175.81,15361.12,3814.69,0.0,organic,2015,Midsouth
2017-01-29,1.54,95499.48,3428.23,45235.31,2048.59,44787.35,33303.24,11484.11,0.0,organic,2017,Midsouth
2017-11-05,1.85,137573.44,3560.76,36025.34,677.79,97301.09,91436.08,5865.01,0.0,organic,2017,Midsouth
2017-04-09,1.5,137962.99,3866.01,54710.71,2285.58,77100.69,34323.06,42777.63,0.0,organic,2017,Midsouth
2016-05-01,1.55,97128.22,3562.55,47499.55,2559.25,43506.87,33707.03,9799.84,0.0,organic,2016,Midsouth
2017-04-16,1.68,132011.04,4340.81,57599.11,2526.06,67545.06,39490.55,28054.51,0.0,organic,2017,Midsouth
2016-01-24,1.54,72219.0,2773.18,31751.72,2076.27,35617.83,18577.2,17040.63,0.0,organic,2016,Midsouth
2016-04-24,1.5,104046.63,3821.26,49622.46,2134.91,48468.0,36585.43,11882.57,0.0,organic,2016,Midsouth
2015-04-12,0.79,1096074.97,631292.63,353794.42,3936.53,107051.39,97144.19,9907.2,0.0,conventional,2015,Houston
2018-02-18,0.68,1572064.61,931553.8,160780.41,4045.42,475684.98,372117.42,103276.45,291.11,conventional,2018,Houston
2015-12-13,0.73,998752.95,412187.8,386865.21,81450.04,118249.9,69011.01,48622.22,616.67,conventional,2015,Houston
2017-10-29,1.12,1126402.78,481864.71,189258.96,2105.74,453173.37,264530.01,188243.36,400.0,conventional,2017,Houston
2015-09-13,0.89,1095790.27,421533.83,540499.39,5559.36,128197.69,55636.91,72560.78,0.0,conventional,2015,Houston
2017-07-09,0.78,1513596.5,565234.2,223073.67,3020.2,722268.43,334967.14,387301.29,0.0,conventional,2017,Houston
2016-04-03,0.72,1256919.1,684633.13,264272.37,181951.34,126062.26,56499.5,66016.09,3546.67,conventional,2016,Houston
2016-08-28,0.88,1021607.04,610762.01,216733.12,3065.44,191046.47,124173.71,58652.76,8220.0,conventional,2016,Houston
2016-10-23,1.0,777847.84,371566.37,145059.25,2488.59,258733.63,197398.04,61335.59,0.0,conventional,2016,Houston
2017-08-13,0.99,1332232.95,406049.08,395755.28,6723.26,523705.33,224811.25,298894.08,0.0,conventional,2017,Houston
2015-03-22,0.8,1036663.77,514614.47,393974.61,5199.15,122875.54,71977.68,50897.86,0.0,conventional,2015,Houston
2015-03-01,0.87,991328.46,481279.09,391780.92,4149.71,114118.74,63264.46,50854.28,0.0,conventional,2015,Houston
2016-07-24,0.96,985027.91,555709.68,218179.57,5208.69,205929.97,163969.66,39623.09,2337.22,conventional,2016,Houston
2017-10-22,1.16,1008358.03,492168.22,128029.43,1834.84,386325.54,298349.69,87975.85,0.0,conventional,2017,Houston
2018-01-14,0.95,1316347.07,548774.22,292561.6,6066.33,468944.92,355573.55,113294.7,76.67,conventional,2018,Houston
2016-02-28,0.76,1048304.1,674833.15,180298.41,85511.83,107660.71,77330.09,24043.95,6286.67,conventional,2016,Houston
2017-08-06,0.99,1192888.53,552895.89,251754.0,3739.05,384499.59,246147.25,138352.34,0.0,conventional,2017,Houston
2016-12-18,0.63,1212933.22,576578.21,258779.48,2885.86,374689.67,155393.61,219296.06,0.0,conventional,2016,Houston
2016-08-21,0.9,1046506.77,583161.0,248160.18,5697.25,209488.34,132615.92,76539.09,333.33,conventional,2016,Houston
2015-06-21,0.74,1196121.27,578767.93,449584.59,2227.98,165540.77,84406.17,81134.6,0.0,conventional,2015,Houston
2015-12-06,0.74,989676.85,368528.91,490805.0,7041.19,123301.75,61020.31,62281.44,0.0,conventional,2015,Houston
2016-06-12,0.83,1209996.42,589477.04,236621.03,110054.59,273843.76,114672.48,149147.95,10023.33,conventional,2016,Houston
2015-06-14,0.62,1533409.28,924661.29,439063.48,4700.1,164984.41,85200.08,79784.33,0.0,conventional,2015,Houston
2015-07-12,0.79,999607.51,559622.59,307628.06,3226.08,129130.78,71467.17,57474.72,188.89,conventional,2015,Houston
2017-03-26,0.83,1074520.66,663134.3,182628.92,5896.58,222860.86,203295.68,19565.18,0.0,conventional,2017,Houston
2018-01-07,0.8,1390616.83,658828.73,171364.98,3656.03,556767.09,446637.02,110130.07,0.0,conventional,2018,Houston
2015-09-20,0.83,967228.05,417701.88,445473.03,6959.5,97093.64,55198.32,41895.32,0.0,conventional,2015,Houston
2016-07-31,0.98,941066.42,547468.5,203888.47,4165.35,185544.1,117560.96,64239.81,3743.33,conventional,2016,Houston
2018-03-25,0.56,2120511.03,837700.97,162473.38,4190.48,1116146.2,952254.7,161188.17,2703.33,conventional,2018,Houston
2016-11-20,0.99,827345.76,466960.66,202860.35,4070.15,153454.6,58525.46,94915.81,13.33,conventional,2016,Houston
2018-02-25,0.67,1657524.28,855570.87,147837.21,3976.08,650140.12,544537.0,105365.34,237.78,conventional,2018,Houston
2018-03-18,0.79,1243926.96,630826.45,184825.84,4011.21,424263.46,322054.35,99304.67,2904.44,conventional,2018,Houston
2016-05-15,0.69,1343566.69,614769.67,335853.13,95672.31,297271.58,102106.82,192425.32,2739.44,conventional,2016,Houston
2015-11-22,0.73,913002.96,402191.51,391110.76,6924.43,112776.26,70785.25,41991.01,0.0,conventional,2015,Houston
2016-11-06,1.12,782911.25,430098.78,168814.95,2921.98,181075.54,78827.53,102248.01,0.0,conventional,2016,Houston
2017-06-18,0.77,1755331.3,583952.66,412002.26,7010.41,752365.97,201968.43,550383.65,13.89,conventional,2017,Houston
2015-09-06,0.89,1090493.39,460377.08,495487.54,6230.7,128398.07,63724.96,64673.11,0.0,conventional,2015,Houston
2016-02-14,0.67,1191352.2,518192.1,334137.36,210029.3,128993.44,67726.6,55041.28,6225.56,conventional,2016,Houston
2016-03-27,1.83,8688.2,116.04,116.04,17.93,8438.19,7986.91,451.28,0.0,organic,2016,HarrisburgScranton
2016-04-17,1.79,8785.44,201.05,205.18,12.85,8366.36,7950.19,416.17,0.0,organic,2016,HarrisburgScranton
2018-02-25,1.42,18414.33,330.05,369.57,5.01,17709.7,17706.37,3.33,0.0,organic,2018,HarrisburgScranton
2017-08-27,1.73,13886.69,234.25,194.66,7.64,13450.14,13450.14,0.0,0.0,organic,2017,HarrisburgScranton
2017-12-17,1.46,16946.1,380.06,287.28,5.95,16272.81,16269.48,3.33,0.0,organic,2017,HarrisburgScranton
2015-04-05,1.75,3315.89,28.96,155.83,7.44,3123.66,3123.66,0.0,0.0,organic,2015,HarrisburgScranton
2017-08-13,1.69,14483.05,285.14,243.13,18.13,13936.65,13936.65,0.0,0.0,organic,2017,HarrisburgScranton
2018-03-11,1.47,20504.66,393.48,267.87,22.22,19821.09,19811.09,10.0,0.0,organic,2018,HarrisburgScranton
2016-01-17,2.0,4610.66,107.45,294.08,12.85,4196.28,979.0,3217.28,0.0,organic,2016,HarrisburgScranton
2016-11-20,1.85,6445.71,418.98,235.0,17.56,5774.17,5718.34,55.83,0.0,organic,2016,HarrisburgScranton
2015-10-04,2.02,1188.82,82.58,186.17,9.38,910.69,910.69,0.0,0.0,organic,2015,HarrisburgScranton
2016-12-18,1.82,6655.29,325.22,257.46,4.28,6068.33,6034.87,33.46,0.0,organic,2016,HarrisburgScranton
2017-11-26,1.51,15356.02,212.81,235.13,10.19,14897.89,14897.89,0.0,0.0,organic,2017,HarrisburgScranton
2015-05-24,1.84,4440.45,75.43,178.79,15.02,4171.21,4171.21,0.0,0.0,organic,2015,HarrisburgScranton
2015-04-12,1.79,4127.83,86.7,151.38,0.0,3889.75,3889.75,0.0,0.0,organic,2015,HarrisburgScranton
2016-07-24,1.62,5387.66,154.4,319.09,138.06,4776.11,4513.07,263.04,0.0,organic,2016,HarrisburgScranton
2016-07-17,2.04,12285.03,236.86,185.69,536.89,11325.59,9574.3,1751.29,0.0,organic,2016,HarrisburgScranton
2017-10-29,1.63,16675.63,215.06,156.06,20.15,16284.36,16284.36,0.0,0.0,organic,2017,HarrisburgScranton
2017-12-24,1.46,19059.5,181.5,240.0,0.0,18638.0,18638.0,0.0,0.0,organic,2017,HarrisburgScranton
2016-01-24,1.79,7830.1,100.32,193.57,13.56,7522.65,1930.55,5592.1,0.0,organic,2016,HarrisburgScranton
2015-08-02,1.96,2728.36,69.63,198.74,11.44,2448.55,2448.55,0.0,0.0,organic,2015,HarrisburgScranton
2017-01-01,1.93,5456.54,255.89,189.26,6.76,5004.63,5004.63,0.0,0.0,organic,2017,HarrisburgScranton
2017-06-04,2.04,11171.92,863.87,269.83,16.96,10021.26,9961.14,60.12,0.0,organic,2017,HarrisburgScranton
2016-04-10,1.83,6966.0,93.75,191.64,11.15,6669.46,5468.47,1200.99,0.0,organic,2016,HarrisburgScranton
2017-09-17,1.51,20994.85,298.41,248.18,18.48,20429.78,20429.78,0.0,0.0,organic,2017,HarrisburgScranton
2016-10-16,1.79,5193.18,135.24,192.75,11.95,4853.24,4853.24,0.0,0.0,organic,2016,HarrisburgScranton
2016-07-31,1.68,5590.38,165.41,200.86,32.52,5191.59,5191.59,0.0,0.0,organic,2016,HarrisburgScranton
2016-08-07,1.72,6079.97,250.68,286.28,16.12,5526.89,5514.53,12.36,0.0,organic,2016,HarrisburgScranton
2016-03-20,1.51,7351.07,156.14,294.15,9.6,6891.18,6110.48,780.7,0.0,organic,2016,HarrisburgScranton
2016-03-13,1.57,8599.69,219.32,276.6,18.01,8085.76,5850.63,2235.13,0.0,organic,2016,HarrisburgScranton
2016-11-06,1.9,5678.73,161.06,118.1,24.62,5374.95,5374.95,0.0,0.0,organic,2016,HarrisburgScranton
2016-12-11,1.91,6893.99,193.63,131.63,15.87,6552.86,6552.86,0.0,0.0,organic,2016,HarrisburgScranton
2015-09-27,2.24,1140.95,106.54,222.08,8.74,803.59,803.59,0.0,0.0,organic,2015,HarrisburgScranton
