Regression/datasets/filtered_avocados.csv
Date,AveragePrice,Total Volume,4046,4225,4770,Total Bags,Small Bags,Large Bags,XLarge Bags,type,year,region
2017-07-30,1.49,9743.5,91.93,1707.14,0.0,7917.13,3929.12,3988.01,0.0,organic,2017,Indianapolis
2016-06-12,1.34,4358.39,183.1,1784.76,0.0,2390.53,1032.78,1357.75,0.0,organic,2016,Indianapolis
2015-01-11,1.83,1410.31,95.46,921.79,0.0,393.06,357.75,35.31,0.0,organic,2015,Indianapolis
2017-03-19,1.49,4239.49,131.29,1404.03,0.0,2704.17,1463.76,1240.41,0.0,organic,2017,Indianapolis
2018-03-11,1.22,15216.33,341.99,3553.23,0.0,11298.11,8448.16,2849.95,0.0,organic,2018,Indianapolis
2016-11-13,1.71,3392.09,202.52,1130.18,0.0,2059.39,1034.83,1024.56,0.0,organic,2016,Indianapolis
2017-06-04,1.25,8668.35,152.13,1385.07,0.0,7131.15,1178.64,5952.51,0.0,organic,2017,Indianapolis
2017-01-29,1.04,5571.99,222.81,1495.17,0.0,3854.01,1209.49,2644.52,0.0,organic,2017,Indianapolis
2016-05-29,1.33,4126.64,166.85,1890.42,0.0,2069.37,1428.58,640.79,0.0,organic,2016,Indianapolis
2017-10-29,1.54,6531.55,143.58,1167.86,0.0,5191.42,3953.63,1237.79,0.0,organic,2017,Indianapolis
2015-04-19,1.78,2011.47,93.88,1164.3,0.0,753.29,698.59,54.7,0.0,organic,2015,Indianapolis
2017-11-05,1.48,7741.56,141.41,794.48,0.0,6773.19,5320.5,1452.69,0.0,organic,2017,Indianapolis
2016-12-25,1.62,2583.94,114.51,1052.73,0.0,1416.7,1027.03,389.67,0.0,organic,2016,Indianapolis
2017-07-16,1.48,10838.58,120.61,3149.03,0.0,6713.33,4037.21,2676.12,0.0,organic,2017,Indianapolis
2017-01-08,1.6,2916.96,189.89,1297.6,0.0,1429.47,1278.26,151.21,0.0,organic,2017,Indianapolis
2015-03-22,1.95,964.25,76.53,841.88,0.0,45.84,3.33,42.51,0.0,organic,2015,Indianapolis
2016-01-10,1.51,2816.92,458.88,1268.87,0.0,1089.17,646.67,442.5,0.0,organic,2016,Indianapolis
2017-07-09,1.38,6897.96,74.91,1186.42,0.0,5636.63,374.39,5262.24,0.0,organic,2017,Indianapolis
2016-08-07,1.7,4430.65,466.83,1188.49,0.0,2775.33,1296.76,1478.57,0.0,organic,2016,Indianapolis
2015-07-12,1.19,3105.97,43.77,1060.84,0.0,2001.36,625.97,1375.39,0.0,organic,2015,Indianapolis
2017-12-31,1.45,9437.04,200.76,1231.56,0.0,8004.72,5566.32,2438.4,0.0,organic,2017,Indianapolis
2018-02-25,1.45,9345.93,256.43,1278.39,0.0,7761.04,4655.23,3105.81,0.0,organic,2018,Indianapolis
2015-12-27,1.49,1726.25,207.04,1052.49,0.0,466.72,394.95,71.77,0.0,organic,2015,Indianapolis
2016-02-21,1.53,2235.13,320.85,1193.27,0.0,721.01,470.0,251.01,0.0,organic,2016,Indianapolis
2015-06-28,1.58,1529.5,77.59,870.07,0.0,581.84,211.24,370.6,0.0,organic,2015,Indianapolis
2016-08-21,1.59,4533.5,454.13,1589.22,0.0,2490.15,1321.24,1168.91,0.0,organic,2016,Indianapolis
2016-06-05,1.25,3998.08,141.1,1769.38,0.0,2087.6,1003.89,1083.71,0.0,organic,2016,Indianapolis
2016-11-20,1.59,3377.88,149.77,1228.83,0.0,1999.28,883.13,1116.15,0.0,organic,2016,Indianapolis
2016-08-14,1.67,4592.37,390.91,1704.93,0.0,2496.53,1353.5,1143.03,0.0,organic,2016,Indianapolis
2017-05-28,1.52,5391.5,153.14,1467.48,0.0,3770.88,1800.43,1970.45,0.0,organic,2017,Indianapolis
2016-02-14,1.24,3182.4,368.91,1277.17,0.0,1536.32,590.0,946.32,0.0,organic,2016,Indianapolis
2016-04-17,1.36,4133.9,105.66,1517.28,2.39,2508.57,1540.29,968.28,0.0,organic,2016,Indianapolis
2016-10-02,1.9,2988.84,149.34,1570.51,0.0,1268.99,842.78,426.21,0.0,organic,2016,Indianapolis
2016-01-17,1.51,2169.25,315.5,1240.35,8.83,604.57,283.33,321.24,0.0,organic,2016,Indianapolis
2018-01-07,1.46,9885.05,205.23,1460.83,0.0,8204.03,5889.7,2314.33,0.0,organic,2018,Indianapolis
2015-06-21,1.8,1591.6,74.67,1040.59,0.0,476.34,326.87,149.47,0.0,organic,2015,Indianapolis
2016-05-08,1.3,3820.07,120.0,1964.14,26.94,1708.99,772.63,936.36,0.0,organic,2016,Indianapolis
2015-12-20,1.61,1601.29,289.63,1082.9,0.0,228.76,169.1,59.66,0.0,organic,2015,Indianapolis
2016-01-03,1.53,2057.45,229.67,1187.16,0.0,640.62,304.07,336.55,0.0,organic,2016,Indianapolis
2016-12-11,1.09,6248.59,112.62,1368.33,0.0,4767.64,881.26,3886.38,0.0,organic,2016,Indianapolis
2018-02-04,1.36,9773.21,275.47,1302.43,0.0,8144.5,5633.86,2510.64,0.0,organic,2018,Indianapolis
2017-11-19,1.42,6294.98,96.95,999.16,0.0,5158.34,3917.63,1240.71,0.0,organic,2017,Indianapolis
2017-03-26,1.6,3838.3,233.24,0.0,0.0,3605.06,3380.0,225.06,0.0,organic,2017,NewOrleansMobile
2017-10-01,1.97,3769.02,207.39,135.26,0.0,3426.37,3269.44,156.93,0.0,organic,2017,NewOrleansMobile
2015-04-12,1.58,2603.66,417.57,2.75,0.0,2183.34,2183.34,0.0,0.0,organic,2015,NewOrleansMobile
2017-09-03,1.5,7148.98,222.83,202.3,0.0,6723.85,6707.19,16.66,0.0,organic,2017,NewOrleansMobile
2016-06-12,1.73,1325.91,882.85,0.0,0.0,443.06,423.06,20.0,0.0,organic,2016,NewOrleansMobile
2016-06-26,1.3,4842.27,700.43,0.0,0.0,4141.84,4118.51,23.33,0.0,organic,2016,NewOrleansMobile
2017-08-20,1.35,6866.21,252.01,296.52,0.0,6317.68,6314.35,3.33,0.0,organic,2017,NewOrleansMobile
2017-10-15,1.55,2172.93,252.53,100.4,0.0,1820.0,1816.67,3.33,0.0,organic,2017,NewOrleansMobile
2017-08-13,1.2,8220.25,164.92,93.1,0.0,7962.23,7945.56,16.67,0.0,organic,2017,NewOrleansMobile
2015-09-13,1.62,2353.2,310.87,107.29,0.0,1935.04,1935.04,0.0,0.0,organic,2015,NewOrleansMobile
2016-10-30,1.59,3649.01,166.24,0.0,0.0,3482.77,2030.42,1452.35,0.0,organic,2016,NewOrleansMobile
2015-12-27,1.55,2215.74,383.17,5.85,0.0,1826.72,1826.72,0.0,0.0,organic,2015,NewOrleansMobile
2015-07-05,1.58,2228.5,349.11,62.73,0.0,1816.66,1816.66,0.0,0.0,organic,2015,NewOrleansMobile
2016-12-04,1.55,2945.91,102.91,5.82,0.0,2837.18,2061.25,775.93,0.0,organic,2016,NewOrleansMobile
2016-07-03,1.18,3290.05,421.33,11.44,0.0,2857.28,2830.61,26.67,0.0,organic,2016,NewOrleansMobile
2016-03-06,1.37,2612.54,493.68,6.06,0.0,2112.8,2112.8,0.0,0.0,organic,2016,NewOrleansMobile
2015-04-19,1.57,2378.18,414.11,0.0,0.0,1964.07,1964.07,0.0,0.0,organic,2015,NewOrleansMobile
2016-02-07,1.41,2672.99,305.99,0.0,0.0,2367.0,2367.0,0.0,0.0,organic,2016,NewOrleansMobile
2017-01-29,1.3,2939.28,129.28,0.0,0.0,2810.0,1861.27,948.73,0.0,organic,2017,NewOrleansMobile
2016-11-27,1.48,2425.61,104.69,0.0,0.0,2320.92,1277.5,1043.42,0.0,organic,2016,NewOrleansMobile
2016-05-15,1.44,3075.57,442.01,0.0,0.0,2633.56,2616.89,16.67,0.0,organic,2016,NewOrleansMobile
2015-05-24,1.61,1654.85,434.29,16.56,0.0,1204.0,1204.0,0.0,0.0,organic,2015,NewOrleansMobile
2016-01-10,1.52,2774.1,407.39,5.95,0.0,2360.76,2360.76,0.0,0.0,organic,2016,NewOrleansMobile
2015-05-17,1.53,1783.16,395.23,0.0,0.0,1387.93,1387.93,0.0,0.0,organic,2015,NewOrleansMobile
2016-12-25,1.41,3918.94,82.22,23.47,0.0,3813.25,3050.41,762.84,0.0,organic,2016,NewOrleansMobile
2016-11-06,1.66,3968.96,118.44,11.64,0.0,3838.88,2595.42,1243.46,0.0,organic,2016,NewOrleansMobile
2015-03-22,1.33,48180.98,2030.41,21884.43,43.48,24222.66,24222.66,0.0,0.0,conventional,2015,Syracuse
2015-07-05,1.45,68922.42,797.75,35080.61,3980.63,29063.43,28845.65,217.78,0.0,conventional,2015,Syracuse
2015-04-05,1.38,50015.81,716.97,24675.99,20.46,24602.39,24340.17,262.22,0.0,conventional,2015,Syracuse
2015-01-25,1.37,44517.84,810.15,22526.2,36.39,21145.1,20725.1,420.0,0.0,conventional,2015,Syracuse
2015-08-16,1.42,44245.45,619.41,32282.72,82.0,11261.32,11261.32,0.0,0.0,conventional,2015,Syracuse
2018-01-28,1.34,73320.15,3345.87,42297.35,62.85,27614.08,5723.16,21890.92,0.0,conventional,2018,Syracuse
2017-08-13,1.45,78489.49,995.24,49060.0,95.43,28338.82,26760.87,504.62,1073.33,conventional,2017,Syracuse
2015-05-24,1.35,61584.26,559.81,34572.48,36.29,26415.68,26415.68,0.0,0.0,conventional,2015,Syracuse
2015-08-23,1.44,42933.81,579.09,30616.05,77.91,11660.76,11660.76,0.0,0.0,conventional,2015,Syracuse
2016-01-10,1.36,57676.73,757.85,31787.68,2.0,25129.2,25129.2,0.0,0.0,conventional,2016,Syracuse
2017-06-25,1.48,58174.88,1578.3,44074.2,113.25,12409.13,9107.87,2081.26,1220.0,conventional,2017,Syracuse
2016-11-27,1.55,33757.95,690.91,24789.85,6.97,8270.22,8270.22,0.0,0.0,conventional,2016,Syracuse
2016-05-29,1.36,82173.8,1259.66,52293.06,435.86,28185.22,27875.22,0.0,310.0,conventional,2016,Syracuse
2016-07-31,1.6,68311.05,1970.63,47609.54,10.23,18720.65,18175.65,0.0,545.0,conventional,2016,Syracuse
2017-06-18,1.54,61468.49,1407.87,43878.97,350.22,15831.43,13074.87,1366.56,1390.0,conventional,2017,Syracuse
2016-01-03,1.34,69200.73,839.36,47417.06,24.66,20919.65,20919.65,0.0,0.0,conventional,2016,Syracuse
2017-07-09,1.38,77529.57,1001.92,45176.42,381.6,30969.63,26802.91,1161.72,3005.0,conventional,2017,Syracuse
2016-10-16,1.36,55053.59,1344.18,31561.93,21.67,22125.81,22125.81,0.0,0.0,conventional,2016,Syracuse
2017-02-26,1.57,60421.42,1108.5,40969.38,4.3,18339.24,18169.46,8.67,161.11,conventional,2017,Syracuse
2016-03-20,1.24,72560.52,784.13,46256.94,10.73,25508.72,25508.72,0.0,0.0,conventional,2016,Syracuse
2017-03-19,1.59,68447.26,1084.6,40909.74,6.0,26446.92,22773.41,3673.51,0.0,conventional,2017,Syracuse
2016-09-18,1.46,55922.25,2411.13,36168.63,15.99,17326.5,17070.94,255.56,0.0,conventional,2016,Syracuse
2015-12-20,1.36,39365.15,646.68,22231.33,12.89,16474.25,16474.25,0.0,0.0,conventional,2015,Syracuse
2016-06-26,1.43,84340.47,1952.47,52517.17,13.0,29857.83,28352.83,0.0,1505.0,conventional,2016,Syracuse
2015-05-17,1.44,69649.85,743.44,42174.14,39.09,26693.18,26524.29,168.89,0.0,conventional,2015,Syracuse
2015-06-07,1.22,69776.51,632.01,41825.39,31.87,27287.24,27287.24,0.0,0.0,conventional,2015,Syracuse
2017-03-26,1.37,88278.7,1578.03,56606.36,10.97,30083.34,26771.35,3311.99,0.0,conventional,2017,Syracuse
2016-12-11,1.5,41911.21,762.45,31386.84,15.25,9746.67,8823.89,922.78,0.0,conventional,2016,Syracuse
2017-11-12,1.32,62300.0,4073.0,37767.0,65.0,20395.0,17129.0,3266.0,0.0,conventional,2017,Syracuse
2017-02-19,1.71,61608.13,831.96,44732.35,6.0,16037.82,15679.21,358.61,0.0,conventional,2017,Syracuse
2016-12-25,1.46,46036.04,748.11,29452.82,2.26,15832.85,14866.23,966.62,0.0,conventional,2016,Syracuse
2015-05-31,1.36,64839.58,744.02,34985.62,44.53,29065.41,29065.41,0.0,0.0,conventional,2015,Syracuse
2016-07-24,1.5,56952.09,1940.69,35492.01,19.95,19499.44,16609.44,0.0,2890.0,conventional,2016,Syracuse
2018-03-25,1.38,93961.48,10004.38,57087.01,102.7,26767.39,11836.12,14931.27,0.0,conventional,2018,Syracuse
2016-07-03,1.37,85205.46,1970.63,47537.91,1.25,35695.67,32830.67,0.0,2865.0,conventional,2016,Syracuse
2015-03-01,1.32,47890.09,728.61,22776.67,53.84,24330.97,24277.64,53.33,0.0,conventional,2015,Syracuse
2015-01-18,1.4,40391.55,789.84,24755.46,27.89,14818.36,14818.36,0.0,0.0,conventional,2015,Syracuse
2015-06-14,1.35,65184.56,547.63,27340.54,2737.16,34559.23,34559.23,0.0,0.0,conventional,2015,Syracuse
2017-02-12,1.5,67899.62,1335.04,45061.2,66.28,21437.1,20869.15,567.95,0.0,conventional,2017,Syracuse
2016-10-02,1.43,53796.49,987.21,32211.73,37.44,20560.11,20560.11,0.0,0.0,conventional,2016,Syracuse
2017-08-20,1.42,60657.76,796.92,36561.0,19.35,23280.49,21641.1,392.72,1246.67,conventional,2017,Syracuse
2015-04-26,1.4,48811.05,768.09,23424.19,19.39,24599.38,24363.82,235.56,0.0,conventional,2015,Syracuse
2016-09-25,1.8,553863.82,40600.81,337874.13,98808.73,76580.15,65665.7,744.44,10170.01,conventional,2016,Chicago
2016-06-26,1.18,860170.92,80280.37,499474.39,159812.33,120603.83,115880.76,457.23,4265.84,conventional,2016,Chicago
2016-06-19,1.2,882074.39,64899.84,550499.79,163027.81,103646.95,99766.0,1867.44,2013.51,conventional,2016,Chicago
2016-02-07,0.82,1134049.22,68454.39,758581.79,155377.3,151635.74,129791.42,21748.61,95.71,conventional,2016,Chicago
2016-06-12,1.3,770843.17,50498.4,478335.91,140924.68,101084.18,98096.94,2213.29,773.95,conventional,2016,Chicago
2015-10-04,1.18,675172.63,14268.84,485262.12,105711.4,69930.27,66015.29,2240.14,1674.84,conventional,2015,Chicago
2015-01-04,1.11,783068.03,30270.26,550752.19,124506.1,77539.48,72888.46,4651.02,0.0,conventional,2015,Chicago
2016-01-31,1.12,774091.49,35213.93,512608.82,132958.04,93310.7,92124.35,1186.35,0.0,conventional,2016,Chicago
2015-02-08,1.13,729325.61,28216.83,499138.28,119634.41,82336.09,78980.96,3273.2,81.93,conventional,2015,Chicago
2017-11-26,1.7,506394.0,71736.0,278263.0,82294.0,74100.0,68552.0,5532.0,15.0,conventional,2017,Chicago
2018-02-11,1.39,897178.36,131360.75,488374.4,154223.75,123219.46,85210.17,37063.73,945.56,conventional,2018,Chicago
2016-02-14,1.0,803120.71,45558.04,501188.76,131202.78,125171.13,106296.76,18322.72,551.65,conventional,2016,Chicago
2017-12-10,1.13,1021445.27,142085.83,277789.3,90891.04,510679.1,87489.87,423185.75,3.48,conventional,2017,Chicago
2016-05-08,0.97,974740.13,43166.45,612339.89,173293.69,145940.1,137880.91,4997.64,3061.55,conventional,2016,Chicago
2018-01-07,1.5,842141.42,132853.21,475772.58,139314.8,94200.83,85019.84,9161.86,19.13,conventional,2018,Chicago
2017-06-18,1.53,862382.95,68578.06,549159.54,138493.75,106151.6,103151.37,528.32,2471.91,conventional,2017,Chicago
2017-02-12,1.05,874349.55,144293.33,454380.75,187793.92,87881.55,81975.72,2104.44,3801.39,conventional,2017,Chicago
2015-09-13,1.19,775671.49,17172.26,546965.49,128619.66,82914.08,78368.45,3809.54,736.09,conventional,2015,Chicago
2017-04-23,1.63,719367.5,81460.1,470214.98,94819.76,72872.66,66653.73,1911.72,4307.21,conventional,2017,Chicago
2015-05-03,1.04,978376.13,64798.64,690167.81,129694.01,93715.67,89297.42,4414.64,3.61,conventional,2015,Chicago
2016-12-04,1.27,624751.15,90157.63,372929.38,94496.12,67168.02,64475.13,621.47,2071.42,conventional,2016,Chicago
2016-10-30,2.07,375213.57,33564.91,226980.93,60260.53,54407.2,48140.45,1587.11,4679.64,conventional,2016,Chicago
2016-07-24,1.66,658913.69,42452.5,386821.79,109032.48,120606.92,113683.42,1819.86,5103.64,conventional,2016,Chicago
2016-07-17,1.51,717279.19,43789.6,425776.15,108230.65,139482.79,122026.18,12735.54,4721.07,conventional,2016,Chicago
2017-01-22,1.21,845065.66,120093.41,497235.79,136328.96,91407.5,83227.7,1680.17,6499.63,conventional,2017,Chicago
2016-07-31,1.68,614939.39,38275.52,373205.75,97843.18,105614.94,104111.58,317.97,1185.39,conventional,2016,Chicago
2018-01-21,1.42,951648.11,110759.53,473797.46,154585.97,212505.15,79124.15,133370.44,10.56,conventional,2018,Chicago
2018-03-11,1.54,830421.03,95041.64,454041.33,142564.1,138773.96,100438.58,37184.96,1150.42,conventional,2018,Chicago
2015-05-17,1.23,817870.17,54087.8,569043.02,109205.15,85534.2,82689.93,2813.47,30.8,conventional,2015,Chicago
2017-09-10,2.02,590590.1,65245.47,318095.5,114858.97,92390.16,82436.76,7822.29,2131.11,conventional,2017,Chicago
2016-04-17,1.08,913421.8,47878.48,619840.15,137009.63,108693.54,101842.17,4806.9,2044.47,conventional,2016,Chicago
2016-02-28,1.15,780951.86,32414.21,522790.14,133067.18,92680.33,90777.56,1902.77,0.0,conventional,2016,Chicago
2015-01-25,1.22,745439.17,26117.56,488218.44,145882.24,85220.93,75867.61,9265.81,87.51,conventional,2015,Chicago
2017-03-12,1.66,665364.72,59930.13,446178.36,105820.92,53435.31,47528.05,1346.79,4560.47,conventional,2017,Chicago
2016-09-18,1.7,600389.56,74368.62,340540.46,97900.81,87579.67,80619.11,802.22,6158.34,conventional,2016,Chicago
2015-11-08,1.01,711146.61,44528.42,498562.41,101889.32,66166.46,65842.08,324.38,0.0,conventional,2015,Chicago
2015-08-16,1.16,817690.89,19193.94,609692.45,104997.44,83807.06,80018.54,3447.81,340.71,conventional,2015,Chicago
2017-03-19,1.64,678898.01,61927.68,448962.74,103000.56,65007.03,61719.23,814.44,2473.36,conventional,2017,Chicago
2017-07-02,1.45,943746.5,128743.48,534893.06,149582.02,130527.94,128738.67,327.15,1462.12,conventional,2017,Chicago
2016-05-15,1.04,930403.37,49039.58,609294.15,157984.71,114084.93,108571.35,4797.75,715.83,conventional,2016,Chicago
2015-08-23,1.2,751850.01,17595.95,550359.51,103622.38,80272.17,77073.51,2759.79,438.87,conventional,2015,Chicago
2017-01-15,1.23,776820.81,78836.36,480071.92,142550.33,75362.2,67302.01,1595.12,6465.07,conventional,2017,Chicago
