Regression/datasets/filtered_avocados.csv
Date,AveragePrice,Total Volume,4046,4225,4770,Total Bags,Small Bags,Large Bags,XLarge Bags,type,year,region
2017-01-29,1.23,4472.77,255.33,8.07,0.0,4209.37,2085.56,2123.81,0.0,organic,2017,MiamiFtLauderdale
2016-10-02,1.49,472.82,10.5,18.99,0.0,443.33,440.0,3.33,0.0,organic,2016,MiamiFtLauderdale
2017-10-15,2.62,1100.1,24.83,384.79,0.0,690.48,657.77,32.71,0.0,organic,2017,MiamiFtLauderdale
2017-08-06,1.5,4140.12,11.67,44.02,0.0,4084.43,4073.33,11.1,0.0,organic,2017,MiamiFtLauderdale
2015-09-06,1.47,1962.43,4.95,5.26,0.0,1952.22,1952.22,0.0,0.0,organic,2015,MiamiFtLauderdale
2017-12-17,1.59,8486.81,232.71,636.22,0.0,7617.88,7027.76,590.12,0.0,organic,2017,MiamiFtLauderdale
2015-04-26,1.25,6631.49,5848.51,488.5,0.0,294.48,294.48,0.0,0.0,organic,2015,MiamiFtLauderdale
2016-08-07,1.33,3513.86,13.23,3.97,0.0,3496.66,3433.33,63.33,0.0,organic,2016,MiamiFtLauderdale
2015-08-16,1.51,1164.87,6.18,22.02,0.0,1136.67,1136.67,0.0,0.0,organic,2015,MiamiFtLauderdale
2018-03-11,1.35,7949.82,71.89,283.8,0.0,7594.13,7573.34,20.79,0.0,organic,2018,MiamiFtLauderdale
2016-11-27,1.6,2084.95,15.57,2.71,0.0,2066.67,2036.67,30.0,0.0,organic,2016,MiamiFtLauderdale
2015-12-27,1.57,1155.71,120.88,18.16,0.0,1016.67,1016.67,0.0,0.0,organic,2015,MiamiFtLauderdale
2015-11-29,1.51,1203.52,4.91,14.34,0.0,1184.27,1184.27,0.0,0.0,organic,2015,MiamiFtLauderdale
2016-07-10,1.49,4918.83,1223.55,28.48,0.0,3666.8,3616.8,50.0,0.0,organic,2016,MiamiFtLauderdale
2016-05-01,1.43,4107.48,667.74,6.41,0.0,3433.33,3430.0,3.33,0.0,organic,2016,MiamiFtLauderdale
2015-05-17,1.79,2141.08,1251.61,48.24,0.0,841.23,827.49,13.74,0.0,organic,2015,MiamiFtLauderdale
2016-12-25,1.17,3329.28,18.38,24.23,0.0,3286.67,3286.67,0.0,0.0,organic,2016,MiamiFtLauderdale
2015-03-29,1.83,2723.62,1818.87,35.41,0.0,869.34,849.67,19.67,0.0,organic,2015,MiamiFtLauderdale
2015-03-01,1.75,2035.58,1033.03,2.55,0.0,1000.0,1000.0,0.0,0.0,organic,2015,MiamiFtLauderdale
2016-02-07,1.44,3152.51,950.9,11.61,0.0,2190.0,2186.67,3.33,0.0,organic,2016,MiamiFtLauderdale
2016-09-11,1.36,3994.86,52.56,25.63,0.0,3916.67,3893.34,23.33,0.0,organic,2016,MiamiFtLauderdale
2016-08-28,1.36,3603.58,37.94,38.97,0.0,3526.67,3496.67,30.0,0.0,organic,2016,MiamiFtLauderdale
2017-02-12,1.29,5966.83,295.27,8.03,0.0,5663.53,4157.77,1505.76,0.0,organic,2017,MiamiFtLauderdale
2016-07-03,1.24,6525.8,1109.37,55.4,0.0,5361.03,5321.03,40.0,0.0,organic,2016,MiamiFtLauderdale
2016-12-18,1.17,4166.56,3.7,16.19,0.0,4146.67,4146.67,0.0,0.0,organic,2016,MiamiFtLauderdale
2015-12-13,1.5,1366.32,8.91,11.73,0.0,1345.68,1345.68,0.0,0.0,organic,2015,MiamiFtLauderdale
2015-11-01,1.5,1955.27,3.95,1.32,0.0,1950.0,1946.67,3.33,0.0,organic,2015,MiamiFtLauderdale
2016-09-25,1.43,1041.31,16.55,20.32,0.0,1004.44,987.77,16.67,0.0,organic,2016,MiamiFtLauderdale
2018-03-04,1.56,11549.64,420.45,893.13,0.0,10236.06,8935.54,1300.52,0.0,organic,2018,MiamiFtLauderdale
2016-08-21,1.34,5381.19,38.45,22.74,0.0,5320.0,5260.0,60.0,0.0,organic,2016,MiamiFtLauderdale
2015-06-14,1.81,2017.29,1278.78,13.6,0.0,724.91,724.91,0.0,0.0,organic,2015,MiamiFtLauderdale
2015-03-08,1.69,2708.59,1060.0,15.26,0.0,1633.33,1633.33,0.0,0.0,organic,2015,MiamiFtLauderdale
2016-10-30,1.58,385.55,8.13,47.42,0.0,330.0,330.0,0.0,0.0,organic,2016,MiamiFtLauderdale
2016-01-03,1.24,15211.54,7202.5,76.06,0.0,7932.98,4887.58,3045.4,0.0,organic,2016,MiamiFtLauderdale
2017-06-11,1.89,6104.29,837.58,250.77,0.0,5015.94,5015.94,0.0,0.0,organic,2017,MiamiFtLauderdale
2017-12-03,1.58,5302.15,50.56,397.82,0.0,4853.77,4836.67,17.1,0.0,organic,2017,MiamiFtLauderdale
2017-10-29,1.84,5595.86,32.98,424.67,0.0,5138.21,4908.88,229.33,0.0,organic,2017,MiamiFtLauderdale
2016-05-29,1.27,5931.42,851.52,16.57,0.0,5063.33,5043.33,20.0,0.0,organic,2016,MiamiFtLauderdale
2017-01-08,1.23,6214.43,421.41,6.73,0.0,5786.29,3260.0,2526.29,0.0,organic,2017,MiamiFtLauderdale
2017-11-05,1.96,6103.24,64.69,911.14,0.0,5127.41,4226.66,900.75,0.0,organic,2017,MiamiFtLauderdale
2015-09-27,1.5,821.99,11.28,2.65,0.0,808.06,808.06,0.0,0.0,organic,2015,MiamiFtLauderdale
2016-12-04,1.52,4028.26,2.0,16.26,0.0,4010.0,4010.0,0.0,0.0,organic,2016,MiamiFtLauderdale
2016-03-27,1.33,3982.06,1196.76,7.73,0.0,2777.57,2777.57,0.0,0.0,organic,2016,MiamiFtLauderdale
2017-08-27,1.55,3393.39,15.07,2.77,0.0,3375.55,3375.55,0.0,0.0,organic,2017,MiamiFtLauderdale
2015-06-14,1.16,743005.75,194447.12,401133.25,17694.15,129731.23,79508.59,50222.64,0.0,conventional,2015,Denver
2016-07-24,1.17,690893.4,128025.08,187555.04,19241.11,356072.17,135290.89,217563.22,3218.06,conventional,2016,Denver
2017-04-23,1.15,766941.79,162809.94,163230.47,22772.48,418128.9,88929.4,329199.5,0.0,conventional,2017,Denver
2018-02-25,0.99,1018614.31,166753.37,254657.74,14153.31,583049.89,137052.52,445944.87,52.5,conventional,2018,Denver
2015-05-24,1.16,657593.22,198187.29,369924.19,18817.6,70664.14,50060.32,20603.82,0.0,conventional,2015,Denver
2015-01-25,1.02,695658.81,140914.23,422434.82,4944.79,127364.97,74743.6,52611.95,9.42,conventional,2015,Denver
2015-04-26,1.19,620827.49,160372.05,381779.34,5981.19,72694.91,44469.33,27221.41,1004.17,conventional,2015,Denver
2016-05-29,0.85,977871.04,181470.96,282618.43,33023.48,480758.17,79916.14,400601.75,240.28,conventional,2016,Denver
2016-12-11,0.95,764135.24,110202.78,219903.74,11427.65,422601.07,303762.84,118838.23,0.0,conventional,2016,Denver
2016-03-06,0.98,671667.78,145893.9,242906.02,18706.34,264161.52,47418.17,216743.35,0.0,conventional,2016,Denver
2017-12-03,1.1,849840.0,149815.0,325073.0,9270.0,365682.0,98904.0,266779.0,0.0,conventional,2017,Denver
2017-12-24,1.19,675592.64,142027.32,171218.36,11713.7,350633.26,104300.12,246332.03,1.11,conventional,2017,Denver
2017-12-17,1.13,646736.55,157024.25,154962.46,12155.0,322594.84,98284.78,224310.06,0.0,conventional,2017,Denver
2017-08-20,1.2,877603.13,113449.77,324067.53,13424.53,426661.3,88857.19,337802.85,1.26,conventional,2017,Denver
2016-12-18,1.04,705750.83,116069.9,232182.6,10972.28,346526.05,246935.09,99582.36,8.6,conventional,2016,Denver
2016-06-26,0.98,773677.84,165858.8,229712.84,17278.44,360827.76,146703.58,213090.85,1033.33,conventional,2016,Denver
2016-04-24,0.93,661913.55,132550.99,225788.65,11418.75,292155.16,89444.44,200703.78,2006.94,conventional,2016,Denver
2015-02-08,0.95,766576.39,153584.14,466313.49,5420.92,141257.84,92800.41,48427.25,30.18,conventional,2015,Denver
2015-06-28,1.2,696697.65,162885.58,362226.14,18449.63,153136.3,93206.17,59917.38,12.75,conventional,2015,Denver
2015-09-27,0.97,694871.74,119089.66,386987.12,15285.72,173509.24,43108.21,130401.03,0.0,conventional,2015,Denver
2016-05-22,0.9,932146.56,160299.04,266856.24,17526.17,487465.11,79603.12,407238.98,623.01,conventional,2016,Denver
2017-06-11,1.18,872407.69,192091.93,212252.78,21884.68,446178.3,115180.8,330977.33,20.17,conventional,2017,Denver
2015-03-29,1.11,627546.3,160679.31,371990.15,4760.21,90116.63,55936.09,34180.54,0.0,conventional,2015,Denver
2016-03-20,0.73,1005859.79,138938.88,360370.27,10950.53,495600.11,46784.27,448815.84,0.0,conventional,2016,Denver
2017-05-14,1.23,781305.34,166017.34,223913.99,18080.9,373293.11,215216.26,158076.85,0.0,conventional,2017,Denver
2015-08-30,1.14,721703.83,119849.97,421032.49,19353.95,161467.42,43991.55,117475.87,0.0,conventional,2015,Denver
2017-06-18,1.14,890723.2,185315.8,198308.54,19386.07,487712.79,129619.04,358058.41,35.34,conventional,2017,Denver
2017-04-16,1.23,813466.54,164060.81,178842.29,23776.1,446787.34,103004.69,343777.65,5.0,conventional,2017,Denver
2017-09-17,1.47,557213.38,150991.79,156645.07,2422.09,247154.43,113823.49,133330.94,0.0,conventional,2017,Denver
2017-07-09,1.11,951407.12,164106.61,267690.26,16221.33,503388.92,192191.48,309207.68,1989.76,conventional,2017,Denver
2016-12-04,0.91,855989.02,129940.92,277374.59,11512.69,437160.82,141279.5,295881.32,0.0,conventional,2016,Denver
2016-01-10,0.72,1094945.73,146631.13,366330.53,37684.11,544299.96,44731.85,499568.11,0.0,conventional,2016,Denver
2015-09-13,1.01,735436.91,115935.68,451936.38,17938.63,149626.22,47733.95,101892.27,0.0,conventional,2015,Denver
2015-12-20,1.05,528944.54,113403.55,188263.2,24477.83,202799.96,34993.02,167806.94,0.0,conventional,2015,Denver
2015-08-09,1.09,669377.04,131770.05,377129.38,24025.84,136451.77,46596.12,89855.65,0.0,conventional,2015,Denver
2016-03-13,0.83,824792.73,158016.76,261685.82,33866.06,371224.09,50279.53,320943.18,1.38,conventional,2016,Denver
2015-08-23,1.2,598195.03,135261.61,318115.81,21420.3,123397.31,45407.51,77989.8,0.0,conventional,2015,Denver
2018-03-18,1.02,1010953.71,163394.48,260747.73,15483.84,571327.66,129403.31,441922.13,2.22,conventional,2018,Denver
2016-02-21,0.73,955582.65,155250.0,331998.14,14973.1,453361.41,43379.59,409969.42,12.4,conventional,2016,Denver
2017-02-19,1.07,799071.01,153258.18,254318.67,17088.87,374405.29,150957.59,223447.7,0.0,conventional,2017,Denver
2015-03-22,1.15,603112.11,131881.99,380284.5,8461.12,82484.5,47368.3,35116.2,0.0,conventional,2015,Denver
2016-04-10,1.31,5511.75,1520.71,56.5,0.0,3934.54,3934.54,0.0,0.0,organic,2016,Tampa
2015-12-20,1.79,2078.74,1214.1,11.31,0.0,853.33,853.33,0.0,0.0,organic,2015,Tampa
2015-03-01,1.63,2901.01,787.15,7.19,0.0,2106.67,2106.67,0.0,0.0,organic,2015,Tampa
2017-06-11,1.86,4577.12,933.06,206.39,0.0,3437.67,3434.34,3.33,0.0,organic,2017,Tampa
2016-10-16,1.4,3226.62,362.82,40.67,0.0,2823.13,913.33,1909.8,0.0,organic,2016,Tampa
2015-10-25,1.49,1098.67,2.0,0.0,0.0,1096.67,1096.67,0.0,0.0,organic,2015,Tampa
2018-02-11,1.34,8467.46,40.73,486.03,0.0,7940.7,7499.96,440.74,0.0,organic,2018,Tampa
2015-09-06,1.49,1786.45,18.76,0.0,0.0,1767.69,1767.69,0.0,0.0,organic,2015,Tampa
2016-05-29,1.33,6565.11,1464.91,23.53,0.0,5076.67,5070.0,6.67,0.0,organic,2016,Tampa
2017-12-31,1.59,5528.74,76.28,474.42,0.0,4978.04,4716.25,261.79,0.0,organic,2017,Tampa
2017-05-28,1.79,7101.2,1104.19,125.33,0.0,5871.68,4797.54,1074.14,0.0,organic,2017,Tampa
2016-10-09,1.58,4094.16,1007.71,152.41,0.0,2934.04,1006.67,1927.37,0.0,organic,2016,Tampa
2015-05-31,1.72,2091.42,943.29,5.85,0.0,1142.28,1142.28,0.0,0.0,organic,2015,Tampa
2016-05-01,1.49,4800.24,1054.0,66.24,0.0,3680.0,3680.0,0.0,0.0,organic,2016,Tampa
2017-09-03,1.74,2478.44,38.56,27.66,0.0,2412.22,2408.89,3.33,0.0,organic,2017,Tampa
2016-11-20,1.5,5122.16,351.78,41.08,0.0,4729.3,2454.44,2274.86,0.0,organic,2016,Tampa
2016-03-06,1.5,2873.92,1202.81,44.19,0.0,1626.92,1610.25,16.67,0.0,organic,2016,Tampa
2016-01-03,1.08,11446.01,3979.05,125.64,0.0,7341.32,1630.0,5711.32,0.0,organic,2016,Tampa
2015-10-18,1.49,1162.28,1.0,1.28,0.0,1160.0,1160.0,0.0,0.0,organic,2015,Tampa
2017-06-04,1.99,5574.93,1368.31,156.3,0.0,4050.32,4050.32,0.0,0.0,organic,2017,Tampa
2015-06-14,1.73,2026.74,934.18,5.89,0.0,1086.67,1086.67,0.0,0.0,organic,2015,Tampa
2017-12-03,1.61,4677.74,40.64,534.88,0.0,4102.22,4091.12,11.1,0.0,organic,2017,Tampa
2016-08-21,1.36,4345.97,50.16,65.81,0.0,4230.0,4170.0,60.0,0.0,organic,2016,Tampa
2015-08-23,1.5,998.28,7.02,1.26,0.0,990.0,990.0,0.0,0.0,organic,2015,Tampa
2015-05-03,1.34,3590.4,2342.36,17.7,0.0,1230.34,1230.34,0.0,0.0,organic,2015,Tampa
2018-03-04,1.51,9851.33,223.68,839.86,0.0,8787.79,7327.76,1460.03,0.0,organic,2018,Tampa
2016-07-03,1.3,7873.96,2021.72,150.93,0.0,5701.31,5661.31,40.0,0.0,organic,2016,Tampa
2016-10-02,2.29,3413.45,2573.39,180.06,0.0,660.0,650.0,10.0,0.0,organic,2016,Tampa
2017-01-01,1.22,5905.05,287.57,36.42,0.0,5581.06,3530.0,2051.06,0.0,organic,2017,Tampa
2017-05-14,1.49,4101.47,803.09,5.34,0.0,3293.04,2743.0,550.04,0.0,organic,2017,Pittsburgh
2015-02-01,1.77,1427.11,760.33,74.32,0.0,592.46,585.38,7.08,0.0,organic,2015,Pittsburgh
2017-06-04,1.55,8901.94,1034.11,27.95,0.0,7839.88,7839.88,0.0,0.0,organic,2017,Pittsburgh
2018-01-21,1.47,7834.07,1296.15,18.33,0.0,6519.59,6519.59,0.0,0.0,organic,2018,Pittsburgh
2017-10-15,1.39,13004.97,1168.25,81.55,0.0,11755.17,11748.5,6.67,0.0,organic,2017,Pittsburgh
2016-10-02,1.53,10005.59,796.0,104.74,0.0,9104.85,8682.57,422.28,0.0,organic,2016,Pittsburgh
2015-12-20,1.55,679.51,234.43,31.59,0.0,413.49,287.87,125.62,0.0,organic,2015,Pittsburgh
2015-09-20,1.44,1513.77,668.25,61.75,0.0,783.77,223.44,560.33,0.0,organic,2015,Pittsburgh
2016-06-12,1.47,5885.34,690.44,177.87,32.19,4984.84,4905.79,79.05,0.0,organic,2016,Pittsburgh
2017-08-27,1.49,8397.14,1179.67,24.47,0.0,7193.0,7193.0,0.0,0.0,organic,2017,Pittsburgh
2016-04-24,1.48,1541.74,139.63,154.07,56.17,1191.87,1188.3,3.57,0.0,organic,2016,Pittsburgh
2015-10-04,1.19,1849.29,305.21,265.77,0.0,1278.31,996.34,281.97,0.0,organic,2015,Pittsburgh
2017-11-19,1.44,10579.74,1176.5,31.85,0.0,9371.39,9371.39,0.0,0.0,organic,2017,Pittsburgh
2018-02-11,1.34,14630.14,919.6,20.32,0.0,13690.22,13683.55,6.67,0.0,organic,2018,Pittsburgh
2016-03-27,1.18,1702.84,96.59,220.18,26.36,1359.71,1356.26,3.45,0.0,organic,2016,Pittsburgh
2016-01-10,1.4,1314.78,373.66,21.03,0.0,920.09,815.85,104.24,0.0,organic,2016,Pittsburgh
2017-01-29,1.43,8952.16,940.32,19.9,0.0,7991.94,7464.93,527.01,0.0,organic,2017,Pittsburgh
2015-07-05,1.83,1383.67,751.58,204.51,0.0,427.58,423.79,3.79,0.0,organic,2015,Pittsburgh
2016-10-09,1.51,9599.33,1003.35,103.31,0.0,8492.67,7951.79,540.88,0.0,organic,2016,Pittsburgh
2017-01-08,1.45,8985.72,901.71,23.73,0.0,8060.28,7578.16,482.12,0.0,organic,2017,Pittsburgh
2015-10-11,1.45,1366.39,447.03,53.1,0.0,866.26,622.67,243.59,0.0,organic,2015,Pittsburgh
2017-01-22,1.4,8828.82,768.82,5.01,0.0,8054.99,7606.17,448.82,0.0,organic,2017,Pittsburgh
2015-05-03,1.49,1889.99,624.2,39.22,0.0,1226.57,995.08,231.49,0.0,organic,2015,Pittsburgh
2016-02-14,1.38,1238.86,195.98,164.87,0.0,878.01,687.9,190.11,0.0,organic,2016,Pittsburgh
2017-09-24,1.42,11807.12,1175.34,44.45,0.0,10587.33,10584.0,3.33,0.0,organic,2017,Pittsburgh
2016-04-17,1.48,1614.86,88.32,322.96,3.18,1200.4,1200.4,0.0,0.0,organic,2016,Pittsburgh
2016-05-15,1.41,2139.33,181.27,240.6,14.83,1702.63,1702.63,0.0,0.0,organic,2016,Pittsburgh
2015-08-16,1.57,1531.14,677.2,34.03,0.0,819.91,426.67,393.24,0.0,organic,2015,Pittsburgh
2015-11-01,1.46,1383.12,399.03,57.98,0.0,926.11,694.95,231.16,0.0,organic,2015,Pittsburgh
2016-11-27,1.53,6723.98,659.82,7.02,1.75,6055.39,5637.63,417.76,0.0,organic,2016,Pittsburgh
2017-09-03,1.5,8523.79,1233.77,22.88,0.0,7267.14,7267.14,0.0,0.0,organic,2017,Pittsburgh
2015-04-19,1.37,3182.2,1061.01,232.2,0.0,1888.99,1606.8,282.19,0.0,organic,2015,Pittsburgh
2018-02-04,1.4,11077.99,1053.22,25.24,0.0,9999.53,9999.53,0.0,0.0,organic,2018,Pittsburgh
2016-08-07,1.54,5082.89,860.51,174.79,0.0,4047.59,3939.28,108.31,0.0,organic,2016,Pittsburgh
2016-10-16,1.53,9213.3,968.87,133.4,0.0,8111.03,7685.88,425.15,0.0,organic,2016,Pittsburgh
2017-07-30,1.43,10125.12,945.2,16.88,0.0,9163.04,9156.37,6.67,0.0,organic,2017,Pittsburgh
2017-12-24,1.37,10465.03,851.72,4.96,0.0,9608.35,9608.35,0.0,0.0,organic,2017,Pittsburgh
2017-04-16,1.51,12174.58,981.59,14.6,0.0,11178.39,10521.57,656.82,0.0,organic,2017,Pittsburgh
2015-04-05,1.35,2808.98,726.93,208.38,0.0,1873.67,1668.65,205.02,0.0,organic,2015,Pittsburgh
2016-09-18,1.51,7587.7,1152.56,156.79,0.0,6278.35,5973.05,305.3,0.0,organic,2016,Pittsburgh
