Regression/datasets/filtered_avocados.csv
Date,AveragePrice,Total Volume,4046,4225,4770,Total Bags,Small Bags,Large Bags,XLarge Bags,type,year,region
2015-04-26,2.01,4447.09,1627.63,2751.73,0.0,67.73,0.0,67.73,0.0,organic,2015,Atlanta
2016-04-24,1.38,9858.95,2236.6,4002.17,0.0,3620.18,1418.66,2201.52,0.0,organic,2016,Atlanta
2018-02-04,1.62,11900.41,384.29,4042.55,0.0,7473.57,5731.98,1741.59,0.0,organic,2018,Atlanta
2015-03-29,1.88,5076.62,2016.24,2847.3,0.0,213.08,40.41,172.67,0.0,organic,2015,Atlanta
2016-09-18,1.91,8231.32,1392.93,4819.24,0.0,2019.15,112.67,1906.48,0.0,organic,2016,Atlanta
2017-08-06,1.97,13998.62,451.86,5641.82,0.0,7904.94,5936.32,1968.62,0.0,organic,2017,Atlanta
2015-05-24,1.74,5464.3,1705.34,2707.04,0.0,1051.92,119.44,932.48,0.0,organic,2015,Atlanta
2015-03-15,1.19,13985.95,2004.93,9249.47,0.0,2731.55,0.0,2731.55,0.0,organic,2015,Atlanta
2016-08-28,1.14,18482.13,1480.15,4894.19,0.0,12107.79,1774.14,10333.65,0.0,organic,2016,Atlanta
2017-12-24,1.59,15311.1,443.44,4328.48,0.0,10539.18,9273.56,1265.62,0.0,organic,2017,Atlanta
2015-05-10,1.82,5067.95,1878.0,2479.23,0.0,710.72,0.0,710.72,0.0,organic,2015,Atlanta
2017-01-01,1.81,5342.85,956.73,2862.95,0.0,1523.17,5.55,1517.62,0.0,organic,2017,Atlanta
2017-11-26,1.66,11834.89,344.14,3863.03,0.0,7627.72,6495.07,1132.65,0.0,organic,2017,Atlanta
2017-02-19,1.06,11866.71,1388.4,3401.6,0.0,7076.71,85.62,6991.09,0.0,organic,2017,Atlanta
2015-04-05,1.74,5558.81,1595.31,3073.37,0.0,890.13,40.46,849.67,0.0,organic,2015,Atlanta
2017-07-23,1.85,17588.07,609.88,7547.2,0.0,9430.99,4594.8,4836.19,0.0,organic,2017,Atlanta
2017-03-19,1.23,11754.42,1756.42,4656.72,0.0,5341.28,125.41,5215.87,0.0,organic,2017,Atlanta
2016-05-08,1.42,9663.49,2105.61,3559.51,0.0,3998.37,1348.54,2649.83,0.0,organic,2016,Atlanta
2015-02-15,1.46,7783.29,1449.86,5216.4,0.0,1117.03,700.0,417.03,0.0,organic,2015,Atlanta
2017-01-15,1.62,6291.29,1129.49,3582.5,0.0,1579.3,0.0,1579.3,0.0,organic,2017,Atlanta
2015-01-25,1.87,3047.38,1578.59,735.23,0.0,733.56,533.33,200.23,0.0,organic,2015,Atlanta
2016-12-25,1.76,5456.42,895.62,2981.24,0.0,1579.56,0.0,1579.56,0.0,organic,2016,Atlanta
2015-09-20,2.04,5705.15,2378.64,3304.23,0.0,22.28,0.0,22.28,0.0,organic,2015,Atlanta
2015-08-16,1.83,6627.48,1953.69,3335.84,0.0,1337.95,1087.61,250.34,0.0,organic,2015,Atlanta
2017-02-05,1.28,9685.15,1418.26,4208.97,0.0,4057.92,35.71,4022.21,0.0,organic,2017,Atlanta
2015-04-19,1.63,6705.06,1820.12,4094.67,0.0,790.27,772.29,17.98,0.0,organic,2015,Atlanta
2016-01-10,1.66,5614.09,2123.47,2121.26,0.0,1369.36,392.02,977.34,0.0,organic,2016,Atlanta
2017-12-17,1.59,11548.46,343.83,3504.07,0.0,7700.56,5440.12,2260.44,0.0,organic,2017,Atlanta
2017-11-05,1.86,11588.38,447.38,3686.33,0.0,7454.67,5330.44,2124.23,0.0,organic,2017,Atlanta
2017-10-29,2.04,15731.26,319.28,3788.49,0.0,11623.49,5403.29,6220.2,0.0,organic,2017,Atlanta
2015-11-22,1.88,4015.99,1766.22,2096.22,0.0,153.55,70.0,83.55,0.0,organic,2015,Atlanta
2016-01-24,1.65,6193.73,2193.2,2432.91,0.0,1567.62,713.33,854.29,0.0,organic,2016,Atlanta
2017-07-30,1.78,15501.08,431.93,6137.14,0.0,8932.01,4879.96,4052.05,0.0,organic,2017,Atlanta
2016-08-14,1.58,13049.21,2514.22,4567.03,0.0,5967.96,1854.73,4113.23,0.0,organic,2016,Atlanta
2015-07-26,1.56,7888.45,2286.67,2468.79,0.0,3132.99,1537.46,1595.53,0.0,organic,2015,Atlanta
2017-01-01,1.18,283434.01,74754.07,125855.56,13633.95,69190.43,66525.85,2664.58,0.0,conventional,2017,RaleighGreensboro
2017-01-15,1.27,277248.48,73384.69,111891.62,8946.58,83025.59,80590.42,2435.17,0.0,conventional,2017,RaleighGreensboro
2015-02-15,1.21,230632.14,66005.8,55126.76,48502.71,60996.87,49618.45,11378.42,0.0,conventional,2015,RaleighGreensboro
2017-10-22,1.63,229001.29,62822.01,87018.3,5007.19,74153.79,71573.43,2580.36,0.0,conventional,2017,RaleighGreensboro
2016-06-26,1.12,297550.9,63248.04,110539.24,43580.31,80183.31,77775.85,657.46,1750.0,conventional,2016,RaleighGreensboro
2016-05-08,1.07,318524.19,56914.24,154919.75,16994.03,89696.17,86964.65,1553.74,1177.78,conventional,2016,RaleighGreensboro
2018-03-25,1.24,362959.17,91484.37,120803.28,5307.11,145364.41,139121.67,6242.74,0.0,conventional,2018,RaleighGreensboro
2016-05-15,1.1,293520.49,57225.93,131575.08,15602.76,89116.72,86768.77,1193.78,1154.17,conventional,2016,RaleighGreensboro
2015-08-23,1.13,277977.73,50939.49,68496.4,46614.0,111927.84,111602.1,325.74,0.0,conventional,2015,RaleighGreensboro
2017-04-30,1.44,309256.66,87512.66,108724.01,6537.73,106482.26,102811.33,3670.93,0.0,conventional,2017,RaleighGreensboro
2016-07-17,1.28,279442.6,47084.06,109983.48,29372.59,93002.47,82748.32,685.82,9568.33,conventional,2016,RaleighGreensboro
2017-10-01,1.63,249920.93,67533.05,96920.94,4787.85,80679.09,76700.96,3978.13,0.0,conventional,2017,RaleighGreensboro
2016-07-31,1.33,273951.5,59207.74,116645.19,25331.72,72766.85,68455.47,1258.6,3052.78,conventional,2016,RaleighGreensboro
2015-08-09,1.23,234070.7,42925.31,65067.83,44441.11,81636.45,81028.63,607.82,0.0,conventional,2015,RaleighGreensboro
2018-02-25,1.28,343583.53,91255.51,120240.34,5425.62,126662.06,119370.42,7291.64,0.0,conventional,2018,RaleighGreensboro
2018-02-04,0.97,525075.42,119688.78,132891.28,5891.9,266603.46,254234.83,12368.63,0.0,conventional,2018,RaleighGreensboro
2015-02-08,1.14,222483.88,68078.13,47671.39,33712.03,73022.33,62051.18,10971.15,0.0,conventional,2015,RaleighGreensboro
2018-02-18,1.29,302077.06,78221.45,101748.26,5439.47,116667.88,108698.13,7969.75,0.0,conventional,2018,RaleighGreensboro
2016-01-24,0.96,242512.95,20211.55,135264.31,26788.14,60248.95,59121.7,1127.25,0.0,conventional,2016,RaleighGreensboro
2017-07-23,1.31,286761.46,72790.4,94919.48,6495.0,112556.58,106561.61,3974.97,2020.0,conventional,2017,RaleighGreensboro
2015-10-04,1.29,187692.67,48417.65,56829.33,45935.19,36510.5,34300.9,2209.6,0.0,conventional,2015,RaleighGreensboro
2015-12-20,0.98,189584.22,43169.56,78630.35,20913.36,46870.95,46617.48,253.47,0.0,conventional,2015,RaleighGreensboro
2015-05-17,1.16,264908.94,77565.86,64994.1,41158.83,81190.15,80610.84,579.31,0.0,conventional,2015,RaleighGreensboro
2017-09-03,1.54,263532.84,63349.98,96363.44,5765.75,98053.67,91379.99,2160.35,4513.33,conventional,2017,RaleighGreensboro
2017-02-26,1.21,329592.25,75319.8,154834.96,11165.32,88272.17,86960.95,1311.22,0.0,conventional,2017,RaleighGreensboro
2016-07-24,1.31,279159.58,52638.44,114295.77,26360.8,85864.57,77643.01,3640.73,4580.83,conventional,2016,RaleighGreensboro
2016-03-06,1.08,298087.71,66431.92,140242.5,22198.37,69214.92,68588.92,626.0,0.0,conventional,2016,RaleighGreensboro
2016-10-16,1.37,247656.68,91951.02,64317.25,17584.71,73803.7,70168.55,3635.15,0.0,conventional,2016,RaleighGreensboro
2017-11-05,1.39,271264.81,87732.98,82461.12,4552.75,96517.96,94086.43,2431.53,0.0,conventional,2017,RaleighGreensboro
2015-10-11,1.17,222606.79,47887.85,54545.59,69417.88,50755.47,48621.59,2133.88,0.0,conventional,2015,RaleighGreensboro
2016-01-31,0.96,290633.33,61313.27,145758.08,26481.58,57080.4,52157.37,4923.03,0.0,conventional,2016,RaleighGreensboro
2015-11-22,1.02,179083.03,44120.52,75630.56,25366.63,33965.32,33573.06,392.26,0.0,conventional,2015,RaleighGreensboro
2016-06-19,1.12,313757.2,69174.55,116061.69,48615.58,79905.38,78077.13,958.25,870.0,conventional,2016,RaleighGreensboro
2016-09-11,1.31,248257.02,55464.08,81087.7,19102.71,92602.53,88122.17,4475.36,5.0,conventional,2016,RaleighGreensboro
2017-08-27,1.47,293278.78,92921.86,90069.37,5520.15,104767.4,100986.72,2240.68,1540.0,conventional,2017,RaleighGreensboro
2016-10-09,1.39,254093.87,85813.34,67026.7,20238.33,81015.5,77169.19,3278.25,568.06,conventional,2016,RaleighGreensboro
2016-12-18,1.26,197054.39,60411.01,60081.51,8199.68,68362.19,66189.15,2173.04,0.0,conventional,2016,RaleighGreensboro
2016-12-11,1.24,215138.05,77872.1,51720.67,8646.12,76899.16,75275.83,1623.33,0.0,conventional,2016,RaleighGreensboro
2017-10-29,1.48,251521.91,76356.75,82013.34,4266.3,88885.52,85668.09,3216.32,1.11,conventional,2017,RaleighGreensboro
2016-05-29,1.18,295356.64,56828.31,118782.19,41393.05,78353.09,77273.37,834.72,245.0,conventional,2016,RaleighGreensboro
2017-12-17,1.24,253164.73,79511.53,70218.88,3459.14,99975.18,97660.72,2310.02,4.44,conventional,2017,RaleighGreensboro
2017-10-15,1.79,472074.73,324877.96,49047.42,32.0,98117.35,72027.82,26089.53,0.0,conventional,2017,MiamiFtLauderdale
2017-07-02,1.44,627569.42,419259.34,76464.05,418.31,131427.72,49954.72,72199.67,9273.33,conventional,2017,MiamiFtLauderdale
2017-10-01,2.04,399836.65,254127.88,48863.68,187.25,96657.84,54423.36,42234.48,0.0,conventional,2017,MiamiFtLauderdale
2017-07-16,1.48,523617.87,367930.59,65180.09,301.98,90205.21,38434.8,41978.19,9792.22,conventional,2017,MiamiFtLauderdale
2015-07-19,0.96,626841.5,436603.6,96849.49,98.68,93289.73,55330.18,37959.55,0.0,conventional,2015,MiamiFtLauderdale
2015-09-13,1.26,331077.9,197328.71,64770.61,17.92,68960.66,42655.4,26305.26,0.0,conventional,2015,MiamiFtLauderdale
2017-04-09,1.54,494093.73,312737.23,74502.99,242.38,106611.13,66358.64,40164.99,87.5,conventional,2017,MiamiFtLauderdale
2017-11-19,1.23,642013.0,418092.0,65920.0,2026.0,155975.0,80040.0,75936.0,0.0,conventional,2017,MiamiFtLauderdale
2015-01-11,1.28,342796.99,242922.42,36043.54,38.69,63792.34,35069.71,28722.63,0.0,conventional,2015,MiamiFtLauderdale
2015-03-22,0.97,642934.25,480064.45,58232.21,165.2,104472.39,51350.08,53122.31,0.0,conventional,2015,MiamiFtLauderdale
2016-08-21,1.23,565825.46,296954.65,128877.47,95.35,139897.99,82057.39,51085.6,6755.0,conventional,2016,MiamiFtLauderdale
2016-12-11,1.39,446139.65,177620.99,97259.69,159.53,171099.44,67684.21,103274.95,140.28,conventional,2016,MiamiFtLauderdale
2016-10-02,1.51,539574.59,221783.43,125421.99,360.91,192008.26,71779.19,120229.07,0.0,conventional,2016,MiamiFtLauderdale
2016-07-10,1.24,566889.77,277354.34,142734.5,151.43,146649.5,87649.94,46987.06,12012.5,conventional,2016,MiamiFtLauderdale
2016-10-30,1.57,403657.05,169008.34,98080.05,247.52,136321.14,41406.6,94572.87,341.67,conventional,2016,MiamiFtLauderdale
2016-04-24,0.88,896845.48,419775.53,227523.41,547.08,248999.46,61116.97,186258.88,1623.61,conventional,2016,MiamiFtLauderdale
2017-11-05,1.53,463170.5,314039.49,47476.82,392.9,101261.29,66124.03,35137.26,0.0,conventional,2017,MiamiFtLauderdale
2016-06-26,1.25,540206.17,283281.44,130937.32,165.68,125821.73,78005.81,32132.03,15683.89,conventional,2016,MiamiFtLauderdale
2015-11-01,0.98,566030.64,415970.77,54992.76,32.81,95034.3,37980.05,57051.32,2.93,conventional,2015,MiamiFtLauderdale
2015-07-26,1.24,379954.31,233056.82,63065.93,76.64,83754.92,63018.58,20736.34,0.0,conventional,2015,MiamiFtLauderdale
2015-11-22,0.98,499396.26,359876.76,47195.19,72.44,92251.87,32763.43,59482.61,5.83,conventional,2015,MiamiFtLauderdale
2016-09-18,1.19,541030.4,237187.12,103912.38,281.12,199649.78,83963.06,114378.39,1308.33,conventional,2016,MiamiFtLauderdale
2018-01-28,1.4,661212.22,440406.44,54463.83,2465.91,163876.04,95377.39,68491.98,6.67,conventional,2018,MiamiFtLauderdale
2016-11-20,1.52,461236.74,179988.4,102113.0,44.24,179091.1,70029.31,109061.79,0.0,conventional,2016,MiamiFtLauderdale
2017-01-15,1.34,588482.19,251140.35,125991.87,544.78,210805.19,82722.7,128082.49,0.0,conventional,2017,MiamiFtLauderdale
2017-10-29,1.22,674788.56,450543.04,71919.22,223.75,152102.55,75333.68,76768.87,0.0,conventional,2017,MiamiFtLauderdale
2016-03-27,1.17,468636.39,240096.64,99290.24,128.06,129121.45,52473.74,76647.71,0.0,conventional,2016,MiamiFtLauderdale
2016-08-14,1.17,695230.59,400660.58,142475.6,138.85,151955.56,62925.48,83815.91,5214.17,conventional,2016,MiamiFtLauderdale
2015-06-28,1.21,443970.6,259852.13,79482.73,262.36,104373.38,76411.06,27962.32,0.0,conventional,2015,MiamiFtLauderdale
2017-09-03,1.26,9273.64,124.6,825.16,0.0,8323.88,8305.42,18.46,0.0,organic,2017,GrandRapids
2017-02-12,1.27,4273.25,93.8,3515.56,0.0,663.89,663.89,0.0,0.0,organic,2017,GrandRapids
2016-10-30,2.11,740.33,17.92,379.08,0.0,343.33,343.33,0.0,0.0,organic,2016,GrandRapids
2016-08-14,1.93,1958.5,1112.04,207.99,0.0,638.47,456.67,181.8,0.0,organic,2016,GrandRapids
2017-08-20,1.13,7502.05,23.42,35.82,0.0,7442.81,7421.38,21.43,0.0,organic,2017,GrandRapids
2017-07-23,1.27,6483.93,4.15,667.54,0.0,5812.24,5767.7,44.54,0.0,organic,2017,GrandRapids
2016-06-19,1.67,2301.05,41.53,1883.37,0.0,376.15,330.0,46.15,0.0,organic,2016,GrandRapids
2016-07-03,1.8,1680.08,15.67,1297.74,0.0,366.67,366.67,0.0,0.0,organic,2016,GrandRapids
2016-11-13,2.28,1284.68,69.31,822.04,0.0,393.33,393.33,0.0,0.0,organic,2016,GrandRapids
2015-12-13,1.55,2093.11,1024.98,891.47,0.0,176.66,176.66,0.0,0.0,organic,2015,GrandRapids
2017-01-15,1.75,1427.36,60.33,973.7,0.0,393.33,393.33,0.0,0.0,organic,2017,GrandRapids
2018-03-04,1.01,17987.77,78.5,7765.2,0.0,10144.07,10144.07,0.0,0.0,organic,2018,GrandRapids
2015-07-26,1.86,1070.6,9.96,793.97,0.0,266.67,266.67,0.0,0.0,organic,2015,GrandRapids
2018-02-11,1.25,8859.53,11.55,2034.77,0.0,6813.21,6813.21,0.0,0.0,organic,2018,GrandRapids
2017-08-27,1.21,8060.54,28.94,493.34,0.0,7538.26,7516.82,21.44,0.0,organic,2017,GrandRapids
2017-03-26,2.05,2136.8,5.92,1421.21,0.0,709.67,561.78,147.89,0.0,organic,2017,GrandRapids
2017-04-30,2.21,1451.76,2.97,1052.37,0.0,396.42,370.0,26.42,0.0,organic,2017,GrandRapids
2017-04-09,2.0,2038.99,43.45,1224.09,0.0,771.45,599.98,171.47,0.0,organic,2017,GrandRapids
2016-07-17,1.82,1222.54,345.52,308.85,0.0,568.17,513.33,54.84,0.0,organic,2016,GrandRapids
2015-04-05,1.83,934.95,11.05,617.23,0.0,306.67,306.67,0.0,0.0,organic,2015,GrandRapids
2016-03-13,1.33,1643.43,258.14,916.85,0.0,468.44,450.0,18.44,0.0,organic,2016,GrandRapids
2015-05-24,1.83,1417.63,10.03,983.02,0.0,424.58,418.21,6.37,0.0,organic,2015,GrandRapids
2016-11-20,2.26,841.53,43.11,481.19,0.0,317.23,317.23,0.0,0.0,organic,2016,GrandRapids
2016-04-17,1.57,1620.45,102.47,788.49,0.0,729.49,720.0,9.49,0.0,organic,2016,GrandRapids
2017-06-18,2.62,1314.24,18.58,1057.49,0.0,238.17,12.7,225.47,0.0,organic,2017,GrandRapids
2015-06-21,1.93,1235.29,47.51,954.58,0.0,233.2,230.0,3.2,0.0,organic,2015,GrandRapids
