Regression/datasets/filtered_avocados.csv
Date,AveragePrice,Total Volume,4046,4225,4770,Total Bags,Small Bags,Large Bags,XLarge Bags,type,year,region
2016-05-15,2.02,34788.28,4328.47,15961.11,2631.05,11867.65,11026.93,840.72,0.0,organic,2016,NewYork
2016-05-08,2.0,39638.67,3876.06,11969.29,2361.39,21431.93,20040.27,1391.66,0.0,organic,2016,NewYork
2018-02-18,1.36,495083.69,107369.04,329956.5,956.38,56801.77,55583.56,1218.21,0.0,organic,2018,NewYork
2015-10-04,2.25,15454.59,1978.71,11877.16,47.48,1551.24,428.68,1122.56,0.0,organic,2015,NewYork
2015-07-05,2.24,9519.72,1816.12,6858.33,123.46,721.81,721.81,0.0,0.0,organic,2015,NewYork
2016-10-30,2.25,25450.53,5223.58,18866.35,57.57,1303.03,777.54,525.49,0.0,organic,2016,NewYork
2017-09-10,2.07,90178.82,5734.05,28471.55,57.34,55915.88,55915.88,0.0,0.0,organic,2017,NewYork
2015-07-12,2.02,10799.02,2075.8,8167.79,53.34,502.09,502.09,0.0,0.0,organic,2015,NewYork
2016-10-16,2.33,17837.78,3985.49,11359.44,88.68,2404.17,1942.38,461.79,0.0,organic,2016,NewYork
2017-08-13,2.07,73309.74,4392.15,21953.83,234.58,46729.18,46723.25,5.93,0.0,organic,2017,NewYork
2018-03-25,1.86,118503.55,12695.3,35094.5,205.59,70508.16,70377.52,130.64,0.0,organic,2018,NewYork
2016-05-01,2.16,54477.59,5556.25,17185.85,2672.11,29063.38,27008.79,2054.59,0.0,organic,2016,NewYork
2017-05-14,2.41,71188.47,6758.27,25947.46,2033.18,36449.56,36449.56,0.0,0.0,organic,2017,NewYork
2015-06-14,2.0,22931.78,5012.28,14260.6,923.15,2735.75,2735.75,0.0,0.0,organic,2015,NewYork
2017-01-15,2.09,42233.25,6002.05,18195.1,117.02,17919.08,17791.92,127.16,0.0,organic,2017,NewYork
2016-08-07,2.37,27155.2,4520.35,16430.44,1881.12,4323.29,4249.64,73.65,0.0,organic,2016,NewYork
2015-01-11,2.03,14817.97,1744.44,10901.43,60.93,2111.17,2111.17,0.0,0.0,organic,2015,NewYork
2016-01-24,2.09,28121.46,2289.5,9484.63,2221.2,14126.13,7033.2,7092.93,0.0,organic,2016,NewYork
2015-05-17,2.06,21815.46,2917.8,10860.17,90.34,7947.15,7947.15,0.0,0.0,organic,2015,NewYork
2016-03-06,1.86,41547.14,8104.1,16993.79,2071.16,14378.09,9996.91,4381.18,0.0,organic,2016,NewYork
2016-10-23,2.1,8442.79,1932.33,4815.3,33.45,1661.71,1661.71,0.0,0.0,organic,2016,NewYork
2018-02-11,1.92,79877.83,6604.28,15647.94,863.92,56761.69,55116.51,1645.18,0.0,organic,2018,NewYork
2016-06-26,2.23,38645.77,3521.45,14622.04,389.08,20113.2,18563.31,1549.89,0.0,organic,2016,NewYork
2016-08-14,2.27,25308.77,5199.06,15226.51,1468.34,3414.86,3059.85,355.01,0.0,organic,2016,NewYork
2017-06-04,2.06,112812.77,17822.91,52648.14,1178.91,41162.81,39892.76,1270.05,0.0,organic,2017,NewYork
2016-06-19,2.26,37403.19,3233.43,14646.75,174.74,19348.27,18633.3,714.97,0.0,organic,2016,NewYork
2016-02-21,1.9,26230.35,5043.6,10101.04,1489.17,9596.54,5209.49,4387.05,0.0,organic,2016,NewYork
2016-11-27,2.38,29117.76,4165.67,14257.49,238.38,10456.22,10376.02,80.2,0.0,organic,2016,NewYork
2016-10-02,2.41,35543.08,3506.59,11530.82,1515.94,18989.73,18656.77,332.96,0.0,organic,2016,NewYork
2017-02-19,1.36,420410.54,100285.03,288953.97,366.3,30805.24,29223.4,1581.84,0.0,organic,2017,NewYork
2016-07-17,2.4,55607.08,4034.86,16488.14,2929.81,32154.27,31257.04,897.23,0.0,organic,2016,NewYork
2018-02-25,1.72,112128.84,12369.59,43197.79,217.92,56343.54,56343.54,0.0,0.0,organic,2018,NewYork
2015-01-25,2.02,14337.32,1363.4,10912.03,46.42,2015.47,2015.47,0.0,0.0,organic,2015,NewYork
2015-12-06,1.65,18494.23,4117.08,7226.46,1106.58,6044.11,200.3,5843.81,0.0,organic,2015,NewYork
2015-08-16,2.3,16293.09,2843.86,11396.1,789.75,1263.38,1242.18,21.2,0.0,organic,2015,NewYork
2016-12-18,1.99,51329.63,11645.06,22852.9,190.58,16641.09,16086.71,554.38,0.0,organic,2016,NewYork
2017-10-22,2.08,70272.82,5760.74,17860.14,73.28,46578.66,46411.29,167.37,0.0,organic,2017,NewYork
2015-03-22,2.02,15438.68,2987.71,11096.86,23.66,1330.45,1330.45,0.0,0.0,organic,2015,NewYork
2016-12-25,2.17,37438.54,5592.11,15901.97,772.3,15172.16,14698.51,473.65,0.0,organic,2016,NewYork
2015-02-22,2.21,16620.69,3471.14,9549.06,43.85,3556.64,3556.64,0.0,0.0,organic,2015,NewYork
2016-06-12,1.94,28758.83,3909.23,14358.57,177.64,10313.39,9034.74,1278.65,0.0,organic,2016,NewYork
2018-02-04,1.62,46956.84,313.29,32668.25,0.0,13975.3,13975.3,0.0,0.0,organic,2018,Chicago
2018-03-18,1.66,35542.17,184.53,26955.74,0.0,8401.9,8398.57,3.33,0.0,organic,2018,Chicago
2015-02-15,1.81,10575.65,948.53,8233.79,0.0,1393.33,1393.33,0.0,0.0,organic,2015,Chicago
2017-07-09,1.99,34529.39,101.56,33439.5,0.0,988.33,988.33,0.0,0.0,organic,2017,Chicago
2015-05-03,1.51,27210.49,672.05,26198.44,0.0,340.0,340.0,0.0,0.0,organic,2015,Chicago
2016-08-21,2.08,31252.62,69.71,29470.17,0.0,1712.74,1712.74,0.0,0.0,organic,2016,Chicago
2017-09-03,2.05,20131.27,107.44,11896.8,0.0,8127.03,8127.03,0.0,0.0,organic,2017,Chicago
2015-06-14,1.87,18374.82,502.87,17175.28,0.0,696.67,696.67,0.0,0.0,organic,2015,Chicago
2017-04-09,1.95,57024.53,298.8,53040.02,0.0,3685.71,3685.71,0.0,0.0,organic,2017,Chicago
2017-08-20,1.71,13896.65,51.92,5013.57,0.0,8831.16,8824.49,6.67,0.0,organic,2017,Chicago
2015-11-29,1.59,22168.32,457.29,21677.7,0.0,33.33,33.33,0.0,0.0,organic,2015,Chicago
2015-03-22,1.67,16076.52,436.1,15367.09,0.0,273.33,273.33,0.0,0.0,organic,2015,Chicago
2015-08-23,1.61,31623.52,1517.15,29613.04,0.0,493.33,493.33,0.0,0.0,organic,2015,Chicago
2016-02-21,1.55,32492.15,945.63,28552.71,0.0,2993.81,2993.81,0.0,0.0,organic,2016,Chicago
2017-05-21,1.94,44591.86,34.84,40715.22,0.0,3841.8,3841.8,0.0,0.0,organic,2017,Chicago
2018-01-21,1.82,36688.67,83.93,28134.16,0.0,8470.58,8470.58,0.0,0.0,organic,2018,Chicago
2015-10-18,1.79,19818.98,1237.5,18374.81,0.0,206.67,206.67,0.0,0.0,organic,2015,Chicago
2015-11-08,1.59,26247.16,643.23,24713.93,0.0,890.0,890.0,0.0,0.0,organic,2015,Chicago
2016-10-09,2.04,26995.26,79.04,23403.99,0.0,3512.23,3512.23,0.0,0.0,organic,2016,Chicago
2016-03-06,1.49,36774.58,736.06,35610.75,0.0,427.77,427.77,0.0,0.0,organic,2016,Chicago
2017-04-02,1.94,56046.88,538.54,51259.58,0.0,4248.76,4248.76,0.0,0.0,organic,2017,Chicago
2015-06-21,1.82,16136.49,655.45,15171.04,0.0,310.0,310.0,0.0,0.0,organic,2015,Chicago
2016-07-31,2.11,28969.34,80.77,27361.91,0.0,1526.66,1526.66,0.0,0.0,organic,2016,Chicago
2016-08-28,2.09,27637.06,699.1,25426.29,0.0,1511.67,1511.67,0.0,0.0,organic,2016,Chicago
2017-03-05,1.64,47884.05,444.51,42428.17,0.0,5011.37,5011.37,0.0,0.0,organic,2017,Chicago
2016-06-19,1.53,37650.61,122.15,35503.46,0.0,2025.0,2025.0,0.0,0.0,organic,2016,Chicago
2015-12-27,1.58,20995.37,1064.71,19320.66,0.0,610.0,610.0,0.0,0.0,organic,2015,Chicago
2015-08-30,1.6,30663.55,1065.92,29017.63,0.0,580.0,580.0,0.0,0.0,organic,2015,Chicago
2016-01-03,1.62,24460.46,931.2,23415.93,0.0,113.33,113.33,0.0,0.0,organic,2016,Chicago
2018-03-25,1.69,35088.36,324.87,27550.29,0.0,7213.2,7176.54,36.66,0.0,organic,2018,Chicago
2017-05-14,1.93,40490.25,71.71,36510.68,0.0,3907.86,3907.86,0.0,0.0,organic,2017,Chicago
2016-12-04,1.71,35156.8,87.48,31941.41,0.0,3127.91,3127.91,0.0,0.0,organic,2016,Chicago
2016-01-24,1.62,25004.87,976.46,23728.41,0.0,300.0,300.0,0.0,0.0,organic,2016,Chicago
2018-02-11,1.65,38202.17,409.68,26524.51,0.0,11267.98,11261.31,6.67,0.0,organic,2018,Chicago
2017-09-17,2.13,28047.95,123.84,20717.47,0.0,7206.64,7206.64,0.0,0.0,organic,2017,Chicago
2017-12-31,1.79,26040.03,142.0,16241.0,0.0,9657.03,9650.37,6.66,0.0,organic,2017,Chicago
2015-04-05,1.65,21064.17,112.46,20035.04,0.0,916.67,916.67,0.0,0.0,organic,2015,Chicago
2017-11-26,1.73,28513.37,35.72,19019.1,0.0,9458.55,9427.44,31.11,0.0,organic,2017,Chicago
2016-05-08,1.62,34200.94,83.69,33146.9,0.0,970.35,970.35,0.0,0.0,organic,2016,Chicago
2015-06-07,1.85,19636.24,857.74,18325.17,0.0,453.33,453.33,0.0,0.0,organic,2015,Chicago
2015-03-29,1.66,15545.06,119.66,14605.4,0.0,820.0,820.0,0.0,0.0,organic,2015,Chicago
2015-11-15,1.58,25759.36,609.3,24890.06,0.0,260.0,260.0,0.0,0.0,organic,2015,Chicago
2016-02-14,1.58,28656.64,751.06,25968.76,0.0,1936.82,1936.82,0.0,0.0,organic,2016,Chicago
2018-02-18,1.58,29699.89,0.0,195.2,0.0,29504.69,29504.69,0.0,0.0,organic,2018,NorthernNewEngland
2015-01-25,1.9,6757.39,0.0,593.56,0.0,6163.83,6163.83,0.0,0.0,organic,2015,NorthernNewEngland
2015-07-19,1.96,8067.82,20.58,1104.69,0.0,6942.55,6942.55,0.0,0.0,organic,2015,NorthernNewEngland
2017-02-19,1.88,11527.69,2.6,221.4,0.0,11303.69,11303.69,0.0,0.0,organic,2017,NorthernNewEngland
2017-03-05,1.66,15016.27,76.78,269.38,0.0,14670.11,14670.11,0.0,0.0,organic,2017,NorthernNewEngland
2016-08-21,1.43,11826.44,2.54,240.06,0.0,11583.84,11583.84,0.0,0.0,organic,2016,NorthernNewEngland
2017-07-23,1.59,20654.13,14.18,254.59,0.0,20385.36,20385.36,0.0,0.0,organic,2017,NorthernNewEngland
2017-10-01,1.56,18317.19,10.88,163.19,0.0,18143.12,18143.12,0.0,0.0,organic,2017,NorthernNewEngland
2017-05-07,1.57,13580.31,29.67,398.54,0.0,13152.1,13152.1,0.0,0.0,organic,2017,NorthernNewEngland
2015-11-22,1.66,9580.4,15.45,78.44,0.0,9486.51,9486.51,0.0,0.0,organic,2015,NorthernNewEngland
2018-03-25,1.63,22596.13,9.44,257.67,0.0,22329.02,22329.02,0.0,0.0,organic,2018,NorthernNewEngland
2017-12-17,1.72,18551.6,3.54,288.78,0.0,18259.28,18259.28,0.0,0.0,organic,2017,NorthernNewEngland
2016-12-11,1.85,10526.21,6.16,172.36,0.0,10347.69,10347.69,0.0,0.0,organic,2016,NorthernNewEngland
2017-01-01,1.91,9214.09,6.23,130.87,0.0,9076.99,9076.99,0.0,0.0,organic,2017,NorthernNewEngland
2016-12-04,1.96,8741.54,15.93,159.27,0.0,8566.34,8566.34,0.0,0.0,organic,2016,NorthernNewEngland
2016-07-24,1.13,5882.29,0.0,287.29,0.0,5595.0,5589.25,5.75,0.0,organic,2016,NorthernNewEngland
2016-10-23,1.75,11324.45,0.0,153.88,0.0,11170.57,11170.57,0.0,0.0,organic,2016,NorthernNewEngland
2015-02-15,1.87,7199.17,7.88,590.77,0.0,6600.52,6600.52,0.0,0.0,organic,2015,NorthernNewEngland
2015-06-07,1.92,8091.22,4.87,848.18,0.0,7238.17,7238.17,0.0,0.0,organic,2015,NorthernNewEngland
2015-09-06,1.95,6936.51,3.7,669.84,0.0,6262.97,6262.97,0.0,0.0,organic,2015,NorthernNewEngland
2017-04-16,1.82,15495.62,87.32,240.12,0.0,15168.18,15168.18,0.0,0.0,organic,2017,NorthernNewEngland
2017-01-22,1.89,13492.85,2.54,185.06,0.0,13305.25,13305.25,0.0,0.0,organic,2017,NorthernNewEngland
2015-12-20,1.65,9262.66,9.65,149.62,0.0,9103.39,9103.39,0.0,0.0,organic,2015,NorthernNewEngland
2016-02-14,1.66,10158.92,5.01,169.07,0.0,9984.84,9984.84,0.0,0.0,organic,2016,NorthernNewEngland
2017-05-21,1.59,20571.46,7.77,299.22,0.0,20264.47,20264.47,0.0,0.0,organic,2017,NorthernNewEngland
2016-08-07,1.28,5685.2,1.28,245.36,0.0,5438.56,5438.56,0.0,0.0,organic,2016,NorthernNewEngland
2015-10-04,1.62,9011.35,15.66,189.08,0.0,8806.61,8806.61,0.0,0.0,organic,2015,NorthernNewEngland
2016-07-10,1.45,14482.73,5.19,145.3,0.0,14332.24,14332.24,0.0,0.0,organic,2016,NorthernNewEngland
2015-06-14,1.94,8633.7,36.88,780.73,0.0,7816.09,7816.09,0.0,0.0,organic,2015,NorthernNewEngland
2016-04-17,1.6,12342.22,0.0,263.91,0.0,12078.31,12078.31,0.0,0.0,organic,2016,NorthernNewEngland
2016-03-13,1.63,10985.53,5.05,222.41,0.0,10758.07,10758.07,0.0,0.0,organic,2016,NorthernNewEngland
2017-07-09,1.85,13592.4,3.94,277.31,0.0,13311.15,13311.15,0.0,0.0,organic,2017,NorthernNewEngland
2016-03-20,1.67,11336.93,5.06,423.79,0.0,10908.08,10908.08,0.0,0.0,organic,2016,NorthernNewEngland
2017-03-12,1.7,3349.83,635.64,115.92,5.1,2593.17,345.56,2247.61,0.0,organic,2017,Jacksonville
2015-06-28,1.95,1774.27,1515.5,85.02,16.09,157.66,150.0,7.66,0.0,organic,2015,Jacksonville
2016-10-16,1.36,3022.99,435.32,83.76,5.9,2498.01,166.67,2331.34,0.0,organic,2016,Jacksonville
2017-04-16,2.07,3193.74,736.16,214.13,11.4,2232.05,593.33,1638.72,0.0,organic,2017,Jacksonville
2015-08-30,1.93,2451.63,1209.01,51.63,20.65,1170.34,1170.34,0.0,0.0,organic,2015,Jacksonville
2017-02-26,1.68,3160.21,749.78,118.04,0.0,2292.39,323.54,1968.85,0.0,organic,2017,Jacksonville
2015-03-08,1.81,2221.57,1300.23,53.2,18.14,850.0,850.0,0.0,0.0,organic,2015,Jacksonville
2015-03-01,1.75,2076.28,1007.45,30.16,25.34,1013.33,1013.33,0.0,0.0,organic,2015,Jacksonville
2015-05-31,1.83,2053.94,1343.65,17.59,22.28,670.42,670.42,0.0,0.0,organic,2015,Jacksonville
2017-08-27,2.45,3332.02,332.58,1007.3,0.0,1992.14,1988.81,3.33,0.0,organic,2017,Jacksonville
2015-12-20,1.83,1742.99,1078.97,55.37,15.32,593.33,593.33,0.0,0.0,organic,2015,Jacksonville
2015-08-02,2.21,1979.87,1338.04,61.55,27.35,552.93,552.93,0.0,0.0,organic,2015,Jacksonville
2018-03-25,1.75,5518.73,171.22,806.65,3.93,4536.93,2944.89,1592.04,0.0,organic,2018,Jacksonville
2016-12-18,1.27,2966.96,257.99,57.07,2.38,2649.52,596.67,2052.85,0.0,organic,2016,Jacksonville
2016-08-21,2.0,3378.48,1860.99,108.09,9.4,1400.0,1370.0,30.0,0.0,organic,2016,Jacksonville
2015-10-11,2.11,2605.97,1536.09,43.53,26.35,1000.0,1000.0,0.0,0.0,organic,2015,Jacksonville
2017-06-25,2.25,4087.75,512.79,2421.93,0.0,1153.03,1149.69,3.34,0.0,organic,2017,Jacksonville
2015-01-04,1.81,1381.31,803.33,47.67,6.98,523.33,523.33,0.0,0.0,organic,2015,Jacksonville
2017-07-16,2.11,1646.15,73.93,553.26,1.19,1017.77,1014.44,3.33,0.0,organic,2017,Jacksonville
2016-03-20,1.58,3783.94,2000.1,119.76,7.41,1656.67,1656.67,0.0,0.0,organic,2016,Jacksonville
2016-10-09,1.98,2187.6,1278.95,60.28,1.18,847.19,180.0,667.19,0.0,organic,2016,Jacksonville
2015-09-13,2.18,1722.33,1104.58,60.86,6.89,550.0,550.0,0.0,0.0,organic,2015,Jacksonville
2017-04-02,1.43,6642.01,780.86,168.87,7.62,5684.66,3139.11,2545.55,0.0,organic,2017,Jacksonville
2017-09-24,2.57,5040.98,187.28,1310.93,0.0,3542.77,1314.76,2228.01,0.0,organic,2017,Jacksonville
2015-09-20,2.11,1557.89,940.33,19.52,8.04,590.0,590.0,0.0,0.0,organic,2015,Jacksonville
2016-09-25,1.46,4250.85,803.21,73.13,0.0,3374.51,860.0,2514.51,0.0,organic,2016,Jacksonville
2016-06-26,1.72,3794.29,2437.58,118.08,25.3,1213.33,1213.33,0.0,0.0,organic,2016,Jacksonville
2015-09-06,1.95,5552.08,73.34,2705.46,821.09,1952.19,1931.19,21.0,0.0,organic,2015,RaleighGreensboro
2017-03-19,1.83,6478.95,251.2,4806.55,342.44,1078.76,102.5,976.26,0.0,organic,2017,RaleighGreensboro
2018-03-25,2.02,13379.77,86.84,5923.16,98.37,7271.4,6881.8,389.6,0.0,organic,2018,RaleighGreensboro
2015-11-22,1.79,4163.25,141.24,2164.98,531.25,1325.78,1302.93,22.85,0.0,organic,2015,RaleighGreensboro
2015-02-15,1.69,4322.52,30.58,1862.3,712.15,1717.49,1690.1,27.39,0.0,organic,2015,RaleighGreensboro
2017-02-05,1.77,9668.72,219.34,3567.45,282.75,5599.18,5467.43,131.75,0.0,organic,2017,RaleighGreensboro
2015-01-25,2.02,3359.58,60.84,1948.96,627.92,721.86,620.46,101.4,0.0,organic,2015,RaleighGreensboro
2017-11-26,2.18,10080.77,143.37,3621.34,107.53,6208.53,6069.78,138.75,0.0,organic,2017,RaleighGreensboro
2015-03-15,1.87,3851.7,96.29,2298.83,886.27,570.31,550.86,19.45,0.0,organic,2015,RaleighGreensboro
2017-08-20,2.65,12011.77,384.39,4690.2,132.95,6804.23,6470.49,333.74,0.0,organic,2017,RaleighGreensboro
2017-08-06,2.51,14133.77,138.72,5216.39,174.16,8604.5,8220.82,383.68,0.0,organic,2017,RaleighGreensboro
2015-06-14,1.75,6913.18,203.17,2924.84,1010.38,2774.79,2179.92,594.87,0.0,organic,2015,RaleighGreensboro
2015-03-29,1.78,5373.53,389.81,2583.24,1021.05,1379.43,1363.5,15.93,0.0,organic,2015,RaleighGreensboro
2016-05-22,1.33,8390.24,197.54,3105.84,338.68,4748.18,3330.0,1418.18,0.0,organic,2016,RaleighGreensboro
2018-02-25,1.97,14215.62,161.11,5650.36,151.56,8252.59,7736.17,516.42,0.0,organic,2018,RaleighGreensboro
2016-08-21,1.83,15042.9,392.74,5555.08,665.32,8429.76,7972.64,457.12,0.0,organic,2016,RaleighGreensboro
2015-06-21,1.83,5444.87,233.94,3039.41,803.22,1368.3,1007.8,360.5,0.0,organic,2015,RaleighGreensboro
2017-11-05,2.29,12304.78,192.26,4978.84,173.5,6960.18,6880.73,79.45,0.0,organic,2017,RaleighGreensboro
2016-02-14,1.59,4235.48,183.68,1987.42,397.71,1666.67,1297.39,369.28,0.0,organic,2016,RaleighGreensboro
2015-12-06,1.82,3494.91,146.52,2097.0,419.63,831.76,798.35,33.41,0.0,organic,2015,RaleighGreensboro
2016-07-03,1.88,9151.31,241.13,3230.39,722.22,4957.57,4771.44,186.13,0.0,organic,2016,RaleighGreensboro
2016-09-11,1.77,15909.84,217.23,5379.34,518.49,9794.78,8919.3,875.48,0.0,organic,2016,RaleighGreensboro
2016-09-18,1.85,12131.33,209.13,5138.18,450.72,6333.3,5827.18,506.12,0.0,organic,2016,RaleighGreensboro
2017-02-12,1.54,9911.34,239.38,4073.5,292.17,5306.29,4476.52,829.77,0.0,organic,2017,RaleighGreensboro
2016-07-17,1.76,12786.12,340.07,4953.1,1036.51,6456.44,5924.3,532.14,0.0,organic,2016,RaleighGreensboro
2016-04-17,1.49,6440.23,211.2,2959.0,321.24,2948.79,2501.42,447.37,0.0,organic,2016,RaleighGreensboro
2016-03-27,1.43,5902.81,137.26,2547.68,330.32,2887.55,2230.0,657.55,0.0,organic,2016,RaleighGreensboro
2015-07-26,1.77,6381.57,142.93,2831.38,791.99,2615.27,1918.31,696.96,0.0,organic,2015,RaleighGreensboro
2015-05-03,1.35,11843.43,111.44,6282.96,1655.48,3793.55,2261.83,1531.72,0.0,organic,2015,RaleighGreensboro
2018-01-28,1.9,13996.05,145.91,6494.37,156.02,7199.75,6924.72,275.03,0.0,organic,2018,RaleighGreensboro
2015-01-11,1.98,3862.72,31.58,1957.67,672.88,1200.59,1195.75,4.84,0.0,organic,2015,RaleighGreensboro
2015-04-26,1.51,8109.67,89.77,4454.61,919.05,2646.24,1748.63,897.61,0.0,organic,2015,RaleighGreensboro
2017-01-01,1.78,8038.22,121.25,3157.17,299.93,4459.87,4271.94,187.93,0.0,organic,2017,RaleighGreensboro
