Regression/datasets/filtered_avocados.csv
Date,AveragePrice,Total Volume,4046,4225,4770,Total Bags,Small Bags,Large Bags,XLarge Bags,type,year,region
2017-04-23,1.94,7206.63,3447.75,394.43,0.0,3364.45,3364.45,0.0,0.0,organic,2017,Orlando
2015-05-03,1.82,2498.36,1559.49,48.87,0.0,890.0,890.0,0.0,0.0,organic,2015,Orlando
2017-07-30,1.69,4640.87,104.79,712.46,0.0,3823.62,3816.96,6.66,0.0,organic,2017,Orlando
2018-02-11,1.48,9487.94,228.09,909.96,0.0,8349.89,7405.55,944.34,0.0,organic,2018,Orlando
2018-02-18,1.57,9465.72,281.04,1239.92,0.0,7944.76,6697.78,1246.98,0.0,organic,2018,Orlando
2015-04-19,1.76,2745.8,1577.58,103.61,0.0,1064.61,1064.61,0.0,0.0,organic,2015,Orlando
2015-10-18,2.18,2804.82,1876.78,48.04,0.0,880.0,880.0,0.0,0.0,organic,2015,Orlando
2017-09-17,2.65,5500.41,486.39,1590.78,0.0,3423.24,1720.22,1703.02,0.0,organic,2017,Orlando
2015-01-25,1.82,1925.46,1174.98,53.81,0.0,696.67,696.67,0.0,0.0,organic,2015,Orlando
2015-12-20,1.89,2850.72,2169.48,70.88,0.0,610.36,610.36,0.0,0.0,organic,2015,Orlando
2017-03-26,1.54,8166.97,1228.48,140.26,0.0,6798.23,4407.59,2390.64,0.0,organic,2017,Orlando
2015-05-10,1.78,2982.83,1658.0,61.14,0.0,1263.69,1263.69,0.0,0.0,organic,2015,Orlando
2015-08-09,1.77,4599.05,2327.49,56.78,0.0,2214.78,2214.78,0.0,0.0,organic,2015,Orlando
2018-01-28,1.67,8402.79,197.96,1131.65,0.0,7073.18,5671.11,1402.07,0.0,organic,2018,Orlando
2016-04-17,1.64,5604.81,2538.97,159.88,0.0,2905.96,2905.96,0.0,0.0,organic,2016,Orlando
2015-01-18,1.79,2151.76,1237.16,31.27,0.0,883.33,883.33,0.0,0.0,organic,2015,Orlando
2016-10-16,1.44,2930.31,478.48,51.31,0.0,2400.52,533.33,1867.19,0.0,organic,2016,Orlando
2017-09-24,2.31,7564.56,496.68,1531.43,0.0,5536.45,4451.92,1084.53,0.0,organic,2017,Orlando
2016-01-31,1.76,4059.35,2811.38,67.97,0.0,1180.0,1173.33,6.67,0.0,organic,2016,Orlando
2017-05-28,1.8,8624.25,1830.55,174.17,0.0,6619.53,4830.7,1788.83,0.0,organic,2017,Orlando
2016-03-13,1.52,5651.13,2735.12,99.34,0.0,2816.67,2816.67,0.0,0.0,organic,2016,Orlando
2016-05-08,1.68,5598.49,2770.42,153.63,0.0,2674.44,2674.44,0.0,0.0,organic,2016,Orlando
2015-01-11,1.92,1610.6,1290.27,53.66,0.0,266.67,266.67,0.0,0.0,organic,2015,Orlando
2018-03-18,1.58,12161.25,335.39,1385.16,0.0,10440.7,8351.9,2088.8,0.0,organic,2018,Orlando
2016-08-21,1.85,6359.75,2642.82,176.93,0.0,3540.0,3503.33,36.67,0.0,organic,2016,Orlando
2015-10-04,2.11,2990.97,1810.36,27.8,0.0,1152.81,1152.81,0.0,0.0,organic,2015,Orlando
2015-05-17,1.88,2730.74,2073.98,46.0,0.0,610.76,610.76,0.0,0.0,organic,2015,Orlando
2017-01-08,1.26,6429.15,521.24,35.6,0.0,5872.31,2883.33,2988.98,0.0,organic,2017,Orlando
2017-10-22,2.29,7965.85,318.97,1675.81,0.0,5971.07,4053.33,1917.74,0.0,organic,2017,Orlando
2018-02-25,1.41,10092.35,230.59,806.41,0.0,9055.35,8597.78,457.57,0.0,organic,2018,Orlando
2017-01-01,1.28,5686.95,558.15,26.59,0.0,5102.21,2530.0,2572.21,0.0,organic,2017,Orlando
2015-01-04,1.8,2057.29,1200.41,53.55,0.0,803.33,803.33,0.0,0.0,organic,2015,Orlando
2017-11-12,1.88,5376.58,147.41,871.4,0.0,4357.77,4351.1,6.67,0.0,organic,2017,Orlando
2015-03-15,1.82,2478.71,1548.1,33.94,0.0,896.67,896.67,0.0,0.0,organic,2015,Orlando
2017-04-16,2.83,4269.84,2090.78,266.25,0.0,1912.81,1508.89,403.92,0.0,organic,2017,Orlando
2018-01-21,1.53,6993.97,113.71,598.05,0.0,6282.21,6278.88,3.33,0.0,organic,2018,Orlando
2015-08-30,2.11,3081.43,1875.63,56.3,0.0,1149.5,1149.5,0.0,0.0,organic,2015,Orlando
2016-06-19,1.51,6725.85,2669.06,340.13,0.0,3716.66,3703.33,13.33,0.0,organic,2016,Orlando
2015-09-20,2.08,3252.5,1870.05,47.91,0.0,1334.54,1334.54,0.0,0.0,organic,2015,Orlando
2017-06-25,2.18,7422.56,780.55,3949.02,0.0,2692.99,2689.66,3.33,0.0,organic,2017,Orlando
2017-08-06,2.37,12981.7,1047.77,6973.51,0.0,4960.42,4960.42,0.0,0.0,organic,2017,SanDiego
2015-11-01,1.64,9456.39,1478.71,7160.95,0.0,816.73,775.12,41.61,0.0,organic,2015,SanDiego
2015-09-20,1.69,10284.23,2634.12,7404.88,0.0,245.23,245.23,0.0,0.0,organic,2015,SanDiego
2016-03-20,1.4,14926.04,1809.37,8607.36,3.21,4506.1,2285.38,2220.72,0.0,organic,2016,SanDiego
2018-02-11,1.88,18517.54,1101.05,8243.72,0.0,9172.77,9172.77,0.0,0.0,organic,2018,SanDiego
2015-02-15,1.49,12775.39,11531.38,555.56,0.0,688.45,688.45,0.0,0.0,organic,2015,SanDiego
2017-10-01,2.27,13509.43,1595.59,8857.77,0.0,3056.07,3056.07,0.0,0.0,organic,2017,SanDiego
2018-02-18,2.05,17875.93,946.25,10002.06,0.0,6927.62,6917.62,10.0,0.0,organic,2018,SanDiego
2017-05-07,1.72,21798.32,1347.86,14683.9,1.67,5764.89,5703.48,61.41,0.0,organic,2017,SanDiego
2015-06-14,1.53,11438.64,3328.84,7539.16,3.44,567.2,567.2,0.0,0.0,organic,2015,SanDiego
2015-08-09,1.82,8902.03,2628.99,5592.09,0.0,680.95,680.95,0.0,0.0,organic,2015,SanDiego
2016-02-14,1.42,14114.3,667.06,9489.39,7.99,3949.86,670.13,3279.73,0.0,organic,2016,SanDiego
2017-02-12,1.66,9082.88,1014.35,7049.67,0.0,1018.86,856.72,162.14,0.0,organic,2017,SanDiego
2017-04-16,2.08,14043.34,940.85,9921.7,0.0,3180.79,560.0,2620.79,0.0,organic,2017,SanDiego
2016-03-27,1.35,16902.98,1329.74,9842.92,4.76,5725.56,1289.57,4435.99,0.0,organic,2016,SanDiego
2016-05-29,1.44,18843.84,2154.42,9998.92,0.0,6690.5,6601.22,89.28,0.0,organic,2016,SanDiego
2015-06-21,1.56,11055.46,2962.12,7601.86,0.0,491.48,491.48,0.0,0.0,organic,2015,SanDiego
2015-03-22,1.16,12951.28,8173.64,4447.33,0.0,330.31,330.31,0.0,0.0,organic,2015,SanDiego
2017-02-26,1.42,20055.23,1099.33,10427.06,0.0,8528.84,3657.65,4871.19,0.0,organic,2017,SanDiego
2015-05-24,1.51,12044.14,2853.3,8566.51,0.0,624.33,624.33,0.0,0.0,organic,2015,SanDiego
2015-08-30,1.88,9085.45,1986.05,6676.52,0.0,422.88,422.88,0.0,0.0,organic,2015,SanDiego
2016-08-14,1.91,15584.89,3489.41,8753.2,4.95,3337.33,511.95,2825.38,0.0,organic,2016,SanDiego
2015-01-25,1.26,11132.08,9245.07,470.05,0.0,1416.96,1416.96,0.0,0.0,organic,2015,SanDiego
2018-02-25,1.83,20171.93,1274.61,13035.32,0.0,5862.0,5858.67,3.33,0.0,organic,2018,SanDiego
2017-09-03,2.01,15165.11,1139.04,10923.85,0.0,3102.22,3102.22,0.0,0.0,organic,2017,SanDiego
2016-08-28,1.89,14359.34,2605.56,8258.88,0.0,3494.9,3283.42,211.48,0.0,organic,2016,SanDiego
2015-10-25,1.65,9164.19,1955.4,6641.62,0.0,567.17,561.7,5.47,0.0,organic,2015,SanDiego
2015-01-18,1.29,14473.73,12300.47,580.15,0.0,1593.11,1593.11,0.0,0.0,organic,2015,SanDiego
2016-09-18,2.15,10274.36,1289.86,8195.56,0.0,788.94,756.43,32.51,0.0,organic,2016,SanDiego
2017-12-24,1.82,15276.68,849.59,9042.84,0.0,5384.25,5384.25,0.0,0.0,organic,2017,SanDiego
2017-07-09,1.91,19248.28,1037.82,10325.37,0.0,7885.09,7885.09,0.0,0.0,organic,2017,SanDiego
2015-09-06,1.85,9341.22,2333.68,6614.63,0.0,392.91,392.91,0.0,0.0,organic,2015,SanDiego
2017-03-26,2.06,14388.05,2883.71,10030.37,0.0,1473.97,686.67,787.3,0.0,organic,2017,SanDiego
2018-01-28,1.91,17579.47,1145.64,8284.41,0.0,8149.42,8149.42,0.0,0.0,organic,2018,SanDiego
2016-04-03,1.25,21630.01,1640.08,13036.06,0.0,6953.87,3636.46,3317.41,0.0,organic,2016,SanDiego
2015-12-13,1.27,12242.29,1084.4,5007.42,3.24,6147.23,674.51,5472.72,0.0,organic,2015,SanDiego
2016-08-21,1.92,12240.19,3470.29,6774.71,0.0,1995.19,1757.47,237.72,0.0,organic,2016,SanDiego
2018-01-07,2.06,16746.82,5150.82,9366.31,0.0,2229.69,2229.69,0.0,0.0,organic,2018,SanDiego
2016-10-09,2.22,10499.71,908.41,7917.99,0.0,1673.31,1673.31,0.0,0.0,organic,2016,SanDiego
2017-03-19,1.59,22169.84,927.81,13605.83,4.94,7631.26,1083.05,6548.21,0.0,organic,2017,SanDiego
2016-09-11,1.59,18422.92,2500.57,13057.42,0.0,2864.93,1950.17,914.76,0.0,organic,2016,SanDiego
2016-03-06,1.21,18148.41,1836.96,8499.93,0.0,7811.52,7772.41,39.11,0.0,organic,2016,SanDiego
2017-11-05,1.6,16452.21,761.73,10819.54,0.0,4870.94,4870.94,0.0,0.0,organic,2017,SanDiego
2015-07-19,0.82,1186878.88,684455.16,364124.15,4970.49,133329.08,115942.32,17379.41,7.35,conventional,2015,DallasFtWorth
2017-10-22,1.1,1037930.19,525021.72,186939.29,2275.11,323694.07,252684.38,70932.42,77.27,conventional,2017,DallasFtWorth
2017-02-12,0.7,1422345.94,624160.13,276020.88,46940.69,475224.24,464056.64,10489.11,678.49,conventional,2017,DallasFtWorth
2015-02-22,0.8,1116600.76,695493.39,305788.6,12580.26,102738.51,85321.83,17416.68,0.0,conventional,2015,DallasFtWorth
2018-02-11,0.72,1553404.16,768415.85,212945.5,5327.13,566715.68,461849.3,87861.7,17004.68,conventional,2018,DallasFtWorth
2016-04-24,0.65,1482923.45,672950.33,327965.04,102387.45,379620.63,352619.17,26934.79,66.67,conventional,2016,DallasFtWorth
2015-08-02,0.87,1067498.21,705846.27,253860.7,4688.24,103103.0,91893.62,11209.38,0.0,conventional,2015,DallasFtWorth
2018-01-21,0.85,1437239.09,728035.0,216211.98,6291.83,486700.28,410340.65,76287.17,72.46,conventional,2018,DallasFtWorth
2017-12-24,0.99,1060456.59,565235.94,203334.65,4651.33,287234.67,204606.58,82552.28,75.81,conventional,2017,DallasFtWorth
2015-01-25,0.8,1008295.47,649344.32,271152.06,9610.83,78188.26,60158.3,18029.96,0.0,conventional,2015,DallasFtWorth
2015-02-01,0.68,1391089.32,786166.9,495262.11,18855.32,90804.99,79314.06,11474.72,16.21,conventional,2015,DallasFtWorth
2016-06-19,0.87,1236820.38,633636.0,250585.11,61508.01,291091.26,272250.37,12776.78,6064.11,conventional,2016,DallasFtWorth
2015-05-24,0.81,1184131.34,775365.99,299938.43,6833.07,101993.85,96860.23,5117.65,15.97,conventional,2015,DallasFtWorth
2017-12-17,0.83,1084068.05,540252.14,217661.59,3860.93,322293.39,262364.04,59824.28,105.07,conventional,2017,DallasFtWorth
2017-06-18,0.9,1441940.59,734956.89,307811.08,4290.6,394882.02,391342.54,3444.02,95.46,conventional,2017,DallasFtWorth
2015-11-22,0.78,885067.49,494872.79,264820.58,9913.68,115460.44,102317.99,13138.76,3.69,conventional,2015,DallasFtWorth
2017-06-25,0.89,1327166.18,688781.77,221432.21,2113.52,414838.68,410536.2,4154.43,148.05,conventional,2017,DallasFtWorth
2018-01-14,0.93,1333180.68,677477.52,316020.36,7862.07,331820.73,240134.19,91381.56,304.98,conventional,2018,DallasFtWorth
2016-07-17,0.96,1070350.11,542103.44,210287.21,7622.87,310336.59,303925.61,2984.62,3426.36,conventional,2016,DallasFtWorth
2017-02-19,0.76,1177312.94,501922.03,272758.35,48080.5,354552.06,317473.84,37019.15,59.07,conventional,2017,DallasFtWorth
2016-10-30,1.14,801081.72,432538.75,156225.53,2502.45,209814.99,208940.16,806.01,68.82,conventional,2016,DallasFtWorth
2016-09-04,0.74,1390891.44,719597.17,256376.46,2742.25,412175.56,401417.41,5723.11,5035.04,conventional,2016,DallasFtWorth
2017-07-30,1.03,1154233.85,636100.17,259717.64,1707.76,256708.28,169789.71,86836.03,82.54,conventional,2017,DallasFtWorth
2016-01-03,0.78,1191927.54,551921.61,411340.37,80184.39,148481.17,144358.85,3764.81,357.51,conventional,2016,DallasFtWorth
2016-09-11,0.79,1308970.15,714506.15,230292.68,2193.26,361978.06,350013.34,9088.35,2876.37,conventional,2016,DallasFtWorth
2016-03-20,0.74,1347884.14,620848.72,317080.41,134806.08,275148.93,254808.07,20317.54,23.32,conventional,2016,DallasFtWorth
2017-04-02,0.83,1372247.8,798833.39,216633.21,4975.58,351805.62,347585.31,3931.26,289.05,conventional,2017,DallasFtWorth
2017-06-04,0.93,1325912.38,712765.48,227992.9,2256.17,382897.83,379395.1,3347.36,155.37,conventional,2017,DallasFtWorth
2017-11-12,0.96,1054327.0,509106.0,271438.0,4615.0,269169.0,120695.0,148352.0,121.0,conventional,2017,DallasFtWorth
2018-02-04,0.67,1885401.44,855815.37,340887.07,6655.47,682043.53,583353.2,86725.24,11965.09,conventional,2018,DallasFtWorth
2017-03-12,0.9,1170640.71,617249.46,200229.13,40164.79,312997.33,310580.34,2337.59,79.4,conventional,2017,DallasFtWorth
2017-09-24,1.29,946384.19,523101.14,168546.34,891.04,253845.67,175955.59,77807.16,82.92,conventional,2017,DallasFtWorth
2016-05-29,0.77,1354696.91,682737.6,292600.25,58729.32,320629.74,301233.11,10985.08,8411.55,conventional,2016,DallasFtWorth
2016-04-03,0.7,1339210.2,690160.92,245283.6,112749.94,291015.74,269775.24,20797.36,443.14,conventional,2016,DallasFtWorth
2016-08-28,0.74,1260685.59,624795.23,255433.56,2998.26,377458.54,366510.31,2461.88,8486.35,conventional,2016,DallasFtWorth
2016-07-10,1.15,125690.61,21301.03,27011.26,9.53,77368.79,77225.89,142.9,0.0,organic,2016,LosAngeles
2016-07-31,1.21,115313.85,14654.26,28278.26,1.6,72379.73,70166.73,2213.0,0.0,organic,2016,LosAngeles
2016-10-23,2.44,35647.66,5614.53,22373.4,0.0,7659.73,7620.35,39.38,0.0,organic,2016,LosAngeles
2016-08-21,1.19,114354.69,19567.47,23068.15,3.2,71715.87,71174.26,541.61,0.0,organic,2016,LosAngeles
2015-03-01,1.14,60244.59,49177.6,1680.02,0.0,9386.97,9386.97,0.0,0.0,organic,2015,LosAngeles
2017-09-17,2.32,64855.01,12786.21,24889.5,0.0,27179.3,27160.25,19.05,0.0,organic,2017,LosAngeles
2015-04-26,1.4,44090.53,15815.81,17652.02,0.0,10622.7,10622.7,0.0,0.0,organic,2015,LosAngeles
2015-06-14,1.44,42369.24,15847.77,18470.25,22.09,8029.13,8029.13,0.0,0.0,organic,2015,LosAngeles
2015-04-12,1.39,43407.79,17119.09,17886.3,0.0,8402.4,8402.4,0.0,0.0,organic,2015,LosAngeles
2016-04-17,1.01,106228.91,10528.54,24399.57,0.0,71300.8,70842.07,458.73,0.0,organic,2016,LosAngeles
2015-07-19,1.56,41636.8,17780.38,15390.1,0.0,8466.32,8466.32,0.0,0.0,organic,2015,LosAngeles
2016-12-11,1.31,77692.93,8725.85,29110.77,45.38,39810.93,31526.04,8284.89,0.0,organic,2016,LosAngeles
2017-09-10,2.32,64680.12,11202.9,25484.11,0.0,27993.11,27987.79,5.32,0.0,organic,2017,LosAngeles
2015-02-15,1.43,41524.22,33427.07,1026.28,0.0,7070.87,7070.87,0.0,0.0,organic,2015,LosAngeles
2016-10-30,2.1,48849.52,9327.57,19918.58,1.57,19601.8,11425.53,8176.27,0.0,organic,2016,LosAngeles
2017-01-08,1.19,112953.28,18961.66,33123.81,3.12,60864.69,57800.85,3063.84,0.0,organic,2017,LosAngeles
2017-05-28,1.37,122886.52,11731.8,29593.14,0.0,81561.58,81486.37,75.21,0.0,organic,2017,LosAngeles
2017-04-09,1.3,118305.22,13906.18,29159.75,6.4,75232.89,70010.1,5222.79,0.0,organic,2017,LosAngeles
2015-01-11,1.08,60232.63,52087.31,2063.44,0.0,6081.88,6081.88,0.0,0.0,organic,2015,LosAngeles
2016-03-27,1.07,104358.7,8848.36,30213.25,3.07,65294.02,53904.69,11389.33,0.0,organic,2016,LosAngeles
2015-10-04,1.68,34443.27,11737.64,17362.62,0.0,5343.01,5303.01,40.0,0.0,organic,2015,LosAngeles
2015-03-08,1.35,42280.47,31604.04,769.47,0.0,9906.96,9906.96,0.0,0.0,organic,2015,LosAngeles
2017-05-14,1.4,105965.36,11688.57,28601.28,0.0,65675.51,64377.29,1298.22,0.0,organic,2017,LosAngeles
2015-07-05,1.46,56929.52,17846.84,30121.84,4.75,8956.09,8956.09,0.0,0.0,organic,2015,LosAngeles
2016-04-03,1.08,117966.34,11577.05,45515.68,0.0,60873.61,53603.7,7269.91,0.0,organic,2016,LosAngeles
2016-12-25,1.17,81458.1,11324.9,25698.37,0.0,44434.83,37064.95,7369.88,0.0,organic,2016,LosAngeles
2017-10-22,1.99,68637.55,7845.81,20466.32,0.0,40325.42,40286.28,39.14,0.0,organic,2017,LosAngeles
2015-11-08,1.42,48697.16,11093.6,19386.2,0.0,18217.36,17164.73,1052.63,0.0,organic,2015,LosAngeles
2017-07-02,1.46,109111.93,11056.28,28190.18,0.0,69865.47,69737.02,128.45,0.0,organic,2017,LosAngeles
2015-08-02,1.63,40544.17,16172.21,16827.6,0.0,7544.36,7544.36,0.0,0.0,organic,2015,LosAngeles
2017-06-18,1.37,108808.01,11413.1,24268.07,0.0,73126.84,66783.78,6343.06,0.0,organic,2017,LosAngeles
2016-05-01,1.11,102002.62,9913.94,29545.47,0.0,62543.21,62529.52,13.69,0.0,organic,2016,LosAngeles
2016-07-17,1.23,114343.02,14443.34,30091.66,3.18,69804.84,69782.74,22.1,0.0,organic,2016,LosAngeles
2015-10-18,1.91,29054.81,9310.61,7824.11,841.73,11078.36,9871.25,1207.11,0.0,organic,2015,Southeast
2017-04-02,1.51,81061.62,9605.32,18324.17,338.06,52794.07,22407.02,30387.05,0.0,organic,2017,Southeast
2015-04-12,1.82,29548.36,12145.45,11195.55,992.48,5214.88,4845.77,369.11,0.0,organic,2015,Southeast
2015-02-15,1.64,31775.03,9542.72,10814.64,666.44,10751.23,10040.0,711.23,0.0,organic,2015,Southeast
2016-01-03,1.32,86759.88,39315.96,8067.87,579.95,38796.1,19654.52,19141.58,0.0,organic,2016,Southeast
2015-09-13,1.95,25470.62,8641.1,8109.19,712.41,8007.92,7672.74,335.18,0.0,organic,2015,Southeast
2016-02-14,1.57,39730.5,14094.73,7433.77,388.89,17813.11,15792.13,2020.98,0.0,organic,2016,Southeast
2017-09-03,2.26,77686.48,2180.86,19175.72,171.85,56158.05,40265.41,15892.64,0.0,organic,2017,Southeast
2017-05-21,1.67,87299.49,11348.27,19091.4,257.81,56602.01,29557.75,27044.26,0.0,organic,2017,Southeast
2015-10-04,1.84,31299.72,9535.47,8541.06,722.63,12500.56,10505.17,1995.39,0.0,organic,2015,Southeast
2016-11-27,1.55,46032.7,3303.62,8282.1,310.14,34136.84,17052.87,17083.97,0.0,organic,2016,Southeast
2017-10-15,1.99,72393.25,1416.56,16951.37,118.81,53906.51,49798.36,4108.15,0.0,organic,2017,Southeast
2016-03-20,1.46,49153.27,15483.39,8830.51,452.71,24386.66,21785.79,2600.87,0.0,organic,2016,Southeast
2016-09-04,1.54,67309.14,9207.65,15349.22,431.84,42320.43,31577.01,10743.42,0.0,organic,2016,Southeast
2017-01-01,1.43,49777.56,4157.31,9930.6,262.28,35427.37,15637.05,19790.32,0.0,organic,2017,Southeast
2016-10-23,1.36,59238.63,4865.35,14703.84,419.27,39250.17,5363.63,33886.54,0.0,organic,2016,Southeast
2015-05-03,1.7,30991.09,13621.95,6638.11,1077.87,9653.16,9247.13,406.03,0.0,organic,2015,Southeast
2015-02-08,1.51,50546.78,10197.75,16658.11,792.54,22898.38,20283.33,2615.05,0.0,organic,2015,Southeast
2018-01-14,1.42,106345.74,1053.73,16596.47,158.66,88536.88,78949.63,9587.25,0.0,organic,2018,Southeast
2017-07-09,1.72,90791.94,1959.39,29773.64,249.44,58809.47,46063.02,12746.45,0.0,organic,2017,Southeast
2017-04-09,1.34,85742.82,9260.67,17981.54,412.84,58087.77,11973.99,46113.78,0.0,organic,2017,Southeast
2015-03-08,1.47,46965.06,10517.69,19351.28,802.4,16293.69,12209.65,4084.04,0.0,organic,2015,Southeast
2017-03-26,1.48,75769.87,10057.03,16776.81,327.15,48608.88,23597.71,25011.17,0.0,organic,2017,Southeast
2017-06-18,1.77,94314.28,4845.97,38181.12,176.3,51110.89,34664.22,16446.67,0.0,organic,2017,Southeast
2017-01-22,1.36,58686.47,4163.56,12655.77,353.2,41513.94,21717.79,19796.15,0.0,organic,2017,Southeast
