Regression/datasets/filtered_avocados.csv
Date,AveragePrice,Total Volume,4046,4225,4770,Total Bags,Small Bags,Large Bags,XLarge Bags,type,year,region
2017-08-27,1.79,455915.26,7262.03,319717.74,1534.57,127400.92,89674.49,36986.43,740.0,conventional,2017,Boston
2015-06-21,1.24,543504.66,3582.45,404908.53,8899.2,126114.48,125821.15,293.33,0.0,conventional,2015,Boston
2015-01-18,1.23,401331.33,4383.76,287778.52,132.53,109036.52,108668.74,367.78,0.0,conventional,2015,Boston
2016-12-25,1.28,447600.75,4349.63,346516.32,4183.69,92551.11,91481.59,1069.52,0.0,conventional,2016,Boston
2015-11-15,1.05,513738.98,5310.32,420936.8,139.71,87352.15,85604.19,1747.96,0.0,conventional,2015,Boston
2016-05-08,0.85,924194.42,6383.12,698437.7,80414.29,138959.31,138862.64,96.67,0.0,conventional,2016,Boston
2016-04-10,0.99,652546.84,4326.56,456029.59,74452.3,117738.39,117521.44,87.78,129.17,conventional,2016,Boston
2017-11-05,1.49,440972.34,13002.8,334875.51,2014.44,91079.59,74159.79,16919.8,0.0,conventional,2017,Boston
2015-06-07,1.25,562542.86,4034.11,421007.42,93.05,137408.28,137224.94,183.34,0.0,conventional,2015,Boston
2015-08-09,1.07,690517.19,4173.23,590998.11,827.06,94518.79,94287.69,231.1,0.0,conventional,2015,Boston
2017-09-17,1.58,462796.84,11826.63,323528.38,1322.39,126119.44,89622.85,36416.59,80.0,conventional,2017,Boston
2016-07-31,1.61,508949.6,12550.4,338691.73,8772.17,148935.3,147430.08,5.5,1499.72,conventional,2016,Boston
2017-01-22,1.26,663735.14,4741.15,526892.92,11138.94,120962.13,118685.31,2276.82,0.0,conventional,2017,Boston
2017-03-19,1.54,540540.5,5709.44,425273.84,3736.16,105821.06,87773.26,18047.8,0.0,conventional,2017,Boston
2015-01-04,1.02,491738.0,7193.87,396752.18,128.82,87663.13,87406.84,256.29,0.0,conventional,2015,Boston
2017-02-26,1.24,599178.18,11751.2,489161.87,5887.27,92377.84,88862.29,3515.55,0.0,conventional,2017,Boston
2017-06-18,1.66,581303.33,5379.22,452146.49,3286.69,120490.93,112280.36,5416.4,2794.17,conventional,2017,Boston
2016-07-10,1.32,549815.44,17289.06,359933.8,14982.9,157609.68,153175.43,49.25,4385.0,conventional,2016,Boston
2017-08-06,1.55,604758.68,8619.19,470232.85,3211.56,122695.08,85619.14,35182.6,1893.34,conventional,2017,Boston
2017-12-03,1.4,488588.0,12171.0,386056.0,1901.0,88460.0,66539.0,21921.0,0.0,conventional,2017,Boston
2015-10-18,0.94,725296.29,6409.86,627503.98,332.87,91049.58,86046.25,5003.33,0.0,conventional,2015,Boston
2016-09-18,1.45,489600.6,39970.65,346155.69,7080.02,96394.24,96061.7,332.54,0.0,conventional,2016,Boston
2017-09-24,1.62,498019.71,10697.54,384522.4,1718.59,101081.18,67635.26,33422.59,23.33,conventional,2017,Boston
2015-02-15,1.2,399883.99,3794.97,281106.45,143.41,114839.16,114283.61,555.55,0.0,conventional,2015,Boston
2017-10-29,1.49,465106.32,14781.17,360615.41,2145.15,87564.59,74278.47,13286.12,0.0,conventional,2017,Boston
2017-07-09,1.69,560021.69,8735.91,464670.36,3962.9,82652.52,75760.19,4052.33,2840.0,conventional,2017,Boston
2016-03-27,1.08,639420.34,4253.9,463187.03,51477.79,120501.62,120388.84,112.78,0.0,conventional,2016,Boston
2017-03-26,1.51,550948.58,6860.31,412840.77,3403.92,127843.58,115695.54,11461.93,686.11,conventional,2017,Boston
2018-02-18,1.51,515022.94,16054.89,378699.13,2422.76,117846.16,99085.39,17672.99,1087.78,conventional,2018,Boston
2015-09-20,1.15,498640.23,4376.74,398673.48,418.46,95171.55,91612.66,3558.89,0.0,conventional,2015,Boston
2016-11-06,1.62,366175.49,4016.72,284809.54,3370.17,73979.06,73804.06,0.0,175.0,conventional,2016,Boston
2018-02-11,1.3,834304.52,23220.89,703749.06,6620.69,100713.88,86124.35,13366.2,1223.33,conventional,2018,Boston
2017-12-10,1.14,687251.82,13210.49,557434.99,2169.35,114436.99,93125.7,21311.29,0.0,conventional,2017,Boston
2015-10-11,1.14,485706.68,5145.86,378295.9,355.03,101909.89,97513.23,4396.66,0.0,conventional,2015,Boston
2017-08-20,1.77,474982.44,6723.39,328845.89,1675.13,137738.03,90348.04,44267.77,3122.22,conventional,2017,Boston
2016-05-29,1.08,673496.13,7708.04,461424.99,72848.75,131514.35,129466.02,142.22,1906.11,conventional,2016,Boston
2017-11-12,1.23,639092.0,15689.0,533027.0,5720.0,84655.0,74568.0,10086.0,0.0,conventional,2017,Boston
2015-01-11,1.1,437771.89,5548.11,320577.36,121.81,111524.61,111192.88,331.73,0.0,conventional,2015,Boston
2015-11-08,1.04,641759.57,5304.09,542880.92,231.74,93342.82,88265.25,5077.57,0.0,conventional,2015,Boston
2017-05-21,1.69,572421.46,5555.84,441357.29,3222.88,122285.45,117070.57,5154.88,60.0,conventional,2017,Boston
2016-07-03,0.99,164583.69,42474.31,55215.66,153.08,66740.64,59666.75,1708.89,5365.0,conventional,2016,Roanoke
2017-05-28,1.15,165711.15,42689.34,46416.68,107.29,76497.84,62798.96,13638.09,60.79,conventional,2017,Roanoke
2015-06-21,1.05,135895.47,51621.94,47601.83,73.18,36598.52,36598.52,0.0,0.0,conventional,2015,Roanoke
2017-12-17,1.08,124002.08,29951.42,31312.81,85.19,62652.66,56079.52,6554.89,18.25,conventional,2017,Roanoke
2015-07-05,1.05,147749.25,54928.79,51261.23,2541.99,39017.24,39017.24,0.0,0.0,conventional,2015,Roanoke
2017-10-22,1.42,115432.53,26729.27,35118.27,103.84,53481.15,50154.17,3297.64,29.34,conventional,2017,Roanoke
2017-10-01,1.59,112518.2,25019.0,35234.94,85.57,52178.69,45303.82,6874.87,0.0,conventional,2017,Roanoke
2017-07-09,1.11,157797.53,29283.77,43863.9,232.79,84417.07,78578.39,2538.68,3300.0,conventional,2017,Roanoke
2017-11-05,1.08,176421.06,65571.8,34149.97,209.3,76489.99,69792.75,6641.68,55.56,conventional,2017,Roanoke
2015-05-17,1.08,135281.35,55106.27,46302.99,68.28,33803.81,32381.59,1422.22,0.0,conventional,2015,Roanoke
2018-01-28,1.14,159289.18,31259.73,49375.92,283.44,78370.09,61701.01,16669.08,0.0,conventional,2018,Roanoke
2016-07-31,1.07,143067.18,44288.47,43886.04,92.05,54800.62,49803.99,4396.63,600.0,conventional,2016,Roanoke
2015-11-01,1.0,116798.97,54831.71,40083.51,177.07,21706.68,20934.8,771.88,0.0,conventional,2015,Roanoke
2016-07-24,1.04,150126.91,45204.04,41843.9,61.47,63017.5,49239.71,9662.79,4115.0,conventional,2016,Roanoke
2015-11-08,1.01,114124.6,53190.61,35852.04,135.05,24946.9,24873.75,73.15,0.0,conventional,2015,Roanoke
2016-06-19,1.0,158224.62,38806.24,58287.79,134.48,60996.11,57154.04,32.07,3810.0,conventional,2016,Roanoke
2018-02-04,0.82,287728.25,82020.39,55243.26,294.67,150169.93,116918.04,32938.52,313.37,conventional,2018,Roanoke
2015-07-19,1.04,124246.77,48761.54,41554.57,110.24,33820.42,33820.42,0.0,0.0,conventional,2015,Roanoke
2016-09-04,1.01,162357.83,51973.15,42949.04,107.02,67328.62,64633.66,2359.96,335.0,conventional,2016,Roanoke
2017-10-08,1.66,87278.58,26135.12,16257.01,73.31,44813.14,38450.63,6362.51,0.0,conventional,2017,Roanoke
2017-06-11,1.16,155040.89,31085.3,50163.3,93.77,73698.52,70183.05,610.47,2905.0,conventional,2017,Roanoke
2015-08-02,1.04,122568.69,48105.03,45920.97,92.49,28450.2,28450.2,0.0,0.0,conventional,2015,Roanoke
2017-02-19,1.12,141558.76,32841.4,43497.06,69.27,65151.03,64383.7,767.33,0.0,conventional,2017,Roanoke
2017-09-03,1.45,115506.15,27598.89,37446.95,91.48,50368.83,43969.06,5061.79,1337.98,conventional,2017,Roanoke
2017-01-08,1.13,146072.21,44014.89,48526.46,92.52,53438.34,52587.23,842.22,8.89,conventional,2017,Roanoke
2016-10-02,1.13,133182.18,48667.09,35464.62,183.93,48866.54,45781.78,3084.76,0.0,conventional,2016,Roanoke
2015-12-06,1.01,99519.99,41191.54,35662.29,100.43,22565.73,22565.73,0.0,0.0,conventional,2015,Roanoke
2015-12-27,0.96,98584.92,33255.5,31680.16,152.86,33496.4,32877.16,0.0,619.24,conventional,2015,Roanoke
2018-02-11,0.85,207658.32,54069.78,44325.77,286.59,108976.18,87195.47,21390.71,390.0,conventional,2018,Roanoke
2016-08-07,1.04,142168.01,43871.58,45988.71,170.74,52136.98,42151.76,9020.22,965.0,conventional,2016,Roanoke
2015-07-26,1.04,118455.23,48519.87,38794.48,67.53,31073.35,31073.35,0.0,0.0,conventional,2015,Roanoke
2016-06-19,1.42,112817.51,6766.63,85374.27,30.07,20646.54,18526.59,389.95,1730.0,conventional,2016,Albany
2016-11-06,1.63,57178.2,3212.04,43024.32,36.4,10905.44,10474.09,431.35,0.0,conventional,2016,Albany
2017-11-05,1.62,71076.94,2483.36,55509.31,33.88,13050.39,9877.42,3172.97,0.0,conventional,2017,Albany
2018-01-14,1.42,95246.38,2897.41,76570.67,44.0,15734.3,10012.8,5721.5,0.0,conventional,2018,Albany
2017-07-02,1.56,98282.07,2808.47,79968.24,741.19,14764.17,6549.32,6584.85,1630.0,conventional,2017,Albany
2017-09-03,1.76,74297.64,4738.38,59299.03,121.57,10138.66,4615.19,3646.8,1876.67,conventional,2017,Albany
2016-10-16,1.4,69060.9,4027.42,54186.55,53.77,10793.16,10434.39,358.77,0.0,conventional,2016,Albany
2016-05-08,1.27,120194.49,1041.95,96137.78,84.8,22929.96,22697.54,232.42,0.0,conventional,2016,Albany
2016-01-10,1.28,79121.77,848.19,66696.97,109.08,11467.53,11293.65,173.88,0.0,conventional,2016,Albany
2017-05-21,1.38,100256.85,2307.02,86817.51,334.01,10798.31,5338.56,5203.08,256.67,conventional,2017,Albany
2016-11-27,1.52,58171.89,2793.99,47106.18,18.14,8253.58,7973.98,279.6,0.0,conventional,2016,Albany
2015-12-27,1.33,64236.62,1036.74,54454.85,48.16,8696.87,8603.62,93.25,0.0,conventional,2015,Albany
2015-09-20,1.33,69759.01,1028.03,59313.12,150.5,9267.36,8489.1,778.26,0.0,conventional,2015,Albany
2016-08-14,1.2,110528.09,24000.62,72970.23,26.76,13530.48,12434.82,350.1,745.56,conventional,2016,Albany
2015-05-03,1.2,59197.67,919.87,45490.05,217.24,12570.51,12201.95,368.56,0.0,conventional,2015,Albany
2015-10-11,1.28,64489.17,1582.03,52677.92,105.32,10123.9,9866.27,257.63,0.0,conventional,2015,Albany
2015-05-17,1.43,109857.47,1150.55,81955.16,94.32,26657.44,26285.43,372.01,0.0,conventional,2015,Albany
2015-09-27,0.99,106803.39,1204.88,99409.21,154.84,6034.46,5888.87,145.59,0.0,conventional,2015,Albany
2016-10-02,1.51,75480.26,4109.22,57515.76,84.08,13771.2,13345.52,425.68,0.0,conventional,2016,Albany
2017-07-23,1.49,84416.61,1905.52,72533.28,940.58,9037.23,3250.3,4896.93,890.0,conventional,2017,Albany
2015-04-12,1.13,48364.29,864.27,30374.15,21.5,17104.37,16438.49,665.88,0.0,conventional,2015,Albany
2016-10-09,1.13,101087.84,3641.46,87174.41,102.15,10169.82,9744.41,425.41,0.0,conventional,2016,Albany
2016-03-06,1.27,90633.66,972.34,74693.31,56.26,14911.75,14476.23,435.52,0.0,conventional,2016,Albany
2015-08-23,1.34,79992.09,733.16,67933.79,444.78,10880.36,10745.79,134.57,0.0,conventional,2015,Albany
2015-01-04,1.22,40873.28,2819.5,28287.42,49.9,9716.46,9186.93,529.53,0.0,conventional,2015,Albany
2018-03-18,1.35,105304.65,13234.86,61037.58,55.0,30977.21,26755.9,3721.31,500.0,conventional,2018,Albany
2015-06-14,1.32,89631.3,850.58,55400.94,4377.19,29002.59,28343.14,659.45,0.0,conventional,2015,Albany
2017-01-15,1.55,88526.26,3327.65,71956.77,607.03,12634.81,12574.72,60.09,0.0,conventional,2017,Albany
2015-03-08,1.07,40507.36,795.68,30370.64,159.05,9181.99,8827.55,354.44,0.0,conventional,2015,Albany
2015-08-16,1.33,80043.78,539.65,68666.01,394.9,10443.22,10297.68,145.54,0.0,conventional,2015,Albany
2017-03-19,1.6,92774.61,2332.96,72033.15,140.57,18267.93,8302.27,9965.66,0.0,conventional,2017,Albany
2016-01-31,1.16,102038.32,1386.24,79881.67,69.46,20700.95,19788.78,912.17,0.0,conventional,2016,Albany
2017-01-22,1.59,128679.24,4119.94,111173.08,2191.71,11194.51,11060.19,125.5,8.82,conventional,2017,Albany
2017-05-07,1.47,127193.26,2473.53,87791.87,121.07,36806.79,9600.81,27205.98,0.0,conventional,2017,Albany
2015-08-30,1.8,10535.93,7278.82,1588.99,0.0,1668.12,1013.33,654.79,0.0,organic,2015,PhoenixTucson
2016-01-03,1.61,10650.66,6889.43,1037.3,0.0,2723.93,2618.9,105.03,0.0,organic,2016,PhoenixTucson
2016-05-08,1.41,14187.6,6946.84,3839.13,0.0,3401.63,524.29,2877.34,0.0,organic,2016,PhoenixTucson
2016-08-28,2.18,8525.59,3373.56,3328.41,0.0,1823.62,443.1,1380.52,0.0,organic,2016,PhoenixTucson
2017-03-19,1.35,19557.62,5590.86,4605.78,0.0,9360.98,7775.63,1585.35,0.0,organic,2017,PhoenixTucson
2017-09-03,1.86,11276.86,3334.5,787.62,0.0,7154.74,7097.64,57.1,0.0,organic,2017,PhoenixTucson
2015-10-11,1.91,6593.87,5438.94,970.16,0.0,184.77,181.25,3.52,0.0,organic,2015,PhoenixTucson
2015-03-08,1.52,12545.98,8912.48,1115.21,0.0,2518.29,2513.33,4.96,0.0,organic,2015,PhoenixTucson
2017-02-19,1.28,17934.06,4394.0,4602.73,0.0,8937.33,8929.66,7.67,0.0,organic,2017,PhoenixTucson
2015-12-27,1.72,7422.47,5038.15,906.49,0.0,1477.83,1324.33,153.5,0.0,organic,2015,PhoenixTucson
2016-03-27,1.54,11321.14,6596.67,2100.78,0.0,2623.69,2259.37,364.32,0.0,organic,2016,PhoenixTucson
2017-10-22,1.79,10952.31,2184.07,508.22,0.0,8260.02,8254.52,5.5,0.0,organic,2017,PhoenixTucson
2017-08-06,1.84,10737.76,2862.01,2743.0,0.0,5132.75,5095.53,37.22,0.0,organic,2017,PhoenixTucson
2015-11-29,1.89,5175.81,4379.15,689.99,0.0,106.67,106.67,0.0,0.0,organic,2015,PhoenixTucson
2017-04-02,1.38,16511.26,3853.09,4420.79,0.0,8237.38,8098.05,139.33,0.0,organic,2017,PhoenixTucson
2017-10-15,1.77,10197.11,2370.22,101.99,0.0,7724.9,7703.01,21.89,0.0,organic,2017,PhoenixTucson
2015-10-18,1.84,12357.55,10832.2,1317.09,0.0,208.26,166.14,42.12,0.0,organic,2015,PhoenixTucson
2017-03-26,1.37,20102.19,4708.54,5221.26,0.0,10172.39,9863.66,308.73,0.0,organic,2017,PhoenixTucson
2016-09-18,2.13,7887.03,2974.46,3091.3,0.0,1821.27,1494.69,326.58,0.0,organic,2016,PhoenixTucson
2015-12-13,1.72,6991.24,5065.07,1160.53,0.0,765.64,765.64,0.0,0.0,organic,2015,PhoenixTucson
2015-03-29,1.46,15287.62,13441.63,1143.87,0.0,702.12,665.15,36.97,0.0,organic,2015,PhoenixTucson
2016-07-03,1.65,14055.26,6214.62,4300.63,0.0,3540.01,454.43,3085.58,0.0,organic,2016,PhoenixTucson
2018-01-07,1.76,16925.62,3822.41,2695.1,0.0,10408.11,10364.12,43.99,0.0,organic,2018,PhoenixTucson
2015-09-27,1.85,7128.73,5085.59,1578.82,0.0,464.32,442.37,21.95,0.0,organic,2015,PhoenixTucson
2016-06-19,1.69,17096.49,5593.38,9679.7,0.0,1823.41,483.99,1339.42,0.0,organic,2016,PhoenixTucson
2016-10-09,2.4,5962.78,1749.69,2997.36,0.0,1215.73,1109.07,106.66,0.0,organic,2016,PhoenixTucson
2016-08-07,2.13,9649.24,3640.62,3890.21,0.0,2118.41,434.11,1684.3,0.0,organic,2016,PhoenixTucson
2015-07-26,1.85,7178.36,5314.12,1303.35,0.0,560.89,290.0,270.89,0.0,organic,2015,PhoenixTucson
2017-12-24,1.61,18364.96,5479.83,2129.93,0.0,10755.2,10741.33,13.87,0.0,organic,2017,PhoenixTucson
2016-09-04,2.15,8914.06,3684.64,3163.97,0.0,2065.45,561.55,1503.9,0.0,organic,2016,PhoenixTucson
2015-02-15,1.66,10159.47,7842.64,1205.1,0.0,1111.73,1096.68,15.05,0.0,organic,2015,PhoenixTucson
