Regression/datasets/filtered_avocados.csv
Date,AveragePrice,Total Volume,4046,4225,4770,Total Bags,Small Bags,Large Bags,XLarge Bags,type,year,region
2017-05-07,1.48,19989.19,287.34,7274.84,0.0,12427.01,925.23,11501.78,0.0,organic,2017,CincinnatiDayton
2017-04-30,1.66,13924.31,243.48,4877.17,0.0,8803.66,882.46,7921.2,0.0,organic,2017,CincinnatiDayton
2017-12-24,1.73,13218.13,444.01,5455.3,0.0,7318.82,3411.75,3907.07,0.0,organic,2017,CincinnatiDayton
2017-01-22,1.58,7209.5,235.68,4884.31,0.0,2089.51,694.68,1394.83,0.0,organic,2017,CincinnatiDayton
2015-03-15,1.22,12310.3,237.38,11231.53,0.0,841.39,96.67,744.72,0.0,organic,2015,CincinnatiDayton
2017-12-10,1.69,8238.78,253.36,4171.8,0.0,3813.62,2864.13,949.49,0.0,organic,2017,CincinnatiDayton
2016-04-10,1.12,16776.27,394.05,9103.31,0.0,7278.91,5473.56,1805.35,0.0,organic,2016,CincinnatiDayton
2015-12-06,1.48,8656.18,234.08,7004.43,0.0,1417.67,663.33,754.34,0.0,organic,2015,CincinnatiDayton
2017-08-13,1.97,7797.08,219.37,4075.78,0.0,3432.91,2701.68,731.23,0.0,organic,2017,CincinnatiDayton
2017-07-30,1.85,14874.38,286.35,6566.23,0.0,7882.3,2278.78,5603.52,0.0,organic,2017,CincinnatiDayton
2017-09-17,2.14,11956.98,294.89,3982.86,0.0,7679.23,2517.66,5161.57,0.0,organic,2017,CincinnatiDayton
2018-02-04,1.69,11196.3,628.58,4438.31,0.0,6129.41,4339.23,1790.18,0.0,organic,2018,CincinnatiDayton
2017-10-15,1.81,10382.51,258.44,4239.94,0.0,5884.13,5540.93,343.2,0.0,organic,2017,CincinnatiDayton
2015-06-14,1.34,15445.59,225.1,12225.64,0.0,2994.85,1030.0,1964.85,0.0,organic,2015,CincinnatiDayton
2015-11-22,1.36,8662.14,336.76,7558.29,0.0,767.09,193.33,573.76,0.0,organic,2015,CincinnatiDayton
2015-01-18,1.37,10051.4,282.08,9374.23,0.0,395.09,351.87,43.22,0.0,organic,2015,CincinnatiDayton
2016-05-01,1.13,20458.94,308.69,9102.19,0.0,11048.06,1403.0,9645.06,0.0,organic,2016,CincinnatiDayton
2017-06-04,1.65,12883.22,307.24,4899.81,0.0,7676.17,829.24,6846.93,0.0,organic,2017,CincinnatiDayton
2017-05-21,1.66,14138.36,257.41,5819.7,0.0,8061.25,1103.03,6958.22,0.0,organic,2017,CincinnatiDayton
2017-11-12,1.67,12271.52,203.73,3368.13,0.0,8699.66,5085.49,3614.17,0.0,organic,2017,CincinnatiDayton
2018-02-25,1.78,15097.8,736.69,4538.31,0.0,9822.8,2275.92,7546.88,0.0,organic,2018,CincinnatiDayton
2015-02-22,1.23,11254.29,258.35,9998.18,0.0,997.76,403.33,594.43,0.0,organic,2015,CincinnatiDayton
2016-06-26,1.02,19243.4,482.14,9041.74,0.0,9719.52,767.81,8951.71,0.0,organic,2016,CincinnatiDayton
2017-06-11,0.77,42520.88,297.52,5882.5,0.0,36340.86,495.81,35845.05,0.0,organic,2017,CincinnatiDayton
2015-05-31,1.47,14240.44,247.34,12167.6,0.0,1825.5,1176.95,648.55,0.0,organic,2015,CincinnatiDayton
2017-12-03,1.72,6856.14,184.1,3716.8,0.0,2955.24,2570.98,384.26,0.0,organic,2017,CincinnatiDayton
2017-08-06,2.06,10853.28,221.48,4752.99,0.0,5808.95,3807.57,2001.38,0.0,organic,2017,CincinnatiDayton
2016-05-29,1.24,14695.59,459.73,8442.84,0.0,5793.02,923.63,4869.39,0.0,organic,2016,CincinnatiDayton
2016-09-18,1.32,15776.76,577.58,8538.43,0.0,6660.75,736.94,5923.81,0.0,organic,2016,CincinnatiDayton
2017-03-12,0.64,29680.14,325.53,5300.47,0.0,24054.14,687.41,23366.73,0.0,organic,2017,CincinnatiDayton
2015-08-30,1.56,14000.96,459.35,11740.46,0.0,1801.15,190.0,1611.15,0.0,organic,2015,CincinnatiDayton
2015-05-17,1.27,16389.19,283.38,10504.29,0.0,5601.52,1797.12,3804.4,0.0,organic,2015,CincinnatiDayton
2017-04-09,0.86,24184.04,252.45,4493.92,0.0,19437.67,1003.96,18433.71,0.0,organic,2017,CincinnatiDayton
2016-07-31,1.51,12919.17,554.23,8694.68,0.0,3670.26,1047.48,2622.78,0.0,organic,2016,CincinnatiDayton
2016-01-10,1.31,13480.88,689.26,8880.64,0.0,3910.98,624.9,3286.08,0.0,organic,2016,CincinnatiDayton
2015-03-08,1.17,13070.44,251.86,9304.08,0.0,3514.5,1373.33,2141.17,0.0,organic,2015,CincinnatiDayton
2017-07-09,1.29,21313.42,172.45,4678.2,0.0,16462.77,250.82,16211.95,0.0,organic,2017,CincinnatiDayton
2015-07-12,1.56,14507.57,241.98,11177.28,0.0,3088.31,226.67,2861.64,0.0,organic,2015,CincinnatiDayton
2015-01-11,1.32,11313.77,209.52,10352.17,0.0,752.08,310.62,441.46,0.0,organic,2015,CincinnatiDayton
2017-01-01,1.23,10798.25,351.72,8558.19,0.0,1888.34,293.33,1595.01,0.0,organic,2017,CincinnatiDayton
2017-06-04,1.1,196391.15,82888.11,20624.08,1780.61,91098.35,85697.33,5341.79,59.23,conventional,2017,Columbus
2018-03-18,1.01,216897.74,62775.9,15964.09,2293.97,135863.78,95448.1,39893.13,522.55,conventional,2018,Columbus
2015-11-08,0.95,152084.79,61494.68,35336.71,29583.9,25669.5,14899.79,6935.32,3834.39,conventional,2015,Columbus
2016-08-21,1.2,154116.71,69616.32,33284.86,2841.74,48373.79,42940.86,4122.93,1310.0,conventional,2016,Columbus
2016-04-03,0.95,147520.15,50791.46,28964.32,21041.99,46722.38,22994.03,21163.82,2564.53,conventional,2016,Columbus
2017-01-22,0.91,197072.56,75919.97,47945.33,3811.68,69395.58,65666.8,3727.37,1.41,conventional,2017,Columbus
2016-08-14,1.17,166462.83,71827.16,34064.69,3156.71,57414.27,53549.37,3864.9,0.0,conventional,2016,Columbus
2018-01-07,0.84,256757.6,112638.98,32262.19,4167.93,107688.5,89971.36,17360.9,356.24,conventional,2018,Columbus
2016-03-27,1.01,153523.03,46922.11,32127.84,29363.76,45109.32,21567.71,20098.73,3442.88,conventional,2016,Columbus
2016-06-19,1.13,172220.11,64425.61,36827.16,15000.42,55966.92,45124.02,6081.41,4761.49,conventional,2016,Columbus
2016-08-28,1.07,168757.98,71113.29,34419.8,2593.07,60631.82,57069.78,1842.04,1720.0,conventional,2016,Columbus
2016-12-04,0.84,237639.3,108397.57,42477.66,5532.03,81232.04,76008.08,5158.75,65.21,conventional,2016,Columbus
2016-11-20,1.33,117299.16,50017.12,21270.55,1335.91,44675.58,43073.72,1601.86,0.0,conventional,2016,Columbus
2017-04-23,1.26,166919.21,70224.87,19859.62,1525.47,75309.25,72832.23,2452.44,24.58,conventional,2017,Columbus
2017-09-10,1.68,135633.34,54122.63,19954.7,989.94,60566.07,52387.6,7866.62,311.85,conventional,2017,Columbus
2015-03-29,0.96,139065.31,72473.25,25151.42,8711.76,32728.88,31416.0,937.48,375.4,conventional,2015,Columbus
2015-12-20,1.03,117393.22,57557.75,23198.49,16370.5,20266.48,11760.83,4248.29,4257.36,conventional,2015,Columbus
2018-02-18,1.02,179193.25,47570.1,13758.25,2239.22,115625.68,76906.83,36898.98,1819.87,conventional,2018,Columbus
2017-09-17,1.7,120600.86,51846.36,16291.52,935.87,51527.11,44154.52,7205.75,166.84,conventional,2017,Columbus
2016-02-28,1.03,154967.56,48902.44,41405.76,28499.61,36159.75,22422.88,10262.4,3474.47,conventional,2016,Columbus
2015-03-15,1.01,149884.1,90582.35,27040.2,9632.1,22629.45,18487.57,3462.12,679.76,conventional,2015,Columbus
2015-02-08,0.96,128078.27,76792.99,23238.8,7652.85,20393.63,17859.26,1970.91,563.46,conventional,2015,Columbus
2015-03-08,0.95,141281.56,56323.87,37382.46,11404.82,36170.41,29553.3,5482.53,1134.58,conventional,2015,Columbus
2017-07-02,0.85,276442.3,109297.17,29874.64,1474.73,135795.76,119449.41,15486.41,859.94,conventional,2017,Columbus
2018-02-11,0.82,218329.7,79239.58,26356.05,2998.74,109735.33,73393.34,34338.97,2003.02,conventional,2018,Columbus
2016-01-03,0.91,192774.07,86025.77,40616.88,32940.14,33191.28,18463.39,6208.46,8519.43,conventional,2016,Columbus
2016-01-24,0.89,213215.4,95511.64,43916.93,35349.8,38437.03,28562.22,4435.73,5439.08,conventional,2016,Columbus
2015-03-01,1.03,136795.35,55610.59,36034.55,25775.13,19375.08,13297.29,1837.6,4240.19,conventional,2015,Columbus
2018-02-04,0.73,333398.29,108554.97,61748.67,5329.61,157765.04,117614.03,39927.3,223.71,conventional,2018,Columbus
2018-03-25,0.96,264778.18,77671.02,21732.24,3272.61,162102.31,133163.77,28160.04,778.5,conventional,2018,Columbus
2017-11-19,0.97,169553.0,78940.0,14167.0,856.0,75591.0,69169.0,6354.0,69.0,conventional,2017,Columbus
2015-10-04,0.93,134326.53,53606.35,38396.06,23069.29,19254.83,14952.36,2202.87,2099.6,conventional,2015,Columbus
2015-07-19,1.05,159137.17,75080.98,33397.18,24209.42,26449.59,21845.65,2442.62,2161.32,conventional,2015,Columbus
2015-11-15,0.99,117462.94,52474.75,26705.74,15258.85,23023.6,19594.87,2618.43,810.3,conventional,2015,Columbus
2017-01-08,0.86,226219.71,105022.53,34667.4,1761.29,84768.49,81562.73,3205.76,0.0,conventional,2017,Columbus
2016-08-07,1.18,164281.56,70942.5,37215.94,3955.17,52167.95,38682.96,13474.99,10.0,conventional,2016,Columbus
2016-02-21,1.05,126067.56,46771.81,36674.01,15757.97,26863.77,19800.56,6111.41,951.8,conventional,2016,Columbus
2017-12-17,1.03,162900.37,55232.97,32627.0,5344.74,69695.66,58821.57,10798.66,75.43,conventional,2017,Columbus
2017-10-15,1.71,109664.86,47436.39,16441.16,663.58,45123.73,38814.65,6307.78,1.3,conventional,2017,Columbus
2018-03-11,1.05,212107.87,60498.56,22813.02,2942.75,125853.54,85932.68,39844.53,76.33,conventional,2018,Columbus
2016-06-26,1.04,201923.72,99552.74,37201.77,10852.83,54316.38,45985.7,4847.72,3482.96,conventional,2016,Columbus
2017-04-16,0.99,242720.67,97052.67,23006.95,1563.23,121097.82,118412.01,2679.63,6.18,conventional,2017,Columbus
2018-03-04,1.04,207531.29,61462.7,17792.45,2208.68,126067.46,103725.06,21557.69,784.71,conventional,2018,Columbus
2017-06-18,0.81,304247.54,115493.41,35647.1,2235.93,150871.1,135610.65,14771.88,488.57,conventional,2017,Columbus
2017-10-08,2.19,86753.64,2689.21,30568.23,19624.56,33871.64,25625.39,2275.59,5970.66,conventional,2017,GrandRapids
2016-05-08,1.04,272057.12,1949.46,201017.01,5353.11,63737.54,56652.84,6645.68,439.02,conventional,2016,GrandRapids
2017-06-04,1.88,162051.09,2254.78,74167.19,35468.43,50160.69,34931.43,7483.36,7745.9,conventional,2017,GrandRapids
2015-03-29,1.11,149631.24,1977.68,63600.68,3003.97,81048.91,75725.67,5299.2,24.04,conventional,2015,GrandRapids
2016-06-12,1.36,167703.13,3254.28,93760.09,2234.0,68454.76,62658.2,4765.73,1030.83,conventional,2016,GrandRapids
2017-04-30,1.83,157868.62,2008.8,72819.17,33054.67,49985.98,36778.97,7109.08,6097.93,conventional,2017,GrandRapids
2016-07-10,1.6,133747.66,1971.43,70502.43,21317.82,39955.98,25889.86,4005.05,10061.07,conventional,2016,GrandRapids
2017-08-06,1.45,167234.75,2082.16,69687.29,45132.06,50333.24,31734.93,4280.74,14317.57,conventional,2017,GrandRapids
2017-01-29,1.29,168252.2,1391.78,100681.06,5482.22,60697.14,53182.31,6877.73,637.1,conventional,2017,GrandRapids
2017-09-10,1.86,111733.79,2360.3,46227.08,23127.7,40018.71,29053.6,3726.39,7238.72,conventional,2017,GrandRapids
2016-12-25,1.33,149348.88,1345.56,91323.33,3768.64,52911.35,47453.6,5227.71,230.04,conventional,2016,GrandRapids
2016-03-27,0.99,216788.92,2298.8,146037.81,5101.46,63350.85,53892.93,9316.77,141.15,conventional,2016,GrandRapids
2015-05-31,1.31,167907.51,7097.0,90411.8,3360.05,67038.66,64208.38,2794.35,35.93,conventional,2015,GrandRapids
2017-03-26,1.71,149479.58,1890.37,71916.37,25542.69,50130.15,32426.3,6541.93,11161.92,conventional,2017,GrandRapids
2017-10-01,2.09,97411.58,3178.13,35898.69,19397.32,38937.44,30261.87,2715.01,5960.56,conventional,2017,GrandRapids
2016-05-22,1.31,151840.62,1949.63,84537.07,4986.35,60367.57,50741.23,7308.23,2318.11,conventional,2016,GrandRapids
2016-11-13,1.59,118566.57,1340.96,62841.77,2934.42,51449.42,50551.78,892.44,5.2,conventional,2016,GrandRapids
2017-09-17,1.99,100498.79,1713.76,40378.99,23054.23,35351.81,25043.6,2910.5,7397.71,conventional,2017,GrandRapids
2016-02-14,1.13,154975.46,3573.23,98244.04,14048.13,39110.06,28771.2,6755.11,3583.75,conventional,2016,GrandRapids
2017-08-13,1.7,125212.99,3912.7,48945.22,30208.75,42146.32,29466.86,3459.77,9219.69,conventional,2017,GrandRapids
2018-02-04,0.88,408921.57,4371.02,193222.08,143538.35,67790.12,22315.79,1765.51,43708.82,conventional,2018,GrandRapids
2015-02-22,1.31,129295.86,1593.4,69934.93,4894.78,52872.75,48858.06,3767.48,247.21,conventional,2015,GrandRapids
2017-03-05,1.5,128203.51,1498.24,59098.06,17801.4,49805.81,28414.03,14185.06,7206.72,conventional,2017,GrandRapids
2015-04-26,1.09,189609.49,4480.46,105590.91,6421.76,73116.36,68758.56,4305.08,52.72,conventional,2015,GrandRapids
2016-11-06,1.67,100001.45,1858.84,58869.42,2785.71,36487.48,34753.44,1713.3,20.74,conventional,2016,GrandRapids
2016-08-14,1.53,147711.44,1835.81,61893.13,23661.83,60320.67,49618.78,3263.09,7438.8,conventional,2016,GrandRapids
2017-05-14,1.87,151273.21,1659.83,68015.22,33883.15,47715.01,35585.87,6715.5,5413.64,conventional,2017,GrandRapids
2017-05-21,1.88,148499.08,1972.51,64369.19,30992.24,51165.14,35805.71,6312.41,9047.02,conventional,2017,GrandRapids
2017-11-12,1.59,110784.0,2585.0,49202.0,17062.0,41935.0,31462.0,8517.0,1957.0,conventional,2017,GrandRapids
2016-12-11,1.2,128166.44,1044.89,60598.79,2268.01,64254.75,58703.61,5538.87,12.27,conventional,2016,GrandRapids
2015-08-16,0.89,268902.14,5134.58,177609.75,20395.04,65762.77,55316.85,6674.12,3771.8,conventional,2015,GrandRapids
2017-02-05,0.81,391313.63,1573.98,298897.77,8303.14,82538.74,78260.3,3910.85,367.59,conventional,2017,GrandRapids
2015-10-11,0.97,198769.54,3638.99,106363.84,49279.06,39487.65,21799.3,2155.38,15532.97,conventional,2015,GrandRapids
2016-04-24,1.07,181857.18,2001.47,113325.77,3088.37,63441.57,55324.04,8087.07,30.46,conventional,2016,GrandRapids
2017-05-21,1.02,356922.23,117366.67,63083.52,8122.78,168349.26,48461.64,119887.62,0.0,conventional,2017,LasVegas
2018-01-14,1.16,322932.06,79986.22,96281.04,7841.07,138823.73,71330.43,67126.63,366.67,conventional,2018,LasVegas
2015-12-06,0.89,244024.83,94777.64,107758.8,10794.34,30694.05,30201.26,492.79,0.0,conventional,2015,LasVegas
2016-07-31,1.17,284566.03,125462.8,54745.0,7320.39,97037.84,59985.62,37052.22,0.0,conventional,2016,LasVegas
2016-03-13,0.79,344613.01,130879.58,109512.41,6824.1,97396.92,41534.49,55862.43,0.0,conventional,2016,LasVegas
2016-07-17,1.08,283074.0,118910.27,52023.77,7495.98,104643.98,71629.96,31540.69,1473.33,conventional,2016,LasVegas
2017-04-02,1.04,329722.62,118797.68,41149.92,11317.61,158457.41,63726.92,94730.49,0.0,conventional,2017,LasVegas
2017-10-22,1.37,204094.51,61741.1,74165.15,682.14,67506.12,46482.24,21023.88,0.0,conventional,2017,LasVegas
2017-12-03,1.01,315521.0,66925.0,127968.0,4488.0,116140.0,47447.0,68396.0,297.0,conventional,2017,LasVegas
2015-03-08,1.01,291046.81,114868.1,132275.9,5339.34,38563.47,38263.99,299.48,0.0,conventional,2015,LasVegas
2015-01-11,0.93,274481.48,126092.05,101653.19,9591.88,37144.36,36874.44,269.92,0.0,conventional,2015,LasVegas
2015-08-23,1.06,261084.13,131414.8,84541.6,4561.64,40566.09,38541.74,2024.35,0.0,conventional,2015,LasVegas
2015-12-13,0.95,216119.35,101042.61,68490.51,4942.71,41643.52,33834.13,7809.39,0.0,conventional,2015,LasVegas
2017-12-24,1.24,234520.01,63831.1,66599.45,6232.61,97856.85,60969.97,36710.21,176.67,conventional,2017,LasVegas
2016-05-29,0.89,391993.97,131708.14,115790.28,11869.51,132626.04,46240.64,86165.96,219.44,conventional,2016,LasVegas
2016-05-15,0.86,317621.52,131370.13,107124.85,1468.26,77658.28,41031.25,36627.03,0.0,conventional,2016,LasVegas
2015-12-27,0.83,292707.14,135799.94,93317.46,4977.64,58612.1,34675.97,23936.13,0.0,conventional,2015,LasVegas
2015-07-26,1.06,272267.5,137702.81,75823.92,8654.82,50085.95,41514.45,8571.5,0.0,conventional,2015,LasVegas
2016-08-14,1.08,295535.64,129727.7,53954.55,6997.8,104855.59,63416.1,41439.49,0.0,conventional,2016,LasVegas
2015-04-26,0.88,334718.74,133307.7,132942.52,5032.11,63436.41,39250.19,24170.94,15.28,conventional,2015,LasVegas
2017-06-18,1.01,357696.04,133507.85,55577.57,6723.34,161887.28,55967.51,105919.77,0.0,conventional,2017,LasVegas
2018-02-04,0.88,512982.73,80027.98,212174.53,6000.36,214779.86,82603.57,131899.62,276.67,conventional,2018,LasVegas
2017-03-19,1.02,318004.24,111396.46,43301.14,9357.16,153949.48,51704.25,102245.23,0.0,conventional,2017,LasVegas
2018-01-21,1.05,364155.28,78984.26,100813.61,6256.28,178101.13,69513.95,108140.51,446.67,conventional,2018,LasVegas
2016-05-22,0.93,318913.34,122331.83,89286.71,15173.34,92121.46,37169.82,54951.64,0.0,conventional,2016,LasVegas
2015-05-17,0.95,279843.22,144311.49,84178.93,3609.37,47743.43,34337.21,13406.22,0.0,conventional,2015,LasVegas
2017-02-19,0.93,318600.59,135001.7,40837.72,6859.46,135901.71,65647.85,70253.86,0.0,conventional,2017,LasVegas
2015-05-24,0.98,293059.1,152869.01,83857.08,4566.03,51766.98,40849.99,10916.99,0.0,conventional,2015,LasVegas
2016-05-08,0.83,427575.05,170359.46,144990.1,8687.46,103538.03,46595.95,56942.08,0.0,conventional,2016,LasVegas
2017-01-08,0.81,411218.71,112947.03,77763.79,7983.56,212524.33,71141.24,141383.09,0.0,conventional,2017,LasVegas
2015-01-25,1.06,249509.99,114584.67,98937.17,3874.78,32113.37,31833.66,279.71,0.0,conventional,2015,LasVegas
2018-03-11,1.18,298805.55,61233.57,91407.22,8059.72,138105.04,83945.28,53527.54,632.22,conventional,2018,LasVegas
2017-02-26,0.89,325905.13,97278.06,57129.17,7364.63,164133.27,55239.96,108893.31,0.0,conventional,2017,LasVegas
2017-08-06,1.3,283779.47,114985.35,53059.42,7126.4,108608.3,49026.33,59193.02,388.95,conventional,2017,LasVegas
2016-03-06,0.91,311402.83,139919.03,86200.19,6809.69,78473.92,51367.6,27106.32,0.0,conventional,2016,LasVegas
2017-06-11,0.99,374211.54,158132.02,51454.31,6562.63,158062.58,60840.35,97009.73,212.5,conventional,2017,LasVegas
2017-09-03,1.53,204091.69,95445.95,29557.08,6208.57,72880.09,45086.5,27650.26,143.33,conventional,2017,LasVegas
2016-06-26,0.94,352406.76,130217.49,74316.76,12079.13,135793.38,88463.16,47330.22,0.0,conventional,2016,LasVegas
2015-03-15,1.07,261650.41,112120.65,108345.08,5897.76,35286.92,34915.51,371.41,0.0,conventional,2015,LasVegas
