Regression/datasets/filtered_avocados.csv
Date,AveragePrice,Total Volume,4046,4225,4770,Total Bags,Small Bags,Large Bags,XLarge Bags,type,year,region
2016-08-21,1.4,4127080.33,247658.58,2351280.09,25740.08,1502401.58,1384984.59,97632.72,19784.27,conventional,2016,Northeast
2016-07-24,1.54,3834290.51,220814.35,2172523.13,63713.79,1377239.24,1287855.02,36043.62,53340.6,conventional,2016,Northeast
2017-08-13,1.49,4323440.02,235128.9,2842288.75,13705.7,1232316.67,1008008.74,194459.03,29848.9,conventional,2017,Northeast
2015-04-19,1.31,3786141.18,110954.74,2552885.19,6389.9,1115911.35,984678.78,131232.57,0.0,conventional,2015,Northeast
2016-09-11,1.28,4456957.62,703699.41,2632018.36,25571.12,1095668.73,1028147.48,67007.79,513.46,conventional,2016,Northeast
2015-10-18,0.99,4866607.14,93569.28,4025382.16,5421.22,742234.48,661214.66,81018.08,1.74,conventional,2015,Northeast
2016-07-03,1.41,4486744.99,210728.65,2669362.44,123210.02,1483443.88,1330833.02,82816.01,69794.85,conventional,2016,Northeast
2015-11-29,1.22,2593780.51,71191.69,1964333.5,3025.26,555230.06,513647.72,41582.34,0.0,conventional,2015,Northeast
2017-09-10,1.61,3536857.97,264529.93,2267361.07,6494.94,998472.03,844249.91,130829.9,23392.22,conventional,2017,Northeast
2016-09-25,1.53,3458790.86,446786.96,1993513.53,18241.6,1000248.77,950223.22,49098.88,926.67,conventional,2016,Northeast
2015-11-08,1.1,4205775.44,86385.14,3333003.32,4491.79,781895.19,645890.25,136004.94,0.0,conventional,2015,Northeast
2018-03-11,1.27,5214137.33,412621.66,3066433.39,6214.63,1728867.65,1436116.22,279239.21,13512.22,conventional,2018,Northeast
2015-03-01,1.15,3780455.44,88609.28,2790180.2,7317.59,894348.37,810060.6,84287.77,0.0,conventional,2015,Northeast
2015-06-21,1.27,4508474.0,106859.5,3203944.93,77296.43,1120373.14,1052770.72,66494.05,1108.37,conventional,2015,Northeast
2018-03-04,1.22,5318554.52,364721.28,3542626.1,6184.77,1405022.37,1101807.62,291485.87,11728.88,conventional,2018,Northeast
2015-07-12,1.2,4454138.91,110242.95,3051823.18,75096.18,1216976.6,1148604.15,67207.62,1164.83,conventional,2015,Northeast
2017-12-24,1.37,3489057.04,186562.39,2247768.56,6300.51,1048425.58,887121.16,161276.62,27.8,conventional,2017,Northeast
2017-06-04,1.74,4096560.83,241585.33,2718513.23,12943.73,1123518.54,923263.95,179473.2,20781.39,conventional,2017,Northeast
2015-01-04,1.09,3759282.62,126640.65,2860709.93,7580.38,764351.66,669970.5,94381.16,0.0,conventional,2015,Northeast
2017-10-29,1.52,3430235.17,251453.16,2238785.24,6303.94,933692.83,768631.44,165040.73,20.66,conventional,2017,Northeast
2015-08-02,1.19,4154658.67,104772.22,3244095.85,11726.4,794064.2,742929.61,51131.53,3.06,conventional,2015,Northeast
2015-05-31,1.34,4329239.82,116068.2,2954175.96,5488.64,1253507.02,1154091.74,97864.57,1550.71,conventional,2015,Northeast
2017-01-22,1.39,5007356.22,206778.67,3425747.61,319052.61,1055777.33,978886.09,68710.32,8180.92,conventional,2017,Northeast
2017-10-08,1.63,3065336.1,291046.85,1864722.88,6148.69,903417.68,736995.23,166422.45,0.0,conventional,2017,Northeast
2016-09-04,1.4,4019648.55,358039.67,2446669.38,38848.69,1176090.81,1109685.27,62681.63,3723.91,conventional,2016,Northeast
2017-11-05,1.45,3492828.1,228843.35,1955086.76,5588.32,1303309.67,1078991.73,224223.95,93.99,conventional,2017,Northeast
2017-02-26,1.43,3980574.14,206240.69,2790944.02,24709.35,958680.08,851836.0,100143.29,6700.79,conventional,2017,Northeast
2016-02-07,1.03,5919226.12,125570.46,4290645.89,59775.41,1443234.36,1369646.25,73584.63,3.48,conventional,2016,Northeast
2016-04-03,1.18,3872680.79,99894.98,2745624.73,90728.12,936432.96,869386.54,66910.57,135.85,conventional,2016,Northeast
2017-01-08,1.25,4691937.5,203756.33,3517891.27,29359.1,940930.8,882013.66,58723.55,193.59,conventional,2017,Northeast
2018-01-21,1.25,6137752.61,441673.49,4447691.02,16607.82,1231780.28,990188.67,241571.32,20.29,conventional,2018,Northeast
2017-12-03,1.32,4030251.0,219287.0,2671616.0,6523.0,1132825.0,995470.0,137354.0,2.0,conventional,2017,Northeast
2015-10-25,1.15,3306614.18,88907.0,2438454.39,3363.89,775888.9,693912.61,81976.29,0.0,conventional,2015,Northeast
2015-01-18,1.32,3066789.62,91803.09,2098784.32,7215.59,868986.62,784229.51,84757.11,0.0,conventional,2015,Northeast
2015-06-14,0.92,6760001.68,3239258.39,2416002.43,112965.22,991775.64,776961.13,214729.56,84.95,conventional,2015,West
2015-04-12,0.98,5609471.36,2561865.42,2267855.21,103110.58,676640.15,469624.9,206981.28,33.97,conventional,2015,West
2015-05-24,0.93,6139159.81,3206247.81,2036656.12,120398.95,775856.93,678849.33,96785.62,221.98,conventional,2015,West
2016-06-12,0.92,6216040.13,2213963.72,1516386.11,162974.69,2322715.61,1528937.12,787095.9,6682.59,conventional,2016,West
2015-09-20,0.92,5596091.03,1552161.89,2825876.79,124207.93,1093844.42,751408.06,342166.04,270.32,conventional,2015,West
2017-07-23,1.18,6311280.51,2072496.16,1969142.59,112050.77,2157590.99,916284.35,1234707.82,6598.82,conventional,2017,West
2016-07-17,1.02,5787378.41,1883575.14,1304616.13,95086.4,2504100.74,1822960.0,665247.85,15892.89,conventional,2016,West
2015-10-11,0.91,5534450.99,1287965.79,2714363.53,178042.28,1354079.39,947888.97,402360.11,3830.31,conventional,2015,West
2017-05-14,1.01,7143624.99,2613704.06,1377670.83,132186.47,3020063.63,2092575.26,923467.38,4020.99,conventional,2017,West
2016-02-21,0.77,7047624.39,2022750.67,2166534.86,123948.37,2734390.49,1670968.69,1062368.09,1053.71,conventional,2016,West
2016-10-09,1.13,5374797.25,1941978.26,1006693.14,98555.04,2327570.81,1433086.08,893082.67,1402.06,conventional,2016,West
2016-02-14,0.78,6774726.47,2645973.11,1680248.49,155260.97,2293243.9,1225073.29,1064255.94,3914.67,conventional,2016,West
2015-09-06,0.93,5900751.95,2682938.17,2086229.79,124722.73,1006861.26,696240.23,310568.88,52.15,conventional,2015,West
2016-02-07,0.69,9718438.84,3353158.49,2960080.17,281618.2,3123581.98,1921219.6,1187478.3,14884.08,conventional,2016,West
2018-03-04,0.96,7371498.76,2676545.9,1748192.04,118365.31,2828395.51,1432984.96,1379886.53,15524.02,conventional,2018,West
2018-01-28,1.01,7007265.31,2718390.81,1664995.75,93165.88,2530712.87,1254504.07,1260049.46,16159.34,conventional,2018,West
2017-12-03,0.98,6288493.0,2261955.0,1603331.0,86252.0,2336955.0,1350302.0,977019.0,9633.0,conventional,2017,West
2016-09-18,1.04,5474121.64,1966754.72,1200623.82,103658.21,2203084.89,1276040.86,922977.71,4066.32,conventional,2016,West
2017-01-29,0.85,7561590.72,2695457.93,1426577.31,128003.65,3311551.83,2241712.64,1065787.79,4051.4,conventional,2017,West
2015-07-19,1.04,5525298.95,2337242.49,2065939.21,113523.76,1008593.49,665157.51,343389.61,46.37,conventional,2015,West
2017-09-17,1.53,4181226.81,1582315.47,1095433.56,47072.46,1456405.32,863081.25,591149.15,2174.92,conventional,2017,West
2016-05-15,0.77,7486622.03,2693393.35,1778717.19,155509.69,2859001.8,1826973.6,1026237.94,5790.26,conventional,2016,West
2016-07-10,1.01,6487362.71,2293685.5,1475916.77,111309.46,2606450.98,1823295.07,762671.3,20484.61,conventional,2016,West
2015-03-01,0.95,5840742.83,2221447.89,2822864.41,110088.02,686342.51,590705.71,95603.25,33.55,conventional,2015,West
2017-02-26,0.86,6928736.97,2178473.36,1444476.86,130710.99,3175075.76,1944844.66,1227429.31,2801.79,conventional,2017,West
2017-08-06,1.32,5548410.44,2036702.69,1451163.28,107844.51,1952699.96,1060422.56,879238.7,13038.7,conventional,2017,West
2017-02-05,0.66,11274749.11,4377537.67,2558039.85,193764.89,4145406.7,2508731.79,1627453.06,9221.85,conventional,2017,West
2016-11-13,1.18,4864099.95,1740717.89,1032253.37,107496.5,1983632.19,1238998.31,742515.09,2118.79,conventional,2016,West
2017-12-10,0.96,5936122.03,2225055.28,1469462.62,76489.85,2165114.28,1183057.63,970382.43,11674.22,conventional,2017,West
2016-01-17,0.81,7221572.36,2091961.92,2079267.92,181519.92,2868822.6,1515056.35,1352291.24,1475.01,conventional,2016,West
2017-03-26,1.0,6680540.39,2845948.78,1110523.82,140936.9,2583130.89,1814182.35,765002.63,3945.91,conventional,2017,West
2016-08-14,1.0,6127060.42,2524278.53,1212034.14,122056.89,2268690.86,1560891.12,706937.47,862.27,conventional,2016,West
2015-12-06,0.75,6202513.84,2097720.52,2051392.83,107568.34,1945832.15,1360760.83,582846.33,2224.99,conventional,2015,West
2016-02-28,0.78,7193896.75,2394790.48,1865704.89,251937.95,2681463.43,1557228.28,1123472.59,762.56,conventional,2016,West
2015-01-04,0.89,5794410.58,2275446.87,2582300.65,97024.09,839638.97,688813.01,150819.57,6.39,conventional,2015,West
2017-06-25,0.96,803349.86,162934.76,169403.8,19050.31,451960.99,450916.88,634.51,409.6,conventional,2017,Portland
2016-11-20,1.23,455618.12,80040.96,114101.18,13948.69,247527.29,246808.48,500.84,217.97,conventional,2016,Portland
2016-04-17,0.69,917689.13,80084.69,285327.86,20489.31,531787.27,518252.26,12155.5,1379.51,conventional,2016,Portland
2016-10-23,1.12,568596.03,77057.58,127808.18,12872.16,350858.11,349205.42,1375.66,277.03,conventional,2016,Portland
2015-07-05,1.19,574999.04,215805.97,273227.27,22969.6,62996.2,59731.74,3256.13,8.33,conventional,2015,Portland
2017-01-01,0.73,869835.55,100273.33,269506.85,13235.82,486819.55,468972.79,17284.95,561.81,conventional,2017,Portland
2016-02-28,0.83,725928.01,83579.8,209750.15,18299.84,414298.22,411116.66,2953.08,228.48,conventional,2016,Portland
2016-02-07,0.72,948838.16,90313.08,340413.42,17669.38,500442.28,498461.43,1358.08,622.77,conventional,2016,Portland
2017-05-28,0.97,820850.36,162040.39,194722.06,23352.57,440735.34,438469.98,2179.16,86.2,conventional,2017,Portland
2017-04-16,0.98,743878.59,151790.12,168188.1,18907.42,404992.95,403966.15,732.22,294.58,conventional,2017,Portland
2017-11-05,1.03,681564.98,225938.5,150840.92,14808.15,289977.41,246798.74,42932.34,246.33,conventional,2017,Portland
2016-05-29,0.77,832869.55,145240.16,204586.42,19960.09,463082.88,459278.33,3483.65,320.9,conventional,2016,Portland
2016-09-25,0.87,694289.8,122350.41,123793.69,16380.23,431765.47,324254.95,107460.99,49.53,conventional,2016,Portland
2017-02-05,0.68,1189151.17,173944.99,260237.26,17285.27,737683.65,678871.57,57776.33,1035.75,conventional,2017,Portland
2017-06-04,1.12,698957.23,120671.14,128831.45,23470.48,425984.16,423593.25,2161.68,229.23,conventional,2017,Portland
2017-02-26,0.7,877633.92,134185.56,153225.87,17614.85,572607.64,352429.69,219524.32,653.63,conventional,2017,Portland
2016-05-08,0.75,969780.21,155346.32,244456.0,20852.69,549125.2,544998.05,3539.1,588.05,conventional,2016,Portland
2015-07-19,1.18,446862.52,188492.76,180269.35,16444.94,61655.47,56419.16,5228.04,8.27,conventional,2015,Portland
2018-02-25,1.01,772848.65,62880.59,259931.89,16312.94,433723.23,101200.06,328765.75,3757.42,conventional,2018,Portland
2016-10-30,1.4,407047.88,70232.8,109965.98,15009.27,211839.83,207419.82,4075.8,344.21,conventional,2016,Portland
2015-12-27,1.01,417190.47,87748.64,131201.91,16182.87,182057.05,181763.3,44.65,249.1,conventional,2015,Portland
2016-12-18,0.93,522499.15,103822.87,135172.07,11774.35,271729.86,270658.02,907.04,164.8,conventional,2016,Portland
2016-06-26,0.92,662145.29,139894.23,158417.0,19975.97,343858.09,340794.03,1498.14,1565.92,conventional,2016,Portland
2015-09-06,1.1,465258.45,174913.44,188351.71,13357.86,88635.44,88369.14,231.21,35.09,conventional,2015,Portland
2016-06-05,0.78,942774.69,153775.4,234869.93,23659.16,530470.2,524889.49,5116.99,463.72,conventional,2016,Portland
2017-01-15,0.85,758125.51,109638.8,187142.02,17794.13,443550.56,415774.16,27321.98,454.42,conventional,2017,Portland
2016-12-11,0.7,923022.14,97136.34,256730.42,11762.18,557393.2,554442.99,1653.04,1297.17,conventional,2016,Portland
2017-09-10,1.87,384536.99,103658.38,106229.71,16044.05,158604.85,85879.75,71546.81,1178.29,conventional,2017,Portland
2015-09-27,0.9,484598.47,159779.59,187080.35,13101.24,124637.29,124612.73,1.84,22.72,conventional,2015,Portland
2016-10-09,1.08,598035.57,107796.99,124430.54,15502.77,350305.27,284345.95,65755.98,203.34,conventional,2016,Portland
2017-11-12,1.11,593320.0,178779.0,115334.0,12996.0,286211.0,231215.0,54586.0,410.0,conventional,2017,Portland
2016-07-24,0.97,602085.03,135877.37,142590.49,16246.36,307370.81,305237.5,2006.1,127.21,conventional,2016,Portland
2015-07-26,1.18,433999.24,178906.95,171527.43,17189.62,66375.24,66239.5,135.74,0.0,conventional,2015,Portland
2018-01-14,1.81,2130.13,51.93,802.89,0.0,1275.31,350.29,925.02,0.0,organic,2018,Boise
2015-07-26,2.08,1555.89,26.92,1201.02,0.0,327.95,203.33,124.62,0.0,organic,2015,Boise
2016-03-13,0.95,3340.37,25.38,586.33,0.0,2728.66,96.67,2631.99,0.0,organic,2016,Boise
2015-12-27,0.91,2272.26,15.53,508.49,0.0,1748.24,1008.2,740.04,0.0,organic,2015,Boise
2017-05-07,1.17,4483.61,11.97,634.33,0.0,3837.31,387.11,3450.2,0.0,organic,2017,Boise
2015-08-23,2.29,937.64,7.69,794.15,0.0,135.8,33.33,102.47,0.0,organic,2015,Boise
2017-07-02,1.92,2765.03,41.84,1111.25,0.0,1611.94,539.92,1072.02,0.0,organic,2017,Boise
2016-10-16,1.33,2839.61,0.0,384.46,0.0,2455.15,442.87,2012.28,0.0,organic,2016,Boise
2016-09-25,1.39,2156.51,3.0,414.32,0.0,1739.19,545.5,1193.69,0.0,organic,2016,Boise
2017-12-17,1.79,1797.04,28.34,552.03,0.0,1216.67,264.39,952.28,0.0,organic,2017,Boise
2016-05-01,0.92,2440.13,0.0,496.28,0.0,1943.85,176.67,1767.18,0.0,organic,2016,Boise
2016-07-17,1.54,2947.37,2.52,1238.01,0.0,1706.84,760.92,945.92,0.0,organic,2016,Boise
2015-03-01,1.68,1396.48,2.48,945.45,0.0,448.55,393.33,55.22,0.0,organic,2015,Boise
2017-09-24,2.64,1411.83,63.68,535.14,0.0,813.01,75.19,737.82,0.0,organic,2017,Boise
2017-12-10,1.76,2237.32,52.94,566.03,0.0,1618.35,463.07,1155.28,0.0,organic,2017,Boise
2015-01-18,1.44,2973.94,8.83,2513.36,0.0,451.75,143.33,308.42,0.0,organic,2015,Boise
2016-04-17,1.56,1228.73,11.78,670.27,0.0,546.68,306.67,240.01,0.0,organic,2016,Boise
2017-04-23,1.23,3316.33,11.93,570.15,0.0,2734.25,340.94,2393.31,0.0,organic,2017,Boise
2016-10-09,1.5,1457.64,3.0,380.26,0.0,1074.38,290.97,783.41,0.0,organic,2016,Boise
2018-01-07,1.77,2553.9,42.6,949.08,0.0,1562.22,552.06,1010.16,0.0,organic,2018,Boise
2016-03-20,0.82,6092.98,14.02,1604.25,0.0,4474.71,216.67,4258.04,0.0,organic,2016,Boise
2015-04-26,1.36,2154.49,9.05,1579.24,0.0,566.2,203.33,362.87,0.0,organic,2015,Boise
2015-05-17,1.92,1178.2,22.86,1010.43,0.0,144.91,86.67,58.24,0.0,organic,2015,Boise
2015-05-31,1.54,2693.46,19.2,2374.26,0.0,300.0,300.0,0.0,0.0,organic,2015,Boise
2015-11-22,1.54,1000.86,7.77,724.33,2.59,266.17,13.34,252.83,0.0,organic,2015,Boise
2016-05-22,1.43,2779.2,0.0,2320.42,0.0,458.78,390.0,68.78,0.0,organic,2016,Boise
2017-12-31,1.72,2017.17,78.28,646.17,0.0,1292.72,213.18,1079.54,0.0,organic,2017,Boise
2015-06-28,1.58,2550.15,15.62,2464.53,0.0,70.0,70.0,0.0,0.0,organic,2015,Boise
2015-02-22,1.75,1081.18,1.24,813.03,0.0,266.91,260.0,6.91,0.0,organic,2015,Boise
2016-12-11,1.52,1864.49,0.0,461.87,0.0,1402.62,433.41,969.21,0.0,organic,2016,Boise
2016-01-03,1.28,1200.13,14.03,394.08,0.0,792.02,250.0,542.02,0.0,organic,2016,Boise
2015-02-01,1.43,1780.76,0.0,999.31,0.0,781.45,283.33,498.12,0.0,organic,2015,Boise
2016-08-07,1.26,2649.65,0.0,547.56,0.0,2102.09,1143.84,958.25,0.0,organic,2016,Boise
2017-11-05,2.33,1886.42,45.0,504.52,0.0,1336.9,383.32,953.58,0.0,organic,2017,Boise
2015-10-18,2.05,1169.26,10.44,836.3,0.0,322.52,116.67,205.85,0.0,organic,2015,Boise
2016-08-14,1.87,2142.35,2.53,1243.41,0.0,896.41,335.76,560.65,0.0,organic,2016,Boise
2015-09-06,2.35,908.95,9.22,813.54,0.0,86.19,3.33,82.86,0.0,organic,2015,Boise
2017-08-06,2.21,2091.16,81.09,596.86,0.0,1413.21,470.88,942.33,0.0,organic,2017,Boise
2017-09-10,2.63,1600.11,75.82,540.2,0.0,984.09,174.77,809.32,0.0,organic,2017,Boise
