Regression/datasets/filtered_avocados.csv
Date,AveragePrice,Total Volume,4046,4225,4770,Total Bags,Small Bags,Large Bags,XLarge Bags,type,year,region
2015-11-29,0.97,58667.71,1290.11,34019.62,2342.95,21015.03,10740.29,9710.74,564.0,conventional,2015,Louisville
2015-12-06,0.83,103277.35,2186.88,65644.34,4604.01,30842.12,10619.03,19216.17,1006.92,conventional,2015,Louisville
2016-05-22,0.91,113794.41,2002.85,77719.29,2243.57,31828.7,13628.45,17376.34,823.91,conventional,2016,Louisville
2017-10-29,1.23,102915.21,3751.03,44115.78,56.48,54991.92,13041.14,41950.78,0.0,conventional,2017,Louisville
2016-03-27,0.89,120080.36,1969.51,74446.68,6188.82,37475.35,12424.3,23482.95,1568.1,conventional,2016,Louisville
2015-04-26,1.21,65742.4,2070.06,42192.26,2780.63,18699.45,9812.43,8286.28,600.74,conventional,2015,Louisville
2017-08-06,1.3,95140.94,2317.1,37610.34,218.0,54995.5,29610.66,24173.08,1211.76,conventional,2017,Louisville
2015-06-07,1.01,98865.51,8145.6,62401.26,4540.35,23778.3,12423.77,10432.41,922.12,conventional,2015,Louisville
2018-03-18,1.02,126213.08,32100.53,23976.21,204.7,69931.64,53034.96,15925.76,970.92,conventional,2018,Louisville
2017-05-14,1.27,82244.67,2266.19,37229.4,247.88,42501.2,16236.09,26265.11,0.0,conventional,2017,Louisville
2016-12-11,0.79,105228.6,1367.94,44377.9,142.37,59340.39,11915.91,47411.82,12.66,conventional,2016,Louisville
2015-12-13,0.91,76543.82,1830.69,47375.43,1613.63,25724.07,11718.37,13677.35,328.35,conventional,2015,Louisville
2017-12-17,1.07,80191.11,6894.24,28129.43,326.83,44840.61,29455.18,15356.82,28.61,conventional,2017,Louisville
2015-09-06,0.98,98154.04,2188.71,65116.35,3287.09,27561.89,10648.23,16180.34,733.32,conventional,2015,Louisville
2016-07-03,1.0,106600.14,2398.42,64636.42,1810.55,37754.75,18047.85,15818.57,3888.33,conventional,2016,Louisville
2018-01-07,1.0,118958.8,29241.59,37772.39,170.77,51774.05,32655.63,19115.6,2.82,conventional,2018,Louisville
2017-04-09,1.2,89926.02,2222.25,43333.76,209.34,44160.67,17618.59,26542.08,0.0,conventional,2017,Louisville
2015-10-11,1.03,74536.59,2060.03,44941.49,4873.81,22661.26,11836.73,10132.33,692.2,conventional,2015,Louisville
2017-09-03,1.64,80371.08,2707.25,35073.5,133.23,42457.1,16063.17,26038.37,355.56,conventional,2017,Louisville
2017-01-08,0.86,118310.74,2489.41,55251.9,397.86,60171.57,17859.61,42296.4,15.56,conventional,2017,Louisville
2015-11-22,1.01,60971.36,1319.83,33164.09,3367.31,23120.13,12082.22,10219.32,818.59,conventional,2015,Louisville
2018-01-14,1.15,121812.81,12826.43,44061.69,168.9,64755.79,32059.16,32693.81,2.82,conventional,2018,Louisville
2017-07-23,1.37,92486.04,2203.65,37670.64,134.13,52477.62,24730.17,26604.12,1143.33,conventional,2017,Louisville
2017-12-03,1.11,108947.0,2489.0,52286.0,530.0,53643.0,9238.0,44403.0,1.0,conventional,2017,Louisville
2015-08-30,1.13,70164.74,4909.59,40377.06,5962.35,18915.74,10816.15,6584.54,1515.05,conventional,2015,Louisville
2015-07-26,0.88,99545.41,1965.35,64026.49,2057.87,31495.7,13129.21,17841.09,525.4,conventional,2015,Louisville
2016-11-06,1.27,70881.52,1606.9,34663.27,236.33,34375.02,9517.5,24857.52,0.0,conventional,2016,Louisville
2018-01-28,1.18,96546.56,9754.12,34513.14,262.76,52016.54,31382.0,20628.88,5.66,conventional,2018,Louisville
2016-12-04,0.83,127200.91,1234.09,60677.07,664.79,64624.96,11670.33,52954.63,0.0,conventional,2016,Louisville
2015-05-03,1.03,95550.51,2031.68,66286.54,2641.74,24590.55,8761.52,15348.83,480.2,conventional,2015,Louisville
2016-06-26,1.06,98077.6,2762.38,56614.79,3534.27,35166.16,16663.76,15457.04,3045.36,conventional,2016,Louisville
2016-04-03,0.85,91459.57,2091.16,52626.19,3898.91,32843.31,9614.81,22101.11,1127.39,conventional,2016,Louisville
2016-02-21,0.86,114817.03,2368.19,75573.8,2285.79,34589.25,10663.72,23456.23,469.3,conventional,2016,Louisville
2016-08-28,1.13,82663.2,1887.97,48991.99,614.55,31168.69,15323.61,14585.08,1260.0,conventional,2016,Louisville
2016-04-10,0.9,83504.74,1824.57,49692.01,2962.32,29025.84,12371.06,16274.95,379.83,conventional,2016,Louisville
2017-12-10,1.01,100072.52,6065.04,37048.51,147.89,56811.08,26607.95,30198.81,4.32,conventional,2017,Louisville
2015-12-27,1.04,61654.94,1377.63,37760.21,3204.01,19313.09,11289.8,7288.66,734.63,conventional,2015,Louisville
2016-06-05,1.18,471356.84,32955.43,314403.14,35125.4,88872.87,86447.87,0.0,2425.0,conventional,2016,NorthernNewEngland
2016-11-20,1.39,315783.24,15322.42,247461.31,3473.03,49526.48,49526.48,0.0,0.0,conventional,2016,NorthernNewEngland
2015-01-18,1.12,309202.71,3012.79,241380.95,38.05,64770.92,64770.92,0.0,0.0,conventional,2015,NorthernNewEngland
2015-10-18,1.0,402466.4,3274.11,361448.46,192.81,37551.02,36297.69,1253.33,0.0,conventional,2015,NorthernNewEngland
2016-07-31,1.49,435129.36,79930.71,239638.1,6617.7,108942.85,107009.09,3.76,1930.0,conventional,2016,NorthernNewEngland
2017-05-28,1.66,445049.68,10552.04,357297.24,2336.14,74864.26,41798.08,32252.85,813.33,conventional,2017,NorthernNewEngland
2016-05-01,1.02,628512.14,2527.39,538037.63,37533.31,50413.81,50354.09,0.0,59.72,conventional,2016,NorthernNewEngland
2015-07-05,1.15,536642.98,2968.62,338863.42,17991.98,176818.96,176636.74,182.22,0.0,conventional,2015,NorthernNewEngland
2017-08-20,1.82,322962.89,5632.85,242365.82,2441.56,72522.66,22942.48,46083.51,3496.67,conventional,2017,NorthernNewEngland
2017-02-12,1.13,501364.8,13508.23,424253.19,7548.54,56054.84,56051.1,3.74,0.0,conventional,2017,NorthernNewEngland
2016-06-26,1.28,497816.81,63778.16,323719.54,20456.9,89862.21,85807.21,0.0,4055.0,conventional,2016,NorthernNewEngland
2016-06-19,1.26,485945.76,53199.36,322695.72,27247.57,82803.11,80128.11,0.0,2675.0,conventional,2016,NorthernNewEngland
2015-01-04,1.05,321823.77,4966.76,264351.96,14.68,52490.37,52490.37,0.0,0.0,conventional,2015,NorthernNewEngland
2016-04-10,1.04,409227.87,2856.55,291174.46,50624.92,64571.94,64557.15,14.79,0.0,conventional,2016,NorthernNewEngland
2017-08-13,1.24,554390.58,8993.96,476884.89,5005.47,63506.26,19689.02,39173.91,4643.33,conventional,2017,NorthernNewEngland
2016-08-21,1.34,413497.16,95074.76,197872.17,4669.14,115881.09,114415.93,30.16,1435.0,conventional,2016,NorthernNewEngland
2016-11-13,1.48,268388.51,11996.05,211327.03,2651.04,42414.39,42414.39,0.0,0.0,conventional,2016,NorthernNewEngland
2016-09-25,1.58,315399.04,23189.93,236472.99,3706.18,52029.94,52018.36,11.58,0.0,conventional,2016,NorthernNewEngland
2015-12-13,0.95,407482.83,2970.12,369076.25,116.84,35319.62,35319.62,0.0,0.0,conventional,2015,NorthernNewEngland
2015-05-24,1.04,512172.44,2624.76,372289.48,53.34,137204.86,137204.86,0.0,0.0,conventional,2015,NorthernNewEngland
2017-04-30,1.39,407790.12,9127.08,296827.97,1939.54,99895.53,41352.44,58543.09,0.0,conventional,2017,NorthernNewEngland
2017-12-24,1.36,347811.65,8585.08,251130.76,1335.19,86760.62,24294.77,62465.85,0.0,conventional,2017,NorthernNewEngland
2016-02-28,1.1,387149.69,4257.34,288178.36,26834.63,67879.36,67323.1,556.26,0.0,conventional,2016,NorthernNewEngland
2017-11-05,1.51,288593.62,9954.77,229668.21,1209.71,47760.93,18323.67,29437.26,0.0,conventional,2017,NorthernNewEngland
2016-05-15,1.07,443517.22,3333.83,314998.46,47340.47,77844.46,77840.76,3.7,0.0,conventional,2016,NorthernNewEngland
2017-08-06,1.59,462412.85,7918.05,369483.25,4703.97,80307.58,22061.56,55252.69,2993.33,conventional,2017,NorthernNewEngland
2015-09-13,1.09,356105.25,1752.73,301172.05,277.25,52903.22,52023.22,880.0,0.0,conventional,2015,NorthernNewEngland
2017-05-14,1.53,391189.88,7559.58,295163.55,2628.5,85838.25,41685.89,44152.36,0.0,conventional,2017,NorthernNewEngland
2015-06-07,1.17,427216.77,2096.21,314308.78,37.43,110774.35,110774.35,0.0,0.0,conventional,2015,NorthernNewEngland
2016-05-29,0.8,245482.03,71157.19,9858.5,210.8,164255.54,150822.59,13401.63,31.32,conventional,2016,StLouis
2016-10-30,1.01,128966.42,51881.76,6010.11,59.48,71015.07,45591.77,25423.3,0.0,conventional,2016,StLouis
2016-05-15,0.75,290603.88,69857.38,10440.9,46.32,210259.28,179609.78,30236.34,413.16,conventional,2016,StLouis
2016-02-21,1.0,207338.72,78891.03,27326.04,55.42,101066.23,74251.97,26792.44,21.82,conventional,2016,StLouis
2015-06-14,1.28,203247.31,87726.18,41782.62,102.06,73636.45,73588.28,0.0,48.17,conventional,2015,StLouis
2016-11-27,1.16,100424.14,34165.03,6473.64,16.27,59769.2,40665.36,19103.84,0.0,conventional,2016,StLouis
2017-12-10,1.18,156410.57,59840.03,6577.15,153.25,89840.14,61719.51,28120.63,0.0,conventional,2017,StLouis
2017-11-19,1.23,152206.0,70695.0,6761.0,374.0,74375.0,58388.0,15987.0,0.0,conventional,2017,StLouis
2016-07-31,1.03,214273.18,54119.45,28847.85,229.71,131076.17,109459.43,6537.25,15079.49,conventional,2016,StLouis
2017-09-24,1.83,144890.83,55004.63,7796.72,126.19,81963.29,58921.39,23031.97,9.93,conventional,2017,StLouis
2016-07-03,0.76,348135.49,65689.33,21478.32,467.21,260500.63,225966.72,21420.64,13113.27,conventional,2016,StLouis
2018-01-21,1.05,257250.2,98471.49,7427.5,582.75,150768.46,123950.8,26817.66,0.0,conventional,2018,StLouis
2018-03-11,1.02,249444.49,119801.0,6013.84,404.77,123224.88,99130.17,19950.02,4144.69,conventional,2018,StLouis
2017-06-18,1.3,201993.63,76343.74,14887.64,140.98,110621.27,87817.63,20679.07,2124.57,conventional,2017,StLouis
2016-12-18,0.97,137885.02,58408.64,7756.92,50.4,71669.06,52786.07,18882.99,0.0,conventional,2016,StLouis
2015-09-06,1.3,180705.59,85673.91,36576.66,71.5,58383.52,58293.14,88.13,2.25,conventional,2015,StLouis
2016-10-02,1.16,140030.37,51859.03,14340.74,35.83,73794.77,41062.22,32732.55,0.0,conventional,2016,StLouis
2016-04-24,0.8,233320.58,65855.0,10636.81,10.97,156817.8,123839.46,32941.31,37.03,conventional,2016,StLouis
2015-08-30,1.32,164716.78,74751.64,34386.84,16.21,55562.09,55153.25,404.34,4.5,conventional,2015,StLouis
2016-12-04,1.1,118176.43,40780.54,6623.28,37.24,70735.37,40391.54,30343.83,0.0,conventional,2016,StLouis
2016-06-19,0.95,254402.94,68071.47,14769.82,81.39,171480.26,139118.22,27583.68,4778.36,conventional,2016,StLouis
2016-01-24,1.1,167619.96,38174.66,28333.37,4.76,101107.17,67007.75,34086.25,13.17,conventional,2016,StLouis
2015-08-02,1.26,184501.15,79291.85,43745.86,4.0,61459.44,61457.2,0.0,2.24,conventional,2015,StLouis
2017-04-02,1.33,116596.47,63506.59,8377.96,75.0,44636.92,44610.25,26.67,0.0,conventional,2017,StLouis
2015-05-10,1.25,218562.94,125846.03,33050.99,42.85,59623.07,59620.93,0.0,2.14,conventional,2015,StLouis
2017-12-24,1.38,149940.62,71923.53,12725.42,321.56,64970.11,52479.82,12490.29,0.0,conventional,2017,StLouis
2016-05-01,0.79,256180.45,99574.26,10728.95,42.66,145834.58,126405.83,19398.2,30.55,conventional,2016,StLouis
2015-07-05,1.32,224901.96,97253.4,57668.67,23.52,69956.37,69313.52,642.85,0.0,conventional,2015,StLouis
2015-05-03,1.09,275080.92,190986.18,36252.66,32.39,47809.69,47809.69,0.0,0.0,conventional,2015,StLouis
2016-02-28,0.98,173282.78,52180.79,12434.36,64.26,108603.37,81857.33,26526.01,220.03,conventional,2016,StLouis
2016-12-11,1.11,117572.64,38790.31,6951.6,146.25,71684.48,57071.3,14613.18,0.0,conventional,2016,StLouis
2015-05-31,1.43,1493218.75,24958.8,1077663.26,1368.92,389227.77,322139.9,67077.51,10.36,conventional,2015,NewYork
2016-10-16,1.89,969846.54,15611.16,636341.88,1794.03,316099.47,279470.03,35805.83,823.61,conventional,2016,NewYork
2016-04-17,1.08,1030786.84,16212.12,582843.38,4694.24,427037.1,350600.31,74702.17,1734.62,conventional,2016,NewYork
2017-10-29,1.57,1217806.97,74423.5,788262.18,779.34,354341.95,330959.23,23366.81,15.91,conventional,2017,NewYork
2015-08-02,1.14,1458722.6,21768.56,1184264.91,1330.65,251358.48,216693.68,34664.8,0.0,conventional,2015,NewYork
2016-09-04,1.47,1278749.25,23916.16,832269.64,12219.16,410344.29,355517.25,53778.4,1048.64,conventional,2016,NewYork
2017-01-01,1.44,940983.17,10498.68,668183.16,22804.6,239496.73,208504.55,30684.59,307.59,conventional,2017,NewYork
2017-04-16,1.76,1222890.71,38975.1,775310.37,4900.16,403705.08,339953.84,55759.57,7991.67,conventional,2017,NewYork
2016-05-01,1.22,1536109.56,16424.04,1106990.04,11518.08,401177.4,321936.31,79106.38,134.71,conventional,2016,NewYork
2017-03-26,1.72,1154893.52,28449.94,717035.68,20182.45,389225.45,330935.25,49533.26,8756.94,conventional,2017,NewYork
2015-08-16,1.14,1535981.4,19663.39,1291206.23,1727.95,223383.83,188594.0,34787.84,1.99,conventional,2015,NewYork
2015-11-01,1.06,2180520.22,24197.61,1916954.83,1226.57,238141.21,183727.03,54399.03,15.15,conventional,2015,NewYork
2016-08-28,1.58,1212399.97,19257.01,715527.43,37849.93,439765.6,378940.19,57956.65,2868.76,conventional,2016,NewYork
2015-06-28,1.36,1284789.44,17714.92,917010.98,3347.48,346716.06,266450.36,80224.13,41.57,conventional,2015,NewYork
2017-12-03,1.41,1191930.0,42352.0,652690.0,580.0,496308.0,466132.0,30177.0,0.0,conventional,2017,NewYork
2017-01-22,1.48,1721917.04,15652.26,1169600.51,206537.54,330126.73,288384.55,36337.65,5404.53,conventional,2017,NewYork
2017-04-02,1.74,1221327.78,36138.61,791416.43,4113.73,389659.01,340915.45,48526.89,216.67,conventional,2017,NewYork
2017-04-30,1.84,1228100.25,48042.72,808258.75,2747.33,369051.45,314750.54,44523.13,9777.78,conventional,2017,NewYork
2017-01-08,1.29,1532074.69,18585.1,1207607.23,6403.22,299479.14,258470.17,40822.02,186.95,conventional,2017,NewYork
2017-07-02,1.72,1304560.72,56685.05,733184.24,3145.41,511546.02,270378.6,223986.86,17180.56,conventional,2017,NewYork
2018-01-28,1.2,2278728.69,82652.82,1501055.47,745.5,694274.9,675215.26,18491.86,567.78,conventional,2018,NewYork
2015-08-23,1.1,1477964.12,22589.42,1222687.73,822.48,231864.49,197249.71,34604.15,10.63,conventional,2015,NewYork
2015-04-19,1.42,1332514.63,20252.47,927145.61,2366.85,382749.7,278784.54,103965.16,0.0,conventional,2015,NewYork
2016-05-29,1.08,1827100.26,19729.58,1354634.86,24551.86,428183.96,357118.51,70667.12,398.33,conventional,2016,NewYork
2015-10-04,1.26,1342963.26,19623.48,1060768.61,1078.17,261493.0,208106.11,53386.89,0.0,conventional,2015,NewYork
2015-12-06,1.2,1068971.54,15730.1,887708.08,892.62,164640.74,136643.23,27997.51,0.0,conventional,2015,NewYork
2015-03-01,1.18,1338129.89,19919.91,1025372.06,2849.43,289988.49,228539.44,61449.05,0.0,conventional,2015,NewYork
2015-03-08,1.36,1129333.95,31886.43,755537.72,2109.98,339799.82,271636.2,68163.62,0.0,conventional,2015,NewYork
2015-10-18,0.97,1856337.85,23873.63,1598365.27,1173.01,232925.94,181854.71,51069.15,2.08,conventional,2015,NewYork
2016-03-06,1.24,1455656.4,18107.83,1074827.27,2066.31,360654.99,317977.04,42677.95,0.0,conventional,2016,NewYork
2017-06-18,1.82,1242160.85,55732.76,765117.64,3600.65,417709.8,290382.6,113734.72,13592.48,conventional,2017,NewYork
2017-01-29,1.52,1270564.47,17844.88,816423.62,94445.56,341850.41,285574.23,51331.29,4944.89,conventional,2017,NewYork
2016-10-02,1.72,1057930.65,33926.41,658467.15,3847.42,361689.67,310800.35,50151.82,737.5,conventional,2016,NewYork
2016-11-06,1.93,767190.62,10277.48,460230.47,3519.45,293163.22,250705.71,42457.51,0.0,conventional,2016,NewYork
2015-09-06,1.22,1340925.56,19894.27,1074698.43,1295.45,245037.41,201210.17,43820.11,7.13,conventional,2015,NewYork
2016-01-17,1.01,1840344.27,18562.23,1422978.1,4948.8,393855.14,349479.81,44375.33,0.0,conventional,2016,NewYork
2016-03-20,1.09,1743194.56,23278.85,1269404.72,1917.48,448593.51,407712.49,40881.02,0.0,conventional,2016,NewYork
2015-09-27,1.16,1201066.41,15448.68,941112.78,983.6,243521.35,185973.17,57548.18,0.0,conventional,2015,NewYork
2017-08-06,1.56,1277419.69,59767.3,821262.42,2432.16,393957.81,358318.64,24812.03,10827.14,conventional,2017,NewYork
2018-03-25,1.34,1774776.77,63905.98,908653.71,843.45,801373.63,774634.09,23833.93,2905.61,conventional,2018,NewYork
2015-06-21,1.28,1667026.11,18711.02,1312242.38,5159.36,330913.35,287710.54,43147.53,55.28,conventional,2015,NewYork
