Regression/datasets/filtered_avocados.csv
Date,AveragePrice,Total Volume,4046,4225,4770,Total Bags,Small Bags,Large Bags,XLarge Bags,type,year,region
2015-04-19,1.69,4029.03,1570.21,2153.19,0.0,305.63,0.0,305.63,0.0,organic,2015,Spokane
2016-12-18,1.03,3288.85,18.32,761.26,0.0,2509.27,15.83,2493.44,0.0,organic,2016,Spokane
2015-07-26,2.07,2588.12,486.58,2057.91,1.88,41.75,0.0,41.75,0.0,organic,2015,Spokane
2015-02-15,1.51,4449.11,1630.04,2660.43,0.0,158.64,30.0,128.64,0.0,organic,2015,Spokane
2015-05-17,1.78,2605.01,774.37,1609.55,7.57,213.52,0.0,213.52,0.0,organic,2015,Spokane
2017-01-08,1.16,4113.7,14.26,914.68,0.0,3184.76,168.63,3016.13,0.0,organic,2017,Spokane
2017-10-08,2.74,2803.12,236.06,946.35,0.0,1620.71,624.44,996.27,0.0,organic,2017,Spokane
2017-09-24,2.95,2417.55,168.12,1025.14,0.0,1224.29,370.0,849.73,4.56,organic,2017,Spokane
2016-03-13,1.28,4036.93,51.54,1563.44,0.0,2421.95,237.26,2184.69,0.0,organic,2016,Spokane
2016-12-25,0.89,5333.76,24.44,1081.6,0.0,4227.72,23.76,4203.96,0.0,organic,2016,Spokane
2016-09-04,1.93,2088.07,645.19,996.54,0.0,446.34,22.53,423.81,0.0,organic,2016,Spokane
2015-05-10,1.76,3166.83,900.37,1925.8,0.0,340.66,0.0,340.66,0.0,organic,2015,Spokane
2016-06-05,1.91,2807.95,99.46,2655.67,1.99,50.83,0.0,50.83,0.0,organic,2016,Spokane
2015-08-09,2.07,2290.54,400.3,1609.65,0.0,280.59,0.0,280.59,0.0,organic,2015,Spokane
2015-09-13,2.06,1843.62,374.96,1300.71,0.0,167.95,0.0,167.95,0.0,organic,2015,Spokane
2015-08-30,1.58,4317.12,415.14,3575.51,0.0,326.47,0.0,326.47,0.0,organic,2015,Spokane
2016-11-06,2.02,1894.26,14.17,965.27,0.0,914.82,26.67,888.15,0.0,organic,2016,Spokane
2016-09-11,1.53,3194.19,837.77,386.27,0.0,1970.15,638.38,1331.77,0.0,organic,2016,Spokane
2018-01-07,1.74,3788.91,212.72,1413.85,0.0,2162.34,600.0,1562.34,0.0,organic,2018,Spokane
2017-04-16,1.57,4884.2,292.71,1306.43,5.38,3279.68,33.33,3246.35,0.0,organic,2017,Spokane
2017-11-19,2.2,2838.6,184.35,1208.98,0.0,1445.27,367.77,1034.63,42.87,organic,2017,Spokane
2017-02-26,1.64,3681.31,152.37,1154.78,1.0,2373.16,84.32,2288.84,0.0,organic,2017,Spokane
2015-01-11,1.38,4780.87,1159.37,3192.62,1.83,427.05,140.0,287.05,0.0,organic,2015,Spokane
2015-05-31,1.55,4539.36,860.47,3616.2,1.89,60.8,0.0,60.8,0.0,organic,2015,Spokane
2016-05-22,1.49,3894.15,81.14,3124.78,0.0,688.23,0.0,688.23,0.0,organic,2016,Spokane
2016-12-11,1.38,2137.62,10.17,598.15,0.0,1529.3,31.65,1497.65,0.0,organic,2016,Spokane
2017-12-17,2.14,2675.19,181.95,1028.88,0.0,1464.36,911.92,552.44,0.0,organic,2017,Spokane
2015-02-08,1.43,5788.14,1103.65,3973.9,1.82,708.77,223.33,485.44,0.0,organic,2015,Spokane
2017-11-26,2.04,3284.64,156.61,1186.4,8.58,1933.05,560.0,1358.75,14.3,organic,2017,Spokane
2016-08-14,2.25,1921.43,622.77,1072.24,0.0,226.42,99.45,126.97,0.0,organic,2016,Spokane
2017-07-09,2.2,4236.47,358.58,1807.52,16.68,2053.69,37.23,2016.46,0.0,organic,2017,Spokane
2017-05-28,1.48,5870.75,349.55,1639.55,16.65,3865.0,66.66,3798.34,0.0,organic,2017,Spokane
2015-12-20,1.56,1711.63,42.41,1048.06,0.0,621.16,0.0,621.16,0.0,organic,2015,Spokane
2016-05-08,1.41,3542.46,72.84,2025.86,0.0,1443.76,0.0,1443.76,0.0,organic,2016,Spokane
2017-11-05,2.54,2596.51,215.25,1023.49,0.0,1357.77,380.0,977.77,0.0,organic,2017,Spokane
2015-04-05,1.8,9073.21,2827.97,3353.79,0.0,2891.45,2619.58,271.87,0.0,organic,2015,WestTexNewMexico
2017-08-13,2.01,8435.52,1182.39,3688.93,11.24,3552.96,3403.12,149.84,0.0,organic,2017,WestTexNewMexico
2016-10-16,2.93,5373.88,901.06,3284.87,8.55,1179.4,1146.07,33.33,0.0,organic,2016,WestTexNewMexico
2015-12-13,1.8,7836.65,2194.49,2981.01,25.97,2635.18,2598.45,36.73,0.0,organic,2015,WestTexNewMexico
2017-07-23,1.6,19144.32,1832.11,4752.03,1914.09,10646.09,10577.95,68.14,0.0,organic,2017,WestTexNewMexico
2016-10-02,2.79,5562.0,790.45,3627.36,14.25,1129.94,1116.94,13.0,0.0,organic,2016,WestTexNewMexico
2015-05-17,1.42,16514.55,7604.41,5425.94,0.0,3484.2,1936.67,1547.53,0.0,organic,2015,WestTexNewMexico
2015-03-22,1.84,7771.97,2209.54,3525.73,0.0,2036.7,2036.7,0.0,0.0,organic,2015,WestTexNewMexico
2016-10-30,2.57,5647.48,593.81,4865.11,8.56,180.0,176.67,3.33,0.0,organic,2016,WestTexNewMexico
2016-07-31,1.84,16389.34,3381.02,3234.02,28.27,9746.03,5696.67,4049.36,0.0,organic,2016,WestTexNewMexico
2017-10-01,2.37,8873.32,1474.43,1689.97,0.0,5708.92,5639.42,69.5,0.0,organic,2017,WestTexNewMexico
2015-09-13,1.99,6608.39,1309.78,3114.34,0.0,2184.27,1763.34,420.93,0.0,organic,2015,WestTexNewMexico
2016-07-24,1.99,16025.11,3853.35,4310.26,8.49,7853.01,3647.77,4205.24,0.0,organic,2016,WestTexNewMexico
2015-03-08,1.59,10407.27,2757.69,2923.89,0.0,4725.69,4715.39,10.3,0.0,organic,2015,WestTexNewMexico
2016-11-13,1.59,14666.55,1302.11,3840.13,11.41,9512.9,9443.44,69.46,0.0,organic,2016,WestTexNewMexico
2015-02-01,1.77,7210.19,1634.42,3012.44,0.0,2563.33,2563.33,0.0,0.0,organic,2015,WestTexNewMexico
2017-12-24,1.85,16740.76,1904.47,2246.26,0.0,12590.03,12235.55,354.48,0.0,organic,2017,WestTexNewMexico
2016-09-04,1.82,14809.52,3062.97,3324.14,0.0,8422.41,4847.6,3574.81,0.0,organic,2016,WestTexNewMexico
2016-03-20,1.47,15705.35,2731.96,6730.01,52.95,6190.43,6185.08,5.35,0.0,organic,2016,WestTexNewMexico
2017-06-11,1.66,21170.11,3042.11,3588.46,0.0,14539.54,7757.19,6782.35,0.0,organic,2017,WestTexNewMexico
2017-04-02,1.04,28803.5,2551.72,2586.16,11.61,23654.01,23267.01,387.0,0.0,organic,2017,WestTexNewMexico
2015-10-18,2.02,7664.36,1523.54,3491.3,0.0,2649.52,2606.66,42.86,0.0,organic,2015,WestTexNewMexico
2017-04-30,1.76,15686.98,1763.36,5824.8,2.82,8096.0,4515.13,3580.87,0.0,organic,2017,WestTexNewMexico
2016-01-31,1.0,2881461.41,555939.0,1608441.06,133521.63,583559.72,496721.51,84565.77,2272.44,conventional,2016,Midsouth
2017-12-10,1.07,3370521.81,728666.15,1219626.41,17891.07,1404338.18,1229379.23,172927.24,2031.71,conventional,2017,Midsouth
2015-05-24,1.14,3119050.91,719874.17,1431141.56,231744.91,736290.27,679537.84,55107.23,1645.2,conventional,2015,Midsouth
2018-01-21,1.13,4022549.75,834676.76,1528592.15,23691.17,1635589.67,1400848.71,232308.25,2432.71,conventional,2018,Midsouth
2017-10-15,1.63,2395914.69,529662.41,1066264.19,21955.24,778032.85,654675.29,123337.18,20.38,conventional,2017,Midsouth
2015-11-29,1.05,1845443.13,417849.42,939038.5,101739.67,386815.54,344830.99,40738.63,1245.92,conventional,2015,Midsouth
2016-04-17,1.06,3029003.02,544932.88,1613809.61,97349.53,772911.0,692332.57,75800.03,4778.4,conventional,2016,Midsouth
2015-03-08,1.21,2297509.11,545690.6,949015.34,179824.24,622978.93,588931.15,33275.04,772.74,conventional,2015,Midsouth
2015-11-08,1.04,2503008.26,568612.19,1248271.45,228267.05,457857.57,402488.58,52180.99,3188.0,conventional,2015,Midsouth
2015-12-27,1.05,2065131.33,435246.31,1022861.71,103811.97,503211.34,464119.16,35717.26,3374.92,conventional,2015,Midsouth
2017-11-05,1.28,2880937.37,797195.7,1081492.86,20209.95,982038.86,821114.39,159168.35,1756.12,conventional,2017,Midsouth
2015-01-11,1.17,2335986.11,560119.16,1032606.49,191515.19,551745.27,465764.93,85966.27,14.07,conventional,2015,Midsouth
2016-11-27,1.4,1858065.15,421295.51,729252.94,33160.82,674355.88,589240.41,82533.8,2581.67,conventional,2016,Midsouth
2015-05-31,1.14,3039403.06,734816.3,1377202.12,207708.91,719675.73,661787.82,56794.41,1093.5,conventional,2015,Midsouth
2017-12-17,1.23,2483817.57,586473.42,918892.91,16966.89,961484.35,853140.03,106279.96,2064.36,conventional,2017,Midsouth
2017-03-19,1.35,2933076.38,607103.98,1325162.91,30753.5,970055.99,867587.43,98619.63,3848.93,conventional,2017,Midsouth
2015-05-17,1.18,2817008.33,698401.8,1201257.18,203615.52,713733.83,667222.64,44437.39,2073.8,conventional,2015,Midsouth
2015-08-09,1.15,2710710.15,531460.61,1328248.62,203932.87,647068.05,597061.79,48069.52,1936.74,conventional,2015,Midsouth
2017-08-27,1.5,2617107.98,577443.09,1071863.58,23088.84,944712.47,804265.11,124191.97,16255.39,conventional,2017,Midsouth
2017-04-09,1.39,2990138.08,650949.77,1221294.08,29641.61,1088252.62,990216.19,93875.58,4160.85,conventional,2017,Midsouth
2015-06-28,1.14,2835630.41,534709.22,1324231.26,215752.18,760937.75,722276.9,37287.39,1373.46,conventional,2015,Midsouth
2016-08-14,1.29,2901786.65,666957.64,1211099.91,107539.52,916189.58,825797.1,87262.48,3130.0,conventional,2016,Midsouth
2017-05-21,1.34,3232304.82,740206.13,1308057.07,32390.63,1151650.99,953595.56,193338.02,4717.41,conventional,2017,Midsouth
2016-11-13,1.52,2075282.76,589046.77,723968.74,99449.47,662817.78,562621.68,97915.02,2281.08,conventional,2016,Midsouth
2016-10-16,1.4,2442981.97,642844.77,921533.78,76681.49,801921.93,673260.91,128075.74,585.28,conventional,2016,Midsouth
2016-03-06,1.1,2942515.87,592136.76,1532054.71,122484.91,695839.49,618397.55,73641.87,3800.07,conventional,2016,Midsouth
2015-11-22,1.06,1903245.0,422437.27,955972.74,117353.23,407481.76,364155.91,41724.4,1601.45,conventional,2015,Midsouth
2016-10-30,1.48,2083054.88,606275.55,713427.63,107745.17,655606.53,547423.0,104591.3,3592.23,conventional,2016,Midsouth
2017-09-03,1.54,2561783.52,512114.91,1135717.01,24649.0,889302.6,747801.46,116289.45,25211.69,conventional,2017,Midsouth
2015-04-05,1.19,2519677.31,617567.29,1066608.5,183653.85,651847.67,607923.59,42910.27,1013.81,conventional,2015,Midsouth
2017-12-03,1.18,3003104.0,755828.0,1275665.0,18490.0,953110.0,762953.0,188039.0,2118.0,conventional,2017,Midsouth
2016-11-06,1.54,2077507.41,569735.76,697011.92,122472.4,688287.33,588028.35,99508.98,750.0,conventional,2016,Midsouth
2017-10-29,1.41,2661899.8,639486.72,1075382.15,19076.52,927954.41,774152.75,153145.22,656.44,conventional,2017,Midsouth
2015-07-19,1.14,2751192.77,569216.65,1234664.0,218257.94,729054.18,685065.97,41646.75,2341.46,conventional,2015,Midsouth
2016-05-29,1.09,3349139.43,708286.6,1603134.92,199248.47,838469.44,736868.61,87305.62,14295.21,conventional,2016,Midsouth
2015-08-02,1.7,5802.91,123.65,4829.21,0.0,850.05,333.33,516.72,0.0,organic,2015,Roanoke
2016-08-21,1.41,9794.48,77.71,3840.44,0.0,5876.33,1489.85,4386.48,0.0,organic,2016,Roanoke
2018-01-14,1.55,9598.35,187.7,2080.55,0.0,7330.1,5644.04,1686.06,0.0,organic,2018,Roanoke
2016-11-20,0.98,9215.63,75.81,2398.24,0.0,6741.58,1186.12,5555.46,0.0,organic,2016,Roanoke
2018-03-11,1.54,8380.75,168.6,2237.27,0.0,5974.88,5479.54,495.34,0.0,organic,2018,Roanoke
2017-07-23,1.49,9901.85,365.76,2772.19,0.0,6763.9,5244.98,1518.92,0.0,organic,2017,Roanoke
2017-11-12,1.46,8507.88,221.24,1429.79,0.0,6856.85,6829.19,27.66,0.0,organic,2017,Roanoke
2016-12-11,1.39,6116.62,87.29,2532.32,0.0,3497.01,1788.59,1708.42,0.0,organic,2016,Roanoke
2016-06-12,1.21,10823.6,77.0,4286.07,0.0,6460.53,1063.06,5397.47,0.0,organic,2016,Roanoke
2017-10-29,1.53,9293.76,151.09,1301.57,0.0,7841.1,7140.34,700.76,0.0,organic,2017,Roanoke
2015-10-25,1.56,4336.41,62.3,3016.52,0.0,1257.59,690.0,567.59,0.0,organic,2015,Roanoke
2015-12-20,1.59,3569.54,47.01,3008.82,0.0,513.71,495.93,17.78,0.0,organic,2015,Roanoke
2016-09-25,1.34,10226.36,50.67,3432.88,0.0,6742.81,2183.45,4559.36,0.0,organic,2016,Roanoke
2017-01-08,1.61,5241.2,263.74,2764.44,0.0,2213.02,2213.02,0.0,0.0,organic,2017,Roanoke
2015-04-26,0.94,15271.18,275.96,10599.98,0.0,4395.24,1243.33,3151.91,0.0,organic,2015,Roanoke
2017-04-02,1.19,10899.57,309.33,3031.18,0.0,7559.06,2514.95,5044.11,0.0,organic,2017,Roanoke
2015-05-17,0.92,21537.11,203.77,16312.06,0.0,5021.28,1435.36,3585.92,0.0,organic,2015,Roanoke
2016-09-18,1.52,8239.74,58.18,3901.06,0.0,4280.5,1893.28,2387.22,0.0,organic,2016,Roanoke
2015-04-12,1.03,10200.38,202.01,6608.1,0.0,3390.27,735.94,2654.33,0.0,organic,2015,Roanoke
2015-09-13,1.84,5971.62,89.37,5082.81,0.0,799.44,793.33,6.11,0.0,organic,2015,Roanoke
2015-06-07,1.08,13703.15,145.56,6329.81,0.0,7227.78,1443.33,5784.45,0.0,organic,2015,Roanoke
2016-12-25,1.68,3911.18,179.82,2219.18,0.0,1512.18,1475.63,36.55,0.0,organic,2016,Roanoke
2017-06-04,1.51,10058.68,317.8,2674.54,0.0,7066.34,1765.07,5301.27,0.0,organic,2017,Roanoke
2017-08-20,2.08,8040.25,352.99,1992.25,0.0,5695.01,4347.39,1347.62,0.0,organic,2017,Roanoke
2016-06-26,1.19,9043.11,72.94,3824.71,0.0,5145.46,1193.98,3951.48,0.0,organic,2016,Roanoke
2015-04-05,1.42,6849.71,92.13,5159.16,0.0,1598.42,953.33,645.09,0.0,organic,2015,Roanoke
2015-11-01,1.19,5784.88,96.48,2646.44,0.0,3041.96,536.67,2505.29,0.0,organic,2015,Roanoke
2016-01-17,1.37,4509.76,130.27,2593.49,0.0,1786.0,622.12,1163.88,0.0,organic,2016,Roanoke
2015-09-06,1.78,7012.8,60.39,5542.16,0.0,1410.25,1090.0,320.25,0.0,organic,2015,Roanoke
2015-12-06,1.55,3016.06,61.69,2193.93,0.0,760.44,483.33,277.11,0.0,organic,2015,Roanoke
2017-09-24,2.08,7802.86,226.04,1466.48,0.0,6110.34,3593.88,2516.46,0.0,organic,2017,Roanoke
2017-02-26,0.77,14724.39,246.43,2759.77,0.0,11718.19,2299.58,9418.61,0.0,organic,2017,Roanoke
2015-01-11,1.47,5128.06,82.94,4065.47,0.0,979.65,806.48,173.17,0.0,organic,2015,Roanoke
2015-07-26,1.34,7695.34,115.02,4828.27,0.0,2752.05,53.33,2698.72,0.0,organic,2015,Roanoke
2016-01-24,1.55,4774.87,98.48,2996.95,0.0,1679.44,849.15,830.29,0.0,organic,2016,Roanoke
2015-03-22,1.36,5490.76,68.95,4201.88,0.0,1219.93,233.33,986.6,0.0,organic,2015,Roanoke
2015-06-21,1.33,8892.2,142.75,6373.01,0.0,2376.44,846.67,1529.77,0.0,organic,2015,Roanoke
2018-03-25,1.6,9097.89,82.57,1984.01,0.0,7031.31,6152.25,879.06,0.0,organic,2018,Roanoke
2016-10-09,1.02,12750.65,51.05,3881.16,0.0,8818.44,2235.63,6582.81,0.0,organic,2016,Roanoke
2015-03-29,1.51,6479.15,125.9,5301.46,0.0,1051.79,956.67,95.12,0.0,organic,2015,Roanoke
2016-10-02,2.33,7328.91,61.79,3168.72,6.91,4091.49,3937.98,153.51,0.0,organic,2016,HartfordSpringfield
2015-01-04,2.32,4801.1,87.56,4364.01,0.0,349.53,349.53,0.0,0.0,organic,2015,HartfordSpringfield
2016-12-25,2.41,8403.07,64.48,3552.13,13.72,4772.74,4456.42,316.32,0.0,organic,2016,HartfordSpringfield
2017-06-18,2.14,23752.11,549.98,14022.37,6.86,9172.9,8418.57,754.33,0.0,organic,2017,HartfordSpringfield
2015-05-17,2.3,3485.39,46.31,2854.86,2.61,581.61,581.61,0.0,0.0,organic,2015,HartfordSpringfield
2015-04-12,2.16,3828.42,183.5,2892.62,0.0,752.3,752.3,0.0,0.0,organic,2015,HartfordSpringfield
2016-04-17,2.2,8121.64,79.93,3363.85,0.0,4677.86,4044.32,633.54,0.0,organic,2016,HartfordSpringfield
2015-03-22,2.18,2848.49,148.61,2276.05,0.0,423.83,423.83,0.0,0.0,organic,2015,HartfordSpringfield
2015-01-25,2.21,1920.19,73.54,1602.72,9.36,234.57,234.57,0.0,0.0,organic,2015,HartfordSpringfield
2015-02-15,2.13,2753.92,304.33,1797.05,0.0,652.54,652.54,0.0,0.0,organic,2015,HartfordSpringfield
2015-12-20,2.24,3998.59,222.69,1874.44,230.89,1670.57,1670.57,0.0,0.0,organic,2015,HartfordSpringfield
2016-01-03,1.51,5895.92,95.21,4683.24,9.52,1107.95,624.6,483.35,0.0,organic,2016,HartfordSpringfield
2017-04-23,2.49,13284.59,44.18,6007.49,4.14,7228.78,7224.94,3.84,0.0,organic,2017,HartfordSpringfield
2018-01-07,2.03,15204.66,76.07,4721.42,1.4,10405.77,10405.77,0.0,0.0,organic,2018,HartfordSpringfield
2017-08-06,2.11,13548.81,37.14,4371.88,0.0,9139.79,9127.56,12.23,0.0,organic,2017,HartfordSpringfield
2017-05-21,2.62,12234.45,107.67,4361.38,12.42,7752.98,7752.98,0.0,0.0,organic,2017,HartfordSpringfield
2017-12-24,1.99,12641.31,448.53,3902.18,0.0,8290.6,8290.6,0.0,0.0,organic,2017,HartfordSpringfield
2017-03-26,2.48,13053.93,173.46,6545.48,0.0,6334.99,6005.87,329.12,0.0,organic,2017,HartfordSpringfield
2015-10-11,2.27,2819.11,97.26,2144.44,0.0,577.41,386.42,190.99,0.0,organic,2015,HartfordSpringfield
2018-01-28,1.9,18973.89,468.61,10161.69,2.79,8340.8,8340.8,0.0,0.0,organic,2018,HartfordSpringfield
2018-03-11,2.15,17722.27,147.46,8428.14,2.8,9143.87,9143.87,0.0,0.0,organic,2018,HartfordSpringfield
2016-04-03,2.33,8734.54,219.02,2777.81,0.0,5737.71,5737.71,0.0,0.0,organic,2016,HartfordSpringfield
2016-09-18,2.36,10644.73,83.96,3101.07,5.51,7454.19,7427.43,26.76,0.0,organic,2016,HartfordSpringfield
2017-07-02,2.67,11745.45,120.76,5069.38,35.68,6519.63,6515.82,3.81,0.0,organic,2017,HartfordSpringfield
2015-07-12,2.38,2843.66,122.16,2585.19,0.0,136.31,136.31,0.0,0.0,organic,2015,HartfordSpringfield
2015-06-28,2.31,2790.4,133.18,2522.05,0.0,135.17,135.17,0.0,0.0,organic,2015,HartfordSpringfield
2015-11-01,1.96,4177.83,88.45,2399.47,9.72,1680.19,1390.22,289.97,0.0,organic,2015,HartfordSpringfield
2017-10-01,2.06,13827.7,72.05,3318.15,1.41,10436.09,10434.53,1.56,0.0,organic,2017,HartfordSpringfield
2017-10-29,1.98,13649.88,45.05,2689.0,0.0,10915.83,10867.33,48.5,0.0,organic,2017,HartfordSpringfield
2016-08-07,2.36,5402.37,35.74,3832.23,2.73,1531.67,1531.67,0.0,0.0,organic,2016,HartfordSpringfield
2017-07-16,1.94,15128.14,308.21,4236.13,1.38,10582.42,10582.42,0.0,0.0,organic,2017,HartfordSpringfield
2017-11-12,2.09,12486.38,36.11,2880.01,1.41,9568.85,9531.31,37.54,0.0,organic,2017,HartfordSpringfield
2017-03-05,2.17,13783.11,255.27,7325.0,4.19,6198.65,6179.25,19.4,0.0,organic,2017,HartfordSpringfield
2016-05-29,2.36,8731.75,108.44,4143.31,4.02,4475.98,4437.31,38.67,0.0,organic,2016,HartfordSpringfield
2015-09-13,2.36,2868.18,49.48,2509.01,2.75,306.94,306.94,0.0,0.0,organic,2015,HartfordSpringfield
2016-08-14,2.19,5131.72,65.19,3573.57,9.56,1483.4,1189.0,294.4,0.0,organic,2016,HartfordSpringfield
