Regression/datasets/filtered_avocados.csv
Date,AveragePrice,Total Volume,4046,4225,4770,Total Bags,Small Bags,Large Bags,XLarge Bags,type,year,region
2015-05-31,1.9,1752.14,82.3,105.49,0.0,1564.35,1564.35,0.0,0.0,organic,2015,Albany
2016-10-30,1.96,1326.8,57.66,93.41,0.0,1175.73,1175.73,0.0,0.0,organic,2016,Albany
2015-10-25,1.83,1161.9,49.27,148.96,0.0,963.67,963.67,0.0,0.0,organic,2015,Albany
2018-02-11,1.43,3817.93,59.18,289.85,0.0,3468.9,3468.9,0.0,0.0,organic,2018,Albany
2015-01-04,1.79,1373.95,57.42,153.88,0.0,1162.65,1162.65,0.0,0.0,organic,2015,Albany
2016-03-13,1.79,1822.67,25.87,303.42,0.0,1493.38,1493.38,0.0,0.0,organic,2016,Albany
2017-02-26,1.71,2185.96,508.31,240.1,0.0,1437.55,1437.55,0.0,0.0,organic,2017,Albany
2017-01-15,1.84,1982.65,82.3,328.02,0.0,1572.33,1572.33,0.0,0.0,organic,2017,Albany
2017-02-05,1.72,1753.35,26.75,223.33,0.0,1503.27,1503.27,0.0,0.0,organic,2017,Albany
2015-03-29,1.93,1082.44,24.75,173.26,0.0,884.43,884.43,0.0,0.0,organic,2015,Albany
2017-10-29,1.38,5583.79,12.99,180.62,0.0,5390.18,5390.18,0.0,0.0,organic,2017,Albany
2018-01-28,1.32,6987.56,433.66,374.96,0.0,6178.94,6178.94,0.0,0.0,organic,2018,Albany
2018-01-21,1.54,3346.54,14.67,253.01,0.0,3078.86,3078.86,0.0,0.0,organic,2018,Albany
2015-03-01,1.76,1663.35,32.82,105.25,0.0,1525.28,1525.28,0.0,0.0,organic,2015,Albany
2015-08-02,2.0,1223.94,17.66,103.62,0.0,1102.66,1102.66,0.0,0.0,organic,2015,Albany
2016-07-10,1.58,2173.2,31.76,113.57,0.0,2027.87,2027.87,0.0,0.0,organic,2016,Albany
2017-06-18,2.03,3185.1,366.52,266.88,0.0,2551.7,2551.7,0.0,0.0,organic,2017,Albany
2016-05-22,1.55,1193.06,26.72,346.19,0.0,820.15,820.15,0.0,0.0,organic,2016,Albany
2015-12-06,1.84,1158.42,90.29,104.18,0.0,963.95,948.52,15.43,0.0,organic,2015,Albany
2018-01-07,1.54,4816.9,43.51,412.17,0.0,4361.22,4357.89,3.33,0.0,organic,2018,Albany
2016-04-17,1.82,2058.73,0.0,374.18,0.0,1684.55,1684.55,0.0,0.0,organic,2016,Albany
2016-01-24,1.83,1506.87,23.39,294.7,0.0,1188.78,1180.98,7.8,0.0,organic,2016,Albany
2017-05-21,1.84,3184.37,20.33,385.05,0.0,2778.99,2778.99,0.0,0.0,organic,2017,Albany
2017-06-25,2.13,2898.81,142.46,295.6,0.0,2460.75,2460.75,0.0,0.0,organic,2017,Albany
2018-01-14,1.47,4140.95,7.3,301.87,0.0,3831.78,3831.78,0.0,0.0,organic,2018,Albany
2018-03-11,1.68,2570.52,131.67,229.56,0.0,2209.29,2209.29,0.0,0.0,organic,2018,Albany
2017-07-16,1.87,2889.03,155.1,274.95,0.0,2458.98,2458.98,0.0,0.0,organic,2017,Albany
2017-07-23,1.42,4233.61,93.39,93.39,0.0,4046.83,4046.83,0.0,0.0,organic,2017,Albany
2016-03-06,1.92,1704.24,65.94,401.53,0.0,1236.77,1236.77,0.0,0.0,organic,2016,Albany
2015-02-01,1.83,1228.51,33.12,99.36,0.0,1096.03,1096.03,0.0,0.0,organic,2015,Albany
2017-09-10,1.78,3139.84,45.5,196.27,0.0,2898.07,2894.74,3.33,0.0,organic,2017,Albany
2017-04-02,1.86,3492.87,885.46,362.37,0.0,2245.04,2245.04,0.0,0.0,organic,2017,Albany
2016-12-04,1.97,1364.73,100.01,99.17,0.0,1165.55,1165.55,0.0,0.0,organic,2016,Albany
2017-11-19,1.75,2506.38,0.0,252.98,0.0,2253.4,2250.07,3.33,0.0,organic,2017,Albany
2015-07-19,2.08,1076.23,50.86,112.36,0.0,913.01,913.01,0.0,0.0,organic,2015,Albany
2017-10-01,1.59,3423.95,31.2,150.24,0.0,3242.51,3242.51,0.0,0.0,organic,2017,Albany
2018-03-04,1.48,3851.3,311.55,296.77,0.0,3242.98,3239.65,3.33,0.0,organic,2018,Albany
2016-04-10,1.62,2161.66,7.04,161.85,0.0,1992.77,1992.77,0.0,0.0,organic,2016,Albany
2015-08-23,2.06,4602.39,272.26,1766.07,1193.83,1370.23,1370.23,0.0,0.0,organic,2015,Charlotte
2017-04-02,1.95,10320.1,277.75,6849.46,639.44,2553.45,1828.88,724.57,0.0,organic,2017,Charlotte
2017-04-09,2.02,8814.73,247.84,5759.67,705.1,2102.12,1909.12,193.0,0.0,organic,2017,Charlotte
2016-10-02,1.78,8909.48,262.02,3891.17,643.79,4112.5,4065.29,47.21,0.0,organic,2016,Charlotte
2017-04-16,2.05,8797.77,300.02,6234.75,655.14,1607.86,1600.21,7.65,0.0,organic,2017,Charlotte
2017-09-17,2.77,8821.08,22.96,4305.79,157.1,4335.23,4168.73,166.5,0.0,organic,2017,Charlotte
2017-03-12,1.86,7142.45,226.55,4485.51,589.46,1840.93,1840.93,0.0,0.0,organic,2017,Charlotte
2015-02-15,1.92,3125.59,219.08,1098.75,1056.49,751.27,751.27,0.0,0.0,organic,2015,Charlotte
2017-12-17,1.86,9678.6,1.2,4729.56,227.56,4720.28,4720.28,0.0,0.0,organic,2017,Charlotte
2016-01-03,1.78,4284.47,749.2,1979.18,705.6,850.49,821.36,29.13,0.0,organic,2016,Charlotte
2016-11-06,1.92,9664.27,208.66,3144.06,728.54,5583.01,5234.36,348.65,0.0,organic,2016,Charlotte
2018-03-18,1.75,11986.57,30.26,5808.91,205.67,5941.73,5801.28,140.45,0.0,organic,2018,Charlotte
2015-02-08,1.87,4011.02,188.23,1382.91,1092.82,1347.06,1347.06,0.0,0.0,organic,2015,Charlotte
2017-10-22,2.08,11569.34,36.2,4320.47,181.26,7031.41,6886.3,145.11,0.0,organic,2017,Charlotte
2016-10-23,1.64,9342.71,147.98,4509.02,811.96,3873.75,3400.36,473.39,0.0,organic,2016,Charlotte
2017-01-29,1.5,10053.43,131.99,4705.7,520.72,4695.02,4139.08,555.94,0.0,organic,2017,Charlotte
2016-10-16,1.64,9444.39,162.58,4681.53,778.48,3821.8,3485.9,335.9,0.0,organic,2016,Charlotte
2015-05-17,1.26,11088.2,476.58,4780.37,4975.49,855.76,855.76,0.0,0.0,organic,2015,Charlotte
2017-12-31,1.71,11939.07,34.71,5197.49,198.71,6508.16,6416.36,91.8,0.0,organic,2017,Charlotte
2015-04-19,2.06,4163.99,234.0,1311.9,1400.1,1217.99,1217.99,0.0,0.0,organic,2015,Charlotte
2017-02-05,1.62,8473.46,140.61,3540.95,461.31,4330.59,4075.6,254.99,0.0,organic,2017,Charlotte
2017-12-03,1.9,9558.48,20.01,4864.47,210.73,4463.27,4270.85,192.42,0.0,organic,2017,Charlotte
2017-05-07,2.31,8083.68,146.19,5186.8,414.39,2336.3,1777.58,558.72,0.0,organic,2017,Charlotte
2017-11-12,2.15,9048.5,16.49,3865.41,176.72,4989.88,4734.38,255.5,0.0,organic,2017,Charlotte
2015-10-11,1.94,3614.95,253.41,1370.54,1016.7,974.3,974.3,0.0,0.0,organic,2015,Charlotte
2017-11-05,2.22,9818.51,31.39,4550.54,194.47,5042.11,4819.49,222.62,0.0,organic,2017,Charlotte
2016-01-17,1.92,2997.36,469.83,1659.7,587.83,280.0,276.67,3.33,0.0,organic,2016,Charlotte
2015-11-22,1.97,2798.21,234.13,1454.12,728.78,381.18,377.85,3.33,0.0,organic,2015,Charlotte
2016-04-10,1.6,5734.3,351.95,2597.02,625.44,2159.89,2159.89,0.0,0.0,organic,2016,Charlotte
2017-07-30,2.07,8475.83,26.63,5054.68,322.23,3072.29,3072.29,0.0,0.0,organic,2017,Charlotte
2017-04-30,2.53,7230.2,290.78,4784.56,413.52,1741.34,1614.86,126.48,0.0,organic,2017,Charlotte
2017-09-10,2.8,10286.63,68.51,4094.41,222.11,5901.6,5892.22,9.38,0.0,organic,2017,Charlotte
2017-08-06,2.36,10271.22,28.61,4983.56,251.04,5008.01,5008.01,0.0,0.0,organic,2017,Charlotte
2017-06-25,0.92,3655667.22,1609002.4,414532.82,90801.1,1541330.9,1496630.45,696.59,44003.86,conventional,2017,LosAngeles
2016-06-19,0.9,3237847.21,1322109.94,593238.74,114307.31,1208191.22,1102265.57,80776.26,25149.39,conventional,2016,LosAngeles
2016-09-25,1.0,3007073.27,1328968.75,468792.85,62737.86,1146573.81,1087085.53,34496.65,24991.63,conventional,2016,LosAngeles
2017-04-30,0.99,3299258.02,1329981.71,518018.74,105295.61,1345961.96,1286252.05,686.15,59023.76,conventional,2017,LosAngeles
2015-01-25,0.96,2329987.29,1518406.36,456562.55,60922.43,294095.95,255279.65,36398.19,2418.11,conventional,2015,LosAngeles
2017-08-20,1.45,2309865.74,1207541.43,324882.97,99791.22,677650.12,618120.14,22264.21,37265.77,conventional,2017,LosAngeles
2016-04-24,0.75,3136882.52,1115902.49,704492.28,102738.69,1213749.06,1010395.4,185289.33,18064.33,conventional,2016,LosAngeles
2018-01-07,1.04,2725856.44,1275098.12,354221.03,91230.73,1005306.56,940327.03,18317.46,46662.07,conventional,2018,LosAngeles
2017-04-09,1.01,2993246.61,957440.04,408516.09,106825.66,1520464.82,1460394.98,10162.56,49907.28,conventional,2017,LosAngeles
2015-12-13,0.74,2690296.07,1072331.45,456120.56,67975.05,1093869.01,962784.81,123270.26,7813.94,conventional,2015,LosAngeles
2015-09-06,0.92,2983163.34,1809743.28,738938.41,90624.69,343856.96,312763.93,26701.71,4391.32,conventional,2015,LosAngeles
2017-12-17,0.89,3130916.47,1046466.31,1167417.29,76600.37,840432.5,790545.51,14767.42,35119.57,conventional,2017,LosAngeles
2015-05-24,0.97,2853904.6,2013195.78,465604.19,73414.62,301690.01,283662.09,14885.79,3142.13,conventional,2015,LosAngeles
2016-01-10,0.74,3172437.94,841326.26,803197.41,88909.89,1439004.38,1228427.24,194492.68,16084.46,conventional,2016,LosAngeles
2015-02-01,0.74,4031949.04,2770656.27,854673.24,64439.7,342179.83,308754.64,31108.07,2317.12,conventional,2015,LosAngeles
2015-11-22,0.81,2268076.38,886079.66,558302.72,75963.22,747730.78,676325.88,64489.99,6914.91,conventional,2015,LosAngeles
2017-09-24,1.75,1760610.46,768658.64,337637.65,79407.42,574906.75,529354.38,16258.82,29293.55,conventional,2017,LosAngeles
2015-03-22,1.01,2466735.33,1423482.89,679696.81,68607.44,294948.19,275797.37,17691.29,1459.53,conventional,2015,LosAngeles
2018-01-28,1.08,2893717.97,1134192.09,707838.42,81296.65,970390.81,911703.94,16595.96,42090.91,conventional,2018,LosAngeles
2015-08-02,1.0,2742211.46,1883744.01,503247.72,58532.61,296687.12,291524.01,2991.1,2172.01,conventional,2015,LosAngeles
2017-10-15,1.67,1779831.36,741758.67,385402.67,94134.88,558535.14,509468.27,15849.71,33217.16,conventional,2017,LosAngeles
2016-02-21,0.76,3232888.65,842358.1,671213.11,83794.46,1635522.98,1501295.38,119573.06,14654.54,conventional,2016,LosAngeles
2016-03-20,0.74,3374876.94,928106.16,901464.72,91298.87,1454007.19,1301235.1,134711.21,18060.88,conventional,2016,LosAngeles
2018-03-25,1.02,2843541.07,1007972.48,439940.61,63511.29,1332116.69,1248694.27,26861.69,56560.73,conventional,2018,LosAngeles
2016-12-11,0.75,2793917.73,917098.69,631013.13,59599.98,1186205.93,1086150.77,80411.66,19643.5,conventional,2016,LosAngeles
2015-09-27,0.9,2674658.54,1004429.55,1305809.85,81864.64,282554.5,268104.31,9642.69,4807.5,conventional,2015,LosAngeles
2017-09-10,1.74,1969051.97,898753.94,359807.34,94971.16,615519.53,568315.4,14394.75,32809.38,conventional,2017,LosAngeles
2015-08-09,0.94,3371114.14,2176899.72,813280.77,69168.37,311765.28,304882.47,4251.42,2631.39,conventional,2015,LosAngeles
2017-06-11,0.99,3390850.94,1280363.31,415143.16,96489.25,1598855.22,1550403.66,468.39,47983.17,conventional,2017,LosAngeles
2017-10-29,1.09,2850377.2,1085428.83,843048.34,81784.71,840115.32,794198.46,16098.25,29818.61,conventional,2017,LosAngeles
2015-11-15,1.58,52680.94,4800.47,15407.35,54.61,32418.51,30557.72,1860.79,0.0,organic,2015,Northeast
2015-04-12,1.81,69377.2,6165.15,22584.41,27.38,40600.26,40303.57,296.69,0.0,organic,2015,Northeast
2015-05-17,1.92,68435.46,4444.73,20525.36,119.96,43345.41,43257.15,88.26,0.0,organic,2015,Northeast
2017-06-04,2.0,251838.53,28716.42,70360.01,1020.12,151741.98,139084.38,12657.6,0.0,organic,2017,Northeast
2017-03-12,2.18,186709.79,14633.01,52057.46,172.06,119847.26,113186.39,6660.87,0.0,organic,2017,Northeast
2017-04-09,2.12,171036.27,14746.97,48734.61,165.24,107389.45,96848.27,10541.18,0.0,organic,2017,Northeast
2015-05-03,1.89,67904.99,3879.94,25453.69,538.31,38033.05,37812.35,220.7,0.0,organic,2015,Northeast
2016-03-06,1.79,113859.82,12252.89,30534.74,1756.58,69315.61,41426.65,27888.96,0.0,organic,2016,Northeast
2015-02-15,1.84,57627.38,3633.89,21385.14,78.86,32529.49,32381.03,148.46,0.0,organic,2015,Northeast
2018-02-11,1.69,233976.66,10690.15,28304.93,798.88,194182.7,175554.11,18628.59,0.0,organic,2018,Northeast
2016-06-26,1.91,115923.75,5040.13,25774.91,533.88,84574.83,74389.86,10184.97,0.0,organic,2016,Northeast
2016-08-21,1.75,106119.98,7701.71,29626.17,1174.63,67617.47,66877.32,740.15,0.0,organic,2016,Northeast
2015-08-09,1.89,59179.16,8200.55,20527.9,788.85,29661.86,29202.28,459.58,0.0,organic,2015,Northeast
2018-03-04,1.65,313200.35,38734.87,90401.71,108.65,183955.12,168196.82,15758.3,0.0,organic,2018,Northeast
2015-12-27,1.7,75884.69,2608.86,15574.88,1202.38,56498.57,34774.94,21723.63,0.0,organic,2015,Northeast
2017-01-29,1.93,132820.76,10226.18,29196.51,90.66,93307.41,91291.73,2015.68,0.0,organic,2017,Northeast
2017-01-15,1.94,134840.81,9284.34,31877.36,128.08,93551.03,91994.71,1556.32,0.0,organic,2017,Northeast
2015-08-02,2.02,51879.97,3801.74,18438.59,229.83,29409.81,29028.9,380.91,0.0,organic,2015,Northeast
2017-10-01,1.7,236097.14,9408.76,23215.19,79.66,203393.53,203353.59,39.94,0.0,organic,2017,Northeast
2017-08-20,1.79,251156.79,19480.79,58086.37,153.0,173436.63,158281.96,15154.67,0.0,organic,2017,Northeast
2017-06-18,1.98,307563.37,45284.06,123914.52,265.91,138098.88,124213.2,13885.68,0.0,organic,2017,Northeast
2018-02-18,1.39,793464.77,150620.0,425616.86,874.9,216353.01,197949.51,18403.5,0.0,organic,2018,Northeast
2015-09-13,1.97,49376.19,3473.57,18543.59,853.19,26505.84,26318.59,187.25,0.0,organic,2015,Northeast
2015-03-29,1.95,46496.41,5533.31,16533.45,90.99,24338.66,24298.66,40.0,0.0,organic,2015,Northeast
2015-08-16,2.11,47299.93,6353.43,20046.99,806.2,20093.31,19683.26,410.05,0.0,organic,2015,Northeast
2017-07-23,1.63,272856.18,8003.45,34071.85,1137.51,229643.37,203830.16,25813.21,0.0,organic,2017,Northeast
2015-06-28,1.93,56485.02,5627.66,22070.75,531.58,28255.03,28196.36,58.67,0.0,organic,2015,Northeast
2016-10-30,1.96,72130.37,7965.62,26563.78,67.48,37533.49,36379.22,1154.27,0.0,organic,2016,Northeast
2016-09-04,1.92,128284.46,8635.35,30659.29,537.03,88452.79,87987.89,464.9,0.0,organic,2016,Northeast
2015-05-24,1.97,63674.1,5569.19,18983.33,513.94,38607.64,38338.21,269.43,0.0,organic,2015,Northeast
2017-10-22,1.68,264208.2,10671.96,29448.03,99.41,223988.8,223697.53,291.27,0.0,organic,2017,Northeast
2015-05-10,1.9,68804.21,4593.3,25193.73,29.41,38987.77,38815.66,172.11,0.0,organic,2015,Northeast
2016-07-24,1.89,88923.85,5082.1,26745.37,2320.66,54775.72,51249.16,3526.56,0.0,organic,2016,Northeast
2015-04-05,1.91,52969.72,3446.17,15316.65,48.13,34158.77,33977.73,181.04,0.0,organic,2015,Northeast
2016-06-12,1.71,93841.12,6582.57,25151.17,1518.0,60589.38,48533.11,12056.27,0.0,organic,2016,Northeast
2015-10-25,1.69,56802.46,4847.06,15489.48,457.14,36008.78,27679.02,8329.76,0.0,organic,2015,Northeast
2016-10-02,1.45,35306.91,1498.12,7937.3,9.12,25862.37,3661.9,22200.47,0.0,organic,2016,Seattle
2016-12-18,1.08,46216.41,373.65,10784.3,1.31,35057.15,443.67,34613.48,0.0,organic,2016,Seattle
2015-01-25,1.7,29354.75,6876.29,17363.12,7.33,5108.01,453.33,4654.68,0.0,organic,2015,Seattle
2018-03-18,1.83,45893.2,1490.12,15816.48,32.34,28554.26,2763.22,25662.29,128.75,organic,2018,Seattle
2017-05-28,1.46,59377.0,2231.32,12440.49,0.0,44705.19,335.1,44370.09,0.0,organic,2017,Seattle
2015-03-22,1.53,51355.58,10717.1,38095.48,30.85,2512.15,0.0,2512.15,0.0,organic,2015,Seattle
2015-12-20,1.55,22819.1,505.82,13425.9,12.02,8875.36,51.94,8823.42,0.0,organic,2015,Seattle
2016-05-01,1.25,54382.38,490.82,27880.71,167.12,25843.73,280.71,25563.02,0.0,organic,2016,Seattle
2015-10-04,1.73,34022.57,4207.08,19775.17,6.65,10033.67,5.91,10027.76,0.0,organic,2015,Seattle
2017-08-06,2.58,29977.08,1335.08,13120.04,36.29,15485.67,1685.57,13800.1,0.0,organic,2017,Seattle
2017-01-01,1.23,41381.43,486.56,11213.59,2.63,29678.65,510.07,29168.58,0.0,organic,2017,Seattle
2015-06-21,1.75,38093.47,8727.72,29192.23,91.29,82.23,0.0,82.23,0.0,organic,2015,Seattle
2015-06-07,2.01,33404.92,10962.3,21345.94,37.39,1059.29,0.0,1059.29,0.0,organic,2015,Seattle
2017-06-04,1.45,64141.55,2133.74,15783.16,0.0,46224.65,263.33,45961.32,0.0,organic,2017,Seattle
2015-02-08,1.4,54484.31,8561.32,34897.03,32.96,10993.0,586.67,10406.33,0.0,organic,2015,Seattle
2016-10-30,2.73,13588.39,794.44,11345.97,23.56,1424.42,600.6,823.82,0.0,organic,2016,Seattle
2015-08-30,1.58,48176.23,5555.85,35591.33,2.66,7026.39,0.0,7026.39,0.0,organic,2015,Seattle
2017-08-20,2.87,24670.83,1189.85,11984.19,16.39,11480.4,1107.05,10370.55,2.8,organic,2017,Seattle
2017-03-26,0.7,117379.74,1221.44,13622.19,6.8,102529.31,456.23,102073.08,0.0,organic,2017,Seattle
2015-03-08,1.62,47476.51,7056.73,38276.41,95.23,2048.14,0.0,2048.14,0.0,organic,2015,Seattle
2016-08-07,1.81,31464.7,4368.95,14319.95,56.74,12719.06,4920.92,7798.14,0.0,organic,2016,Seattle
2016-09-04,2.09,22006.58,6158.94,13584.95,81.34,2181.35,664.36,1516.99,0.0,organic,2016,Seattle
2016-02-07,1.26,33199.26,557.91,13292.78,29.22,19319.35,7549.44,11769.91,0.0,organic,2016,Seattle
2016-04-17,1.51,36396.95,573.14,18659.47,19.73,17144.61,367.57,16777.04,0.0,organic,2016,Seattle
2015-05-24,1.85,30993.39,10926.16,17449.97,33.16,2584.1,0.0,2584.1,0.0,organic,2015,Seattle
2016-10-23,2.24,15072.28,793.82,10958.22,69.99,3250.25,688.18,2562.07,0.0,organic,2016,Seattle
2015-01-04,1.49,33795.91,6821.76,20720.77,1.23,6252.15,452.73,5799.42,0.0,organic,2015,Seattle
2015-11-29,2.06,17765.82,647.06,13403.0,34.69,3681.07,31.44,3649.63,0.0,organic,2015,Seattle
