Regression/datasets/filtered_avocados.csv
Date,AveragePrice,Total Volume,4046,4225,4770,Total Bags,Small Bags,Large Bags,XLarge Bags,type,year,region
2015-01-18,1.08,62870.49,50354.95,6342.37,2257.23,3915.94,1119.18,2796.76,0.0,conventional,2015,Boise
2015-10-04,1.12,59496.33,35154.43,10821.85,7551.63,5968.42,5462.15,504.65,1.62,conventional,2015,Boise
2017-11-05,1.21,81104.74,40651.49,1848.89,4629.02,33975.34,29560.96,4359.84,54.54,conventional,2017,Boise
2016-10-23,1.17,70652.14,27935.7,3769.48,6919.11,32027.85,30914.91,1098.42,14.52,conventional,2016,Boise
2015-04-26,0.96,88111.17,69544.59,7985.48,3401.65,7179.45,7174.6,0.0,4.85,conventional,2015,Boise
2016-11-13,1.28,67212.14,32035.36,3042.08,6078.72,26055.98,25875.27,140.41,40.3,conventional,2016,Boise
2016-02-28,0.89,89981.54,38143.38,5361.13,8767.1,37709.93,37217.14,472.26,20.53,conventional,2016,Boise
2015-10-25,1.11,59874.45,29521.58,10089.82,6551.57,13711.48,13660.98,0.0,50.5,conventional,2015,Boise
2016-04-24,0.65,79562.45,36437.8,2849.95,590.88,39683.82,39671.39,5.85,6.58,conventional,2016,Boise
2017-08-06,1.54,73710.09,37252.55,3802.7,7644.86,25009.98,16530.36,8380.66,98.96,conventional,2017,Boise
2017-05-28,1.21,100415.9,40637.11,3548.36,10210.41,46020.02,45988.11,20.42,11.49,conventional,2017,Boise
2016-11-20,1.27,62526.51,28834.32,2463.45,7123.14,24105.6,24091.47,2.86,11.27,conventional,2016,Boise
2015-12-20,1.03,57504.05,25628.22,2546.09,7393.84,21935.9,21900.35,11.43,24.12,conventional,2015,Boise
2017-04-09,1.21,95508.38,39291.67,4115.55,10280.71,41820.45,41795.02,15.56,9.87,conventional,2017,Boise
2016-04-17,0.67,109590.28,41244.44,9075.77,4729.87,54540.2,53939.82,14.55,585.83,conventional,2016,Boise
2016-05-01,0.63,82585.83,32240.97,3928.02,0.0,46416.84,46257.9,140.79,18.15,conventional,2016,Boise
2016-09-25,0.91,87557.13,39342.09,2342.03,5737.02,40135.99,34566.37,5564.81,4.81,conventional,2016,Boise
2017-06-11,1.21,92547.42,40250.67,2998.49,8103.35,41194.91,41167.77,19.07,8.07,conventional,2017,Boise
2015-03-29,0.98,74543.98,59532.94,7119.52,3101.98,4789.54,4789.54,0.0,0.0,conventional,2015,Boise
2015-05-10,1.06,95788.53,62505.3,15896.54,7891.16,9495.53,9453.06,0.0,42.47,conventional,2015,Boise
2017-06-04,1.19,98460.27,42302.58,3757.52,7950.05,44450.12,44427.36,11.47,11.29,conventional,2017,Boise
2016-03-27,0.81,101267.73,40228.96,6891.08,9114.47,45033.22,44763.68,242.28,27.26,conventional,2016,Boise
2017-08-27,1.3,93803.53,45399.28,2514.25,6033.78,39856.22,35502.76,4335.74,17.72,conventional,2017,Boise
2015-06-28,1.04,75280.41,59111.33,6573.26,3974.75,5621.07,5619.44,0.0,1.63,conventional,2015,Boise
2016-10-02,0.9,106259.51,27542.88,8194.14,7082.7,63439.79,55975.11,7430.88,33.8,conventional,2016,Boise
2017-11-19,1.42,60602.0,31177.0,2085.0,5660.0,21681.0,14002.0,7421.0,258.0,conventional,2017,Boise
2016-06-05,0.63,95948.06,31280.0,5422.61,11.56,59233.89,59206.93,8.8,18.16,conventional,2016,Boise
2016-10-09,1.03,84234.53,38087.17,2089.42,6562.37,37495.57,28895.19,8576.21,24.17,conventional,2016,Boise
2016-03-13,0.83,100144.93,45571.1,4920.83,6448.33,43204.67,42383.79,784.39,36.49,conventional,2016,Boise
2015-11-15,1.01,68648.22,24424.72,12085.72,6502.37,25635.41,25200.25,8.65,426.51,conventional,2015,Boise
2015-04-19,0.99,89694.96,56843.62,21630.9,3260.22,7960.22,7953.8,0.0,6.42,conventional,2015,Boise
2017-03-12,0.98,112776.1,33062.31,9415.52,9975.45,60322.82,58419.56,1777.12,126.14,conventional,2017,Boise
2015-09-20,1.87,3957.04,620.65,1921.1,24.64,1390.65,1390.65,0.0,0.0,organic,2015,Philadelphia
2017-04-23,2.17,15607.14,2318.43,5746.83,0.0,7541.88,7535.14,6.74,0.0,organic,2017,Philadelphia
2016-08-07,2.04,9269.42,729.49,3821.28,3.83,4714.82,4646.5,68.32,0.0,organic,2016,Philadelphia
2015-04-19,1.89,4548.77,386.51,1671.71,12.7,2477.85,2477.85,0.0,0.0,organic,2015,Philadelphia
2015-02-08,1.76,4172.75,253.27,1031.48,7.81,2880.19,2880.19,0.0,0.0,organic,2015,Philadelphia
2018-03-25,1.49,37893.5,3464.04,5737.9,9.42,28682.14,28637.44,44.7,0.0,organic,2018,Philadelphia
2016-06-26,2.16,9455.24,579.85,3964.58,28.53,4882.28,3661.8,1220.48,0.0,organic,2016,Philadelphia
2017-04-30,1.93,23613.28,6569.77,9746.86,10.04,7286.61,7286.61,0.0,0.0,organic,2017,Philadelphia
2018-03-04,1.51,33327.68,6525.07,6294.03,5.66,20502.92,20498.48,4.44,0.0,organic,2018,Philadelphia
2017-09-17,1.62,30696.16,1230.31,4224.35,5.17,25236.33,25236.33,0.0,0.0,organic,2017,Philadelphia
2018-02-11,1.68,20349.55,1481.13,2510.65,13.13,16344.64,16333.54,11.1,0.0,organic,2018,Philadelphia
2016-11-27,2.18,7896.69,704.84,3572.69,8.71,3610.45,3509.75,100.7,0.0,organic,2016,Philadelphia
2016-07-24,2.07,7958.25,625.46,3547.92,16.71,3768.16,3586.76,181.4,0.0,organic,2016,Philadelphia
2017-01-29,1.9,11574.88,1374.83,3255.7,9.02,6935.33,6844.43,90.9,0.0,organic,2017,Philadelphia
2015-05-17,1.85,5578.04,293.24,1605.75,11.3,3667.75,3667.75,0.0,0.0,organic,2015,Philadelphia
2016-04-24,1.9,14651.93,1686.52,3105.84,13.98,9845.59,9178.66,666.93,0.0,organic,2016,Philadelphia
2016-04-17,1.89,11963.98,933.49,3820.05,12.75,7197.69,6601.7,595.99,0.0,organic,2016,Philadelphia
2017-11-05,1.7,27824.19,1836.45,3409.48,0.0,22578.26,22517.97,60.29,0.0,organic,2017,Philadelphia
2018-01-14,1.63,30339.71,2315.82,3563.73,8.4,24451.76,24402.26,49.5,0.0,organic,2018,Philadelphia
2017-06-04,2.01,21652.97,5098.14,8574.42,6.96,7973.45,7734.66,238.79,0.0,organic,2017,Philadelphia
2016-04-03,1.81,13620.12,831.22,3207.79,8.42,9572.69,8652.98,919.71,0.0,organic,2016,Philadelphia
2016-12-18,1.87,10810.89,1455.03,4382.02,0.0,4973.84,4794.78,179.06,0.0,organic,2016,Philadelphia
2016-07-10,2.15,10301.6,1248.06,4556.18,24.96,4472.4,4062.63,409.77,0.0,organic,2016,Philadelphia
2015-11-15,1.48,3595.02,570.0,2671.18,0.0,353.84,126.59,227.25,0.0,organic,2015,Columbus
2015-02-22,1.79,3933.81,589.45,2581.64,0.0,762.72,238.07,524.65,0.0,organic,2015,Columbus
2016-04-17,1.17,9508.72,377.86,5491.76,2.23,3636.87,689.32,2947.55,0.0,organic,2016,Columbus
2016-12-11,1.02,8682.81,448.83,1413.59,0.0,6820.39,2531.27,4289.12,0.0,organic,2016,Columbus
2015-05-31,1.49,5950.91,410.92,3627.94,0.0,1912.05,1138.94,773.11,0.0,organic,2015,Columbus
2015-02-01,1.63,4215.96,432.24,2985.02,0.0,798.7,223.33,575.37,0.0,organic,2015,Columbus
2015-04-05,1.38,5289.64,403.53,2859.4,0.0,2026.71,645.46,1381.25,0.0,organic,2015,Columbus
2018-01-07,1.15,12589.45,1639.81,1133.28,0.0,9816.36,9106.36,710.0,0.0,organic,2018,Columbus
2017-06-11,0.83,21264.93,596.81,3255.0,0.0,17413.12,1650.58,15762.54,0.0,organic,2017,Columbus
2017-04-16,1.03,14081.94,763.69,2797.15,0.0,10521.1,2641.36,7879.74,0.0,organic,2017,Columbus
2017-03-19,1.5,7892.34,695.09,3641.0,0.0,3556.25,2434.3,1121.95,0.0,organic,2017,Columbus
2017-01-08,1.56,4991.69,579.67,2132.29,0.0,2279.73,2139.81,139.92,0.0,organic,2017,Columbus
2015-02-08,1.78,3483.64,285.2,2071.17,0.0,1127.27,856.67,270.6,0.0,organic,2015,Columbus
2015-02-15,1.64,4283.56,374.59,2597.56,0.0,1311.41,706.67,604.74,0.0,organic,2015,Columbus
2015-07-12,1.01,6269.43,409.42,2453.22,0.0,3406.79,80.0,3326.79,0.0,organic,2015,Columbus
2015-06-14,1.5,4520.37,431.69,2970.35,0.0,1118.33,837.62,280.71,0.0,organic,2015,Columbus
2017-05-14,1.64,8117.63,665.81,3417.68,0.0,4034.14,2226.47,1807.67,0.0,organic,2017,Columbus
2016-09-18,1.58,5525.95,769.61,2564.21,0.0,2192.13,1028.19,1163.94,0.0,organic,2016,Columbus
2015-03-01,1.86,4054.67,397.22,2681.49,0.0,975.96,664.76,311.2,0.0,organic,2015,Columbus
2016-05-29,1.39,7507.51,371.44,4348.79,54.16,2733.12,590.47,2142.65,0.0,organic,2016,Columbus
2015-04-26,1.57,4883.55,408.44,3284.07,0.0,1191.04,572.85,618.19,0.0,organic,2015,Columbus
2017-02-26,0.66,19772.8,658.91,3386.42,0.0,15727.47,1483.15,14244.32,0.0,organic,2017,Columbus
2017-10-22,1.68,12206.22,546.93,1829.34,0.0,9829.95,8496.54,1333.41,0.0,organic,2017,Columbus
2016-07-31,1.4,9346.26,558.77,3796.68,0.0,4990.81,1087.86,3902.95,0.0,organic,2016,Columbus
2016-10-30,1.8,5890.85,712.43,2810.91,0.0,2367.51,1769.32,598.19,0.0,organic,2016,Columbus
2018-01-28,1.43,7669.31,564.77,1557.33,0.0,5547.21,4090.06,1457.15,0.0,organic,2018,Columbus
2015-12-20,1.67,2002.61,242.01,1474.26,0.0,286.34,222.2,64.14,0.0,organic,2015,Columbus
2015-10-11,1.27,4403.09,463.25,2759.23,0.0,1180.61,349.52,831.09,0.0,organic,2015,Columbus
2016-01-10,1.37,5663.07,969.19,3558.82,0.0,1135.06,456.52,678.54,0.0,organic,2016,Columbus
2015-12-06,1.52,3535.8,469.17,2218.83,2.23,845.57,549.78,295.79,0.0,organic,2015,Columbus
2017-05-28,1.51,12422.96,644.63,3161.32,0.0,8617.01,2471.99,6145.02,0.0,organic,2017,Columbus
2017-07-02,1.46,8676.42,477.25,1907.85,0.0,6291.32,1828.76,4462.56,0.0,organic,2017,Columbus
2016-11-13,1.18,10485.95,778.65,2727.06,0.0,6980.24,1486.86,5493.38,0.0,organic,2016,Columbus
2015-08-02,1.8,2749.93,337.96,1947.39,3.32,461.26,53.33,407.93,0.0,organic,2015,Columbus
2015-06-28,1.35,4816.89,461.01,3362.89,2.23,990.76,219.9,770.86,0.0,organic,2015,Columbus
2016-12-25,1.75,4561.12,543.08,2287.13,0.0,1730.91,1588.03,142.88,0.0,organic,2016,Columbus
2016-11-20,1.31,7255.4,661.45,2218.41,0.0,4375.54,1467.18,2908.36,0.0,organic,2016,Columbus
2016-01-17,1.44,5244.61,796.09,3813.38,0.0,635.14,223.04,412.1,0.0,organic,2016,Columbus
2016-06-26,1.1,8491.02,492.49,3910.86,0.0,4087.67,698.81,3388.86,0.0,organic,2016,Columbus
2015-10-18,1.63,4738.31,87.63,2410.99,385.81,1853.88,1616.67,237.21,0.0,organic,2015,RichmondNorfolk
2015-09-20,1.87,3201.26,69.37,2727.16,345.61,59.12,26.67,32.45,0.0,organic,2015,RichmondNorfolk
2015-05-24,1.02,12446.65,368.78,6973.85,495.62,4608.4,1688.43,2919.97,0.0,organic,2015,RichmondNorfolk
2017-10-22,1.62,12275.26,370.45,2692.51,53.05,9159.25,8792.65,366.6,0.0,organic,2017,RichmondNorfolk
2015-05-03,1.03,12425.42,426.78,6174.2,548.21,5276.23,2313.33,2962.9,0.0,organic,2015,RichmondNorfolk
2016-10-23,1.16,12154.78,141.64,4350.3,358.26,7304.58,1949.05,5355.53,0.0,organic,2016,RichmondNorfolk
2015-07-05,1.49,5999.26,77.05,3608.18,516.81,1797.22,640.0,1157.22,0.0,organic,2015,RichmondNorfolk
2015-12-20,1.67,3999.44,66.16,2449.2,215.03,1269.05,1265.11,3.94,0.0,organic,2015,RichmondNorfolk
2018-01-28,1.44,15001.51,422.41,3934.4,93.87,10550.83,9656.85,893.98,0.0,organic,2018,RichmondNorfolk
2015-03-22,1.52,3345.52,169.24,2320.53,381.39,474.36,40.0,434.36,0.0,organic,2015,RichmondNorfolk
2017-12-03,1.5,11304.93,591.86,3015.71,62.15,7635.21,7481.2,154.01,0.0,organic,2017,RichmondNorfolk
2017-09-10,2.0,13661.82,526.93,3525.9,42.94,9566.05,7880.01,1686.04,0.0,organic,2017,RichmondNorfolk
2017-01-15,1.56,6047.0,434.68,2923.44,197.24,2491.64,2491.64,0.0,0.0,organic,2017,RichmondNorfolk
2016-04-17,1.19,9118.19,253.12,3546.14,205.14,5113.79,3257.15,1856.64,0.0,organic,2016,RichmondNorfolk
2017-08-20,1.93,12811.35,573.89,3458.89,59.59,8718.98,7254.65,1464.33,0.0,organic,2017,RichmondNorfolk
2016-12-25,1.66,5233.93,501.16,2272.02,151.72,2309.03,2309.03,0.0,0.0,organic,2016,RichmondNorfolk
2015-06-28,1.4,6163.88,136.01,3651.1,493.2,1883.57,776.67,1106.9,0.0,organic,2015,RichmondNorfolk
2015-10-25,1.66,4174.55,58.25,2344.49,371.33,1400.48,1176.66,223.82,0.0,organic,2015,RichmondNorfolk
2017-10-29,1.67,10158.08,327.71,2184.05,36.01,7610.31,7023.4,586.91,0.0,organic,2017,RichmondNorfolk
2015-07-19,1.35,5879.03,84.51,3233.96,428.5,2132.06,296.67,1835.39,0.0,organic,2015,RichmondNorfolk
2016-12-18,1.61,5227.98,373.13,2227.6,179.75,2447.5,2381.39,66.11,0.0,organic,2016,RichmondNorfolk
2015-03-08,1.57,5746.55,131.38,2471.16,488.5,2655.51,2553.33,102.18,0.0,organic,2015,RichmondNorfolk
2016-01-24,1.45,5064.84,114.05,2524.5,192.46,2233.83,1789.47,444.36,0.0,organic,2016,RichmondNorfolk
2015-04-12,1.23,6492.79,344.8,3395.88,524.9,2227.21,915.26,1311.95,0.0,organic,2015,RichmondNorfolk
2016-02-14,1.29,5510.43,177.82,2574.21,212.43,2545.97,1288.89,1257.08,0.0,organic,2016,RichmondNorfolk
2016-01-10,1.35,6424.72,126.55,2778.08,279.11,3240.98,1466.98,1774.0,0.0,organic,2016,RichmondNorfolk
2017-11-12,1.57,11495.44,632.19,2374.29,63.61,8425.35,8314.51,110.84,0.0,organic,2017,RichmondNorfolk
2016-05-01,1.37,8833.79,250.93,4755.75,276.15,3550.96,2973.38,577.58,0.0,organic,2016,RichmondNorfolk
2015-04-05,1.54,4893.26,235.1,2349.78,523.63,1784.75,1330.0,454.75,0.0,organic,2015,RichmondNorfolk
2016-03-13,1.23,6650.92,269.77,2965.04,245.79,3170.32,1382.53,1787.79,0.0,organic,2016,RichmondNorfolk
2017-11-05,1.64,10865.72,1262.85,2499.88,52.94,7050.05,6880.75,169.3,0.0,organic,2017,RichmondNorfolk
2015-11-22,1.65,3609.47,54.55,2599.95,278.44,676.53,596.67,79.86,0.0,organic,2015,RichmondNorfolk
2016-09-04,1.29,10685.82,130.62,4206.95,327.14,6021.11,2581.02,3440.09,0.0,organic,2016,RichmondNorfolk
2017-06-11,1.56,11925.84,666.26,4779.4,149.16,6331.02,3456.32,2874.7,0.0,organic,2017,RichmondNorfolk
2017-04-09,2.09,2857.82,0.0,172.93,0.0,2684.89,923.75,1761.14,0.0,organic,2017,Syracuse
2016-10-23,1.69,961.36,0.0,37.97,0.0,923.39,923.39,0.0,0.0,organic,2016,Syracuse
2015-10-04,1.64,1130.91,0.0,72.27,0.0,1058.64,1058.64,0.0,0.0,organic,2015,Syracuse
2018-02-04,1.22,6294.16,85.22,152.09,0.0,6056.85,2847.48,3209.37,0.0,organic,2018,Syracuse
2017-10-08,1.32,7491.15,54.15,124.32,0.0,7312.68,7312.68,0.0,0.0,organic,2017,Syracuse
2017-01-15,1.53,3179.45,2.53,156.91,0.0,3020.01,3000.33,19.68,0.0,organic,2017,Syracuse
2015-09-13,1.61,1602.4,0.0,102.48,0.0,1499.92,1499.92,0.0,0.0,organic,2015,Syracuse
2016-07-03,1.68,2948.8,0.0,111.26,0.0,2837.54,1715.2,1122.34,0.0,organic,2016,Syracuse
2016-12-11,1.77,1584.0,0.0,171.2,0.0,1412.8,1391.97,20.83,0.0,organic,2016,Syracuse
2017-01-01,1.7,1811.03,6.3,42.83,0.0,1761.9,1263.57,498.33,0.0,organic,2017,Syracuse
2017-11-05,1.38,5329.36,76.51,38.25,0.0,5214.6,5041.26,173.34,0.0,organic,2017,Syracuse
2018-01-07,1.25,4764.47,59.95,133.89,0.0,4570.63,3125.05,1445.58,0.0,organic,2018,Syracuse
2016-06-19,1.71,2581.34,0.0,116.16,0.0,2465.18,1246.65,1218.53,0.0,organic,2016,Syracuse
2017-03-05,1.84,1817.84,0.0,380.92,0.0,1436.92,887.72,549.2,0.0,organic,2017,Syracuse
2015-10-25,1.6,1566.33,0.0,91.58,0.0,1474.75,1474.75,0.0,0.0,organic,2015,Syracuse
2015-01-11,1.66,762.15,1.24,195.51,0.0,565.4,565.4,0.0,0.0,organic,2015,Syracuse
2015-05-31,1.81,2520.87,0.0,122.82,0.0,2398.05,2398.05,0.0,0.0,organic,2015,Syracuse
2015-02-22,1.57,1926.71,3.71,50.55,0.0,1872.45,1872.45,0.0,0.0,organic,2015,Syracuse
2015-08-02,1.98,894.87,5.0,131.08,0.0,758.79,755.46,3.33,0.0,organic,2015,Syracuse
2015-11-22,1.63,1052.37,0.0,48.75,0.0,1003.62,1003.62,0.0,0.0,organic,2015,Syracuse
2015-05-10,1.87,3783.3,822.36,1101.72,487.37,1371.85,1049.36,322.49,0.0,organic,2015,SouthCarolina
2016-02-28,1.67,4454.16,619.3,1867.21,306.69,1660.96,1645.23,15.73,0.0,organic,2016,SouthCarolina
2017-07-30,1.57,14475.54,178.36,3739.96,83.3,10473.92,9811.05,662.87,0.0,organic,2017,SouthCarolina
2017-08-27,2.03,14071.97,225.39,3924.73,86.75,9835.1,9260.43,574.67,0.0,organic,2017,SouthCarolina
2016-02-07,1.61,4661.03,573.69,1792.04,364.71,1930.59,1801.35,129.24,0.0,organic,2016,SouthCarolina
2016-05-29,1.41,9383.7,1076.48,2749.91,274.37,5282.94,4732.74,550.2,0.0,organic,2016,SouthCarolina
2017-07-16,1.83,12087.77,69.9,4666.74,116.89,7234.24,6789.03,445.21,0.0,organic,2017,SouthCarolina
2017-09-24,2.1,14716.18,138.3,3523.55,102.81,10951.52,8975.77,1975.75,0.0,organic,2017,SouthCarolina
2016-02-14,1.55,4901.72,646.76,1624.04,248.73,2382.19,2178.3,203.89,0.0,organic,2016,SouthCarolina
2018-01-14,1.31,18678.63,67.8,4372.27,114.33,14124.23,13152.29,971.94,0.0,organic,2018,SouthCarolina
2017-09-03,2.11,14334.93,207.92,3882.22,127.89,10116.9,8988.45,1128.45,0.0,organic,2017,SouthCarolina
2016-10-02,1.87,8341.95,761.23,3710.83,378.8,3491.09,3318.47,172.62,0.0,organic,2016,SouthCarolina
2015-08-23,1.91,4907.1,806.09,1883.44,572.65,1644.92,1308.92,336.0,0.0,organic,2015,SouthCarolina
2015-02-22,1.69,3614.76,484.16,1876.73,412.03,841.84,706.67,135.17,0.0,organic,2015,SouthCarolina
2015-05-24,1.99,3812.69,617.31,1406.36,644.08,1144.94,1059.17,85.77,0.0,organic,2015,SouthCarolina
2015-07-12,1.84,4614.82,585.84,1449.2,538.65,2041.13,1609.25,431.88,0.0,organic,2015,SouthCarolina
2016-12-04,1.69,7030.03,219.6,2204.44,147.21,4458.78,2942.11,1516.67,0.0,organic,2016,SouthCarolina
2016-03-20,1.36,7098.91,714.51,1976.73,323.65,4084.02,3922.98,161.04,0.0,organic,2016,SouthCarolina
2016-03-27,1.41,7001.06,778.61,2339.58,242.07,3640.8,3388.69,252.11,0.0,organic,2016,SouthCarolina
2015-08-09,2.0,3813.54,610.36,1768.29,661.17,773.72,707.3,66.42,0.0,organic,2015,SouthCarolina
2016-05-22,1.45,9809.46,1000.77,2448.67,335.66,6024.36,5214.09,810.27,0.0,organic,2016,SouthCarolina
